test-results.txt — CUS develop billing scenario
Generated (browser local time): Wed May 13 2026 21:04:03 GMT-0700 (Pacific Daylight Time)
Preset: susanJanApr2026
Customer: SUSAN YOUNG (CUS-3011000)
Simulated date after run: 2026-05-01

=== Step log ===
Scenario start preset=susanJanApr2026
Fresh start single customer CUS-3011000
Produce bill @ 2026-01-01
Advance to 2026-02-01 (instant)
Produce bill @ 2026-02-01
Advance to 2026-03-01 (instant)
Produce bill @ 2026-03-01
Advance to 2026-04-01 (instant)
Produce bill @ 2026-04-01
POS check payment $75.00 (check #123) via Testing Drawer
Advance to 2026-05-01 (instant)
Produce bill @ 2026-05-01

=== Amount breakdown snapshot (JSON) ===
{
  "panel": {
    "total": 183.49,
    "pastDue": 0,
    "lateFee": 5,
    "dueDateStr": "05/21/2026",
    "fromFrozen": true
  },
  "calc": {
    "total": 183.49,
    "pastDue": 108.49,
    "currentDue": 178.49,
    "lateFeeAmount": 0
  }
}

=== Console capture ===
[2026-05-14T04:03:51.727Z] [info] [DevelopTest] Scenario start preset=susanJanApr2026
[2026-05-14T04:03:52.046Z] [info] [BillPanelTrace] getSumPaymentAmountsAfterLastBillPrint:start {"customerId":"CUS-3011000","customerName":"SUSAN YOUNG","accountNumber":"CUS-3011000","paymentHistoryLength":3,"lastBillPrintDate":"2026-05-01T07:00:00.000Z","lastBillPrintLedgerOrder":11,"latestBillingChargeSortMs":1777618800000,"latestBillingChargeLedgerOrder":11}
[2026-05-14T04:03:52.046Z] [info] [BillPanelTrace] getSum:skip_payment {"customerId":"CUS-3011000","customerName":"SUSAN YOUNG","accountNumber":"CUS-3011000","index":0,"reason":"testFreshStart"}
[2026-05-14T04:03:52.047Z] [info] [BillPanelTrace] getSum:payment_eval {"customerId":"CUS-3011000","customerName":"SUSAN YOUNG","accountNumber":"CUS-3011000","index":1,"paymentMethod":"Security deposit (auto)","amountPaid":550.47,"ledgerOrder":7,"timestamp":"2026-04-01T07:00:00.000Z","countsTowardStatement":false,"tieBreak":"not_after_latest_billing_charge_row","mode":"billingChargeRow","paymentSortMs":1775026800000,"billAnchorMs":1777618800000,"payLo":7,"billAnchorLo":11,"tsDeltaMs":-2592000000}
[2026-05-14T04:03:52.047Z] [info] [BillPanelTrace] getSum:payment_eval {"customerId":"CUS-3011000","customerName":"SUSAN YOUNG","accountNumber":"CUS-3011000","index":2,"paymentMethod":"Check","amountPaid":75,"ledgerOrder":9,"timestamp":"2026-04-01T07:00:00.000Z","countsTowardStatement":false,"tieBreak":"not_after_latest_billing_charge_row","mode":"billingChargeRow","paymentSortMs":1775026800000,"billAnchorMs":1777618800000,"payLo":9,"billAnchorLo":11,"tsDeltaMs":-2592000000}
[2026-05-14T04:03:52.047Z] [info] [BillPanelTrace] getSumPaymentAmountsAfterLastBillPrint:result {"customerId":"CUS-3011000","customerName":"SUSAN YOUNG","accountNumber":"CUS-3011000","paidAfterSum":0}
[2026-05-14T04:03:52.047Z] [info] [BillPanelTrace] getSumPaymentAmountsAfterLastBillPrint:start {"customerId":"CUS-3011000","customerName":"SUSAN YOUNG","accountNumber":"CUS-3011000","paymentHistoryLength":3,"lastBillPrintDate":"2026-05-01T07:00:00.000Z","lastBillPrintLedgerOrder":11,"latestBillingChargeSortMs":1777618800000,"latestBillingChargeLedgerOrder":11}
[2026-05-14T04:03:52.047Z] [info] [BillPanelTrace] getSum:skip_payment {"customerId":"CUS-3011000","customerName":"SUSAN YOUNG","accountNumber":"CUS-3011000","index":0,"reason":"testFreshStart"}
[2026-05-14T04:03:52.047Z] [info] [BillPanelTrace] getSum:payment_eval {"customerId":"CUS-3011000","customerName":"SUSAN YOUNG","accountNumber":"CUS-3011000","index":1,"paymentMethod":"Security deposit (auto)","amountPaid":550.47,"ledgerOrder":7,"timestamp":"2026-04-01T07:00:00.000Z","countsTowardStatement":false,"tieBreak":"not_after_latest_billing_charge_row","mode":"billingChargeRow","paymentSortMs":1775026800000,"billAnchorMs":1777618800000,"payLo":7,"billAnchorLo":11,"tsDeltaMs":-2592000000}
[2026-05-14T04:03:52.047Z] [info] [BillPanelTrace] getSum:payment_eval {"customerId":"CUS-3011000","customerName":"SUSAN YOUNG","accountNumber":"CUS-3011000","index":2,"paymentMethod":"Check","amountPaid":75,"ledgerOrder":9,"timestamp":"2026-04-01T07:00:00.000Z","countsTowardStatement":false,"tieBreak":"not_after_latest_billing_charge_row","mode":"billingChargeRow","paymentSortMs":1775026800000,"billAnchorMs":1777618800000,"payLo":9,"billAnchorLo":11,"tsDeltaMs":-2592000000}
[2026-05-14T04:03:52.047Z] [info] [BillPanelTrace] getSumPaymentAmountsAfterLastBillPrint:result {"customerId":"CUS-3011000","customerName":"SUSAN YOUNG","accountNumber":"CUS-3011000","paidAfterSum":0}
[2026-05-14T04:03:52.047Z] [info] [BillPanelTrace] getSumPaymentAmountsAfterLastBillPrint:start {"customerId":"CUS-3011000","customerName":"SUSAN YOUNG","accountNumber":"CUS-3011000","paymentHistoryLength":3,"lastBillPrintDate":"2026-05-01T07:00:00.000Z","lastBillPrintLedgerOrder":11,"latestBillingChargeSortMs":1777618800000,"latestBillingChargeLedgerOrder":11}
[2026-05-14T04:03:52.047Z] [info] [BillPanelTrace] getSum:skip_payment {"customerId":"CUS-3011000","customerName":"SUSAN YOUNG","accountNumber":"CUS-3011000","index":0,"reason":"testFreshStart"}
[2026-05-14T04:03:52.047Z] [info] [BillPanelTrace] getSum:payment_eval {"customerId":"CUS-3011000","customerName":"SUSAN YOUNG","accountNumber":"CUS-3011000","index":1,"paymentMethod":"Security deposit (auto)","amountPaid":550.47,"ledgerOrder":7,"timestamp":"2026-04-01T07:00:00.000Z","countsTowardStatement":false,"tieBreak":"not_after_latest_billing_charge_row","mode":"billingChargeRow","paymentSortMs":1775026800000,"billAnchorMs":1777618800000,"payLo":7,"billAnchorLo":11,"tsDeltaMs":-2592000000}
[2026-05-14T04:03:52.047Z] [info] [BillPanelTrace] getSum:payment_eval {"customerId":"CUS-3011000","customerName":"SUSAN YOUNG","accountNumber":"CUS-3011000","index":2,"paymentMethod":"Check","amountPaid":75,"ledgerOrder":9,"timestamp":"2026-04-01T07:00:00.000Z","countsTowardStatement":false,"tieBreak":"not_after_latest_billing_charge_row","mode":"billingChargeRow","paymentSortMs":1775026800000,"billAnchorMs":1777618800000,"payLo":9,"billAnchorLo":11,"tsDeltaMs":-2592000000}
[2026-05-14T04:03:52.047Z] [info] [BillPanelTrace] getSumPaymentAmountsAfterLastBillPrint:result {"customerId":"CUS-3011000","customerName":"SUSAN YOUNG","accountNumber":"CUS-3011000","paidAfterSum":0}
[2026-05-14T04:03:52.047Z] [info] [BillPanelTrace] calculateCustomerTotal:pastDueLedger_vs_panelLine {"customerId":"CUS-3011000","customerName":"SUSAN YOUNG","accountNumber":"CUS-3011000","pastDueLedger":108.49,"pastDueForOwed":0,"stmtUnpaid":183.49,"currentDue":178.49,"combined":361.98,"rolled":178.49,"total":178.49,"dedupStmtVsNet":true}
[2026-05-14T04:03:52.170Z] [info] [BillPanelTrace] getProcessBillPanelAmounts:branch_check {"customerId":"CUS-3011000","customerName":"SUSAN YOUNG","accountNumber":"CUS-3011000","hasFrozenSnapshot":true,"frozenAmountDue":183.49,"lastBillPrintDate":"2026-05-01T07:00:00.000Z","lastPrintedStatementTotalDue":183.49}
[2026-05-14T04:03:52.170Z] [info] [BillPanelTrace] getSumPaymentAmountsAfterLastBillPrint:start {"customerId":"CUS-3011000","customerName":"SUSAN YOUNG","accountNumber":"CUS-3011000","paymentHistoryLength":3,"lastBillPrintDate":"2026-05-01T07:00:00.000Z","lastBillPrintLedgerOrder":11,"latestBillingChargeSortMs":1777618800000,"latestBillingChargeLedgerOrder":11}
[2026-05-14T04:03:52.170Z] [info] [BillPanelTrace] getSum:skip_payment {"customerId":"CUS-3011000","customerName":"SUSAN YOUNG","accountNumber":"CUS-3011000","index":0,"reason":"testFreshStart"}
[2026-05-14T04:03:52.170Z] [info] [BillPanelTrace] getSum:payment_eval {"customerId":"CUS-3011000","customerName":"SUSAN YOUNG","accountNumber":"CUS-3011000","index":1,"paymentMethod":"Security deposit (auto)","amountPaid":550.47,"ledgerOrder":7,"timestamp":"2026-04-01T07:00:00.000Z","countsTowardStatement":false,"tieBreak":"not_after_latest_billing_charge_row","mode":"billingChargeRow","paymentSortMs":1775026800000,"billAnchorMs":1777618800000,"payLo":7,"billAnchorLo":11,"tsDeltaMs":-2592000000}
[2026-05-14T04:03:52.170Z] [info] [BillPanelTrace] getSum:payment_eval {"customerId":"CUS-3011000","customerName":"SUSAN YOUNG","accountNumber":"CUS-3011000","index":2,"paymentMethod":"Check","amountPaid":75,"ledgerOrder":9,"timestamp":"2026-04-01T07:00:00.000Z","countsTowardStatement":false,"tieBreak":"not_after_latest_billing_charge_row","mode":"billingChargeRow","paymentSortMs":1775026800000,"billAnchorMs":1777618800000,"payLo":9,"billAnchorLo":11,"tsDeltaMs":-2592000000}
[2026-05-14T04:03:52.170Z] [info] [BillPanelTrace] getSumPaymentAmountsAfterLastBillPrint:result {"customerId":"CUS-3011000","customerName":"SUSAN YOUNG","accountNumber":"CUS-3011000","paidAfterSum":0}
[2026-05-14T04:03:52.171Z] [info] [BillPanelTrace] getProcessBillPanelAmounts:frozen_branch {"customerId":"CUS-3011000","customerName":"SUSAN YOUNG","accountNumber":"CUS-3011000","paidAfterLastBill":0,"willBypassFrozenToLive":false}
[2026-05-14T04:03:52.171Z] [info] [BillPanelTrace] getSumPaymentAmountsAfterLastBillPrint:start {"customerId":"CUS-3011000","customerName":"SUSAN YOUNG","accountNumber":"CUS-3011000","paymentHistoryLength":3,"lastBillPrintDate":"2026-05-01T07:00:00.000Z","lastBillPrintLedgerOrder":11,"latestBillingChargeSortMs":1777618800000,"latestBillingChargeLedgerOrder":11}
[2026-05-14T04:03:52.171Z] [info] [BillPanelTrace] getSum:skip_payment {"customerId":"CUS-3011000","customerName":"SUSAN YOUNG","accountNumber":"CUS-3011000","index":0,"reason":"testFreshStart"}
[2026-05-14T04:03:52.171Z] [info] [BillPanelTrace] getSum:payment_eval {"customerId":"CUS-3011000","customerName":"SUSAN YOUNG","accountNumber":"CUS-3011000","index":1,"paymentMethod":"Security deposit (auto)","amountPaid":550.47,"ledgerOrder":7,"timestamp":"2026-04-01T07:00:00.000Z","countsTowardStatement":false,"tieBreak":"not_after_latest_billing_charge_row","mode":"billingChargeRow","paymentSortMs":1775026800000,"billAnchorMs":1777618800000,"payLo":7,"billAnchorLo":11,"tsDeltaMs":-2592000000}
[2026-05-14T04:03:52.171Z] [info] [BillPanelTrace] getSum:payment_eval {"customerId":"CUS-3011000","customerName":"SUSAN YOUNG","accountNumber":"CUS-3011000","index":2,"paymentMethod":"Check","amountPaid":75,"ledgerOrder":9,"timestamp":"2026-04-01T07:00:00.000Z","countsTowardStatement":false,"tieBreak":"not_after_latest_billing_charge_row","mode":"billingChargeRow","paymentSortMs":1775026800000,"billAnchorMs":1777618800000,"payLo":9,"billAnchorLo":11,"tsDeltaMs":-2592000000}
[2026-05-14T04:03:52.171Z] [info] [BillPanelTrace] getSumPaymentAmountsAfterLastBillPrint:result {"customerId":"CUS-3011000","customerName":"SUSAN YOUNG","accountNumber":"CUS-3011000","paidAfterSum":0}
[2026-05-14T04:03:52.171Z] [info] [BillPanelTrace] getSumPaymentAmountsAfterLastBillPrint:start {"customerId":"CUS-3011000","customerName":"SUSAN YOUNG","accountNumber":"CUS-3011000","paymentHistoryLength":3,"lastBillPrintDate":"2026-05-01T07:00:00.000Z","lastBillPrintLedgerOrder":11,"latestBillingChargeSortMs":1777618800000,"latestBillingChargeLedgerOrder":11}
[2026-05-14T04:03:52.171Z] [info] [BillPanelTrace] getSum:skip_payment {"customerId":"CUS-3011000","customerName":"SUSAN YOUNG","accountNumber":"CUS-3011000","index":0,"reason":"testFreshStart"}
[2026-05-14T04:03:52.171Z] [info] [BillPanelTrace] getSum:payment_eval {"customerId":"CUS-3011000","customerName":"SUSAN YOUNG","accountNumber":"CUS-3011000","index":1,"paymentMethod":"Security deposit (auto)","amountPaid":550.47,"ledgerOrder":7,"timestamp":"2026-04-01T07:00:00.000Z","countsTowardStatement":false,"tieBreak":"not_after_latest_billing_charge_row","mode":"billingChargeRow","paymentSortMs":1775026800000,"billAnchorMs":1777618800000,"payLo":7,"billAnchorLo":11,"tsDeltaMs":-2592000000}
[2026-05-14T04:03:52.171Z] [info] [BillPanelTrace] getSum:payment_eval {"customerId":"CUS-3011000","customerName":"SUSAN YOUNG","accountNumber":"CUS-3011000","index":2,"paymentMethod":"Check","amountPaid":75,"ledgerOrder":9,"timestamp":"2026-04-01T07:00:00.000Z","countsTowardStatement":false,"tieBreak":"not_after_latest_billing_charge_row","mode":"billingChargeRow","paymentSortMs":1775026800000,"billAnchorMs":1777618800000,"payLo":9,"billAnchorLo":11,"tsDeltaMs":-2592000000}
[2026-05-14T04:03:52.171Z] [info] [BillPanelTrace] getSumPaymentAmountsAfterLastBillPrint:result {"customerId":"CUS-3011000","customerName":"SUSAN YOUNG","accountNumber":"CUS-3011000","paidAfterSum":0}
[2026-05-14T04:03:52.171Z] [info] [BillPanelTrace] getSumPaymentAmountsAfterLastBillPrint:start {"customerId":"CUS-3011000","customerName":"SUSAN YOUNG","accountNumber":"CUS-3011000","paymentHistoryLength":3,"lastBillPrintDate":"2026-05-01T07:00:00.000Z","lastBillPrintLedgerOrder":11,"latestBillingChargeSortMs":1777618800000,"latestBillingChargeLedgerOrder":11}
[2026-05-14T04:03:52.171Z] [info] [BillPanelTrace] getSum:skip_payment {"customerId":"CUS-3011000","customerName":"SUSAN YOUNG","accountNumber":"CUS-3011000","index":0,"reason":"testFreshStart"}
[2026-05-14T04:03:52.171Z] [info] [BillPanelTrace] getSum:payment_eval {"customerId":"CUS-3011000","customerName":"SUSAN YOUNG","accountNumber":"CUS-3011000","index":1,"paymentMethod":"Security deposit (auto)","amountPaid":550.47,"ledgerOrder":7,"timestamp":"2026-04-01T07:00:00.000Z","countsTowardStatement":false,"tieBreak":"not_after_latest_billing_charge_row","mode":"billingChargeRow","paymentSortMs":1775026800000,"billAnchorMs":1777618800000,"payLo":7,"billAnchorLo":11,"tsDeltaMs":-2592000000}
[2026-05-14T04:03:52.171Z] [info] [BillPanelTrace] getSum:payment_eval {"customerId":"CUS-3011000","customerName":"SUSAN YOUNG","accountNumber":"CUS-3011000","index":2,"paymentMethod":"Check","amountPaid":75,"ledgerOrder":9,"timestamp":"2026-04-01T07:00:00.000Z","countsTowardStatement":false,"tieBreak":"not_after_latest_billing_charge_row","mode":"billingChargeRow","paymentSortMs":1775026800000,"billAnchorMs":1777618800000,"payLo":9,"billAnchorLo":11,"tsDeltaMs":-2592000000}
[2026-05-14T04:03:52.171Z] [info] [BillPanelTrace] getSumPaymentAmountsAfterLastBillPrint:result {"customerId":"CUS-3011000","customerName":"SUSAN YOUNG","accountNumber":"CUS-3011000","paidAfterSum":0}
[2026-05-14T04:03:52.171Z] [info] [BillPanelTrace] calculateCustomerTotal:pastDueLedger_vs_panelLine {"customerId":"CUS-3011000","customerName":"SUSAN YOUNG","accountNumber":"CUS-3011000","pastDueLedger":108.49,"pastDueForOwed":0,"stmtUnpaid":183.49,"currentDue":178.49,"combined":361.98,"rolled":178.49,"total":178.49,"dedupStmtVsNet":true}
[2026-05-14T04:03:52.171Z] [info] [BillPanelTrace] getProcessBillPanelAmounts:result_frozen_panel {"customerId":"CUS-3011000","customerName":"SUSAN YOUNG","accountNumber":"CUS-3011000","total":183.49,"pastDue":0,"lateFee":5,"dueDateStr":"05/21/2026","fromFrozen":true}
[2026-05-14T04:03:52.316Z] [info] [DevelopTest] Fresh start single customer CUS-3011000
[2026-05-14T04:03:52.330Z] [info] [BillPanelTrace] getProcessBillPanelAmounts:branch_check {"customerId":"CUS-3011000","customerName":"SUSAN YOUNG","accountNumber":"CUS-3011000","hasFrozenSnapshot":false,"lastPrintedStatementTotalDue":178.49}
[2026-05-14T04:03:52.330Z] [info] [BillPanelTrace] getProcessBillPanelAmounts:result_live {"customerId":"CUS-3011000","customerName":"SUSAN YOUNG","accountNumber":"CUS-3011000","total":0,"pastDue":0,"lateFee":0,"dueDateStr":"01/31/2026","fromFrozen":false}
[2026-05-14T04:03:52.420Z] [info] [BillPanelTrace] getProcessBillPanelAmounts:branch_check {"customerId":"CUS-3011000","customerName":"SUSAN YOUNG","accountNumber":"CUS-3011000","hasFrozenSnapshot":false,"lastPrintedStatementTotalDue":178.49}
[2026-05-14T04:03:52.420Z] [info] [BillPanelTrace] getProcessBillPanelAmounts:result_live {"customerId":"CUS-3011000","customerName":"SUSAN YOUNG","accountNumber":"CUS-3011000","total":0,"pastDue":0,"lateFee":0,"dueDateStr":"01/31/2026","fromFrozen":false}
[2026-05-14T04:03:52.603Z] [info] [BillPanelTrace] getProcessBillPanelAmounts:branch_check {"customerId":"CUS-3011000","customerName":"SUSAN YOUNG","accountNumber":"CUS-3011000","hasFrozenSnapshot":false,"lastPrintedStatementTotalDue":178.49}
[2026-05-14T04:03:52.603Z] [info] [BillPanelTrace] getProcessBillPanelAmounts:result_live {"customerId":"CUS-3011000","customerName":"SUSAN YOUNG","accountNumber":"CUS-3011000","total":0,"pastDue":0,"lateFee":0,"dueDateStr":"01/31/2026","fromFrozen":false}
[2026-05-14T04:03:52.942Z] [info] [DevelopTest] Produce bill @ 2026-01-01
[2026-05-14T04:03:52.943Z] [info] [BillPanelTrace] produceBill:lateFeePdf {"customerId":"CUS-3011000","customerName":"SUSAN YOUNG","accountNumber":"CUS-3011000","pdfLateFee":0,"calcLateFeeAmount":0,"daysSinceLastBillPrint":null,"lateFeeTimerDays":21,"printDateThisRun":"01/01/2026","autoApplyLateFees":true}
[2026-05-14T04:03:52.944Z] [warn] [produceBill] keeping pdf line total; calc.total is zero (check payment snapshot cap) {"customerId":"CUS-3011000","customerName":"SUSAN YOUNG","accountNumber":"CUS-3011000","pdfTotalAmount":178.49,"calcTotal":0}
[2026-05-14T04:03:52.944Z] [info] [BillPanelTrace] produceBill:pdfReconcileCur {"customerId":"CUS-3011000","customerName":"SUSAN YOUNG","accountNumber":"CUS-3011000","taxCodeDetailsLen":3,"pdfCurrentDueDisplay_sewerPlusFirstFourTaxRows":178.49,"naiveIfWeAddedPucOnTopAgain":186.18,"pdfCurrentDueForReconcile_fromCalcSubtotalPlusPuc":178.49,"calcSubtotalBeforePuc":170.80122,"calcPucSurchargeAmount":7.686054899999999,"calcTotal":0,"pdfTotalAmount":178.49,"pdfTotalMatchesCalc":false}
[2026-05-14T04:03:52.944Z] [info] [BillPanelTrace] produceBill:unifiedTotalDueForPdf {"customerId":"CUS-3011000","customerName":"SUSAN YOUNG","accountNumber":"CUS-3011000","unifiedTotalDueForBill":178.49,"pdfSummaryLineSum":178.49,"calcRounded":0,"pdfReconcileRounded":178.49,"calcRawTotal":0}
[2026-05-14T04:03:53.078Z] [warn] [BillRowCurrentDue] {"customerId":"CUS-3011000","customerName":"SUSAN YOUNG","accountNumber":"CUS-3011000","message":"calc.total was ~0 while billing columns sum to a positive amount; row currentDue is column sum","columnSumBill":178.49,"authRoll":0,"currentDueOnBill":178.49,"currentDuePickBranch":"use_bill_line_column_sum"}
[2026-05-14T04:03:53.320Z] [info] [BillPanelTrace] getProcessBillPanelAmounts:branch_check {"customerId":"CUS-3011000","customerName":"SUSAN YOUNG","accountNumber":"CUS-3011000","hasFrozenSnapshot":true,"frozenAmountDue":178.49,"lastBillPrintDate":"2026-01-01T08:00:00.000Z","lastPrintedStatementTotalDue":178.49}
[2026-05-14T04:03:53.321Z] [info] [BillPanelTrace] getSumPaymentAmountsAfterLastBillPrint:start {"customerId":"CUS-3011000","customerName":"SUSAN YOUNG","accountNumber":"CUS-3011000","paymentHistoryLength":1,"lastBillPrintDate":"2026-01-01T08:00:00.000Z","lastBillPrintLedgerOrder":2,"latestBillingChargeSortMs":1767254400000,"latestBillingChargeLedgerOrder":2}
[2026-05-14T04:03:53.321Z] [info] [BillPanelTrace] getSum:skip_payment {"customerId":"CUS-3011000","customerName":"SUSAN YOUNG","accountNumber":"CUS-3011000","index":0,"reason":"testFreshStart"}
[2026-05-14T04:03:53.321Z] [info] [BillPanelTrace] getSumPaymentAmountsAfterLastBillPrint:result {"customerId":"CUS-3011000","customerName":"SUSAN YOUNG","accountNumber":"CUS-3011000","paidAfterSum":0}
[2026-05-14T04:03:53.321Z] [info] [BillPanelTrace] getProcessBillPanelAmounts:frozen_branch {"customerId":"CUS-3011000","customerName":"SUSAN YOUNG","accountNumber":"CUS-3011000","paidAfterLastBill":0,"willBypassFrozenToLive":false}
[2026-05-14T04:03:53.321Z] [info] [BillPanelTrace] getSumPaymentAmountsAfterLastBillPrint:start {"customerId":"CUS-3011000","customerName":"SUSAN YOUNG","accountNumber":"CUS-3011000","paymentHistoryLength":1,"lastBillPrintDate":"2026-01-01T08:00:00.000Z","lastBillPrintLedgerOrder":2,"latestBillingChargeSortMs":1767254400000,"latestBillingChargeLedgerOrder":2}
[2026-05-14T04:03:53.321Z] [info] [BillPanelTrace] getSum:skip_payment {"customerId":"CUS-3011000","customerName":"SUSAN YOUNG","accountNumber":"CUS-3011000","index":0,"reason":"testFreshStart"}
[2026-05-14T04:03:53.321Z] [info] [BillPanelTrace] getSumPaymentAmountsAfterLastBillPrint:result {"customerId":"CUS-3011000","customerName":"SUSAN YOUNG","accountNumber":"CUS-3011000","paidAfterSum":0}
[2026-05-14T04:03:53.321Z] [info] [BillPanelTrace] getSumPaymentAmountsAfterLastBillPrint:start {"customerId":"CUS-3011000","customerName":"SUSAN YOUNG","accountNumber":"CUS-3011000","paymentHistoryLength":1,"lastBillPrintDate":"2026-01-01T08:00:00.000Z","lastBillPrintLedgerOrder":2,"latestBillingChargeSortMs":1767254400000,"latestBillingChargeLedgerOrder":2}
[2026-05-14T04:03:53.321Z] [info] [BillPanelTrace] getSum:skip_payment {"customerId":"CUS-3011000","customerName":"SUSAN YOUNG","accountNumber":"CUS-3011000","index":0,"reason":"testFreshStart"}
[2026-05-14T04:03:53.321Z] [info] [BillPanelTrace] getSumPaymentAmountsAfterLastBillPrint:result {"customerId":"CUS-3011000","customerName":"SUSAN YOUNG","accountNumber":"CUS-3011000","paidAfterSum":0}
[2026-05-14T04:03:53.321Z] [info] [BillPanelTrace] getSumPaymentAmountsAfterLastBillPrint:start {"customerId":"CUS-3011000","customerName":"SUSAN YOUNG","accountNumber":"CUS-3011000","paymentHistoryLength":1,"lastBillPrintDate":"2026-01-01T08:00:00.000Z","lastBillPrintLedgerOrder":2,"latestBillingChargeSortMs":1767254400000,"latestBillingChargeLedgerOrder":2}
[2026-05-14T04:03:53.321Z] [info] [BillPanelTrace] getSum:skip_payment {"customerId":"CUS-3011000","customerName":"SUSAN YOUNG","accountNumber":"CUS-3011000","index":0,"reason":"testFreshStart"}
[2026-05-14T04:03:53.321Z] [info] [BillPanelTrace] getSumPaymentAmountsAfterLastBillPrint:result {"customerId":"CUS-3011000","customerName":"SUSAN YOUNG","accountNumber":"CUS-3011000","paidAfterSum":0}
[2026-05-14T04:03:53.321Z] [info] [BillPanelTrace] getProcessBillPanelAmounts:result_frozen_panel {"customerId":"CUS-3011000","customerName":"SUSAN YOUNG","accountNumber":"CUS-3011000","total":178.49,"pastDue":0,"lateFee":0,"dueDateStr":"01/21/2026","fromFrozen":true}
[2026-05-14T04:03:53.331Z] [info] [BillPanelTrace] getProcessBillPanelAmounts:branch_check {"customerId":"CUS-3011000","customerName":"SUSAN YOUNG","accountNumber":"CUS-3011000","hasFrozenSnapshot":true,"frozenAmountDue":178.49,"lastBillPrintDate":"2026-01-01T08:00:00.000Z","lastPrintedStatementTotalDue":178.49}
[2026-05-14T04:03:53.331Z] [info] [BillPanelTrace] getSumPaymentAmountsAfterLastBillPrint:start {"customerId":"CUS-3011000","customerName":"SUSAN YOUNG","accountNumber":"CUS-3011000","paymentHistoryLength":1,"lastBillPrintDate":"2026-01-01T08:00:00.000Z","lastBillPrintLedgerOrder":2,"latestBillingChargeSortMs":1767254400000,"latestBillingChargeLedgerOrder":2}
[2026-05-14T04:03:53.331Z] [info] [BillPanelTrace] getSum:skip_payment {"customerId":"CUS-3011000","customerName":"SUSAN YOUNG","accountNumber":"CUS-3011000","index":0,"reason":"testFreshStart"}
[2026-05-14T04:03:53.331Z] [info] [BillPanelTrace] getSumPaymentAmountsAfterLastBillPrint:result {"customerId":"CUS-3011000","customerName":"SUSAN YOUNG","accountNumber":"CUS-3011000","paidAfterSum":0}
[2026-05-14T04:03:53.331Z] [info] [BillPanelTrace] getProcessBillPanelAmounts:frozen_branch {"customerId":"CUS-3011000","customerName":"SUSAN YOUNG","accountNumber":"CUS-3011000","paidAfterLastBill":0,"willBypassFrozenToLive":false}
[2026-05-14T04:03:53.331Z] [info] [BillPanelTrace] getSumPaymentAmountsAfterLastBillPrint:start {"customerId":"CUS-3011000","customerName":"SUSAN YOUNG","accountNumber":"CUS-3011000","paymentHistoryLength":1,"lastBillPrintDate":"2026-01-01T08:00:00.000Z","lastBillPrintLedgerOrder":2,"latestBillingChargeSortMs":1767254400000,"latestBillingChargeLedgerOrder":2}
[2026-05-14T04:03:53.331Z] [info] [BillPanelTrace] getSum:skip_payment {"customerId":"CUS-3011000","customerName":"SUSAN YOUNG","accountNumber":"CUS-3011000","index":0,"reason":"testFreshStart"}
[2026-05-14T04:03:53.331Z] [info] [BillPanelTrace] getSumPaymentAmountsAfterLastBillPrint:result {"customerId":"CUS-3011000","customerName":"SUSAN YOUNG","accountNumber":"CUS-3011000","paidAfterSum":0}
[2026-05-14T04:03:53.331Z] [info] [BillPanelTrace] getSumPaymentAmountsAfterLastBillPrint:start {"customerId":"CUS-3011000","customerName":"SUSAN YOUNG","accountNumber":"CUS-3011000","paymentHistoryLength":1,"lastBillPrintDate":"2026-01-01T08:00:00.000Z","lastBillPrintLedgerOrder":2,"latestBillingChargeSortMs":1767254400000,"latestBillingChargeLedgerOrder":2}
[2026-05-14T04:03:53.331Z] [info] [BillPanelTrace] getSum:skip_payment {"customerId":"CUS-3011000","customerName":"SUSAN YOUNG","accountNumber":"CUS-3011000","index":0,"reason":"testFreshStart"}
[2026-05-14T04:03:53.331Z] [info] [BillPanelTrace] getSumPaymentAmountsAfterLastBillPrint:result {"customerId":"CUS-3011000","customerName":"SUSAN YOUNG","accountNumber":"CUS-3011000","paidAfterSum":0}
[2026-05-14T04:03:53.331Z] [info] [BillPanelTrace] getSumPaymentAmountsAfterLastBillPrint:start {"customerId":"CUS-3011000","customerName":"SUSAN YOUNG","accountNumber":"CUS-3011000","paymentHistoryLength":1,"lastBillPrintDate":"2026-01-01T08:00:00.000Z","lastBillPrintLedgerOrder":2,"latestBillingChargeSortMs":1767254400000,"latestBillingChargeLedgerOrder":2}
[2026-05-14T04:03:53.331Z] [info] [BillPanelTrace] getSum:skip_payment {"customerId":"CUS-3011000","customerName":"SUSAN YOUNG","accountNumber":"CUS-3011000","index":0,"reason":"testFreshStart"}
[2026-05-14T04:03:53.331Z] [info] [BillPanelTrace] getSumPaymentAmountsAfterLastBillPrint:result {"customerId":"CUS-3011000","customerName":"SUSAN YOUNG","accountNumber":"CUS-3011000","paidAfterSum":0}
[2026-05-14T04:03:53.331Z] [info] [BillPanelTrace] getProcessBillPanelAmounts:result_frozen_panel {"customerId":"CUS-3011000","customerName":"SUSAN YOUNG","accountNumber":"CUS-3011000","total":178.49,"pastDue":0,"lateFee":0,"dueDateStr":"01/21/2026","fromFrozen":true}
[2026-05-14T04:03:53.429Z] [info] [BillPanelTrace] getProcessBillPanelAmounts:branch_check {"customerId":"CUS-3011000","customerName":"SUSAN YOUNG","accountNumber":"CUS-3011000","hasFrozenSnapshot":true,"frozenAmountDue":178.49,"lastBillPrintDate":"2026-01-01T08:00:00.000Z","lastPrintedStatementTotalDue":178.49}
[2026-05-14T04:03:53.429Z] [info] [BillPanelTrace] getSumPaymentAmountsAfterLastBillPrint:start {"customerId":"CUS-3011000","customerName":"SUSAN YOUNG","accountNumber":"CUS-3011000","paymentHistoryLength":1,"lastBillPrintDate":"2026-01-01T08:00:00.000Z","lastBillPrintLedgerOrder":2,"latestBillingChargeSortMs":1767254400000,"latestBillingChargeLedgerOrder":2}
[2026-05-14T04:03:53.429Z] [info] [BillPanelTrace] getSum:skip_payment {"customerId":"CUS-3011000","customerName":"SUSAN YOUNG","accountNumber":"CUS-3011000","index":0,"reason":"testFreshStart"}
[2026-05-14T04:03:53.429Z] [info] [BillPanelTrace] getSumPaymentAmountsAfterLastBillPrint:result {"customerId":"CUS-3011000","customerName":"SUSAN YOUNG","accountNumber":"CUS-3011000","paidAfterSum":0}
[2026-05-14T04:03:53.429Z] [info] [BillPanelTrace] getProcessBillPanelAmounts:frozen_branch {"customerId":"CUS-3011000","customerName":"SUSAN YOUNG","accountNumber":"CUS-3011000","paidAfterLastBill":0,"willBypassFrozenToLive":false}
[2026-05-14T04:03:53.429Z] [info] [BillPanelTrace] getSumPaymentAmountsAfterLastBillPrint:start {"customerId":"CUS-3011000","customerName":"SUSAN YOUNG","accountNumber":"CUS-3011000","paymentHistoryLength":1,"lastBillPrintDate":"2026-01-01T08:00:00.000Z","lastBillPrintLedgerOrder":2,"latestBillingChargeSortMs":1767254400000,"latestBillingChargeLedgerOrder":2}
[2026-05-14T04:03:53.429Z] [info] [BillPanelTrace] getSum:skip_payment {"customerId":"CUS-3011000","customerName":"SUSAN YOUNG","accountNumber":"CUS-3011000","index":0,"reason":"testFreshStart"}
[2026-05-14T04:03:53.429Z] [info] [BillPanelTrace] getSumPaymentAmountsAfterLastBillPrint:result {"customerId":"CUS-3011000","customerName":"SUSAN YOUNG","accountNumber":"CUS-3011000","paidAfterSum":0}
[2026-05-14T04:03:53.429Z] [info] [BillPanelTrace] getSumPaymentAmountsAfterLastBillPrint:start {"customerId":"CUS-3011000","customerName":"SUSAN YOUNG","accountNumber":"CUS-3011000","paymentHistoryLength":1,"lastBillPrintDate":"2026-01-01T08:00:00.000Z","lastBillPrintLedgerOrder":2,"latestBillingChargeSortMs":1767254400000,"latestBillingChargeLedgerOrder":2}
[2026-05-14T04:03:53.429Z] [info] [BillPanelTrace] getSum:skip_payment {"customerId":"CUS-3011000","customerName":"SUSAN YOUNG","accountNumber":"CUS-3011000","index":0,"reason":"testFreshStart"}
[2026-05-14T04:03:53.429Z] [info] [BillPanelTrace] getSumPaymentAmountsAfterLastBillPrint:result {"customerId":"CUS-3011000","customerName":"SUSAN YOUNG","accountNumber":"CUS-3011000","paidAfterSum":0}
[2026-05-14T04:03:53.429Z] [info] [BillPanelTrace] getSumPaymentAmountsAfterLastBillPrint:start {"customerId":"CUS-3011000","customerName":"SUSAN YOUNG","accountNumber":"CUS-3011000","paymentHistoryLength":1,"lastBillPrintDate":"2026-01-01T08:00:00.000Z","lastBillPrintLedgerOrder":2,"latestBillingChargeSortMs":1767254400000,"latestBillingChargeLedgerOrder":2}
[2026-05-14T04:03:53.429Z] [info] [BillPanelTrace] getSum:skip_payment {"customerId":"CUS-3011000","customerName":"SUSAN YOUNG","accountNumber":"CUS-3011000","index":0,"reason":"testFreshStart"}
[2026-05-14T04:03:53.429Z] [info] [BillPanelTrace] getSumPaymentAmountsAfterLastBillPrint:result {"customerId":"CUS-3011000","customerName":"SUSAN YOUNG","accountNumber":"CUS-3011000","paidAfterSum":0}
[2026-05-14T04:03:53.429Z] [info] [BillPanelTrace] getProcessBillPanelAmounts:result_frozen_panel {"customerId":"CUS-3011000","customerName":"SUSAN YOUNG","accountNumber":"CUS-3011000","total":178.49,"pastDue":0,"lateFee":0,"dueDateStr":"01/21/2026","fromFrozen":true}
[2026-05-14T04:03:53.617Z] [info] [BillPanelTrace] getProcessBillPanelAmounts:branch_check {"customerId":"CUS-3011000","customerName":"SUSAN YOUNG","accountNumber":"CUS-3011000","hasFrozenSnapshot":true,"frozenAmountDue":178.49,"lastBillPrintDate":"2026-01-01T08:00:00.000Z","lastPrintedStatementTotalDue":178.49}
[2026-05-14T04:03:53.617Z] [info] [BillPanelTrace] getSumPaymentAmountsAfterLastBillPrint:start {"customerId":"CUS-3011000","customerName":"SUSAN YOUNG","accountNumber":"CUS-3011000","paymentHistoryLength":1,"lastBillPrintDate":"2026-01-01T08:00:00.000Z","lastBillPrintLedgerOrder":2,"latestBillingChargeSortMs":1767254400000,"latestBillingChargeLedgerOrder":2}
[2026-05-14T04:03:53.617Z] [info] [BillPanelTrace] getSum:skip_payment {"customerId":"CUS-3011000","customerName":"SUSAN YOUNG","accountNumber":"CUS-3011000","index":0,"reason":"testFreshStart"}
[2026-05-14T04:03:53.617Z] [info] [BillPanelTrace] getSumPaymentAmountsAfterLastBillPrint:result {"customerId":"CUS-3011000","customerName":"SUSAN YOUNG","accountNumber":"CUS-3011000","paidAfterSum":0}
[2026-05-14T04:03:53.617Z] [info] [BillPanelTrace] getProcessBillPanelAmounts:frozen_branch {"customerId":"CUS-3011000","customerName":"SUSAN YOUNG","accountNumber":"CUS-3011000","paidAfterLastBill":0,"willBypassFrozenToLive":false}
[2026-05-14T04:03:53.617Z] [info] [BillPanelTrace] getSumPaymentAmountsAfterLastBillPrint:start {"customerId":"CUS-3011000","customerName":"SUSAN YOUNG","accountNumber":"CUS-3011000","paymentHistoryLength":1,"lastBillPrintDate":"2026-01-01T08:00:00.000Z","lastBillPrintLedgerOrder":2,"latestBillingChargeSortMs":1767254400000,"latestBillingChargeLedgerOrder":2}
[2026-05-14T04:03:53.617Z] [info] [BillPanelTrace] getSum:skip_payment {"customerId":"CUS-3011000","customerName":"SUSAN YOUNG","accountNumber":"CUS-3011000","index":0,"reason":"testFreshStart"}
[2026-05-14T04:03:53.617Z] [info] [BillPanelTrace] getSumPaymentAmountsAfterLastBillPrint:result {"customerId":"CUS-3011000","customerName":"SUSAN YOUNG","accountNumber":"CUS-3011000","paidAfterSum":0}
[2026-05-14T04:03:53.617Z] [info] [BillPanelTrace] getSumPaymentAmountsAfterLastBillPrint:start {"customerId":"CUS-3011000","customerName":"SUSAN YOUNG","accountNumber":"CUS-3011000","paymentHistoryLength":1,"lastBillPrintDate":"2026-01-01T08:00:00.000Z","lastBillPrintLedgerOrder":2,"latestBillingChargeSortMs":1767254400000,"latestBillingChargeLedgerOrder":2}
[2026-05-14T04:03:53.617Z] [info] [BillPanelTrace] getSum:skip_payment {"customerId":"CUS-3011000","customerName":"SUSAN YOUNG","accountNumber":"CUS-3011000","index":0,"reason":"testFreshStart"}
[2026-05-14T04:03:53.617Z] [info] [BillPanelTrace] getSumPaymentAmountsAfterLastBillPrint:result {"customerId":"CUS-3011000","customerName":"SUSAN YOUNG","accountNumber":"CUS-3011000","paidAfterSum":0}
[2026-05-14T04:03:53.617Z] [info] [BillPanelTrace] getSumPaymentAmountsAfterLastBillPrint:start {"customerId":"CUS-3011000","customerName":"SUSAN YOUNG","accountNumber":"CUS-3011000","paymentHistoryLength":1,"lastBillPrintDate":"2026-01-01T08:00:00.000Z","lastBillPrintLedgerOrder":2,"latestBillingChargeSortMs":1767254400000,"latestBillingChargeLedgerOrder":2}
[2026-05-14T04:03:53.617Z] [info] [BillPanelTrace] getSum:skip_payment {"customerId":"CUS-3011000","customerName":"SUSAN YOUNG","accountNumber":"CUS-3011000","index":0,"reason":"testFreshStart"}
[2026-05-14T04:03:53.617Z] [info] [BillPanelTrace] getSumPaymentAmountsAfterLastBillPrint:result {"customerId":"CUS-3011000","customerName":"SUSAN YOUNG","accountNumber":"CUS-3011000","paidAfterSum":0}
[2026-05-14T04:03:53.617Z] [info] [BillPanelTrace] getProcessBillPanelAmounts:result_frozen_panel {"customerId":"CUS-3011000","customerName":"SUSAN YOUNG","accountNumber":"CUS-3011000","total":178.49,"pastDue":0,"lateFee":0,"dueDateStr":"01/21/2026","fromFrozen":true}
[2026-05-14T04:03:53.811Z] [info] [DevelopTest] Advance to 2026-02-01 (instant)
[2026-05-14T04:03:54.253Z] [info] [BillPanelTrace] getProcessBillPanelAmounts:branch_check {"customerId":"CUS-3011000","customerName":"SUSAN YOUNG","accountNumber":"CUS-3011000","hasFrozenSnapshot":true,"frozenAmountDue":178.49,"lastBillPrintDate":"2026-01-01T08:00:00.000Z","lastPrintedStatementTotalDue":178.49}
[2026-05-14T04:03:54.253Z] [info] [BillPanelTrace] getSumPaymentAmountsAfterLastBillPrint:start {"customerId":"CUS-3011000","customerName":"SUSAN YOUNG","accountNumber":"CUS-3011000","paymentHistoryLength":1,"lastBillPrintDate":"2026-01-01T08:00:00.000Z","lastBillPrintLedgerOrder":2,"latestBillingChargeSortMs":1767254400000,"latestBillingChargeLedgerOrder":2}
[2026-05-14T04:03:54.253Z] [info] [BillPanelTrace] getSum:skip_payment {"customerId":"CUS-3011000","customerName":"SUSAN YOUNG","accountNumber":"CUS-3011000","index":0,"reason":"testFreshStart"}
[2026-05-14T04:03:54.253Z] [info] [BillPanelTrace] getSumPaymentAmountsAfterLastBillPrint:result {"customerId":"CUS-3011000","customerName":"SUSAN YOUNG","accountNumber":"CUS-3011000","paidAfterSum":0}
[2026-05-14T04:03:54.253Z] [info] [BillPanelTrace] getProcessBillPanelAmounts:frozen_branch {"customerId":"CUS-3011000","customerName":"SUSAN YOUNG","accountNumber":"CUS-3011000","paidAfterLastBill":0,"willBypassFrozenToLive":false}
[2026-05-14T04:03:54.254Z] [info] [BillPanelTrace] getSumPaymentAmountsAfterLastBillPrint:start {"customerId":"CUS-3011000","customerName":"SUSAN YOUNG","accountNumber":"CUS-3011000","paymentHistoryLength":1,"lastBillPrintDate":"2026-01-01T08:00:00.000Z","lastBillPrintLedgerOrder":2,"latestBillingChargeSortMs":1767254400000,"latestBillingChargeLedgerOrder":2}
[2026-05-14T04:03:54.254Z] [info] [BillPanelTrace] getSum:skip_payment {"customerId":"CUS-3011000","customerName":"SUSAN YOUNG","accountNumber":"CUS-3011000","index":0,"reason":"testFreshStart"}
[2026-05-14T04:03:54.254Z] [info] [BillPanelTrace] getSumPaymentAmountsAfterLastBillPrint:result {"customerId":"CUS-3011000","customerName":"SUSAN YOUNG","accountNumber":"CUS-3011000","paidAfterSum":0}
[2026-05-14T04:03:54.254Z] [info] [BillPanelTrace] getSumPaymentAmountsAfterLastBillPrint:start {"customerId":"CUS-3011000","customerName":"SUSAN YOUNG","accountNumber":"CUS-3011000","paymentHistoryLength":1,"lastBillPrintDate":"2026-01-01T08:00:00.000Z","lastBillPrintLedgerOrder":2,"latestBillingChargeSortMs":1767254400000,"latestBillingChargeLedgerOrder":2}
[2026-05-14T04:03:54.254Z] [info] [BillPanelTrace] getSum:skip_payment {"customerId":"CUS-3011000","customerName":"SUSAN YOUNG","accountNumber":"CUS-3011000","index":0,"reason":"testFreshStart"}
[2026-05-14T04:03:54.254Z] [info] [BillPanelTrace] getSumPaymentAmountsAfterLastBillPrint:result {"customerId":"CUS-3011000","customerName":"SUSAN YOUNG","accountNumber":"CUS-3011000","paidAfterSum":0}
[2026-05-14T04:03:54.254Z] [info] [BillPanelTrace] getSumPaymentAmountsAfterLastBillPrint:start {"customerId":"CUS-3011000","customerName":"SUSAN YOUNG","accountNumber":"CUS-3011000","paymentHistoryLength":1,"lastBillPrintDate":"2026-01-01T08:00:00.000Z","lastBillPrintLedgerOrder":2,"latestBillingChargeSortMs":1767254400000,"latestBillingChargeLedgerOrder":2}
[2026-05-14T04:03:54.254Z] [info] [BillPanelTrace] getSum:skip_payment {"customerId":"CUS-3011000","customerName":"SUSAN YOUNG","accountNumber":"CUS-3011000","index":0,"reason":"testFreshStart"}
[2026-05-14T04:03:54.254Z] [info] [BillPanelTrace] getSumPaymentAmountsAfterLastBillPrint:result {"customerId":"CUS-3011000","customerName":"SUSAN YOUNG","accountNumber":"CUS-3011000","paidAfterSum":0}
[2026-05-14T04:03:54.254Z] [info] [BillPanelTrace] getSumPaymentAmountsAfterLastBillPrint:start {"customerId":"CUS-3011000","customerName":"SUSAN YOUNG","accountNumber":"CUS-3011000","paymentHistoryLength":1,"lastBillPrintDate":"2026-01-01T08:00:00.000Z","lastBillPrintLedgerOrder":2,"latestBillingChargeSortMs":1767254400000,"latestBillingChargeLedgerOrder":2}
[2026-05-14T04:03:54.254Z] [info] [BillPanelTrace] getSum:skip_payment {"customerId":"CUS-3011000","customerName":"SUSAN YOUNG","accountNumber":"CUS-3011000","index":0,"reason":"testFreshStart"}
[2026-05-14T04:03:54.254Z] [info] [BillPanelTrace] getSumPaymentAmountsAfterLastBillPrint:result {"customerId":"CUS-3011000","customerName":"SUSAN YOUNG","accountNumber":"CUS-3011000","paidAfterSum":0}
[2026-05-14T04:03:54.254Z] [info] [BillPanelTrace] getProcessBillPanelAmounts:result_frozen_panel {"customerId":"CUS-3011000","customerName":"SUSAN YOUNG","accountNumber":"CUS-3011000","total":183.49,"pastDue":0,"lateFee":5,"dueDateStr":"01/21/2026","fromFrozen":true}
[2026-05-14T04:03:54.254Z] [info] [BillPanelTrace] getProcessBillPanelAmounts:branch_check {"customerId":"CUS-3011000","customerName":"SUSAN YOUNG","accountNumber":"CUS-3011000","hasFrozenSnapshot":true,"frozenAmountDue":178.49,"lastBillPrintDate":"2026-01-01T08:00:00.000Z","lastPrintedStatementTotalDue":178.49}
[2026-05-14T04:03:54.254Z] [info] [BillPanelTrace] getSumPaymentAmountsAfterLastBillPrint:start {"customerId":"CUS-3011000","customerName":"SUSAN YOUNG","accountNumber":"CUS-3011000","paymentHistoryLength":1,"lastBillPrintDate":"2026-01-01T08:00:00.000Z","lastBillPrintLedgerOrder":2,"latestBillingChargeSortMs":1767254400000,"latestBillingChargeLedgerOrder":2}
[2026-05-14T04:03:54.254Z] [info] [BillPanelTrace] getSum:skip_payment {"customerId":"CUS-3011000","customerName":"SUSAN YOUNG","accountNumber":"CUS-3011000","index":0,"reason":"testFreshStart"}
[2026-05-14T04:03:54.254Z] [info] [BillPanelTrace] getSumPaymentAmountsAfterLastBillPrint:result {"customerId":"CUS-3011000","customerName":"SUSAN YOUNG","accountNumber":"CUS-3011000","paidAfterSum":0}
[2026-05-14T04:03:54.254Z] [info] [BillPanelTrace] getProcessBillPanelAmounts:frozen_branch {"customerId":"CUS-3011000","customerName":"SUSAN YOUNG","accountNumber":"CUS-3011000","paidAfterLastBill":0,"willBypassFrozenToLive":false}
[2026-05-14T04:03:54.255Z] [info] [BillPanelTrace] getSumPaymentAmountsAfterLastBillPrint:start {"customerId":"CUS-3011000","customerName":"SUSAN YOUNG","accountNumber":"CUS-3011000","paymentHistoryLength":1,"lastBillPrintDate":"2026-01-01T08:00:00.000Z","lastBillPrintLedgerOrder":2,"latestBillingChargeSortMs":1767254400000,"latestBillingChargeLedgerOrder":2}
[2026-05-14T04:03:54.255Z] [info] [BillPanelTrace] getSum:skip_payment {"customerId":"CUS-3011000","customerName":"SUSAN YOUNG","accountNumber":"CUS-3011000","index":0,"reason":"testFreshStart"}
[2026-05-14T04:03:54.255Z] [info] [BillPanelTrace] getSumPaymentAmountsAfterLastBillPrint:result {"customerId":"CUS-3011000","customerName":"SUSAN YOUNG","accountNumber":"CUS-3011000","paidAfterSum":0}
[2026-05-14T04:03:54.255Z] [info] [BillPanelTrace] getSumPaymentAmountsAfterLastBillPrint:start {"customerId":"CUS-3011000","customerName":"SUSAN YOUNG","accountNumber":"CUS-3011000","paymentHistoryLength":1,"lastBillPrintDate":"2026-01-01T08:00:00.000Z","lastBillPrintLedgerOrder":2,"latestBillingChargeSortMs":1767254400000,"latestBillingChargeLedgerOrder":2}
[2026-05-14T04:03:54.255Z] [info] [BillPanelTrace] getSum:skip_payment {"customerId":"CUS-3011000","customerName":"SUSAN YOUNG","accountNumber":"CUS-3011000","index":0,"reason":"testFreshStart"}
[2026-05-14T04:03:54.255Z] [info] [BillPanelTrace] getSumPaymentAmountsAfterLastBillPrint:result {"customerId":"CUS-3011000","customerName":"SUSAN YOUNG","accountNumber":"CUS-3011000","paidAfterSum":0}
[2026-05-14T04:03:54.255Z] [info] [BillPanelTrace] getSumPaymentAmountsAfterLastBillPrint:start {"customerId":"CUS-3011000","customerName":"SUSAN YOUNG","accountNumber":"CUS-3011000","paymentHistoryLength":1,"lastBillPrintDate":"2026-01-01T08:00:00.000Z","lastBillPrintLedgerOrder":2,"latestBillingChargeSortMs":1767254400000,"latestBillingChargeLedgerOrder":2}
[2026-05-14T04:03:54.255Z] [info] [BillPanelTrace] getSum:skip_payment {"customerId":"CUS-3011000","customerName":"SUSAN YOUNG","accountNumber":"CUS-3011000","index":0,"reason":"testFreshStart"}
[2026-05-14T04:03:54.255Z] [info] [BillPanelTrace] getSumPaymentAmountsAfterLastBillPrint:result {"customerId":"CUS-3011000","customerName":"SUSAN YOUNG","accountNumber":"CUS-3011000","paidAfterSum":0}
[2026-05-14T04:03:54.255Z] [info] [BillPanelTrace] getSumPaymentAmountsAfterLastBillPrint:start {"customerId":"CUS-3011000","customerName":"SUSAN YOUNG","accountNumber":"CUS-3011000","paymentHistoryLength":1,"lastBillPrintDate":"2026-01-01T08:00:00.000Z","lastBillPrintLedgerOrder":2,"latestBillingChargeSortMs":1767254400000,"latestBillingChargeLedgerOrder":2}
[2026-05-14T04:03:54.255Z] [info] [BillPanelTrace] getSum:skip_payment {"customerId":"CUS-3011000","customerName":"SUSAN YOUNG","accountNumber":"CUS-3011000","index":0,"reason":"testFreshStart"}
[2026-05-14T04:03:54.255Z] [info] [BillPanelTrace] getSumPaymentAmountsAfterLastBillPrint:result {"customerId":"CUS-3011000","customerName":"SUSAN YOUNG","accountNumber":"CUS-3011000","paidAfterSum":0}
[2026-05-14T04:03:54.255Z] [info] [BillPanelTrace] getProcessBillPanelAmounts:result_frozen_panel {"customerId":"CUS-3011000","customerName":"SUSAN YOUNG","accountNumber":"CUS-3011000","total":183.49,"pastDue":0,"lateFee":5,"dueDateStr":"01/21/2026","fromFrozen":true}
[2026-05-14T04:03:54.255Z] [info] [BillPanelTrace] getProcessBillPanelAmounts:branch_check {"customerId":"CUS-3011000","customerName":"SUSAN YOUNG","accountNumber":"CUS-3011000","hasFrozenSnapshot":true,"frozenAmountDue":178.49,"lastBillPrintDate":"2026-01-01T08:00:00.000Z","lastPrintedStatementTotalDue":178.49}
[2026-05-14T04:03:54.255Z] [info] [BillPanelTrace] getSumPaymentAmountsAfterLastBillPrint:start {"customerId":"CUS-3011000","customerName":"SUSAN YOUNG","accountNumber":"CUS-3011000","paymentHistoryLength":1,"lastBillPrintDate":"2026-01-01T08:00:00.000Z","lastBillPrintLedgerOrder":2,"latestBillingChargeSortMs":1767254400000,"latestBillingChargeLedgerOrder":2}
[2026-05-14T04:03:54.255Z] [info] [BillPanelTrace] getSum:skip_payment {"customerId":"CUS-3011000","customerName":"SUSAN YOUNG","accountNumber":"CUS-3011000","index":0,"reason":"testFreshStart"}
[2026-05-14T04:03:54.255Z] [info] [BillPanelTrace] getSumPaymentAmountsAfterLastBillPrint:result {"customerId":"CUS-3011000","customerName":"SUSAN YOUNG","accountNumber":"CUS-3011000","paidAfterSum":0}
[2026-05-14T04:03:54.255Z] [info] [BillPanelTrace] getProcessBillPanelAmounts:frozen_branch {"customerId":"CUS-3011000","customerName":"SUSAN YOUNG","accountNumber":"CUS-3011000","paidAfterLastBill":0,"willBypassFrozenToLive":false}
[2026-05-14T04:03:54.255Z] [info] [BillPanelTrace] getSumPaymentAmountsAfterLastBillPrint:start {"customerId":"CUS-3011000","customerName":"SUSAN YOUNG","accountNumber":"CUS-3011000","paymentHistoryLength":1,"lastBillPrintDate":"2026-01-01T08:00:00.000Z","lastBillPrintLedgerOrder":2,"latestBillingChargeSortMs":1767254400000,"latestBillingChargeLedgerOrder":2}
[2026-05-14T04:03:54.255Z] [info] [BillPanelTrace] getSum:skip_payment {"customerId":"CUS-3011000","customerName":"SUSAN YOUNG","accountNumber":"CUS-3011000","index":0,"reason":"testFreshStart"}
[2026-05-14T04:03:54.255Z] [info] [BillPanelTrace] getSumPaymentAmountsAfterLastBillPrint:result {"customerId":"CUS-3011000","customerName":"SUSAN YOUNG","accountNumber":"CUS-3011000","paidAfterSum":0}
[2026-05-14T04:03:54.256Z] [info] [BillPanelTrace] getSumPaymentAmountsAfterLastBillPrint:start {"customerId":"CUS-3011000","customerName":"SUSAN YOUNG","accountNumber":"CUS-3011000","paymentHistoryLength":1,"lastBillPrintDate":"2026-01-01T08:00:00.000Z","lastBillPrintLedgerOrder":2,"latestBillingChargeSortMs":1767254400000,"latestBillingChargeLedgerOrder":2}
[2026-05-14T04:03:54.256Z] [info] [BillPanelTrace] getSum:skip_payment {"customerId":"CUS-3011000","customerName":"SUSAN YOUNG","accountNumber":"CUS-3011000","index":0,"reason":"testFreshStart"}
[2026-05-14T04:03:54.256Z] [info] [BillPanelTrace] getSumPaymentAmountsAfterLastBillPrint:result {"customerId":"CUS-3011000","customerName":"SUSAN YOUNG","accountNumber":"CUS-3011000","paidAfterSum":0}
[2026-05-14T04:03:54.256Z] [info] [BillPanelTrace] getSumPaymentAmountsAfterLastBillPrint:start {"customerId":"CUS-3011000","customerName":"SUSAN YOUNG","accountNumber":"CUS-3011000","paymentHistoryLength":1,"lastBillPrintDate":"2026-01-01T08:00:00.000Z","lastBillPrintLedgerOrder":2,"latestBillingChargeSortMs":1767254400000,"latestBillingChargeLedgerOrder":2}
[2026-05-14T04:03:54.256Z] [info] [BillPanelTrace] getSum:skip_payment {"customerId":"CUS-3011000","customerName":"SUSAN YOUNG","accountNumber":"CUS-3011000","index":0,"reason":"testFreshStart"}
[2026-05-14T04:03:54.256Z] [info] [BillPanelTrace] getSumPaymentAmountsAfterLastBillPrint:result {"customerId":"CUS-3011000","customerName":"SUSAN YOUNG","accountNumber":"CUS-3011000","paidAfterSum":0}
[2026-05-14T04:03:54.256Z] [info] [BillPanelTrace] getSumPaymentAmountsAfterLastBillPrint:start {"customerId":"CUS-3011000","customerName":"SUSAN YOUNG","accountNumber":"CUS-3011000","paymentHistoryLength":1,"lastBillPrintDate":"2026-01-01T08:00:00.000Z","lastBillPrintLedgerOrder":2,"latestBillingChargeSortMs":1767254400000,"latestBillingChargeLedgerOrder":2}
[2026-05-14T04:03:54.256Z] [info] [BillPanelTrace] getSum:skip_payment {"customerId":"CUS-3011000","customerName":"SUSAN YOUNG","accountNumber":"CUS-3011000","index":0,"reason":"testFreshStart"}
[2026-05-14T04:03:54.256Z] [info] [BillPanelTrace] getSumPaymentAmountsAfterLastBillPrint:result {"customerId":"CUS-3011000","customerName":"SUSAN YOUNG","accountNumber":"CUS-3011000","paidAfterSum":0}
[2026-05-14T04:03:54.256Z] [info] [BillPanelTrace] getProcessBillPanelAmounts:result_frozen_panel {"customerId":"CUS-3011000","customerName":"SUSAN YOUNG","accountNumber":"CUS-3011000","total":183.49,"pastDue":0,"lateFee":5,"dueDateStr":"01/21/2026","fromFrozen":true}
[2026-05-14T04:03:54.256Z] [info] [BillPanelTrace] getSumPaymentAmountsAfterLastBillPrint:start {"customerId":"CUS-3011000","customerName":"SUSAN YOUNG","accountNumber":"CUS-3011000","paymentHistoryLength":1,"lastBillPrintDate":"2026-01-01T08:00:00.000Z","lastBillPrintLedgerOrder":2,"latestBillingChargeSortMs":1767254400000,"latestBillingChargeLedgerOrder":2}
[2026-05-14T04:03:54.256Z] [info] [BillPanelTrace] getSum:skip_payment {"customerId":"CUS-3011000","customerName":"SUSAN YOUNG","accountNumber":"CUS-3011000","index":0,"reason":"testFreshStart"}
[2026-05-14T04:03:54.256Z] [info] [BillPanelTrace] getSumPaymentAmountsAfterLastBillPrint:result {"customerId":"CUS-3011000","customerName":"SUSAN YOUNG","accountNumber":"CUS-3011000","paidAfterSum":0}
[2026-05-14T04:03:54.256Z] [info] [BillPanelTrace] getSumPaymentAmountsAfterLastBillPrint:start {"customerId":"CUS-3011000","customerName":"SUSAN YOUNG","accountNumber":"CUS-3011000","paymentHistoryLength":1,"lastBillPrintDate":"2026-01-01T08:00:00.000Z","lastBillPrintLedgerOrder":2,"latestBillingChargeSortMs":1767254400000,"latestBillingChargeLedgerOrder":2}
[2026-05-14T04:03:54.256Z] [info] [BillPanelTrace] getSum:skip_payment {"customerId":"CUS-3011000","customerName":"SUSAN YOUNG","accountNumber":"CUS-3011000","index":0,"reason":"testFreshStart"}
[2026-05-14T04:03:54.256Z] [info] [BillPanelTrace] getSumPaymentAmountsAfterLastBillPrint:result {"customerId":"CUS-3011000","customerName":"SUSAN YOUNG","accountNumber":"CUS-3011000","paidAfterSum":0}
[2026-05-14T04:03:54.256Z] [info] [BillPanelTrace] getSumPaymentAmountsAfterLastBillPrint:start {"customerId":"CUS-3011000","customerName":"SUSAN YOUNG","accountNumber":"CUS-3011000","paymentHistoryLength":1,"lastBillPrintDate":"2026-01-01T08:00:00.000Z","lastBillPrintLedgerOrder":2,"latestBillingChargeSortMs":1767254400000,"latestBillingChargeLedgerOrder":2}
[2026-05-14T04:03:54.256Z] [info] [BillPanelTrace] getSum:skip_payment {"customerId":"CUS-3011000","customerName":"SUSAN YOUNG","accountNumber":"CUS-3011000","index":0,"reason":"testFreshStart"}
[2026-05-14T04:03:54.256Z] [info] [BillPanelTrace] getSumPaymentAmountsAfterLastBillPrint:result {"customerId":"CUS-3011000","customerName":"SUSAN YOUNG","accountNumber":"CUS-3011000","paidAfterSum":0}
[2026-05-14T04:03:54.256Z] [info] [BillPanelTrace] getProcessBillPanelAmounts:branch_check {"customerId":"CUS-3011000","customerName":"SUSAN YOUNG","accountNumber":"CUS-3011000","hasFrozenSnapshot":true,"frozenAmountDue":178.49,"lastBillPrintDate":"2026-01-01T08:00:00.000Z","lastPrintedStatementTotalDue":178.49}
[2026-05-14T04:03:54.256Z] [info] [BillPanelTrace] getSumPaymentAmountsAfterLastBillPrint:start {"customerId":"CUS-3011000","customerName":"SUSAN YOUNG","accountNumber":"CUS-3011000","paymentHistoryLength":1,"lastBillPrintDate":"2026-01-01T08:00:00.000Z","lastBillPrintLedgerOrder":2,"latestBillingChargeSortMs":1767254400000,"latestBillingChargeLedgerOrder":2}
[2026-05-14T04:03:54.256Z] [info] [BillPanelTrace] getSum:skip_payment {"customerId":"CUS-3011000","customerName":"SUSAN YOUNG","accountNumber":"CUS-3011000","index":0,"reason":"testFreshStart"}
[2026-05-14T04:03:54.257Z] [info] [BillPanelTrace] getSumPaymentAmountsAfterLastBillPrint:result {"customerId":"CUS-3011000","customerName":"SUSAN YOUNG","accountNumber":"CUS-3011000","paidAfterSum":0}
[2026-05-14T04:03:54.257Z] [info] [BillPanelTrace] getProcessBillPanelAmounts:frozen_branch {"customerId":"CUS-3011000","customerName":"SUSAN YOUNG","accountNumber":"CUS-3011000","paidAfterLastBill":0,"willBypassFrozenToLive":false}
[2026-05-14T04:03:54.257Z] [info] [BillPanelTrace] getSumPaymentAmountsAfterLastBillPrint:start {"customerId":"CUS-3011000","customerName":"SUSAN YOUNG","accountNumber":"CUS-3011000","paymentHistoryLength":1,"lastBillPrintDate":"2026-01-01T08:00:00.000Z","lastBillPrintLedgerOrder":2,"latestBillingChargeSortMs":1767254400000,"latestBillingChargeLedgerOrder":2}
[2026-05-14T04:03:54.257Z] [info] [BillPanelTrace] getSum:skip_payment {"customerId":"CUS-3011000","customerName":"SUSAN YOUNG","accountNumber":"CUS-3011000","index":0,"reason":"testFreshStart"}
[2026-05-14T04:03:54.257Z] [info] [BillPanelTrace] getSumPaymentAmountsAfterLastBillPrint:result {"customerId":"CUS-3011000","customerName":"SUSAN YOUNG","accountNumber":"CUS-3011000","paidAfterSum":0}
[2026-05-14T04:03:54.257Z] [info] [BillPanelTrace] getSumPaymentAmountsAfterLastBillPrint:start {"customerId":"CUS-3011000","customerName":"SUSAN YOUNG","accountNumber":"CUS-3011000","paymentHistoryLength":1,"lastBillPrintDate":"2026-01-01T08:00:00.000Z","lastBillPrintLedgerOrder":2,"latestBillingChargeSortMs":1767254400000,"latestBillingChargeLedgerOrder":2}
[2026-05-14T04:03:54.257Z] [info] [BillPanelTrace] getSum:skip_payment {"customerId":"CUS-3011000","customerName":"SUSAN YOUNG","accountNumber":"CUS-3011000","index":0,"reason":"testFreshStart"}
[2026-05-14T04:03:54.257Z] [info] [BillPanelTrace] getSumPaymentAmountsAfterLastBillPrint:result {"customerId":"CUS-3011000","customerName":"SUSAN YOUNG","accountNumber":"CUS-3011000","paidAfterSum":0}
[2026-05-14T04:03:54.257Z] [info] [BillPanelTrace] getSumPaymentAmountsAfterLastBillPrint:start {"customerId":"CUS-3011000","customerName":"SUSAN YOUNG","accountNumber":"CUS-3011000","paymentHistoryLength":1,"lastBillPrintDate":"2026-01-01T08:00:00.000Z","lastBillPrintLedgerOrder":2,"latestBillingChargeSortMs":1767254400000,"latestBillingChargeLedgerOrder":2}
[2026-05-14T04:03:54.257Z] [info] [BillPanelTrace] getSum:skip_payment {"customerId":"CUS-3011000","customerName":"SUSAN YOUNG","accountNumber":"CUS-3011000","index":0,"reason":"testFreshStart"}
[2026-05-14T04:03:54.257Z] [info] [BillPanelTrace] getSumPaymentAmountsAfterLastBillPrint:result {"customerId":"CUS-3011000","customerName":"SUSAN YOUNG","accountNumber":"CUS-3011000","paidAfterSum":0}
[2026-05-14T04:03:54.257Z] [info] [BillPanelTrace] getSumPaymentAmountsAfterLastBillPrint:start {"customerId":"CUS-3011000","customerName":"SUSAN YOUNG","accountNumber":"CUS-3011000","paymentHistoryLength":1,"lastBillPrintDate":"2026-01-01T08:00:00.000Z","lastBillPrintLedgerOrder":2,"latestBillingChargeSortMs":1767254400000,"latestBillingChargeLedgerOrder":2}
[2026-05-14T04:03:54.257Z] [info] [BillPanelTrace] getSum:skip_payment {"customerId":"CUS-3011000","customerName":"SUSAN YOUNG","accountNumber":"CUS-3011000","index":0,"reason":"testFreshStart"}
[2026-05-14T04:03:54.257Z] [info] [BillPanelTrace] getSumPaymentAmountsAfterLastBillPrint:result {"customerId":"CUS-3011000","customerName":"SUSAN YOUNG","accountNumber":"CUS-3011000","paidAfterSum":0}
[2026-05-14T04:03:54.257Z] [info] [BillPanelTrace] getProcessBillPanelAmounts:result_frozen_panel {"customerId":"CUS-3011000","customerName":"SUSAN YOUNG","accountNumber":"CUS-3011000","total":183.49,"pastDue":0,"lateFee":5,"dueDateStr":"01/21/2026","fromFrozen":true}
[2026-05-14T04:03:54.257Z] [info] [BillPanelTrace] getSumPaymentAmountsAfterLastBillPrint:start {"customerId":"CUS-3011000","customerName":"SUSAN YOUNG","accountNumber":"CUS-3011000","paymentHistoryLength":1,"lastBillPrintDate":"2026-01-01T08:00:00.000Z","lastBillPrintLedgerOrder":2,"latestBillingChargeSortMs":1767254400000,"latestBillingChargeLedgerOrder":2}
[2026-05-14T04:03:54.257Z] [info] [BillPanelTrace] getSum:skip_payment {"customerId":"CUS-3011000","customerName":"SUSAN YOUNG","accountNumber":"CUS-3011000","index":0,"reason":"testFreshStart"}
[2026-05-14T04:03:54.257Z] [info] [BillPanelTrace] getSumPaymentAmountsAfterLastBillPrint:result {"customerId":"CUS-3011000","customerName":"SUSAN YOUNG","accountNumber":"CUS-3011000","paidAfterSum":0}
[2026-05-14T04:03:54.373Z] [info] [BillPanelTrace] getProcessBillPanelAmounts:branch_check {"customerId":"CUS-3011000","customerName":"SUSAN YOUNG","accountNumber":"CUS-3011000","hasFrozenSnapshot":true,"frozenAmountDue":178.49,"lastBillPrintDate":"2026-01-01T08:00:00.000Z","lastPrintedStatementTotalDue":178.49}
[2026-05-14T04:03:54.373Z] [info] [BillPanelTrace] getSumPaymentAmountsAfterLastBillPrint:start {"customerId":"CUS-3011000","customerName":"SUSAN YOUNG","accountNumber":"CUS-3011000","paymentHistoryLength":1,"lastBillPrintDate":"2026-01-01T08:00:00.000Z","lastBillPrintLedgerOrder":2,"latestBillingChargeSortMs":1767254400000,"latestBillingChargeLedgerOrder":2}
[2026-05-14T04:03:54.374Z] [info] [BillPanelTrace] getSum:skip_payment {"customerId":"CUS-3011000","customerName":"SUSAN YOUNG","accountNumber":"CUS-3011000","index":0,"reason":"testFreshStart"}
[2026-05-14T04:03:54.374Z] [info] [BillPanelTrace] getSumPaymentAmountsAfterLastBillPrint:result {"customerId":"CUS-3011000","customerName":"SUSAN YOUNG","accountNumber":"CUS-3011000","paidAfterSum":0}
[2026-05-14T04:03:54.374Z] [info] [BillPanelTrace] getProcessBillPanelAmounts:frozen_branch {"customerId":"CUS-3011000","customerName":"SUSAN YOUNG","accountNumber":"CUS-3011000","paidAfterLastBill":0,"willBypassFrozenToLive":false}
[2026-05-14T04:03:54.374Z] [info] [BillPanelTrace] getProcessBillPanelAmounts:branch_check {"customerId":"CUS-3011000","customerName":"SUSAN YOUNG","accountNumber":"CUS-3011000","hasFrozenSnapshot":true,"frozenAmountDue":178.49,"lastBillPrintDate":"2026-01-01T08:00:00.000Z","lastPrintedStatementTotalDue":178.49}
[2026-05-14T04:03:54.374Z] [info] [BillPanelTrace] getSumPaymentAmountsAfterLastBillPrint:start {"customerId":"CUS-3011000","customerName":"SUSAN YOUNG","accountNumber":"CUS-3011000","paymentHistoryLength":1,"lastBillPrintDate":"2026-01-01T08:00:00.000Z","lastBillPrintLedgerOrder":2,"latestBillingChargeSortMs":1767254400000,"latestBillingChargeLedgerOrder":2}
[2026-05-14T04:03:54.374Z] [info] [BillPanelTrace] getSum:skip_payment {"customerId":"CUS-3011000","customerName":"SUSAN YOUNG","accountNumber":"CUS-3011000","index":0,"reason":"testFreshStart"}
[2026-05-14T04:03:54.374Z] [info] [BillPanelTrace] getSumPaymentAmountsAfterLastBillPrint:result {"customerId":"CUS-3011000","customerName":"SUSAN YOUNG","accountNumber":"CUS-3011000","paidAfterSum":0}
[2026-05-14T04:03:54.374Z] [info] [BillPanelTrace] getProcessBillPanelAmounts:frozen_branch {"customerId":"CUS-3011000","customerName":"SUSAN YOUNG","accountNumber":"CUS-3011000","paidAfterLastBill":0,"willBypassFrozenToLive":false}
[2026-05-14T04:03:54.374Z] [info] [BillPanelTrace] getSumPaymentAmountsAfterLastBillPrint:start {"customerId":"CUS-3011000","customerName":"SUSAN YOUNG","accountNumber":"CUS-3011000","paymentHistoryLength":1,"lastBillPrintDate":"2026-01-01T08:00:00.000Z","lastBillPrintLedgerOrder":2,"latestBillingChargeSortMs":1767254400000,"latestBillingChargeLedgerOrder":2}
[2026-05-14T04:03:54.374Z] [info] [BillPanelTrace] getSum:skip_payment {"customerId":"CUS-3011000","customerName":"SUSAN YOUNG","accountNumber":"CUS-3011000","index":0,"reason":"testFreshStart"}
[2026-05-14T04:03:54.374Z] [info] [BillPanelTrace] getSumPaymentAmountsAfterLastBillPrint:result {"customerId":"CUS-3011000","customerName":"SUSAN YOUNG","accountNumber":"CUS-3011000","paidAfterSum":0}
[2026-05-14T04:03:54.374Z] [info] [BillPanelTrace] getSumPaymentAmountsAfterLastBillPrint:start {"customerId":"CUS-3011000","customerName":"SUSAN YOUNG","accountNumber":"CUS-3011000","paymentHistoryLength":1,"lastBillPrintDate":"2026-01-01T08:00:00.000Z","lastBillPrintLedgerOrder":2,"latestBillingChargeSortMs":1767254400000,"latestBillingChargeLedgerOrder":2}
[2026-05-14T04:03:54.374Z] [info] [BillPanelTrace] getSum:skip_payment {"customerId":"CUS-3011000","customerName":"SUSAN YOUNG","accountNumber":"CUS-3011000","index":0,"reason":"testFreshStart"}
[2026-05-14T04:03:54.374Z] [info] [BillPanelTrace] getSumPaymentAmountsAfterLastBillPrint:result {"customerId":"CUS-3011000","customerName":"SUSAN YOUNG","accountNumber":"CUS-3011000","paidAfterSum":0}
[2026-05-14T04:03:54.374Z] [info] [BillPanelTrace] getSumPaymentAmountsAfterLastBillPrint:start {"customerId":"CUS-3011000","customerName":"SUSAN YOUNG","accountNumber":"CUS-3011000","paymentHistoryLength":1,"lastBillPrintDate":"2026-01-01T08:00:00.000Z","lastBillPrintLedgerOrder":2,"latestBillingChargeSortMs":1767254400000,"latestBillingChargeLedgerOrder":2}
[2026-05-14T04:03:54.374Z] [info] [BillPanelTrace] getSum:skip_payment {"customerId":"CUS-3011000","customerName":"SUSAN YOUNG","accountNumber":"CUS-3011000","index":0,"reason":"testFreshStart"}
[2026-05-14T04:03:54.374Z] [info] [BillPanelTrace] getSumPaymentAmountsAfterLastBillPrint:result {"customerId":"CUS-3011000","customerName":"SUSAN YOUNG","accountNumber":"CUS-3011000","paidAfterSum":0}
[2026-05-14T04:03:54.374Z] [info] [BillPanelTrace] getSumPaymentAmountsAfterLastBillPrint:start {"customerId":"CUS-3011000","customerName":"SUSAN YOUNG","accountNumber":"CUS-3011000","paymentHistoryLength":1,"lastBillPrintDate":"2026-01-01T08:00:00.000Z","lastBillPrintLedgerOrder":2,"latestBillingChargeSortMs":1767254400000,"latestBillingChargeLedgerOrder":2}
[2026-05-14T04:03:54.374Z] [info] [BillPanelTrace] getSum:skip_payment {"customerId":"CUS-3011000","customerName":"SUSAN YOUNG","accountNumber":"CUS-3011000","index":0,"reason":"testFreshStart"}
[2026-05-14T04:03:54.374Z] [info] [BillPanelTrace] getSumPaymentAmountsAfterLastBillPrint:result {"customerId":"CUS-3011000","customerName":"SUSAN YOUNG","accountNumber":"CUS-3011000","paidAfterSum":0}
[2026-05-14T04:03:54.374Z] [info] [BillPanelTrace] getProcessBillPanelAmounts:result_frozen_panel {"customerId":"CUS-3011000","customerName":"SUSAN YOUNG","accountNumber":"CUS-3011000","total":183.49,"pastDue":0,"lateFee":5,"dueDateStr":"01/21/2026","fromFrozen":true}
[2026-05-14T04:03:54.374Z] [info] [BillPanelTrace] getProcessBillPanelAmounts:branch_check {"customerId":"CUS-3011000","customerName":"SUSAN YOUNG","accountNumber":"CUS-3011000","hasFrozenSnapshot":true,"frozenAmountDue":178.49,"lastBillPrintDate":"2026-01-01T08:00:00.000Z","lastPrintedStatementTotalDue":178.49}
[2026-05-14T04:03:54.374Z] [info] [BillPanelTrace] getSumPaymentAmountsAfterLastBillPrint:start {"customerId":"CUS-3011000","customerName":"SUSAN YOUNG","accountNumber":"CUS-3011000","paymentHistoryLength":1,"lastBillPrintDate":"2026-01-01T08:00:00.000Z","lastBillPrintLedgerOrder":2,"latestBillingChargeSortMs":1767254400000,"latestBillingChargeLedgerOrder":2}
[2026-05-14T04:03:54.374Z] [info] [BillPanelTrace] getSum:skip_payment {"customerId":"CUS-3011000","customerName":"SUSAN YOUNG","accountNumber":"CUS-3011000","index":0,"reason":"testFreshStart"}
[2026-05-14T04:03:54.374Z] [info] [BillPanelTrace] getSumPaymentAmountsAfterLastBillPrint:result {"customerId":"CUS-3011000","customerName":"SUSAN YOUNG","accountNumber":"CUS-3011000","paidAfterSum":0}
[2026-05-14T04:03:54.374Z] [info] [BillPanelTrace] getProcessBillPanelAmounts:frozen_branch {"customerId":"CUS-3011000","customerName":"SUSAN YOUNG","accountNumber":"CUS-3011000","paidAfterLastBill":0,"willBypassFrozenToLive":false}
[2026-05-14T04:03:54.374Z] [info] [BillPanelTrace] getSumPaymentAmountsAfterLastBillPrint:start {"customerId":"CUS-3011000","customerName":"SUSAN YOUNG","accountNumber":"CUS-3011000","paymentHistoryLength":1,"lastBillPrintDate":"2026-01-01T08:00:00.000Z","lastBillPrintLedgerOrder":2,"latestBillingChargeSortMs":1767254400000,"latestBillingChargeLedgerOrder":2}
[2026-05-14T04:03:54.374Z] [info] [BillPanelTrace] getSum:skip_payment {"customerId":"CUS-3011000","customerName":"SUSAN YOUNG","accountNumber":"CUS-3011000","index":0,"reason":"testFreshStart"}
[2026-05-14T04:03:54.374Z] [info] [BillPanelTrace] getSumPaymentAmountsAfterLastBillPrint:result {"customerId":"CUS-3011000","customerName":"SUSAN YOUNG","accountNumber":"CUS-3011000","paidAfterSum":0}
[2026-05-14T04:03:54.374Z] [info] [BillPanelTrace] getSumPaymentAmountsAfterLastBillPrint:start {"customerId":"CUS-3011000","customerName":"SUSAN YOUNG","accountNumber":"CUS-3011000","paymentHistoryLength":1,"lastBillPrintDate":"2026-01-01T08:00:00.000Z","lastBillPrintLedgerOrder":2,"latestBillingChargeSortMs":1767254400000,"latestBillingChargeLedgerOrder":2}
[2026-05-14T04:03:54.374Z] [info] [BillPanelTrace] getSum:skip_payment {"customerId":"CUS-3011000","customerName":"SUSAN YOUNG","accountNumber":"CUS-3011000","index":0,"reason":"testFreshStart"}
[2026-05-14T04:03:54.374Z] [info] [BillPanelTrace] getSumPaymentAmountsAfterLastBillPrint:result {"customerId":"CUS-3011000","customerName":"SUSAN YOUNG","accountNumber":"CUS-3011000","paidAfterSum":0}
[2026-05-14T04:03:54.374Z] [info] [BillPanelTrace] getSumPaymentAmountsAfterLastBillPrint:start {"customerId":"CUS-3011000","customerName":"SUSAN YOUNG","accountNumber":"CUS-3011000","paymentHistoryLength":1,"lastBillPrintDate":"2026-01-01T08:00:00.000Z","lastBillPrintLedgerOrder":2,"latestBillingChargeSortMs":1767254400000,"latestBillingChargeLedgerOrder":2}
[2026-05-14T04:03:54.374Z] [info] [BillPanelTrace] getSum:skip_payment {"customerId":"CUS-3011000","customerName":"SUSAN YOUNG","accountNumber":"CUS-3011000","index":0,"reason":"testFreshStart"}
[2026-05-14T04:03:54.374Z] [info] [BillPanelTrace] getSumPaymentAmountsAfterLastBillPrint:result {"customerId":"CUS-3011000","customerName":"SUSAN YOUNG","accountNumber":"CUS-3011000","paidAfterSum":0}
[2026-05-14T04:03:54.375Z] [info] [BillPanelTrace] getSumPaymentAmountsAfterLastBillPrint:start {"customerId":"CUS-3011000","customerName":"SUSAN YOUNG","accountNumber":"CUS-3011000","paymentHistoryLength":1,"lastBillPrintDate":"2026-01-01T08:00:00.000Z","lastBillPrintLedgerOrder":2,"latestBillingChargeSortMs":1767254400000,"latestBillingChargeLedgerOrder":2}
[2026-05-14T04:03:54.375Z] [info] [BillPanelTrace] getSum:skip_payment {"customerId":"CUS-3011000","customerName":"SUSAN YOUNG","accountNumber":"CUS-3011000","index":0,"reason":"testFreshStart"}
[2026-05-14T04:03:54.375Z] [info] [BillPanelTrace] getSumPaymentAmountsAfterLastBillPrint:result {"customerId":"CUS-3011000","customerName":"SUSAN YOUNG","accountNumber":"CUS-3011000","paidAfterSum":0}
[2026-05-14T04:03:54.375Z] [info] [BillPanelTrace] getProcessBillPanelAmounts:result_frozen_panel {"customerId":"CUS-3011000","customerName":"SUSAN YOUNG","accountNumber":"CUS-3011000","total":183.49,"pastDue":0,"lateFee":5,"dueDateStr":"01/21/2026","fromFrozen":true}
[2026-05-14T04:03:54.375Z] [info] [BillPanelTrace] getProcessBillPanelAmounts:branch_check {"customerId":"CUS-3011000","customerName":"SUSAN YOUNG","accountNumber":"CUS-3011000","hasFrozenSnapshot":true,"frozenAmountDue":178.49,"lastBillPrintDate":"2026-01-01T08:00:00.000Z","lastPrintedStatementTotalDue":178.49}
[2026-05-14T04:03:54.375Z] [info] [BillPanelTrace] getSumPaymentAmountsAfterLastBillPrint:start {"customerId":"CUS-3011000","customerName":"SUSAN YOUNG","accountNumber":"CUS-3011000","paymentHistoryLength":1,"lastBillPrintDate":"2026-01-01T08:00:00.000Z","lastBillPrintLedgerOrder":2,"latestBillingChargeSortMs":1767254400000,"latestBillingChargeLedgerOrder":2}
[2026-05-14T04:03:54.375Z] [info] [BillPanelTrace] getSum:skip_payment {"customerId":"CUS-3011000","customerName":"SUSAN YOUNG","accountNumber":"CUS-3011000","index":0,"reason":"testFreshStart"}
[2026-05-14T04:03:54.375Z] [info] [BillPanelTrace] getSumPaymentAmountsAfterLastBillPrint:result {"customerId":"CUS-3011000","customerName":"SUSAN YOUNG","accountNumber":"CUS-3011000","paidAfterSum":0}
[2026-05-14T04:03:54.375Z] [info] [BillPanelTrace] getProcessBillPanelAmounts:frozen_branch {"customerId":"CUS-3011000","customerName":"SUSAN YOUNG","accountNumber":"CUS-3011000","paidAfterLastBill":0,"willBypassFrozenToLive":false}
[2026-05-14T04:03:54.375Z] [info] [BillPanelTrace] getSumPaymentAmountsAfterLastBillPrint:start {"customerId":"CUS-3011000","customerName":"SUSAN YOUNG","accountNumber":"CUS-3011000","paymentHistoryLength":1,"lastBillPrintDate":"2026-01-01T08:00:00.000Z","lastBillPrintLedgerOrder":2,"latestBillingChargeSortMs":1767254400000,"latestBillingChargeLedgerOrder":2}
[2026-05-14T04:03:54.375Z] [info] [BillPanelTrace] getSum:skip_payment {"customerId":"CUS-3011000","customerName":"SUSAN YOUNG","accountNumber":"CUS-3011000","index":0,"reason":"testFreshStart"}
[2026-05-14T04:03:54.375Z] [info] [BillPanelTrace] getSumPaymentAmountsAfterLastBillPrint:result {"customerId":"CUS-3011000","customerName":"SUSAN YOUNG","accountNumber":"CUS-3011000","paidAfterSum":0}
[2026-05-14T04:03:54.375Z] [info] [BillPanelTrace] getSumPaymentAmountsAfterLastBillPrint:start {"customerId":"CUS-3011000","customerName":"SUSAN YOUNG","accountNumber":"CUS-3011000","paymentHistoryLength":1,"lastBillPrintDate":"2026-01-01T08:00:00.000Z","lastBillPrintLedgerOrder":2,"latestBillingChargeSortMs":1767254400000,"latestBillingChargeLedgerOrder":2}
[2026-05-14T04:03:54.375Z] [info] [BillPanelTrace] getSum:skip_payment {"customerId":"CUS-3011000","customerName":"SUSAN YOUNG","accountNumber":"CUS-3011000","index":0,"reason":"testFreshStart"}
[2026-05-14T04:03:54.375Z] [info] [BillPanelTrace] getSumPaymentAmountsAfterLastBillPrint:result {"customerId":"CUS-3011000","customerName":"SUSAN YOUNG","accountNumber":"CUS-3011000","paidAfterSum":0}
[2026-05-14T04:03:54.375Z] [info] [BillPanelTrace] getSumPaymentAmountsAfterLastBillPrint:start {"customerId":"CUS-3011000","customerName":"SUSAN YOUNG","accountNumber":"CUS-3011000","paymentHistoryLength":1,"lastBillPrintDate":"2026-01-01T08:00:00.000Z","lastBillPrintLedgerOrder":2,"latestBillingChargeSortMs":1767254400000,"latestBillingChargeLedgerOrder":2}
[2026-05-14T04:03:54.375Z] [info] [BillPanelTrace] getSum:skip_payment {"customerId":"CUS-3011000","customerName":"SUSAN YOUNG","accountNumber":"CUS-3011000","index":0,"reason":"testFreshStart"}
[2026-05-14T04:03:54.375Z] [info] [BillPanelTrace] getSumPaymentAmountsAfterLastBillPrint:result {"customerId":"CUS-3011000","customerName":"SUSAN YOUNG","accountNumber":"CUS-3011000","paidAfterSum":0}
[2026-05-14T04:03:54.375Z] [info] [BillPanelTrace] getSumPaymentAmountsAfterLastBillPrint:start {"customerId":"CUS-3011000","customerName":"SUSAN YOUNG","accountNumber":"CUS-3011000","paymentHistoryLength":1,"lastBillPrintDate":"2026-01-01T08:00:00.000Z","lastBillPrintLedgerOrder":2,"latestBillingChargeSortMs":1767254400000,"latestBillingChargeLedgerOrder":2}
[2026-05-14T04:03:54.375Z] [info] [BillPanelTrace] getSum:skip_payment {"customerId":"CUS-3011000","customerName":"SUSAN YOUNG","accountNumber":"CUS-3011000","index":0,"reason":"testFreshStart"}
[2026-05-14T04:03:54.375Z] [info] [BillPanelTrace] getSumPaymentAmountsAfterLastBillPrint:result {"customerId":"CUS-3011000","customerName":"SUSAN YOUNG","accountNumber":"CUS-3011000","paidAfterSum":0}
[2026-05-14T04:03:54.375Z] [info] [BillPanelTrace] getProcessBillPanelAmounts:result_frozen_panel {"customerId":"CUS-3011000","customerName":"SUSAN YOUNG","accountNumber":"CUS-3011000","total":183.49,"pastDue":0,"lateFee":5,"dueDateStr":"01/21/2026","fromFrozen":true}
[2026-05-14T04:03:54.375Z] [info] [BillPanelTrace] getSumPaymentAmountsAfterLastBillPrint:start {"customerId":"CUS-3011000","customerName":"SUSAN YOUNG","accountNumber":"CUS-3011000","paymentHistoryLength":1,"lastBillPrintDate":"2026-01-01T08:00:00.000Z","lastBillPrintLedgerOrder":2,"latestBillingChargeSortMs":1767254400000,"latestBillingChargeLedgerOrder":2}
[2026-05-14T04:03:54.375Z] [info] [BillPanelTrace] getSum:skip_payment {"customerId":"CUS-3011000","customerName":"SUSAN YOUNG","accountNumber":"CUS-3011000","index":0,"reason":"testFreshStart"}
[2026-05-14T04:03:54.375Z] [info] [BillPanelTrace] getSumPaymentAmountsAfterLastBillPrint:result {"customerId":"CUS-3011000","customerName":"SUSAN YOUNG","accountNumber":"CUS-3011000","paidAfterSum":0}
[2026-05-14T04:03:54.375Z] [info] [BillPanelTrace] getSumPaymentAmountsAfterLastBillPrint:start {"customerId":"CUS-3011000","customerName":"SUSAN YOUNG","accountNumber":"CUS-3011000","paymentHistoryLength":1,"lastBillPrintDate":"2026-01-01T08:00:00.000Z","lastBillPrintLedgerOrder":2,"latestBillingChargeSortMs":1767254400000,"latestBillingChargeLedgerOrder":2}
[2026-05-14T04:03:54.375Z] [info] [BillPanelTrace] getSum:skip_payment {"customerId":"CUS-3011000","customerName":"SUSAN YOUNG","accountNumber":"CUS-3011000","index":0,"reason":"testFreshStart"}
[2026-05-14T04:03:54.375Z] [info] [BillPanelTrace] getSumPaymentAmountsAfterLastBillPrint:result {"customerId":"CUS-3011000","customerName":"SUSAN YOUNG","accountNumber":"CUS-3011000","paidAfterSum":0}
[2026-05-14T04:03:54.375Z] [info] [BillPanelTrace] getSumPaymentAmountsAfterLastBillPrint:start {"customerId":"CUS-3011000","customerName":"SUSAN YOUNG","accountNumber":"CUS-3011000","paymentHistoryLength":1,"lastBillPrintDate":"2026-01-01T08:00:00.000Z","lastBillPrintLedgerOrder":2,"latestBillingChargeSortMs":1767254400000,"latestBillingChargeLedgerOrder":2}
[2026-05-14T04:03:54.375Z] [info] [BillPanelTrace] getSum:skip_payment {"customerId":"CUS-3011000","customerName":"SUSAN YOUNG","accountNumber":"CUS-3011000","index":0,"reason":"testFreshStart"}
[2026-05-14T04:03:54.375Z] [info] [BillPanelTrace] getSumPaymentAmountsAfterLastBillPrint:result {"customerId":"CUS-3011000","customerName":"SUSAN YOUNG","accountNumber":"CUS-3011000","paidAfterSum":0}
[2026-05-14T04:03:54.375Z] [info] [BillPanelTrace] getProcessBillPanelAmounts:branch_check {"customerId":"CUS-3011000","customerName":"SUSAN YOUNG","accountNumber":"CUS-3011000","hasFrozenSnapshot":true,"frozenAmountDue":178.49,"lastBillPrintDate":"2026-01-01T08:00:00.000Z","lastPrintedStatementTotalDue":178.49}
[2026-05-14T04:03:54.375Z] [info] [BillPanelTrace] getSumPaymentAmountsAfterLastBillPrint:start {"customerId":"CUS-3011000","customerName":"SUSAN YOUNG","accountNumber":"CUS-3011000","paymentHistoryLength":1,"lastBillPrintDate":"2026-01-01T08:00:00.000Z","lastBillPrintLedgerOrder":2,"latestBillingChargeSortMs":1767254400000,"latestBillingChargeLedgerOrder":2}
[2026-05-14T04:03:54.375Z] [info] [BillPanelTrace] getSum:skip_payment {"customerId":"CUS-3011000","customerName":"SUSAN YOUNG","accountNumber":"CUS-3011000","index":0,"reason":"testFreshStart"}
[2026-05-14T04:03:54.375Z] [info] [BillPanelTrace] getSumPaymentAmountsAfterLastBillPrint:result {"customerId":"CUS-3011000","customerName":"SUSAN YOUNG","accountNumber":"CUS-3011000","paidAfterSum":0}
[2026-05-14T04:03:54.375Z] [info] [BillPanelTrace] getProcessBillPanelAmounts:frozen_branch {"customerId":"CUS-3011000","customerName":"SUSAN YOUNG","accountNumber":"CUS-3011000","paidAfterLastBill":0,"willBypassFrozenToLive":false}
[2026-05-14T04:03:54.375Z] [info] [BillPanelTrace] getSumPaymentAmountsAfterLastBillPrint:start {"customerId":"CUS-3011000","customerName":"SUSAN YOUNG","accountNumber":"CUS-3011000","paymentHistoryLength":1,"lastBillPrintDate":"2026-01-01T08:00:00.000Z","lastBillPrintLedgerOrder":2,"latestBillingChargeSortMs":1767254400000,"latestBillingChargeLedgerOrder":2}
[2026-05-14T04:03:54.376Z] [info] [BillPanelTrace] getSum:skip_payment {"customerId":"CUS-3011000","customerName":"SUSAN YOUNG","accountNumber":"CUS-3011000","index":0,"reason":"testFreshStart"}
[2026-05-14T04:03:54.376Z] [info] [BillPanelTrace] getSumPaymentAmountsAfterLastBillPrint:result {"customerId":"CUS-3011000","customerName":"SUSAN YOUNG","accountNumber":"CUS-3011000","paidAfterSum":0}
[2026-05-14T04:03:54.376Z] [info] [BillPanelTrace] getSumPaymentAmountsAfterLastBillPrint:start {"customerId":"CUS-3011000","customerName":"SUSAN YOUNG","accountNumber":"CUS-3011000","paymentHistoryLength":1,"lastBillPrintDate":"2026-01-01T08:00:00.000Z","lastBillPrintLedgerOrder":2,"latestBillingChargeSortMs":1767254400000,"latestBillingChargeLedgerOrder":2}
[2026-05-14T04:03:54.376Z] [info] [BillPanelTrace] getSum:skip_payment {"customerId":"CUS-3011000","customerName":"SUSAN YOUNG","accountNumber":"CUS-3011000","index":0,"reason":"testFreshStart"}
[2026-05-14T04:03:54.376Z] [info] [BillPanelTrace] getSumPaymentAmountsAfterLastBillPrint:result {"customerId":"CUS-3011000","customerName":"SUSAN YOUNG","accountNumber":"CUS-3011000","paidAfterSum":0}
[2026-05-14T04:03:54.376Z] [info] [BillPanelTrace] getSumPaymentAmountsAfterLastBillPrint:start {"customerId":"CUS-3011000","customerName":"SUSAN YOUNG","accountNumber":"CUS-3011000","paymentHistoryLength":1,"lastBillPrintDate":"2026-01-01T08:00:00.000Z","lastBillPrintLedgerOrder":2,"latestBillingChargeSortMs":1767254400000,"latestBillingChargeLedgerOrder":2}
[2026-05-14T04:03:54.376Z] [info] [BillPanelTrace] getSum:skip_payment {"customerId":"CUS-3011000","customerName":"SUSAN YOUNG","accountNumber":"CUS-3011000","index":0,"reason":"testFreshStart"}
[2026-05-14T04:03:54.376Z] [info] [BillPanelTrace] getSumPaymentAmountsAfterLastBillPrint:result {"customerId":"CUS-3011000","customerName":"SUSAN YOUNG","accountNumber":"CUS-3011000","paidAfterSum":0}
[2026-05-14T04:03:54.376Z] [info] [BillPanelTrace] getSumPaymentAmountsAfterLastBillPrint:start {"customerId":"CUS-3011000","customerName":"SUSAN YOUNG","accountNumber":"CUS-3011000","paymentHistoryLength":1,"lastBillPrintDate":"2026-01-01T08:00:00.000Z","lastBillPrintLedgerOrder":2,"latestBillingChargeSortMs":1767254400000,"latestBillingChargeLedgerOrder":2}
[2026-05-14T04:03:54.376Z] [info] [BillPanelTrace] getSum:skip_payment {"customerId":"CUS-3011000","customerName":"SUSAN YOUNG","accountNumber":"CUS-3011000","index":0,"reason":"testFreshStart"}
[2026-05-14T04:03:54.376Z] [info] [BillPanelTrace] getSumPaymentAmountsAfterLastBillPrint:result {"customerId":"CUS-3011000","customerName":"SUSAN YOUNG","accountNumber":"CUS-3011000","paidAfterSum":0}
[2026-05-14T04:03:54.376Z] [info] [BillPanelTrace] getProcessBillPanelAmounts:result_frozen_panel {"customerId":"CUS-3011000","customerName":"SUSAN YOUNG","accountNumber":"CUS-3011000","total":183.49,"pastDue":0,"lateFee":5,"dueDateStr":"01/21/2026","fromFrozen":true}
[2026-05-14T04:03:54.376Z] [info] [BillPanelTrace] getSumPaymentAmountsAfterLastBillPrint:start {"customerId":"CUS-3011000","customerName":"SUSAN YOUNG","accountNumber":"CUS-3011000","paymentHistoryLength":1,"lastBillPrintDate":"2026-01-01T08:00:00.000Z","lastBillPrintLedgerOrder":2,"latestBillingChargeSortMs":1767254400000,"latestBillingChargeLedgerOrder":2}
[2026-05-14T04:03:54.376Z] [info] [BillPanelTrace] getSum:skip_payment {"customerId":"CUS-3011000","customerName":"SUSAN YOUNG","accountNumber":"CUS-3011000","index":0,"reason":"testFreshStart"}
[2026-05-14T04:03:54.376Z] [info] [BillPanelTrace] getSumPaymentAmountsAfterLastBillPrint:result {"customerId":"CUS-3011000","customerName":"SUSAN YOUNG","accountNumber":"CUS-3011000","paidAfterSum":0}
[2026-05-14T04:03:54.376Z] [info] [BillPanelTrace] getProcessBillPanelAmounts:result_frozen_panel {"customerId":"CUS-3011000","customerName":"SUSAN YOUNG","accountNumber":"CUS-3011000","total":183.49,"pastDue":0,"lateFee":5,"dueDateStr":"01/21/2026","fromFrozen":true}
[2026-05-14T04:03:54.376Z] [info] [BillPanelTrace] getProcessBillPanelAmounts:branch_check {"customerId":"CUS-3011000","customerName":"SUSAN YOUNG","accountNumber":"CUS-3011000","hasFrozenSnapshot":true,"frozenAmountDue":178.49,"lastBillPrintDate":"2026-01-01T08:00:00.000Z","lastPrintedStatementTotalDue":178.49}
[2026-05-14T04:03:54.376Z] [info] [BillPanelTrace] getSumPaymentAmountsAfterLastBillPrint:start {"customerId":"CUS-3011000","customerName":"SUSAN YOUNG","accountNumber":"CUS-3011000","paymentHistoryLength":1,"lastBillPrintDate":"2026-01-01T08:00:00.000Z","lastBillPrintLedgerOrder":2,"latestBillingChargeSortMs":1767254400000,"latestBillingChargeLedgerOrder":2}
[2026-05-14T04:03:54.376Z] [info] [BillPanelTrace] getSum:skip_payment {"customerId":"CUS-3011000","customerName":"SUSAN YOUNG","accountNumber":"CUS-3011000","index":0,"reason":"testFreshStart"}
[2026-05-14T04:03:54.376Z] [info] [BillPanelTrace] getSumPaymentAmountsAfterLastBillPrint:result {"customerId":"CUS-3011000","customerName":"SUSAN YOUNG","accountNumber":"CUS-3011000","paidAfterSum":0}
[2026-05-14T04:03:54.376Z] [info] [BillPanelTrace] getProcessBillPanelAmounts:frozen_branch {"customerId":"CUS-3011000","customerName":"SUSAN YOUNG","accountNumber":"CUS-3011000","paidAfterLastBill":0,"willBypassFrozenToLive":false}
[2026-05-14T04:03:54.376Z] [info] [BillPanelTrace] getSumPaymentAmountsAfterLastBillPrint:start {"customerId":"CUS-3011000","customerName":"SUSAN YOUNG","accountNumber":"CUS-3011000","paymentHistoryLength":1,"lastBillPrintDate":"2026-01-01T08:00:00.000Z","lastBillPrintLedgerOrder":2,"latestBillingChargeSortMs":1767254400000,"latestBillingChargeLedgerOrder":2}
[2026-05-14T04:03:54.376Z] [info] [BillPanelTrace] getSum:skip_payment {"customerId":"CUS-3011000","customerName":"SUSAN YOUNG","accountNumber":"CUS-3011000","index":0,"reason":"testFreshStart"}
[2026-05-14T04:03:54.376Z] [info] [BillPanelTrace] getSumPaymentAmountsAfterLastBillPrint:result {"customerId":"CUS-3011000","customerName":"SUSAN YOUNG","accountNumber":"CUS-3011000","paidAfterSum":0}
[2026-05-14T04:03:54.376Z] [info] [BillPanelTrace] getSumPaymentAmountsAfterLastBillPrint:start {"customerId":"CUS-3011000","customerName":"SUSAN YOUNG","accountNumber":"CUS-3011000","paymentHistoryLength":1,"lastBillPrintDate":"2026-01-01T08:00:00.000Z","lastBillPrintLedgerOrder":2,"latestBillingChargeSortMs":1767254400000,"latestBillingChargeLedgerOrder":2}
[2026-05-14T04:03:54.376Z] [info] [BillPanelTrace] getSum:skip_payment {"customerId":"CUS-3011000","customerName":"SUSAN YOUNG","accountNumber":"CUS-3011000","index":0,"reason":"testFreshStart"}
[2026-05-14T04:03:54.376Z] [info] [BillPanelTrace] getSumPaymentAmountsAfterLastBillPrint:result {"customerId":"CUS-3011000","customerName":"SUSAN YOUNG","accountNumber":"CUS-3011000","paidAfterSum":0}
[2026-05-14T04:03:54.376Z] [info] [BillPanelTrace] getSumPaymentAmountsAfterLastBillPrint:start {"customerId":"CUS-3011000","customerName":"SUSAN YOUNG","accountNumber":"CUS-3011000","paymentHistoryLength":1,"lastBillPrintDate":"2026-01-01T08:00:00.000Z","lastBillPrintLedgerOrder":2,"latestBillingChargeSortMs":1767254400000,"latestBillingChargeLedgerOrder":2}
[2026-05-14T04:03:54.376Z] [info] [BillPanelTrace] getSum:skip_payment {"customerId":"CUS-3011000","customerName":"SUSAN YOUNG","accountNumber":"CUS-3011000","index":0,"reason":"testFreshStart"}
[2026-05-14T04:03:54.376Z] [info] [BillPanelTrace] getSumPaymentAmountsAfterLastBillPrint:result {"customerId":"CUS-3011000","customerName":"SUSAN YOUNG","accountNumber":"CUS-3011000","paidAfterSum":0}
[2026-05-14T04:03:54.376Z] [info] [BillPanelTrace] getSumPaymentAmountsAfterLastBillPrint:start {"customerId":"CUS-3011000","customerName":"SUSAN YOUNG","accountNumber":"CUS-3011000","paymentHistoryLength":1,"lastBillPrintDate":"2026-01-01T08:00:00.000Z","lastBillPrintLedgerOrder":2,"latestBillingChargeSortMs":1767254400000,"latestBillingChargeLedgerOrder":2}
[2026-05-14T04:03:54.376Z] [info] [BillPanelTrace] getSum:skip_payment {"customerId":"CUS-3011000","customerName":"SUSAN YOUNG","accountNumber":"CUS-3011000","index":0,"reason":"testFreshStart"}
[2026-05-14T04:03:54.376Z] [info] [BillPanelTrace] getSumPaymentAmountsAfterLastBillPrint:result {"customerId":"CUS-3011000","customerName":"SUSAN YOUNG","accountNumber":"CUS-3011000","paidAfterSum":0}
[2026-05-14T04:03:54.376Z] [info] [BillPanelTrace] getProcessBillPanelAmounts:result_frozen_panel {"customerId":"CUS-3011000","customerName":"SUSAN YOUNG","accountNumber":"CUS-3011000","total":183.49,"pastDue":0,"lateFee":5,"dueDateStr":"01/21/2026","fromFrozen":true}
[2026-05-14T04:03:54.376Z] [info] [BillPanelTrace] getProcessBillPanelAmounts:branch_check {"customerId":"CUS-3011000","customerName":"SUSAN YOUNG","accountNumber":"CUS-3011000","hasFrozenSnapshot":true,"frozenAmountDue":178.49,"lastBillPrintDate":"2026-01-01T08:00:00.000Z","lastPrintedStatementTotalDue":178.49}
[2026-05-14T04:03:54.377Z] [info] [BillPanelTrace] getSumPaymentAmountsAfterLastBillPrint:start {"customerId":"CUS-3011000","customerName":"SUSAN YOUNG","accountNumber":"CUS-3011000","paymentHistoryLength":1,"lastBillPrintDate":"2026-01-01T08:00:00.000Z","lastBillPrintLedgerOrder":2,"latestBillingChargeSortMs":1767254400000,"latestBillingChargeLedgerOrder":2}
[2026-05-14T04:03:54.377Z] [info] [BillPanelTrace] getSum:skip_payment {"customerId":"CUS-3011000","customerName":"SUSAN YOUNG","accountNumber":"CUS-3011000","index":0,"reason":"testFreshStart"}
[2026-05-14T04:03:54.377Z] [info] [BillPanelTrace] getSumPaymentAmountsAfterLastBillPrint:result {"customerId":"CUS-3011000","customerName":"SUSAN YOUNG","accountNumber":"CUS-3011000","paidAfterSum":0}
[2026-05-14T04:03:54.377Z] [info] [BillPanelTrace] getProcessBillPanelAmounts:frozen_branch {"customerId":"CUS-3011000","customerName":"SUSAN YOUNG","accountNumber":"CUS-3011000","paidAfterLastBill":0,"willBypassFrozenToLive":false}
[2026-05-14T04:03:54.377Z] [info] [BillPanelTrace] getSumPaymentAmountsAfterLastBillPrint:start {"customerId":"CUS-3011000","customerName":"SUSAN YOUNG","accountNumber":"CUS-3011000","paymentHistoryLength":1,"lastBillPrintDate":"2026-01-01T08:00:00.000Z","lastBillPrintLedgerOrder":2,"latestBillingChargeSortMs":1767254400000,"latestBillingChargeLedgerOrder":2}
[2026-05-14T04:03:54.377Z] [info] [BillPanelTrace] getSum:skip_payment {"customerId":"CUS-3011000","customerName":"SUSAN YOUNG","accountNumber":"CUS-3011000","index":0,"reason":"testFreshStart"}
[2026-05-14T04:03:54.377Z] [info] [BillPanelTrace] getSumPaymentAmountsAfterLastBillPrint:result {"customerId":"CUS-3011000","customerName":"SUSAN YOUNG","accountNumber":"CUS-3011000","paidAfterSum":0}
[2026-05-14T04:03:54.377Z] [info] [BillPanelTrace] getSumPaymentAmountsAfterLastBillPrint:start {"customerId":"CUS-3011000","customerName":"SUSAN YOUNG","accountNumber":"CUS-3011000","paymentHistoryLength":1,"lastBillPrintDate":"2026-01-01T08:00:00.000Z","lastBillPrintLedgerOrder":2,"latestBillingChargeSortMs":1767254400000,"latestBillingChargeLedgerOrder":2}
[2026-05-14T04:03:54.377Z] [info] [BillPanelTrace] getSum:skip_payment {"customerId":"CUS-3011000","customerName":"SUSAN YOUNG","accountNumber":"CUS-3011000","index":0,"reason":"testFreshStart"}
[2026-05-14T04:03:54.377Z] [info] [BillPanelTrace] getSumPaymentAmountsAfterLastBillPrint:result {"customerId":"CUS-3011000","customerName":"SUSAN YOUNG","accountNumber":"CUS-3011000","paidAfterSum":0}
[2026-05-14T04:03:54.377Z] [info] [BillPanelTrace] getSumPaymentAmountsAfterLastBillPrint:start {"customerId":"CUS-3011000","customerName":"SUSAN YOUNG","accountNumber":"CUS-3011000","paymentHistoryLength":1,"lastBillPrintDate":"2026-01-01T08:00:00.000Z","lastBillPrintLedgerOrder":2,"latestBillingChargeSortMs":1767254400000,"latestBillingChargeLedgerOrder":2}
[2026-05-14T04:03:54.377Z] [info] [BillPanelTrace] getSum:skip_payment {"customerId":"CUS-3011000","customerName":"SUSAN YOUNG","accountNumber":"CUS-3011000","index":0,"reason":"testFreshStart"}
[2026-05-14T04:03:54.377Z] [info] [BillPanelTrace] getSumPaymentAmountsAfterLastBillPrint:result {"customerId":"CUS-3011000","customerName":"SUSAN YOUNG","accountNumber":"CUS-3011000","paidAfterSum":0}
[2026-05-14T04:03:54.377Z] [info] [BillPanelTrace] getSumPaymentAmountsAfterLastBillPrint:start {"customerId":"CUS-3011000","customerName":"SUSAN YOUNG","accountNumber":"CUS-3011000","paymentHistoryLength":1,"lastBillPrintDate":"2026-01-01T08:00:00.000Z","lastBillPrintLedgerOrder":2,"latestBillingChargeSortMs":1767254400000,"latestBillingChargeLedgerOrder":2}
[2026-05-14T04:03:54.377Z] [info] [BillPanelTrace] getSum:skip_payment {"customerId":"CUS-3011000","customerName":"SUSAN YOUNG","accountNumber":"CUS-3011000","index":0,"reason":"testFreshStart"}
[2026-05-14T04:03:54.377Z] [info] [BillPanelTrace] getSumPaymentAmountsAfterLastBillPrint:result {"customerId":"CUS-3011000","customerName":"SUSAN YOUNG","accountNumber":"CUS-3011000","paidAfterSum":0}
[2026-05-14T04:03:54.377Z] [info] [BillPanelTrace] getProcessBillPanelAmounts:result_frozen_panel {"customerId":"CUS-3011000","customerName":"SUSAN YOUNG","accountNumber":"CUS-3011000","total":183.49,"pastDue":0,"lateFee":5,"dueDateStr":"01/21/2026","fromFrozen":true}
[2026-05-14T04:03:54.377Z] [info] [BillPanelTrace] getSumPaymentAmountsAfterLastBillPrint:start {"customerId":"CUS-3011000","customerName":"SUSAN YOUNG","accountNumber":"CUS-3011000","paymentHistoryLength":1,"lastBillPrintDate":"2026-01-01T08:00:00.000Z","lastBillPrintLedgerOrder":2,"latestBillingChargeSortMs":1767254400000,"latestBillingChargeLedgerOrder":2}
[2026-05-14T04:03:54.377Z] [info] [BillPanelTrace] getSum:skip_payment {"customerId":"CUS-3011000","customerName":"SUSAN YOUNG","accountNumber":"CUS-3011000","index":0,"reason":"testFreshStart"}
[2026-05-14T04:03:54.377Z] [info] [BillPanelTrace] getSumPaymentAmountsAfterLastBillPrint:result {"customerId":"CUS-3011000","customerName":"SUSAN YOUNG","accountNumber":"CUS-3011000","paidAfterSum":0}
[2026-05-14T04:03:54.377Z] [info] [BillPanelTrace] getSumPaymentAmountsAfterLastBillPrint:start {"customerId":"CUS-3011000","customerName":"SUSAN YOUNG","accountNumber":"CUS-3011000","paymentHistoryLength":1,"lastBillPrintDate":"2026-01-01T08:00:00.000Z","lastBillPrintLedgerOrder":2,"latestBillingChargeSortMs":1767254400000,"latestBillingChargeLedgerOrder":2}
[2026-05-14T04:03:54.377Z] [info] [BillPanelTrace] getSum:skip_payment {"customerId":"CUS-3011000","customerName":"SUSAN YOUNG","accountNumber":"CUS-3011000","index":0,"reason":"testFreshStart"}
[2026-05-14T04:03:54.377Z] [info] [BillPanelTrace] getSumPaymentAmountsAfterLastBillPrint:result {"customerId":"CUS-3011000","customerName":"SUSAN YOUNG","accountNumber":"CUS-3011000","paidAfterSum":0}
[2026-05-14T04:03:54.377Z] [info] [BillPanelTrace] getProcessBillPanelAmounts:branch_check {"customerId":"CUS-3011000","customerName":"SUSAN YOUNG","accountNumber":"CUS-3011000","hasFrozenSnapshot":true,"frozenAmountDue":178.49,"lastBillPrintDate":"2026-01-01T08:00:00.000Z","lastPrintedStatementTotalDue":178.49}
[2026-05-14T04:03:54.377Z] [info] [BillPanelTrace] getSumPaymentAmountsAfterLastBillPrint:start {"customerId":"CUS-3011000","customerName":"SUSAN YOUNG","accountNumber":"CUS-3011000","paymentHistoryLength":1,"lastBillPrintDate":"2026-01-01T08:00:00.000Z","lastBillPrintLedgerOrder":2,"latestBillingChargeSortMs":1767254400000,"latestBillingChargeLedgerOrder":2}
[2026-05-14T04:03:54.377Z] [info] [BillPanelTrace] getSum:skip_payment {"customerId":"CUS-3011000","customerName":"SUSAN YOUNG","accountNumber":"CUS-3011000","index":0,"reason":"testFreshStart"}
[2026-05-14T04:03:54.377Z] [info] [BillPanelTrace] getSumPaymentAmountsAfterLastBillPrint:result {"customerId":"CUS-3011000","customerName":"SUSAN YOUNG","accountNumber":"CUS-3011000","paidAfterSum":0}
[2026-05-14T04:03:54.377Z] [info] [BillPanelTrace] getProcessBillPanelAmounts:frozen_branch {"customerId":"CUS-3011000","customerName":"SUSAN YOUNG","accountNumber":"CUS-3011000","paidAfterLastBill":0,"willBypassFrozenToLive":false}
[2026-05-14T04:03:54.377Z] [info] [BillPanelTrace] getSumPaymentAmountsAfterLastBillPrint:start {"customerId":"CUS-3011000","customerName":"SUSAN YOUNG","accountNumber":"CUS-3011000","paymentHistoryLength":1,"lastBillPrintDate":"2026-01-01T08:00:00.000Z","lastBillPrintLedgerOrder":2,"latestBillingChargeSortMs":1767254400000,"latestBillingChargeLedgerOrder":2}
[2026-05-14T04:03:54.377Z] [info] [BillPanelTrace] getSum:skip_payment {"customerId":"CUS-3011000","customerName":"SUSAN YOUNG","accountNumber":"CUS-3011000","index":0,"reason":"testFreshStart"}
[2026-05-14T04:03:54.377Z] [info] [BillPanelTrace] getSumPaymentAmountsAfterLastBillPrint:result {"customerId":"CUS-3011000","customerName":"SUSAN YOUNG","accountNumber":"CUS-3011000","paidAfterSum":0}
[2026-05-14T04:03:54.377Z] [info] [BillPanelTrace] getSumPaymentAmountsAfterLastBillPrint:start {"customerId":"CUS-3011000","customerName":"SUSAN YOUNG","accountNumber":"CUS-3011000","paymentHistoryLength":1,"lastBillPrintDate":"2026-01-01T08:00:00.000Z","lastBillPrintLedgerOrder":2,"latestBillingChargeSortMs":1767254400000,"latestBillingChargeLedgerOrder":2}
[2026-05-14T04:03:54.377Z] [info] [BillPanelTrace] getSum:skip_payment {"customerId":"CUS-3011000","customerName":"SUSAN YOUNG","accountNumber":"CUS-3011000","index":0,"reason":"testFreshStart"}
[2026-05-14T04:03:54.377Z] [info] [BillPanelTrace] getSumPaymentAmountsAfterLastBillPrint:result {"customerId":"CUS-3011000","customerName":"SUSAN YOUNG","accountNumber":"CUS-3011000","paidAfterSum":0}
[2026-05-14T04:03:54.377Z] [info] [BillPanelTrace] getSumPaymentAmountsAfterLastBillPrint:start {"customerId":"CUS-3011000","customerName":"SUSAN YOUNG","accountNumber":"CUS-3011000","paymentHistoryLength":1,"lastBillPrintDate":"2026-01-01T08:00:00.000Z","lastBillPrintLedgerOrder":2,"latestBillingChargeSortMs":1767254400000,"latestBillingChargeLedgerOrder":2}
[2026-05-14T04:03:54.377Z] [info] [BillPanelTrace] getSum:skip_payment {"customerId":"CUS-3011000","customerName":"SUSAN YOUNG","accountNumber":"CUS-3011000","index":0,"reason":"testFreshStart"}
[2026-05-14T04:03:54.377Z] [info] [BillPanelTrace] getSumPaymentAmountsAfterLastBillPrint:result {"customerId":"CUS-3011000","customerName":"SUSAN YOUNG","accountNumber":"CUS-3011000","paidAfterSum":0}
[2026-05-14T04:03:54.377Z] [info] [BillPanelTrace] getSumPaymentAmountsAfterLastBillPrint:start {"customerId":"CUS-3011000","customerName":"SUSAN YOUNG","accountNumber":"CUS-3011000","paymentHistoryLength":1,"lastBillPrintDate":"2026-01-01T08:00:00.000Z","lastBillPrintLedgerOrder":2,"latestBillingChargeSortMs":1767254400000,"latestBillingChargeLedgerOrder":2}
[2026-05-14T04:03:54.377Z] [info] [BillPanelTrace] getSum:skip_payment {"customerId":"CUS-3011000","customerName":"SUSAN YOUNG","accountNumber":"CUS-3011000","index":0,"reason":"testFreshStart"}
[2026-05-14T04:03:54.378Z] [info] [BillPanelTrace] getSumPaymentAmountsAfterLastBillPrint:result {"customerId":"CUS-3011000","customerName":"SUSAN YOUNG","accountNumber":"CUS-3011000","paidAfterSum":0}
[2026-05-14T04:03:54.378Z] [info] [BillPanelTrace] getProcessBillPanelAmounts:result_frozen_panel {"customerId":"CUS-3011000","customerName":"SUSAN YOUNG","accountNumber":"CUS-3011000","total":183.49,"pastDue":0,"lateFee":5,"dueDateStr":"01/21/2026","fromFrozen":true}
[2026-05-14T04:03:54.567Z] [info] [DevelopTest] Produce bill @ 2026-02-01
[2026-05-14T04:03:54.567Z] [info] [BillPanelTrace] getProcessBillPanelAmounts:branch_check {"customerId":"CUS-3011000","customerName":"SUSAN YOUNG","accountNumber":"CUS-3011000","hasFrozenSnapshot":true,"frozenAmountDue":178.49,"lastBillPrintDate":"2026-01-01T08:00:00.000Z","lastPrintedStatementTotalDue":178.49}
[2026-05-14T04:03:54.568Z] [info] [BillPanelTrace] getSumPaymentAmountsAfterLastBillPrint:start {"customerId":"CUS-3011000","customerName":"SUSAN YOUNG","accountNumber":"CUS-3011000","paymentHistoryLength":1,"lastBillPrintDate":"2026-01-01T08:00:00.000Z","lastBillPrintLedgerOrder":2,"latestBillingChargeSortMs":1767254400000,"latestBillingChargeLedgerOrder":2}
[2026-05-14T04:03:54.568Z] [info] [BillPanelTrace] getSum:skip_payment {"customerId":"CUS-3011000","customerName":"SUSAN YOUNG","accountNumber":"CUS-3011000","index":0,"reason":"testFreshStart"}
[2026-05-14T04:03:54.568Z] [info] [BillPanelTrace] getSumPaymentAmountsAfterLastBillPrint:result {"customerId":"CUS-3011000","customerName":"SUSAN YOUNG","accountNumber":"CUS-3011000","paidAfterSum":0}
[2026-05-14T04:03:54.568Z] [info] [BillPanelTrace] getProcessBillPanelAmounts:frozen_branch {"customerId":"CUS-3011000","customerName":"SUSAN YOUNG","accountNumber":"CUS-3011000","paidAfterLastBill":0,"willBypassFrozenToLive":false}
[2026-05-14T04:03:54.568Z] [info] [BillPanelTrace] getSumPaymentAmountsAfterLastBillPrint:start {"customerId":"CUS-3011000","customerName":"SUSAN YOUNG","accountNumber":"CUS-3011000","paymentHistoryLength":1,"lastBillPrintDate":"2026-01-01T08:00:00.000Z","lastBillPrintLedgerOrder":2,"latestBillingChargeSortMs":1767254400000,"latestBillingChargeLedgerOrder":2}
[2026-05-14T04:03:54.568Z] [info] [BillPanelTrace] getSum:skip_payment {"customerId":"CUS-3011000","customerName":"SUSAN YOUNG","accountNumber":"CUS-3011000","index":0,"reason":"testFreshStart"}
[2026-05-14T04:03:54.568Z] [info] [BillPanelTrace] getSumPaymentAmountsAfterLastBillPrint:result {"customerId":"CUS-3011000","customerName":"SUSAN YOUNG","accountNumber":"CUS-3011000","paidAfterSum":0}
[2026-05-14T04:03:54.568Z] [info] [BillPanelTrace] getSumPaymentAmountsAfterLastBillPrint:start {"customerId":"CUS-3011000","customerName":"SUSAN YOUNG","accountNumber":"CUS-3011000","paymentHistoryLength":1,"lastBillPrintDate":"2026-01-01T08:00:00.000Z","lastBillPrintLedgerOrder":2,"latestBillingChargeSortMs":1767254400000,"latestBillingChargeLedgerOrder":2}
[2026-05-14T04:03:54.568Z] [info] [BillPanelTrace] getSum:skip_payment {"customerId":"CUS-3011000","customerName":"SUSAN YOUNG","accountNumber":"CUS-3011000","index":0,"reason":"testFreshStart"}
[2026-05-14T04:03:54.568Z] [info] [BillPanelTrace] getSumPaymentAmountsAfterLastBillPrint:result {"customerId":"CUS-3011000","customerName":"SUSAN YOUNG","accountNumber":"CUS-3011000","paidAfterSum":0}
[2026-05-14T04:03:54.568Z] [info] [BillPanelTrace] getSumPaymentAmountsAfterLastBillPrint:start {"customerId":"CUS-3011000","customerName":"SUSAN YOUNG","accountNumber":"CUS-3011000","paymentHistoryLength":1,"lastBillPrintDate":"2026-01-01T08:00:00.000Z","lastBillPrintLedgerOrder":2,"latestBillingChargeSortMs":1767254400000,"latestBillingChargeLedgerOrder":2}
[2026-05-14T04:03:54.568Z] [info] [BillPanelTrace] getSum:skip_payment {"customerId":"CUS-3011000","customerName":"SUSAN YOUNG","accountNumber":"CUS-3011000","index":0,"reason":"testFreshStart"}
[2026-05-14T04:03:54.568Z] [info] [BillPanelTrace] getSumPaymentAmountsAfterLastBillPrint:result {"customerId":"CUS-3011000","customerName":"SUSAN YOUNG","accountNumber":"CUS-3011000","paidAfterSum":0}
[2026-05-14T04:03:54.568Z] [info] [BillPanelTrace] getSumPaymentAmountsAfterLastBillPrint:start {"customerId":"CUS-3011000","customerName":"SUSAN YOUNG","accountNumber":"CUS-3011000","paymentHistoryLength":1,"lastBillPrintDate":"2026-01-01T08:00:00.000Z","lastBillPrintLedgerOrder":2,"latestBillingChargeSortMs":1767254400000,"latestBillingChargeLedgerOrder":2}
[2026-05-14T04:03:54.568Z] [info] [BillPanelTrace] getSum:skip_payment {"customerId":"CUS-3011000","customerName":"SUSAN YOUNG","accountNumber":"CUS-3011000","index":0,"reason":"testFreshStart"}
[2026-05-14T04:03:54.568Z] [info] [BillPanelTrace] getSumPaymentAmountsAfterLastBillPrint:result {"customerId":"CUS-3011000","customerName":"SUSAN YOUNG","accountNumber":"CUS-3011000","paidAfterSum":0}
[2026-05-14T04:03:54.568Z] [info] [BillPanelTrace] getProcessBillPanelAmounts:result_frozen_panel {"customerId":"CUS-3011000","customerName":"SUSAN YOUNG","accountNumber":"CUS-3011000","total":183.49,"pastDue":0,"lateFee":5,"dueDateStr":"01/21/2026","fromFrozen":true}
[2026-05-14T04:03:54.568Z] [info] [BillPanelTrace] getSumPaymentAmountsAfterLastBillPrint:start {"customerId":"CUS-3011000","customerName":"SUSAN YOUNG","accountNumber":"CUS-3011000","paymentHistoryLength":1,"lastBillPrintDate":"2026-01-01T08:00:00.000Z","lastBillPrintLedgerOrder":2,"latestBillingChargeSortMs":1767254400000,"latestBillingChargeLedgerOrder":2}
[2026-05-14T04:03:54.568Z] [info] [BillPanelTrace] getSum:skip_payment {"customerId":"CUS-3011000","customerName":"SUSAN YOUNG","accountNumber":"CUS-3011000","index":0,"reason":"testFreshStart"}
[2026-05-14T04:03:54.568Z] [info] [BillPanelTrace] getSumPaymentAmountsAfterLastBillPrint:result {"customerId":"CUS-3011000","customerName":"SUSAN YOUNG","accountNumber":"CUS-3011000","paidAfterSum":0}
[2026-05-14T04:03:54.568Z] [info] [BillPanelTrace] getProcessBillPanelAmounts:branch_check {"customerId":"CUS-3011000","customerName":"SUSAN YOUNG","accountNumber":"CUS-3011000","hasFrozenSnapshot":true,"frozenAmountDue":178.49,"lastBillPrintDate":"2026-01-01T08:00:00.000Z","lastPrintedStatementTotalDue":178.49}
[2026-05-14T04:03:54.568Z] [info] [BillPanelTrace] getSumPaymentAmountsAfterLastBillPrint:start {"customerId":"CUS-3011000","customerName":"SUSAN YOUNG","accountNumber":"CUS-3011000","paymentHistoryLength":1,"lastBillPrintDate":"2026-01-01T08:00:00.000Z","lastBillPrintLedgerOrder":2,"latestBillingChargeSortMs":1767254400000,"latestBillingChargeLedgerOrder":2}
[2026-05-14T04:03:54.568Z] [info] [BillPanelTrace] getSum:skip_payment {"customerId":"CUS-3011000","customerName":"SUSAN YOUNG","accountNumber":"CUS-3011000","index":0,"reason":"testFreshStart"}
[2026-05-14T04:03:54.568Z] [info] [BillPanelTrace] getSumPaymentAmountsAfterLastBillPrint:result {"customerId":"CUS-3011000","customerName":"SUSAN YOUNG","accountNumber":"CUS-3011000","paidAfterSum":0}
[2026-05-14T04:03:54.568Z] [info] [BillPanelTrace] getProcessBillPanelAmounts:frozen_branch {"customerId":"CUS-3011000","customerName":"SUSAN YOUNG","accountNumber":"CUS-3011000","paidAfterLastBill":0,"willBypassFrozenToLive":false}
[2026-05-14T04:03:54.568Z] [info] [BillPanelTrace] getSumPaymentAmountsAfterLastBillPrint:start {"customerId":"CUS-3011000","customerName":"SUSAN YOUNG","accountNumber":"CUS-3011000","paymentHistoryLength":1,"lastBillPrintDate":"2026-01-01T08:00:00.000Z","lastBillPrintLedgerOrder":2,"latestBillingChargeSortMs":1767254400000,"latestBillingChargeLedgerOrder":2}
[2026-05-14T04:03:54.568Z] [info] [BillPanelTrace] getSum:skip_payment {"customerId":"CUS-3011000","customerName":"SUSAN YOUNG","accountNumber":"CUS-3011000","index":0,"reason":"testFreshStart"}
[2026-05-14T04:03:54.568Z] [info] [BillPanelTrace] getSumPaymentAmountsAfterLastBillPrint:result {"customerId":"CUS-3011000","customerName":"SUSAN YOUNG","accountNumber":"CUS-3011000","paidAfterSum":0}
[2026-05-14T04:03:54.568Z] [info] [BillPanelTrace] getSumPaymentAmountsAfterLastBillPrint:start {"customerId":"CUS-3011000","customerName":"SUSAN YOUNG","accountNumber":"CUS-3011000","paymentHistoryLength":1,"lastBillPrintDate":"2026-01-01T08:00:00.000Z","lastBillPrintLedgerOrder":2,"latestBillingChargeSortMs":1767254400000,"latestBillingChargeLedgerOrder":2}
[2026-05-14T04:03:54.569Z] [info] [BillPanelTrace] getSum:skip_payment {"customerId":"CUS-3011000","customerName":"SUSAN YOUNG","accountNumber":"CUS-3011000","index":0,"reason":"testFreshStart"}
[2026-05-14T04:03:54.569Z] [info] [BillPanelTrace] getSumPaymentAmountsAfterLastBillPrint:result {"customerId":"CUS-3011000","customerName":"SUSAN YOUNG","accountNumber":"CUS-3011000","paidAfterSum":0}
[2026-05-14T04:03:54.569Z] [info] [BillPanelTrace] getSumPaymentAmountsAfterLastBillPrint:start {"customerId":"CUS-3011000","customerName":"SUSAN YOUNG","accountNumber":"CUS-3011000","paymentHistoryLength":1,"lastBillPrintDate":"2026-01-01T08:00:00.000Z","lastBillPrintLedgerOrder":2,"latestBillingChargeSortMs":1767254400000,"latestBillingChargeLedgerOrder":2}
[2026-05-14T04:03:54.569Z] [info] [BillPanelTrace] getSum:skip_payment {"customerId":"CUS-3011000","customerName":"SUSAN YOUNG","accountNumber":"CUS-3011000","index":0,"reason":"testFreshStart"}
[2026-05-14T04:03:54.569Z] [info] [BillPanelTrace] getSumPaymentAmountsAfterLastBillPrint:result {"customerId":"CUS-3011000","customerName":"SUSAN YOUNG","accountNumber":"CUS-3011000","paidAfterSum":0}
[2026-05-14T04:03:54.569Z] [info] [BillPanelTrace] getSumPaymentAmountsAfterLastBillPrint:start {"customerId":"CUS-3011000","customerName":"SUSAN YOUNG","accountNumber":"CUS-3011000","paymentHistoryLength":1,"lastBillPrintDate":"2026-01-01T08:00:00.000Z","lastBillPrintLedgerOrder":2,"latestBillingChargeSortMs":1767254400000,"latestBillingChargeLedgerOrder":2}
[2026-05-14T04:03:54.569Z] [info] [BillPanelTrace] getSum:skip_payment {"customerId":"CUS-3011000","customerName":"SUSAN YOUNG","accountNumber":"CUS-3011000","index":0,"reason":"testFreshStart"}
[2026-05-14T04:03:54.569Z] [info] [BillPanelTrace] getSumPaymentAmountsAfterLastBillPrint:result {"customerId":"CUS-3011000","customerName":"SUSAN YOUNG","accountNumber":"CUS-3011000","paidAfterSum":0}
[2026-05-14T04:03:54.569Z] [info] [BillPanelTrace] getProcessBillPanelAmounts:result_frozen_panel {"customerId":"CUS-3011000","customerName":"SUSAN YOUNG","accountNumber":"CUS-3011000","total":183.49,"pastDue":0,"lateFee":5,"dueDateStr":"01/21/2026","fromFrozen":true}
[2026-05-14T04:03:54.569Z] [info] [BillPanelTrace] getSumPaymentAmountsAfterLastBillPrint:start {"customerId":"CUS-3011000","customerName":"SUSAN YOUNG","accountNumber":"CUS-3011000","paymentHistoryLength":1,"lastBillPrintDate":"2026-01-01T08:00:00.000Z","lastBillPrintLedgerOrder":2,"latestBillingChargeSortMs":1767254400000,"latestBillingChargeLedgerOrder":2}
[2026-05-14T04:03:54.569Z] [info] [BillPanelTrace] getSum:skip_payment {"customerId":"CUS-3011000","customerName":"SUSAN YOUNG","accountNumber":"CUS-3011000","index":0,"reason":"testFreshStart"}
[2026-05-14T04:03:54.569Z] [info] [BillPanelTrace] getSumPaymentAmountsAfterLastBillPrint:result {"customerId":"CUS-3011000","customerName":"SUSAN YOUNG","accountNumber":"CUS-3011000","paidAfterSum":0}
[2026-05-14T04:03:54.569Z] [info] [BillPanelTrace] getProcessBillPanelAmounts:branch_check {"customerId":"CUS-3011000","customerName":"SUSAN YOUNG","accountNumber":"CUS-3011000","hasFrozenSnapshot":true,"frozenAmountDue":178.49,"lastBillPrintDate":"2026-01-01T08:00:00.000Z","lastPrintedStatementTotalDue":178.49}
[2026-05-14T04:03:54.569Z] [info] [BillPanelTrace] getSumPaymentAmountsAfterLastBillPrint:start {"customerId":"CUS-3011000","customerName":"SUSAN YOUNG","accountNumber":"CUS-3011000","paymentHistoryLength":1,"lastBillPrintDate":"2026-01-01T08:00:00.000Z","lastBillPrintLedgerOrder":2,"latestBillingChargeSortMs":1767254400000,"latestBillingChargeLedgerOrder":2}
[2026-05-14T04:03:54.569Z] [info] [BillPanelTrace] getSum:skip_payment {"customerId":"CUS-3011000","customerName":"SUSAN YOUNG","accountNumber":"CUS-3011000","index":0,"reason":"testFreshStart"}
[2026-05-14T04:03:54.569Z] [info] [BillPanelTrace] getSumPaymentAmountsAfterLastBillPrint:result {"customerId":"CUS-3011000","customerName":"SUSAN YOUNG","accountNumber":"CUS-3011000","paidAfterSum":0}
[2026-05-14T04:03:54.569Z] [info] [BillPanelTrace] getProcessBillPanelAmounts:frozen_branch {"customerId":"CUS-3011000","customerName":"SUSAN YOUNG","accountNumber":"CUS-3011000","paidAfterLastBill":0,"willBypassFrozenToLive":false}
[2026-05-14T04:03:54.569Z] [info] [BillPanelTrace] getSumPaymentAmountsAfterLastBillPrint:start {"customerId":"CUS-3011000","customerName":"SUSAN YOUNG","accountNumber":"CUS-3011000","paymentHistoryLength":1,"lastBillPrintDate":"2026-01-01T08:00:00.000Z","lastBillPrintLedgerOrder":2,"latestBillingChargeSortMs":1767254400000,"latestBillingChargeLedgerOrder":2}
[2026-05-14T04:03:54.569Z] [info] [BillPanelTrace] getSum:skip_payment {"customerId":"CUS-3011000","customerName":"SUSAN YOUNG","accountNumber":"CUS-3011000","index":0,"reason":"testFreshStart"}
[2026-05-14T04:03:54.569Z] [info] [BillPanelTrace] getSumPaymentAmountsAfterLastBillPrint:result {"customerId":"CUS-3011000","customerName":"SUSAN YOUNG","accountNumber":"CUS-3011000","paidAfterSum":0}
[2026-05-14T04:03:54.569Z] [info] [BillPanelTrace] getSumPaymentAmountsAfterLastBillPrint:start {"customerId":"CUS-3011000","customerName":"SUSAN YOUNG","accountNumber":"CUS-3011000","paymentHistoryLength":1,"lastBillPrintDate":"2026-01-01T08:00:00.000Z","lastBillPrintLedgerOrder":2,"latestBillingChargeSortMs":1767254400000,"latestBillingChargeLedgerOrder":2}
[2026-05-14T04:03:54.569Z] [info] [BillPanelTrace] getSum:skip_payment {"customerId":"CUS-3011000","customerName":"SUSAN YOUNG","accountNumber":"CUS-3011000","index":0,"reason":"testFreshStart"}
[2026-05-14T04:03:54.569Z] [info] [BillPanelTrace] getSumPaymentAmountsAfterLastBillPrint:result {"customerId":"CUS-3011000","customerName":"SUSAN YOUNG","accountNumber":"CUS-3011000","paidAfterSum":0}
[2026-05-14T04:03:54.569Z] [info] [BillPanelTrace] getSumPaymentAmountsAfterLastBillPrint:start {"customerId":"CUS-3011000","customerName":"SUSAN YOUNG","accountNumber":"CUS-3011000","paymentHistoryLength":1,"lastBillPrintDate":"2026-01-01T08:00:00.000Z","lastBillPrintLedgerOrder":2,"latestBillingChargeSortMs":1767254400000,"latestBillingChargeLedgerOrder":2}
[2026-05-14T04:03:54.569Z] [info] [BillPanelTrace] getSum:skip_payment {"customerId":"CUS-3011000","customerName":"SUSAN YOUNG","accountNumber":"CUS-3011000","index":0,"reason":"testFreshStart"}
[2026-05-14T04:03:54.569Z] [info] [BillPanelTrace] getSumPaymentAmountsAfterLastBillPrint:result {"customerId":"CUS-3011000","customerName":"SUSAN YOUNG","accountNumber":"CUS-3011000","paidAfterSum":0}
[2026-05-14T04:03:54.569Z] [info] [BillPanelTrace] getSumPaymentAmountsAfterLastBillPrint:start {"customerId":"CUS-3011000","customerName":"SUSAN YOUNG","accountNumber":"CUS-3011000","paymentHistoryLength":1,"lastBillPrintDate":"2026-01-01T08:00:00.000Z","lastBillPrintLedgerOrder":2,"latestBillingChargeSortMs":1767254400000,"latestBillingChargeLedgerOrder":2}
[2026-05-14T04:03:54.569Z] [info] [BillPanelTrace] getSum:skip_payment {"customerId":"CUS-3011000","customerName":"SUSAN YOUNG","accountNumber":"CUS-3011000","index":0,"reason":"testFreshStart"}
[2026-05-14T04:03:54.570Z] [info] [BillPanelTrace] getSumPaymentAmountsAfterLastBillPrint:result {"customerId":"CUS-3011000","customerName":"SUSAN YOUNG","accountNumber":"CUS-3011000","paidAfterSum":0}
[2026-05-14T04:03:54.570Z] [info] [BillPanelTrace] getProcessBillPanelAmounts:result_frozen_panel {"customerId":"CUS-3011000","customerName":"SUSAN YOUNG","accountNumber":"CUS-3011000","total":183.49,"pastDue":0,"lateFee":5,"dueDateStr":"01/21/2026","fromFrozen":true}
[2026-05-14T04:03:54.570Z] [info] [BillPanelTrace] getProcessBillPanelAmounts:branch_check {"customerId":"CUS-3011000","customerName":"SUSAN YOUNG","accountNumber":"CUS-3011000","hasFrozenSnapshot":true,"frozenAmountDue":178.49,"lastBillPrintDate":"2026-01-01T08:00:00.000Z","lastPrintedStatementTotalDue":178.49}
[2026-05-14T04:03:54.570Z] [info] [BillPanelTrace] getSumPaymentAmountsAfterLastBillPrint:start {"customerId":"CUS-3011000","customerName":"SUSAN YOUNG","accountNumber":"CUS-3011000","paymentHistoryLength":1,"lastBillPrintDate":"2026-01-01T08:00:00.000Z","lastBillPrintLedgerOrder":2,"latestBillingChargeSortMs":1767254400000,"latestBillingChargeLedgerOrder":2}
[2026-05-14T04:03:54.570Z] [info] [BillPanelTrace] getSum:skip_payment {"customerId":"CUS-3011000","customerName":"SUSAN YOUNG","accountNumber":"CUS-3011000","index":0,"reason":"testFreshStart"}
[2026-05-14T04:03:54.570Z] [info] [BillPanelTrace] getSumPaymentAmountsAfterLastBillPrint:result {"customerId":"CUS-3011000","customerName":"SUSAN YOUNG","accountNumber":"CUS-3011000","paidAfterSum":0}
[2026-05-14T04:03:54.570Z] [info] [BillPanelTrace] getProcessBillPanelAmounts:frozen_branch {"customerId":"CUS-3011000","customerName":"SUSAN YOUNG","accountNumber":"CUS-3011000","paidAfterLastBill":0,"willBypassFrozenToLive":false}
[2026-05-14T04:03:54.570Z] [info] [BillPanelTrace] getSumPaymentAmountsAfterLastBillPrint:start {"customerId":"CUS-3011000","customerName":"SUSAN YOUNG","accountNumber":"CUS-3011000","paymentHistoryLength":1,"lastBillPrintDate":"2026-01-01T08:00:00.000Z","lastBillPrintLedgerOrder":2,"latestBillingChargeSortMs":1767254400000,"latestBillingChargeLedgerOrder":2}
[2026-05-14T04:03:54.570Z] [info] [BillPanelTrace] getSum:skip_payment {"customerId":"CUS-3011000","customerName":"SUSAN YOUNG","accountNumber":"CUS-3011000","index":0,"reason":"testFreshStart"}
[2026-05-14T04:03:54.570Z] [info] [BillPanelTrace] getSumPaymentAmountsAfterLastBillPrint:result {"customerId":"CUS-3011000","customerName":"SUSAN YOUNG","accountNumber":"CUS-3011000","paidAfterSum":0}
[2026-05-14T04:03:54.570Z] [info] [BillPanelTrace] getSumPaymentAmountsAfterLastBillPrint:start {"customerId":"CUS-3011000","customerName":"SUSAN YOUNG","accountNumber":"CUS-3011000","paymentHistoryLength":1,"lastBillPrintDate":"2026-01-01T08:00:00.000Z","lastBillPrintLedgerOrder":2,"latestBillingChargeSortMs":1767254400000,"latestBillingChargeLedgerOrder":2}
[2026-05-14T04:03:54.570Z] [info] [BillPanelTrace] getSum:skip_payment {"customerId":"CUS-3011000","customerName":"SUSAN YOUNG","accountNumber":"CUS-3011000","index":0,"reason":"testFreshStart"}
[2026-05-14T04:03:54.570Z] [info] [BillPanelTrace] getSumPaymentAmountsAfterLastBillPrint:result {"customerId":"CUS-3011000","customerName":"SUSAN YOUNG","accountNumber":"CUS-3011000","paidAfterSum":0}
[2026-05-14T04:03:54.570Z] [info] [BillPanelTrace] getSumPaymentAmountsAfterLastBillPrint:start {"customerId":"CUS-3011000","customerName":"SUSAN YOUNG","accountNumber":"CUS-3011000","paymentHistoryLength":1,"lastBillPrintDate":"2026-01-01T08:00:00.000Z","lastBillPrintLedgerOrder":2,"latestBillingChargeSortMs":1767254400000,"latestBillingChargeLedgerOrder":2}
[2026-05-14T04:03:54.570Z] [info] [BillPanelTrace] getSum:skip_payment {"customerId":"CUS-3011000","customerName":"SUSAN YOUNG","accountNumber":"CUS-3011000","index":0,"reason":"testFreshStart"}
[2026-05-14T04:03:54.570Z] [info] [BillPanelTrace] getSumPaymentAmountsAfterLastBillPrint:result {"customerId":"CUS-3011000","customerName":"SUSAN YOUNG","accountNumber":"CUS-3011000","paidAfterSum":0}
[2026-05-14T04:03:54.570Z] [info] [BillPanelTrace] getSumPaymentAmountsAfterLastBillPrint:start {"customerId":"CUS-3011000","customerName":"SUSAN YOUNG","accountNumber":"CUS-3011000","paymentHistoryLength":1,"lastBillPrintDate":"2026-01-01T08:00:00.000Z","lastBillPrintLedgerOrder":2,"latestBillingChargeSortMs":1767254400000,"latestBillingChargeLedgerOrder":2}
[2026-05-14T04:03:54.570Z] [info] [BillPanelTrace] getSum:skip_payment {"customerId":"CUS-3011000","customerName":"SUSAN YOUNG","accountNumber":"CUS-3011000","index":0,"reason":"testFreshStart"}
[2026-05-14T04:03:54.570Z] [info] [BillPanelTrace] getSumPaymentAmountsAfterLastBillPrint:result {"customerId":"CUS-3011000","customerName":"SUSAN YOUNG","accountNumber":"CUS-3011000","paidAfterSum":0}
[2026-05-14T04:03:54.570Z] [info] [BillPanelTrace] getProcessBillPanelAmounts:result_frozen_panel {"customerId":"CUS-3011000","customerName":"SUSAN YOUNG","accountNumber":"CUS-3011000","total":183.49,"pastDue":0,"lateFee":5,"dueDateStr":"01/21/2026","fromFrozen":true}
[2026-05-14T04:03:54.570Z] [info] [BillPanelTrace] getProcessBillPanelAmounts:branch_check {"customerId":"CUS-3011000","customerName":"SUSAN YOUNG","accountNumber":"CUS-3011000","hasFrozenSnapshot":true,"frozenAmountDue":178.49,"lastBillPrintDate":"2026-01-01T08:00:00.000Z","lastPrintedStatementTotalDue":178.49}
[2026-05-14T04:03:54.570Z] [info] [BillPanelTrace] getSumPaymentAmountsAfterLastBillPrint:start {"customerId":"CUS-3011000","customerName":"SUSAN YOUNG","accountNumber":"CUS-3011000","paymentHistoryLength":1,"lastBillPrintDate":"2026-01-01T08:00:00.000Z","lastBillPrintLedgerOrder":2,"latestBillingChargeSortMs":1767254400000,"latestBillingChargeLedgerOrder":2}
[2026-05-14T04:03:54.570Z] [info] [BillPanelTrace] getSum:skip_payment {"customerId":"CUS-3011000","customerName":"SUSAN YOUNG","accountNumber":"CUS-3011000","index":0,"reason":"testFreshStart"}
[2026-05-14T04:03:54.570Z] [info] [BillPanelTrace] getSumPaymentAmountsAfterLastBillPrint:result {"customerId":"CUS-3011000","customerName":"SUSAN YOUNG","accountNumber":"CUS-3011000","paidAfterSum":0}
[2026-05-14T04:03:54.570Z] [info] [BillPanelTrace] getProcessBillPanelAmounts:frozen_branch {"customerId":"CUS-3011000","customerName":"SUSAN YOUNG","accountNumber":"CUS-3011000","paidAfterLastBill":0,"willBypassFrozenToLive":false}
[2026-05-14T04:03:54.570Z] [info] [BillPanelTrace] getSumPaymentAmountsAfterLastBillPrint:start {"customerId":"CUS-3011000","customerName":"SUSAN YOUNG","accountNumber":"CUS-3011000","paymentHistoryLength":1,"lastBillPrintDate":"2026-01-01T08:00:00.000Z","lastBillPrintLedgerOrder":2,"latestBillingChargeSortMs":1767254400000,"latestBillingChargeLedgerOrder":2}
[2026-05-14T04:03:54.570Z] [info] [BillPanelTrace] getSum:skip_payment {"customerId":"CUS-3011000","customerName":"SUSAN YOUNG","accountNumber":"CUS-3011000","index":0,"reason":"testFreshStart"}
[2026-05-14T04:03:54.570Z] [info] [BillPanelTrace] getSumPaymentAmountsAfterLastBillPrint:result {"customerId":"CUS-3011000","customerName":"SUSAN YOUNG","accountNumber":"CUS-3011000","paidAfterSum":0}
[2026-05-14T04:03:54.570Z] [info] [BillPanelTrace] getSumPaymentAmountsAfterLastBillPrint:start {"customerId":"CUS-3011000","customerName":"SUSAN YOUNG","accountNumber":"CUS-3011000","paymentHistoryLength":1,"lastBillPrintDate":"2026-01-01T08:00:00.000Z","lastBillPrintLedgerOrder":2,"latestBillingChargeSortMs":1767254400000,"latestBillingChargeLedgerOrder":2}
[2026-05-14T04:03:54.570Z] [info] [BillPanelTrace] getSum:skip_payment {"customerId":"CUS-3011000","customerName":"SUSAN YOUNG","accountNumber":"CUS-3011000","index":0,"reason":"testFreshStart"}
[2026-05-14T04:03:54.570Z] [info] [BillPanelTrace] getSumPaymentAmountsAfterLastBillPrint:result {"customerId":"CUS-3011000","customerName":"SUSAN YOUNG","accountNumber":"CUS-3011000","paidAfterSum":0}
[2026-05-14T04:03:54.570Z] [info] [BillPanelTrace] getSumPaymentAmountsAfterLastBillPrint:start {"customerId":"CUS-3011000","customerName":"SUSAN YOUNG","accountNumber":"CUS-3011000","paymentHistoryLength":1,"lastBillPrintDate":"2026-01-01T08:00:00.000Z","lastBillPrintLedgerOrder":2,"latestBillingChargeSortMs":1767254400000,"latestBillingChargeLedgerOrder":2}
[2026-05-14T04:03:54.570Z] [info] [BillPanelTrace] getSum:skip_payment {"customerId":"CUS-3011000","customerName":"SUSAN YOUNG","accountNumber":"CUS-3011000","index":0,"reason":"testFreshStart"}
[2026-05-14T04:03:54.570Z] [info] [BillPanelTrace] getSumPaymentAmountsAfterLastBillPrint:result {"customerId":"CUS-3011000","customerName":"SUSAN YOUNG","accountNumber":"CUS-3011000","paidAfterSum":0}
[2026-05-14T04:03:54.570Z] [info] [BillPanelTrace] getSumPaymentAmountsAfterLastBillPrint:start {"customerId":"CUS-3011000","customerName":"SUSAN YOUNG","accountNumber":"CUS-3011000","paymentHistoryLength":1,"lastBillPrintDate":"2026-01-01T08:00:00.000Z","lastBillPrintLedgerOrder":2,"latestBillingChargeSortMs":1767254400000,"latestBillingChargeLedgerOrder":2}
[2026-05-14T04:03:54.570Z] [info] [BillPanelTrace] getSum:skip_payment {"customerId":"CUS-3011000","customerName":"SUSAN YOUNG","accountNumber":"CUS-3011000","index":0,"reason":"testFreshStart"}
[2026-05-14T04:03:54.570Z] [info] [BillPanelTrace] getSumPaymentAmountsAfterLastBillPrint:result {"customerId":"CUS-3011000","customerName":"SUSAN YOUNG","accountNumber":"CUS-3011000","paidAfterSum":0}
[2026-05-14T04:03:54.570Z] [info] [BillPanelTrace] getProcessBillPanelAmounts:result_frozen_panel {"customerId":"CUS-3011000","customerName":"SUSAN YOUNG","accountNumber":"CUS-3011000","total":183.49,"pastDue":0,"lateFee":5,"dueDateStr":"01/21/2026","fromFrozen":true}
[2026-05-14T04:03:54.571Z] [info] [BillPanelTrace] getSumPaymentAmountsAfterLastBillPrint:start {"customerId":"CUS-3011000","customerName":"SUSAN YOUNG","accountNumber":"CUS-3011000","paymentHistoryLength":1,"lastBillPrintDate":"2026-01-01T08:00:00.000Z","lastBillPrintLedgerOrder":2,"latestBillingChargeSortMs":1767254400000,"latestBillingChargeLedgerOrder":2}
[2026-05-14T04:03:54.571Z] [info] [BillPanelTrace] getSum:skip_payment {"customerId":"CUS-3011000","customerName":"SUSAN YOUNG","accountNumber":"CUS-3011000","index":0,"reason":"testFreshStart"}
[2026-05-14T04:03:54.571Z] [info] [BillPanelTrace] getSumPaymentAmountsAfterLastBillPrint:result {"customerId":"CUS-3011000","customerName":"SUSAN YOUNG","accountNumber":"CUS-3011000","paidAfterSum":0}
[2026-05-14T04:03:54.571Z] [info] [BillPanelTrace] getSumPaymentAmountsAfterLastBillPrint:start {"customerId":"CUS-3011000","customerName":"SUSAN YOUNG","accountNumber":"CUS-3011000","paymentHistoryLength":1,"lastBillPrintDate":"2026-01-01T08:00:00.000Z","lastBillPrintLedgerOrder":2,"latestBillingChargeSortMs":1767254400000,"latestBillingChargeLedgerOrder":2}
[2026-05-14T04:03:54.571Z] [info] [BillPanelTrace] getSum:skip_payment {"customerId":"CUS-3011000","customerName":"SUSAN YOUNG","accountNumber":"CUS-3011000","index":0,"reason":"testFreshStart"}
[2026-05-14T04:03:54.571Z] [info] [BillPanelTrace] getSumPaymentAmountsAfterLastBillPrint:result {"customerId":"CUS-3011000","customerName":"SUSAN YOUNG","accountNumber":"CUS-3011000","paidAfterSum":0}
[2026-05-14T04:03:54.571Z] [info] [BillPanelTrace] getSumPaymentAmountsAfterLastBillPrint:start {"customerId":"CUS-3011000","customerName":"SUSAN YOUNG","accountNumber":"CUS-3011000","paymentHistoryLength":1,"lastBillPrintDate":"2026-01-01T08:00:00.000Z","lastBillPrintLedgerOrder":2,"latestBillingChargeSortMs":1767254400000,"latestBillingChargeLedgerOrder":2}
[2026-05-14T04:03:54.571Z] [info] [BillPanelTrace] getSum:skip_payment {"customerId":"CUS-3011000","customerName":"SUSAN YOUNG","accountNumber":"CUS-3011000","index":0,"reason":"testFreshStart"}
[2026-05-14T04:03:54.571Z] [info] [BillPanelTrace] getSumPaymentAmountsAfterLastBillPrint:result {"customerId":"CUS-3011000","customerName":"SUSAN YOUNG","accountNumber":"CUS-3011000","paidAfterSum":0}
[2026-05-14T04:03:54.571Z] [info] [BillPanelTrace] getProcessBillPanelAmounts:branch_check {"customerId":"CUS-3011000","customerName":"SUSAN YOUNG","accountNumber":"CUS-3011000","hasFrozenSnapshot":true,"frozenAmountDue":178.49,"lastBillPrintDate":"2026-01-01T08:00:00.000Z","lastPrintedStatementTotalDue":178.49}
[2026-05-14T04:03:54.571Z] [info] [BillPanelTrace] getSumPaymentAmountsAfterLastBillPrint:start {"customerId":"CUS-3011000","customerName":"SUSAN YOUNG","accountNumber":"CUS-3011000","paymentHistoryLength":1,"lastBillPrintDate":"2026-01-01T08:00:00.000Z","lastBillPrintLedgerOrder":2,"latestBillingChargeSortMs":1767254400000,"latestBillingChargeLedgerOrder":2}
[2026-05-14T04:03:54.571Z] [info] [BillPanelTrace] getSum:skip_payment {"customerId":"CUS-3011000","customerName":"SUSAN YOUNG","accountNumber":"CUS-3011000","index":0,"reason":"testFreshStart"}
[2026-05-14T04:03:54.571Z] [info] [BillPanelTrace] getSumPaymentAmountsAfterLastBillPrint:result {"customerId":"CUS-3011000","customerName":"SUSAN YOUNG","accountNumber":"CUS-3011000","paidAfterSum":0}
[2026-05-14T04:03:54.571Z] [info] [BillPanelTrace] getProcessBillPanelAmounts:frozen_branch {"customerId":"CUS-3011000","customerName":"SUSAN YOUNG","accountNumber":"CUS-3011000","paidAfterLastBill":0,"willBypassFrozenToLive":false}
[2026-05-14T04:03:54.571Z] [info] [BillPanelTrace] getSumPaymentAmountsAfterLastBillPrint:start {"customerId":"CUS-3011000","customerName":"SUSAN YOUNG","accountNumber":"CUS-3011000","paymentHistoryLength":1,"lastBillPrintDate":"2026-01-01T08:00:00.000Z","lastBillPrintLedgerOrder":2,"latestBillingChargeSortMs":1767254400000,"latestBillingChargeLedgerOrder":2}
[2026-05-14T04:03:54.571Z] [info] [BillPanelTrace] getSum:skip_payment {"customerId":"CUS-3011000","customerName":"SUSAN YOUNG","accountNumber":"CUS-3011000","index":0,"reason":"testFreshStart"}
[2026-05-14T04:03:54.571Z] [info] [BillPanelTrace] getSumPaymentAmountsAfterLastBillPrint:result {"customerId":"CUS-3011000","customerName":"SUSAN YOUNG","accountNumber":"CUS-3011000","paidAfterSum":0}
[2026-05-14T04:03:54.571Z] [info] [BillPanelTrace] getSumPaymentAmountsAfterLastBillPrint:start {"customerId":"CUS-3011000","customerName":"SUSAN YOUNG","accountNumber":"CUS-3011000","paymentHistoryLength":1,"lastBillPrintDate":"2026-01-01T08:00:00.000Z","lastBillPrintLedgerOrder":2,"latestBillingChargeSortMs":1767254400000,"latestBillingChargeLedgerOrder":2}
[2026-05-14T04:03:54.571Z] [info] [BillPanelTrace] getSum:skip_payment {"customerId":"CUS-3011000","customerName":"SUSAN YOUNG","accountNumber":"CUS-3011000","index":0,"reason":"testFreshStart"}
[2026-05-14T04:03:54.571Z] [info] [BillPanelTrace] getSumPaymentAmountsAfterLastBillPrint:result {"customerId":"CUS-3011000","customerName":"SUSAN YOUNG","accountNumber":"CUS-3011000","paidAfterSum":0}
[2026-05-14T04:03:54.571Z] [info] [BillPanelTrace] getSumPaymentAmountsAfterLastBillPrint:start {"customerId":"CUS-3011000","customerName":"SUSAN YOUNG","accountNumber":"CUS-3011000","paymentHistoryLength":1,"lastBillPrintDate":"2026-01-01T08:00:00.000Z","lastBillPrintLedgerOrder":2,"latestBillingChargeSortMs":1767254400000,"latestBillingChargeLedgerOrder":2}
[2026-05-14T04:03:54.571Z] [info] [BillPanelTrace] getSum:skip_payment {"customerId":"CUS-3011000","customerName":"SUSAN YOUNG","accountNumber":"CUS-3011000","index":0,"reason":"testFreshStart"}
[2026-05-14T04:03:54.571Z] [info] [BillPanelTrace] getSumPaymentAmountsAfterLastBillPrint:result {"customerId":"CUS-3011000","customerName":"SUSAN YOUNG","accountNumber":"CUS-3011000","paidAfterSum":0}
[2026-05-14T04:03:54.571Z] [info] [BillPanelTrace] getSumPaymentAmountsAfterLastBillPrint:start {"customerId":"CUS-3011000","customerName":"SUSAN YOUNG","accountNumber":"CUS-3011000","paymentHistoryLength":1,"lastBillPrintDate":"2026-01-01T08:00:00.000Z","lastBillPrintLedgerOrder":2,"latestBillingChargeSortMs":1767254400000,"latestBillingChargeLedgerOrder":2}
[2026-05-14T04:03:54.571Z] [info] [BillPanelTrace] getSum:skip_payment {"customerId":"CUS-3011000","customerName":"SUSAN YOUNG","accountNumber":"CUS-3011000","index":0,"reason":"testFreshStart"}
[2026-05-14T04:03:54.571Z] [info] [BillPanelTrace] getSumPaymentAmountsAfterLastBillPrint:result {"customerId":"CUS-3011000","customerName":"SUSAN YOUNG","accountNumber":"CUS-3011000","paidAfterSum":0}
[2026-05-14T04:03:54.571Z] [info] [BillPanelTrace] getProcessBillPanelAmounts:result_frozen_panel {"customerId":"CUS-3011000","customerName":"SUSAN YOUNG","accountNumber":"CUS-3011000","total":183.49,"pastDue":0,"lateFee":5,"dueDateStr":"01/21/2026","fromFrozen":true}
[2026-05-14T04:03:54.571Z] [info] [BillPanelTrace] getSumPaymentAmountsAfterLastBillPrint:start {"customerId":"CUS-3011000","customerName":"SUSAN YOUNG","accountNumber":"CUS-3011000","paymentHistoryLength":1,"lastBillPrintDate":"2026-01-01T08:00:00.000Z","lastBillPrintLedgerOrder":2,"latestBillingChargeSortMs":1767254400000,"latestBillingChargeLedgerOrder":2}
[2026-05-14T04:03:54.571Z] [info] [BillPanelTrace] getSum:skip_payment {"customerId":"CUS-3011000","customerName":"SUSAN YOUNG","accountNumber":"CUS-3011000","index":0,"reason":"testFreshStart"}
[2026-05-14T04:03:54.571Z] [info] [BillPanelTrace] getSumPaymentAmountsAfterLastBillPrint:result {"customerId":"CUS-3011000","customerName":"SUSAN YOUNG","accountNumber":"CUS-3011000","paidAfterSum":0}
[2026-05-14T04:03:54.571Z] [info] [BillPanelTrace] getProcessBillPanelAmounts:branch_check {"customerId":"CUS-3011000","customerName":"SUSAN YOUNG","accountNumber":"CUS-3011000","hasFrozenSnapshot":true,"frozenAmountDue":178.49,"lastBillPrintDate":"2026-01-01T08:00:00.000Z","lastPrintedStatementTotalDue":178.49}
[2026-05-14T04:03:54.571Z] [info] [BillPanelTrace] getSumPaymentAmountsAfterLastBillPrint:start {"customerId":"CUS-3011000","customerName":"SUSAN YOUNG","accountNumber":"CUS-3011000","paymentHistoryLength":1,"lastBillPrintDate":"2026-01-01T08:00:00.000Z","lastBillPrintLedgerOrder":2,"latestBillingChargeSortMs":1767254400000,"latestBillingChargeLedgerOrder":2}
[2026-05-14T04:03:54.571Z] [info] [BillPanelTrace] getSum:skip_payment {"customerId":"CUS-3011000","customerName":"SUSAN YOUNG","accountNumber":"CUS-3011000","index":0,"reason":"testFreshStart"}
[2026-05-14T04:03:54.571Z] [info] [BillPanelTrace] getSumPaymentAmountsAfterLastBillPrint:result {"customerId":"CUS-3011000","customerName":"SUSAN YOUNG","accountNumber":"CUS-3011000","paidAfterSum":0}
[2026-05-14T04:03:54.571Z] [info] [BillPanelTrace] getProcessBillPanelAmounts:frozen_branch {"customerId":"CUS-3011000","customerName":"SUSAN YOUNG","accountNumber":"CUS-3011000","paidAfterLastBill":0,"willBypassFrozenToLive":false}
[2026-05-14T04:03:54.571Z] [info] [BillPanelTrace] getSumPaymentAmountsAfterLastBillPrint:start {"customerId":"CUS-3011000","customerName":"SUSAN YOUNG","accountNumber":"CUS-3011000","paymentHistoryLength":1,"lastBillPrintDate":"2026-01-01T08:00:00.000Z","lastBillPrintLedgerOrder":2,"latestBillingChargeSortMs":1767254400000,"latestBillingChargeLedgerOrder":2}
[2026-05-14T04:03:54.571Z] [info] [BillPanelTrace] getSum:skip_payment {"customerId":"CUS-3011000","customerName":"SUSAN YOUNG","accountNumber":"CUS-3011000","index":0,"reason":"testFreshStart"}
[2026-05-14T04:03:54.571Z] [info] [BillPanelTrace] getSumPaymentAmountsAfterLastBillPrint:result {"customerId":"CUS-3011000","customerName":"SUSAN YOUNG","accountNumber":"CUS-3011000","paidAfterSum":0}
[2026-05-14T04:03:54.571Z] [info] [BillPanelTrace] getSumPaymentAmountsAfterLastBillPrint:start {"customerId":"CUS-3011000","customerName":"SUSAN YOUNG","accountNumber":"CUS-3011000","paymentHistoryLength":1,"lastBillPrintDate":"2026-01-01T08:00:00.000Z","lastBillPrintLedgerOrder":2,"latestBillingChargeSortMs":1767254400000,"latestBillingChargeLedgerOrder":2}
[2026-05-14T04:03:54.571Z] [info] [BillPanelTrace] getSum:skip_payment {"customerId":"CUS-3011000","customerName":"SUSAN YOUNG","accountNumber":"CUS-3011000","index":0,"reason":"testFreshStart"}
[2026-05-14T04:03:54.571Z] [info] [BillPanelTrace] getSumPaymentAmountsAfterLastBillPrint:result {"customerId":"CUS-3011000","customerName":"SUSAN YOUNG","accountNumber":"CUS-3011000","paidAfterSum":0}
[2026-05-14T04:03:54.572Z] [info] [BillPanelTrace] getSumPaymentAmountsAfterLastBillPrint:start {"customerId":"CUS-3011000","customerName":"SUSAN YOUNG","accountNumber":"CUS-3011000","paymentHistoryLength":1,"lastBillPrintDate":"2026-01-01T08:00:00.000Z","lastBillPrintLedgerOrder":2,"latestBillingChargeSortMs":1767254400000,"latestBillingChargeLedgerOrder":2}
[2026-05-14T04:03:54.572Z] [info] [BillPanelTrace] getSum:skip_payment {"customerId":"CUS-3011000","customerName":"SUSAN YOUNG","accountNumber":"CUS-3011000","index":0,"reason":"testFreshStart"}
[2026-05-14T04:03:54.572Z] [info] [BillPanelTrace] getSumPaymentAmountsAfterLastBillPrint:result {"customerId":"CUS-3011000","customerName":"SUSAN YOUNG","accountNumber":"CUS-3011000","paidAfterSum":0}
[2026-05-14T04:03:54.572Z] [info] [BillPanelTrace] getSumPaymentAmountsAfterLastBillPrint:start {"customerId":"CUS-3011000","customerName":"SUSAN YOUNG","accountNumber":"CUS-3011000","paymentHistoryLength":1,"lastBillPrintDate":"2026-01-01T08:00:00.000Z","lastBillPrintLedgerOrder":2,"latestBillingChargeSortMs":1767254400000,"latestBillingChargeLedgerOrder":2}
[2026-05-14T04:03:54.572Z] [info] [BillPanelTrace] getSum:skip_payment {"customerId":"CUS-3011000","customerName":"SUSAN YOUNG","accountNumber":"CUS-3011000","index":0,"reason":"testFreshStart"}
[2026-05-14T04:03:54.572Z] [info] [BillPanelTrace] getSumPaymentAmountsAfterLastBillPrint:result {"customerId":"CUS-3011000","customerName":"SUSAN YOUNG","accountNumber":"CUS-3011000","paidAfterSum":0}
[2026-05-14T04:03:54.572Z] [info] [BillPanelTrace] getProcessBillPanelAmounts:result_frozen_panel {"customerId":"CUS-3011000","customerName":"SUSAN YOUNG","accountNumber":"CUS-3011000","total":183.49,"pastDue":0,"lateFee":5,"dueDateStr":"01/21/2026","fromFrozen":true}
[2026-05-14T04:03:54.572Z] [info] [BillPanelTrace] produceBill:lateFeePdf {"customerId":"CUS-3011000","customerName":"SUSAN YOUNG","accountNumber":"CUS-3011000","pdfLateFee":5,"calcLateFeeAmount":5,"daysSinceLastBillPrint":31,"lateFeeTimerDays":21,"lastBillPrintDate":"2026-01-01T08:00:00.000Z","printDateThisRun":"02/01/2026","autoApplyLateFees":true}
[2026-05-14T04:03:54.572Z] [info] [BillPanelTrace] getSumPaymentAmountsAfterLastBillPrint:start {"customerId":"CUS-3011000","customerName":"SUSAN YOUNG","accountNumber":"CUS-3011000","paymentHistoryLength":1,"lastBillPrintDate":"2026-01-01T08:00:00.000Z","lastBillPrintLedgerOrder":2,"latestBillingChargeSortMs":1767254400000,"latestBillingChargeLedgerOrder":2}
[2026-05-14T04:03:54.572Z] [info] [BillPanelTrace] getSum:skip_payment {"customerId":"CUS-3011000","customerName":"SUSAN YOUNG","accountNumber":"CUS-3011000","index":0,"reason":"testFreshStart"}
[2026-05-14T04:03:54.572Z] [info] [BillPanelTrace] getSumPaymentAmountsAfterLastBillPrint:result {"customerId":"CUS-3011000","customerName":"SUSAN YOUNG","accountNumber":"CUS-3011000","paidAfterSum":0}
[2026-05-14T04:03:54.572Z] [info] [BillPanelTrace] produceBill:pdfReconcileCur {"customerId":"CUS-3011000","customerName":"SUSAN YOUNG","accountNumber":"CUS-3011000","taxCodeDetailsLen":3,"pdfCurrentDueDisplay_sewerPlusFirstFourTaxRows":178.49,"naiveIfWeAddedPucOnTopAgain":186.18,"pdfCurrentDueForReconcile_fromCalcSubtotalPlusPuc":178.49,"calcSubtotalBeforePuc":170.80122,"calcPucSurchargeAmount":7.686054899999999,"calcTotal":361.98,"pdfTotalAmount":361.98,"pdfTotalMatchesCalc":true}
[2026-05-14T04:03:54.572Z] [info] [BillPanelTrace] produceBill:unifiedTotalDueForPdf {"customerId":"CUS-3011000","customerName":"SUSAN YOUNG","accountNumber":"CUS-3011000","unifiedTotalDueForBill":361.98,"pdfSummaryLineSum":361.98,"calcRounded":361.98,"pdfReconcileRounded":361.98,"calcRawTotal":361.98}
[2026-05-14T04:03:54.572Z] [info] [BillPanelTrace] getProcessBillPanelAmounts:branch_check {"customerId":"CUS-3011000","customerName":"SUSAN YOUNG","accountNumber":"CUS-3011000","hasFrozenSnapshot":true,"frozenAmountDue":178.49,"lastBillPrintDate":"2026-01-01T08:00:00.000Z","lastPrintedStatementTotalDue":178.49}
[2026-05-14T04:03:54.572Z] [info] [BillPanelTrace] getSumPaymentAmountsAfterLastBillPrint:start {"customerId":"CUS-3011000","customerName":"SUSAN YOUNG","accountNumber":"CUS-3011000","paymentHistoryLength":1,"lastBillPrintDate":"2026-01-01T08:00:00.000Z","lastBillPrintLedgerOrder":2,"latestBillingChargeSortMs":1767254400000,"latestBillingChargeLedgerOrder":2}
[2026-05-14T04:03:54.572Z] [info] [BillPanelTrace] getSum:skip_payment {"customerId":"CUS-3011000","customerName":"SUSAN YOUNG","accountNumber":"CUS-3011000","index":0,"reason":"testFreshStart"}
[2026-05-14T04:03:54.572Z] [info] [BillPanelTrace] getSumPaymentAmountsAfterLastBillPrint:result {"customerId":"CUS-3011000","customerName":"SUSAN YOUNG","accountNumber":"CUS-3011000","paidAfterSum":0}
[2026-05-14T04:03:54.572Z] [info] [BillPanelTrace] getProcessBillPanelAmounts:frozen_branch {"customerId":"CUS-3011000","customerName":"SUSAN YOUNG","accountNumber":"CUS-3011000","paidAfterLastBill":0,"willBypassFrozenToLive":false}
[2026-05-14T04:03:54.572Z] [info] [BillPanelTrace] getSumPaymentAmountsAfterLastBillPrint:start {"customerId":"CUS-3011000","customerName":"SUSAN YOUNG","accountNumber":"CUS-3011000","paymentHistoryLength":1,"lastBillPrintDate":"2026-01-01T08:00:00.000Z","lastBillPrintLedgerOrder":2,"latestBillingChargeSortMs":1767254400000,"latestBillingChargeLedgerOrder":2}
[2026-05-14T04:03:54.572Z] [info] [BillPanelTrace] getSum:skip_payment {"customerId":"CUS-3011000","customerName":"SUSAN YOUNG","accountNumber":"CUS-3011000","index":0,"reason":"testFreshStart"}
[2026-05-14T04:03:54.572Z] [info] [BillPanelTrace] getSumPaymentAmountsAfterLastBillPrint:result {"customerId":"CUS-3011000","customerName":"SUSAN YOUNG","accountNumber":"CUS-3011000","paidAfterSum":0}
[2026-05-14T04:03:54.572Z] [info] [BillPanelTrace] getSumPaymentAmountsAfterLastBillPrint:start {"customerId":"CUS-3011000","customerName":"SUSAN YOUNG","accountNumber":"CUS-3011000","paymentHistoryLength":1,"lastBillPrintDate":"2026-01-01T08:00:00.000Z","lastBillPrintLedgerOrder":2,"latestBillingChargeSortMs":1767254400000,"latestBillingChargeLedgerOrder":2}
[2026-05-14T04:03:54.572Z] [info] [BillPanelTrace] getSum:skip_payment {"customerId":"CUS-3011000","customerName":"SUSAN YOUNG","accountNumber":"CUS-3011000","index":0,"reason":"testFreshStart"}
[2026-05-14T04:03:54.572Z] [info] [BillPanelTrace] getSumPaymentAmountsAfterLastBillPrint:result {"customerId":"CUS-3011000","customerName":"SUSAN YOUNG","accountNumber":"CUS-3011000","paidAfterSum":0}
[2026-05-14T04:03:54.572Z] [info] [BillPanelTrace] getSumPaymentAmountsAfterLastBillPrint:start {"customerId":"CUS-3011000","customerName":"SUSAN YOUNG","accountNumber":"CUS-3011000","paymentHistoryLength":1,"lastBillPrintDate":"2026-01-01T08:00:00.000Z","lastBillPrintLedgerOrder":2,"latestBillingChargeSortMs":1767254400000,"latestBillingChargeLedgerOrder":2}
[2026-05-14T04:03:54.572Z] [info] [BillPanelTrace] getSum:skip_payment {"customerId":"CUS-3011000","customerName":"SUSAN YOUNG","accountNumber":"CUS-3011000","index":0,"reason":"testFreshStart"}
[2026-05-14T04:03:54.572Z] [info] [BillPanelTrace] getSumPaymentAmountsAfterLastBillPrint:result {"customerId":"CUS-3011000","customerName":"SUSAN YOUNG","accountNumber":"CUS-3011000","paidAfterSum":0}
[2026-05-14T04:03:54.572Z] [info] [BillPanelTrace] getSumPaymentAmountsAfterLastBillPrint:start {"customerId":"CUS-3011000","customerName":"SUSAN YOUNG","accountNumber":"CUS-3011000","paymentHistoryLength":1,"lastBillPrintDate":"2026-01-01T08:00:00.000Z","lastBillPrintLedgerOrder":2,"latestBillingChargeSortMs":1767254400000,"latestBillingChargeLedgerOrder":2}
[2026-05-14T04:03:54.572Z] [info] [BillPanelTrace] getSum:skip_payment {"customerId":"CUS-3011000","customerName":"SUSAN YOUNG","accountNumber":"CUS-3011000","index":0,"reason":"testFreshStart"}
[2026-05-14T04:03:54.572Z] [info] [BillPanelTrace] getSumPaymentAmountsAfterLastBillPrint:result {"customerId":"CUS-3011000","customerName":"SUSAN YOUNG","accountNumber":"CUS-3011000","paidAfterSum":0}
[2026-05-14T04:03:54.572Z] [info] [BillPanelTrace] getProcessBillPanelAmounts:result_frozen_panel {"customerId":"CUS-3011000","customerName":"SUSAN YOUNG","accountNumber":"CUS-3011000","total":183.49,"pastDue":0,"lateFee":5,"dueDateStr":"01/21/2026","fromFrozen":true}
[2026-05-14T04:03:54.572Z] [info] [BillPanelTrace] getSumPaymentAmountsAfterLastBillPrint:start {"customerId":"CUS-3011000","customerName":"SUSAN YOUNG","accountNumber":"CUS-3011000","paymentHistoryLength":1,"lastBillPrintDate":"2026-01-01T08:00:00.000Z","lastBillPrintLedgerOrder":2,"latestBillingChargeSortMs":1767254400000,"latestBillingChargeLedgerOrder":2}
[2026-05-14T04:03:54.572Z] [info] [BillPanelTrace] getSum:skip_payment {"customerId":"CUS-3011000","customerName":"SUSAN YOUNG","accountNumber":"CUS-3011000","index":0,"reason":"testFreshStart"}
[2026-05-14T04:03:54.572Z] [info] [BillPanelTrace] getSumPaymentAmountsAfterLastBillPrint:result {"customerId":"CUS-3011000","customerName":"SUSAN YOUNG","accountNumber":"CUS-3011000","paidAfterSum":0}
[2026-05-14T04:03:54.572Z] [info] [BillPanelTrace] getSumPaymentAmountsAfterLastBillPrint:start {"customerId":"CUS-3011000","customerName":"SUSAN YOUNG","accountNumber":"CUS-3011000","paymentHistoryLength":1,"lastBillPrintDate":"2026-01-01T08:00:00.000Z","lastBillPrintLedgerOrder":2,"latestBillingChargeSortMs":1767254400000,"latestBillingChargeLedgerOrder":2}
[2026-05-14T04:03:54.572Z] [info] [BillPanelTrace] getSum:skip_payment {"customerId":"CUS-3011000","customerName":"SUSAN YOUNG","accountNumber":"CUS-3011000","index":0,"reason":"testFreshStart"}
[2026-05-14T04:03:54.572Z] [info] [BillPanelTrace] getSumPaymentAmountsAfterLastBillPrint:result {"customerId":"CUS-3011000","customerName":"SUSAN YOUNG","accountNumber":"CUS-3011000","paidAfterSum":0}
[2026-05-14T04:03:55.193Z] [info] [BillPanelTrace] getSumPaymentAmountsAfterLastBillPrint:start {"customerId":"CUS-3011000","customerName":"SUSAN YOUNG","accountNumber":"CUS-3011000","paymentHistoryLength":1,"lastBillPrintDate":"2026-01-01T08:00:00.000Z","lastBillPrintLedgerOrder":2,"latestBillingChargeSortMs":1767254400000,"latestBillingChargeLedgerOrder":2}
[2026-05-14T04:03:55.193Z] [info] [BillPanelTrace] getSum:skip_payment {"customerId":"CUS-3011000","customerName":"SUSAN YOUNG","accountNumber":"CUS-3011000","index":0,"reason":"testFreshStart"}
[2026-05-14T04:03:55.193Z] [info] [BillPanelTrace] getSumPaymentAmountsAfterLastBillPrint:result {"customerId":"CUS-3011000","customerName":"SUSAN YOUNG","accountNumber":"CUS-3011000","paidAfterSum":0}
[2026-05-14T04:03:55.193Z] [info] [PastDueRoll] applyBillProductionRollForward:beforeRoll {"customerId":"CUS-3011000","name":"SUSAN YOUNG","prevPastDueRaw":0,"unpaidCurrent":183.49,"grossCurrentOwed":183.49,"statementTotal":361.98,"closedStatementTotalFromBill":361.98,"calcTotal":361.98,"calcCurrentDue":183.49,"rollUnpaidCurrentIntoPastDue":true}
[2026-05-14T04:03:55.193Z] [info] [PastDueRoll] addRolledUnpaidCurrentToPastDueComposition {"customerId":"CUS-3011000","name":"SUSAN YOUNG","unpaidCurrent":183.49,"basis":"priorBillingRow","priorBill":{"date":"01/01/2026","ledgerOrder":2,"pastDueOnBill":0,"sewerChargeOnBill":168.36,"taxCodesOnBill":2.44,"pucSurchargeOnBill":7.69,"lateFeeAmount":0},"calcSnapshot":{"adjustedServiceCost":168.36,"totalSurcharge":2.4412200000000004,"pucSurchargeAmount":7.686054899999999,"lateFeeAmount":5},"rolledCycleGross":{"sewerGross":168.36,"taxGross":2.44,"pucGross":7.69,"lateGross":0},"paymentsAppliedToClosedCycle":{"paidSewer":0,"paidTax":0,"paidPuc":0,"paidLate":0},"remainders":{"sewerRem":168.36,"taxRem":2.44,"pucRem":7.69,"lateRem":0,"sumRem":178.49},"svcTake":178.49,"uMinusSvc":5,"lateAddFormula":"uMinusSvc","lateAdd":5,"compositionBefore":{"Past due amount":0,"Late fees":0,"Current amount due":0,"Puc surcharge":0,"Tax Codes":0}}
[2026-05-14T04:03:55.193Z] [info] [PastDueRoll] addRolledUnpaidCurrentToPastDueComposition:split {"customerId":"CUS-3011000","name":"SUSAN YOUNG","uAfterLate":178.49,"sewerShare":168.36,"taxShare":2.44,"pucShare":7.69,"compositionAfter":{"Past due amount":0,"Late fees":5,"Current amount due":168.36,"Puc surcharge":7.69,"Tax Codes":2.44}}
[2026-05-14T04:03:55.193Z] [info] [PastDueRoll] applyBillProductionRollForward:afterRoll {"customerId":"CUS-3011000","name":"SUSAN YOUNG","newPastDue":183.49,"pastDueComposition":{"Past due amount":0,"Late fees":5,"Current amount due":168.36,"Puc surcharge":7.69,"Tax Codes":2.44},"compSum":183.49}
[2026-05-14T04:03:55.608Z] [info] [BillPanelTrace] getProcessBillPanelAmounts:branch_check {"customerId":"CUS-3011000","customerName":"SUSAN YOUNG","accountNumber":"CUS-3011000","hasFrozenSnapshot":true,"frozenAmountDue":361.98,"lastBillPrintDate":"2026-02-01T08:00:00.000Z","lastPrintedStatementTotalDue":361.98}
[2026-05-14T04:03:55.608Z] [info] [BillPanelTrace] getSumPaymentAmountsAfterLastBillPrint:start {"customerId":"CUS-3011000","customerName":"SUSAN YOUNG","accountNumber":"CUS-3011000","paymentHistoryLength":1,"lastBillPrintDate":"2026-02-01T08:00:00.000Z","lastBillPrintLedgerOrder":4,"latestBillingChargeSortMs":1769932800000,"latestBillingChargeLedgerOrder":4}
[2026-05-14T04:03:55.608Z] [info] [BillPanelTrace] getSum:skip_payment {"customerId":"CUS-3011000","customerName":"SUSAN YOUNG","accountNumber":"CUS-3011000","index":0,"reason":"testFreshStart"}
[2026-05-14T04:03:55.608Z] [info] [BillPanelTrace] getSumPaymentAmountsAfterLastBillPrint:result {"customerId":"CUS-3011000","customerName":"SUSAN YOUNG","accountNumber":"CUS-3011000","paidAfterSum":0}
[2026-05-14T04:03:55.608Z] [info] [BillPanelTrace] getProcessBillPanelAmounts:frozen_branch {"customerId":"CUS-3011000","customerName":"SUSAN YOUNG","accountNumber":"CUS-3011000","paidAfterLastBill":0,"willBypassFrozenToLive":false}
[2026-05-14T04:03:55.608Z] [info] [BillPanelTrace] getSumPaymentAmountsAfterLastBillPrint:start {"customerId":"CUS-3011000","customerName":"SUSAN YOUNG","accountNumber":"CUS-3011000","paymentHistoryLength":1,"lastBillPrintDate":"2026-02-01T08:00:00.000Z","lastBillPrintLedgerOrder":4,"latestBillingChargeSortMs":1769932800000,"latestBillingChargeLedgerOrder":4}
[2026-05-14T04:03:55.608Z] [info] [BillPanelTrace] getSum:skip_payment {"customerId":"CUS-3011000","customerName":"SUSAN YOUNG","accountNumber":"CUS-3011000","index":0,"reason":"testFreshStart"}
[2026-05-14T04:03:55.608Z] [info] [BillPanelTrace] getSumPaymentAmountsAfterLastBillPrint:result {"customerId":"CUS-3011000","customerName":"SUSAN YOUNG","accountNumber":"CUS-3011000","paidAfterSum":0}
[2026-05-14T04:03:55.608Z] [info] [BillPanelTrace] getSumPaymentAmountsAfterLastBillPrint:start {"customerId":"CUS-3011000","customerName":"SUSAN YOUNG","accountNumber":"CUS-3011000","paymentHistoryLength":1,"lastBillPrintDate":"2026-02-01T08:00:00.000Z","lastBillPrintLedgerOrder":4,"latestBillingChargeSortMs":1769932800000,"latestBillingChargeLedgerOrder":4}
[2026-05-14T04:03:55.608Z] [info] [BillPanelTrace] getSum:skip_payment {"customerId":"CUS-3011000","customerName":"SUSAN YOUNG","accountNumber":"CUS-3011000","index":0,"reason":"testFreshStart"}
[2026-05-14T04:03:55.608Z] [info] [BillPanelTrace] getSumPaymentAmountsAfterLastBillPrint:result {"customerId":"CUS-3011000","customerName":"SUSAN YOUNG","accountNumber":"CUS-3011000","paidAfterSum":0}
[2026-05-14T04:03:55.608Z] [info] [BillPanelTrace] getSumPaymentAmountsAfterLastBillPrint:start {"customerId":"CUS-3011000","customerName":"SUSAN YOUNG","accountNumber":"CUS-3011000","paymentHistoryLength":1,"lastBillPrintDate":"2026-02-01T08:00:00.000Z","lastBillPrintLedgerOrder":4,"latestBillingChargeSortMs":1769932800000,"latestBillingChargeLedgerOrder":4}
[2026-05-14T04:03:55.608Z] [info] [BillPanelTrace] getSum:skip_payment {"customerId":"CUS-3011000","customerName":"SUSAN YOUNG","accountNumber":"CUS-3011000","index":0,"reason":"testFreshStart"}
[2026-05-14T04:03:55.608Z] [info] [BillPanelTrace] getSumPaymentAmountsAfterLastBillPrint:result {"customerId":"CUS-3011000","customerName":"SUSAN YOUNG","accountNumber":"CUS-3011000","paidAfterSum":0}
[2026-05-14T04:03:55.608Z] [info] [BillPanelTrace] calculateCustomerTotal:pastDueLedger_vs_panelLine {"customerId":"CUS-3011000","customerName":"SUSAN YOUNG","accountNumber":"CUS-3011000","pastDueLedger":183.49,"pastDueForOwed":178.49,"stmtUnpaid":361.98,"currentDue":178.49,"combined":356.98,"rolled":356.98,"total":356.98,"dedupStmtVsNet":false}
[2026-05-14T04:03:55.608Z] [info] [BillPanelTrace] getProcessBillPanelAmounts:result_frozen_panel {"customerId":"CUS-3011000","customerName":"SUSAN YOUNG","accountNumber":"CUS-3011000","total":361.98,"pastDue":178.49,"lateFee":5,"dueDateStr":"02/21/2026","fromFrozen":true}
[2026-05-14T04:03:55.615Z] [info] [BillPanelTrace] getProcessBillPanelAmounts:branch_check {"customerId":"CUS-3011000","customerName":"SUSAN YOUNG","accountNumber":"CUS-3011000","hasFrozenSnapshot":true,"frozenAmountDue":361.98,"lastBillPrintDate":"2026-02-01T08:00:00.000Z","lastPrintedStatementTotalDue":361.98}
[2026-05-14T04:03:55.615Z] [info] [BillPanelTrace] getSumPaymentAmountsAfterLastBillPrint:start {"customerId":"CUS-3011000","customerName":"SUSAN YOUNG","accountNumber":"CUS-3011000","paymentHistoryLength":1,"lastBillPrintDate":"2026-02-01T08:00:00.000Z","lastBillPrintLedgerOrder":4,"latestBillingChargeSortMs":1769932800000,"latestBillingChargeLedgerOrder":4}
[2026-05-14T04:03:55.615Z] [info] [BillPanelTrace] getSum:skip_payment {"customerId":"CUS-3011000","customerName":"SUSAN YOUNG","accountNumber":"CUS-3011000","index":0,"reason":"testFreshStart"}
[2026-05-14T04:03:55.615Z] [info] [BillPanelTrace] getSumPaymentAmountsAfterLastBillPrint:result {"customerId":"CUS-3011000","customerName":"SUSAN YOUNG","accountNumber":"CUS-3011000","paidAfterSum":0}
[2026-05-14T04:03:55.615Z] [info] [BillPanelTrace] getProcessBillPanelAmounts:frozen_branch {"customerId":"CUS-3011000","customerName":"SUSAN YOUNG","accountNumber":"CUS-3011000","paidAfterLastBill":0,"willBypassFrozenToLive":false}
[2026-05-14T04:03:55.615Z] [info] [BillPanelTrace] getSumPaymentAmountsAfterLastBillPrint:start {"customerId":"CUS-3011000","customerName":"SUSAN YOUNG","accountNumber":"CUS-3011000","paymentHistoryLength":1,"lastBillPrintDate":"2026-02-01T08:00:00.000Z","lastBillPrintLedgerOrder":4,"latestBillingChargeSortMs":1769932800000,"latestBillingChargeLedgerOrder":4}
[2026-05-14T04:03:55.615Z] [info] [BillPanelTrace] getSum:skip_payment {"customerId":"CUS-3011000","customerName":"SUSAN YOUNG","accountNumber":"CUS-3011000","index":0,"reason":"testFreshStart"}
[2026-05-14T04:03:55.615Z] [info] [BillPanelTrace] getSumPaymentAmountsAfterLastBillPrint:result {"customerId":"CUS-3011000","customerName":"SUSAN YOUNG","accountNumber":"CUS-3011000","paidAfterSum":0}
[2026-05-14T04:03:55.616Z] [info] [BillPanelTrace] getSumPaymentAmountsAfterLastBillPrint:start {"customerId":"CUS-3011000","customerName":"SUSAN YOUNG","accountNumber":"CUS-3011000","paymentHistoryLength":1,"lastBillPrintDate":"2026-02-01T08:00:00.000Z","lastBillPrintLedgerOrder":4,"latestBillingChargeSortMs":1769932800000,"latestBillingChargeLedgerOrder":4}
[2026-05-14T04:03:55.616Z] [info] [BillPanelTrace] getSum:skip_payment {"customerId":"CUS-3011000","customerName":"SUSAN YOUNG","accountNumber":"CUS-3011000","index":0,"reason":"testFreshStart"}
[2026-05-14T04:03:55.616Z] [info] [BillPanelTrace] getSumPaymentAmountsAfterLastBillPrint:result {"customerId":"CUS-3011000","customerName":"SUSAN YOUNG","accountNumber":"CUS-3011000","paidAfterSum":0}
[2026-05-14T04:03:55.616Z] [info] [BillPanelTrace] getSumPaymentAmountsAfterLastBillPrint:start {"customerId":"CUS-3011000","customerName":"SUSAN YOUNG","accountNumber":"CUS-3011000","paymentHistoryLength":1,"lastBillPrintDate":"2026-02-01T08:00:00.000Z","lastBillPrintLedgerOrder":4,"latestBillingChargeSortMs":1769932800000,"latestBillingChargeLedgerOrder":4}
[2026-05-14T04:03:55.616Z] [info] [BillPanelTrace] getSum:skip_payment {"customerId":"CUS-3011000","customerName":"SUSAN YOUNG","accountNumber":"CUS-3011000","index":0,"reason":"testFreshStart"}
[2026-05-14T04:03:55.616Z] [info] [BillPanelTrace] getSumPaymentAmountsAfterLastBillPrint:result {"customerId":"CUS-3011000","customerName":"SUSAN YOUNG","accountNumber":"CUS-3011000","paidAfterSum":0}
[2026-05-14T04:03:55.616Z] [info] [BillPanelTrace] calculateCustomerTotal:pastDueLedger_vs_panelLine {"customerId":"CUS-3011000","customerName":"SUSAN YOUNG","accountNumber":"CUS-3011000","pastDueLedger":183.49,"pastDueForOwed":178.49,"stmtUnpaid":361.98,"currentDue":178.49,"combined":356.98,"rolled":356.98,"total":356.98,"dedupStmtVsNet":false}
[2026-05-14T04:03:55.616Z] [info] [BillPanelTrace] getProcessBillPanelAmounts:result_frozen_panel {"customerId":"CUS-3011000","customerName":"SUSAN YOUNG","accountNumber":"CUS-3011000","total":361.98,"pastDue":178.49,"lateFee":5,"dueDateStr":"02/21/2026","fromFrozen":true}
[2026-05-14T04:03:55.712Z] [info] [BillPanelTrace] getProcessBillPanelAmounts:branch_check {"customerId":"CUS-3011000","customerName":"SUSAN YOUNG","accountNumber":"CUS-3011000","hasFrozenSnapshot":true,"frozenAmountDue":361.98,"lastBillPrintDate":"2026-02-01T08:00:00.000Z","lastPrintedStatementTotalDue":361.98}
[2026-05-14T04:03:55.713Z] [info] [BillPanelTrace] getSumPaymentAmountsAfterLastBillPrint:start {"customerId":"CUS-3011000","customerName":"SUSAN YOUNG","accountNumber":"CUS-3011000","paymentHistoryLength":1,"lastBillPrintDate":"2026-02-01T08:00:00.000Z","lastBillPrintLedgerOrder":4,"latestBillingChargeSortMs":1769932800000,"latestBillingChargeLedgerOrder":4}
[2026-05-14T04:03:55.713Z] [info] [BillPanelTrace] getSum:skip_payment {"customerId":"CUS-3011000","customerName":"SUSAN YOUNG","accountNumber":"CUS-3011000","index":0,"reason":"testFreshStart"}
[2026-05-14T04:03:55.713Z] [info] [BillPanelTrace] getSumPaymentAmountsAfterLastBillPrint:result {"customerId":"CUS-3011000","customerName":"SUSAN YOUNG","accountNumber":"CUS-3011000","paidAfterSum":0}
[2026-05-14T04:03:55.713Z] [info] [BillPanelTrace] getProcessBillPanelAmounts:frozen_branch {"customerId":"CUS-3011000","customerName":"SUSAN YOUNG","accountNumber":"CUS-3011000","paidAfterLastBill":0,"willBypassFrozenToLive":false}
[2026-05-14T04:03:55.713Z] [info] [BillPanelTrace] getSumPaymentAmountsAfterLastBillPrint:start {"customerId":"CUS-3011000","customerName":"SUSAN YOUNG","accountNumber":"CUS-3011000","paymentHistoryLength":1,"lastBillPrintDate":"2026-02-01T08:00:00.000Z","lastBillPrintLedgerOrder":4,"latestBillingChargeSortMs":1769932800000,"latestBillingChargeLedgerOrder":4}
[2026-05-14T04:03:55.713Z] [info] [BillPanelTrace] getSum:skip_payment {"customerId":"CUS-3011000","customerName":"SUSAN YOUNG","accountNumber":"CUS-3011000","index":0,"reason":"testFreshStart"}
[2026-05-14T04:03:55.713Z] [info] [BillPanelTrace] getSumPaymentAmountsAfterLastBillPrint:result {"customerId":"CUS-3011000","customerName":"SUSAN YOUNG","accountNumber":"CUS-3011000","paidAfterSum":0}
[2026-05-14T04:03:55.713Z] [info] [BillPanelTrace] getSumPaymentAmountsAfterLastBillPrint:start {"customerId":"CUS-3011000","customerName":"SUSAN YOUNG","accountNumber":"CUS-3011000","paymentHistoryLength":1,"lastBillPrintDate":"2026-02-01T08:00:00.000Z","lastBillPrintLedgerOrder":4,"latestBillingChargeSortMs":1769932800000,"latestBillingChargeLedgerOrder":4}
[2026-05-14T04:03:55.713Z] [info] [BillPanelTrace] getSum:skip_payment {"customerId":"CUS-3011000","customerName":"SUSAN YOUNG","accountNumber":"CUS-3011000","index":0,"reason":"testFreshStart"}
[2026-05-14T04:03:55.713Z] [info] [BillPanelTrace] getSumPaymentAmountsAfterLastBillPrint:result {"customerId":"CUS-3011000","customerName":"SUSAN YOUNG","accountNumber":"CUS-3011000","paidAfterSum":0}
[2026-05-14T04:03:55.713Z] [info] [BillPanelTrace] getSumPaymentAmountsAfterLastBillPrint:start {"customerId":"CUS-3011000","customerName":"SUSAN YOUNG","accountNumber":"CUS-3011000","paymentHistoryLength":1,"lastBillPrintDate":"2026-02-01T08:00:00.000Z","lastBillPrintLedgerOrder":4,"latestBillingChargeSortMs":1769932800000,"latestBillingChargeLedgerOrder":4}
[2026-05-14T04:03:55.713Z] [info] [BillPanelTrace] getSum:skip_payment {"customerId":"CUS-3011000","customerName":"SUSAN YOUNG","accountNumber":"CUS-3011000","index":0,"reason":"testFreshStart"}
[2026-05-14T04:03:55.713Z] [info] [BillPanelTrace] getSumPaymentAmountsAfterLastBillPrint:result {"customerId":"CUS-3011000","customerName":"SUSAN YOUNG","accountNumber":"CUS-3011000","paidAfterSum":0}
[2026-05-14T04:03:55.713Z] [info] [BillPanelTrace] calculateCustomerTotal:pastDueLedger_vs_panelLine {"customerId":"CUS-3011000","customerName":"SUSAN YOUNG","accountNumber":"CUS-3011000","pastDueLedger":183.49,"pastDueForOwed":178.49,"stmtUnpaid":361.98,"currentDue":178.49,"combined":356.98,"rolled":356.98,"total":356.98,"dedupStmtVsNet":false}
[2026-05-14T04:03:55.713Z] [info] [BillPanelTrace] getProcessBillPanelAmounts:result_frozen_panel {"customerId":"CUS-3011000","customerName":"SUSAN YOUNG","accountNumber":"CUS-3011000","total":361.98,"pastDue":178.49,"lateFee":5,"dueDateStr":"02/21/2026","fromFrozen":true}
[2026-05-14T04:03:55.907Z] [info] [BillPanelTrace] getProcessBillPanelAmounts:branch_check {"customerId":"CUS-3011000","customerName":"SUSAN YOUNG","accountNumber":"CUS-3011000","hasFrozenSnapshot":true,"frozenAmountDue":361.98,"lastBillPrintDate":"2026-02-01T08:00:00.000Z","lastPrintedStatementTotalDue":361.98}
[2026-05-14T04:03:55.907Z] [info] [BillPanelTrace] getSumPaymentAmountsAfterLastBillPrint:start {"customerId":"CUS-3011000","customerName":"SUSAN YOUNG","accountNumber":"CUS-3011000","paymentHistoryLength":1,"lastBillPrintDate":"2026-02-01T08:00:00.000Z","lastBillPrintLedgerOrder":4,"latestBillingChargeSortMs":1769932800000,"latestBillingChargeLedgerOrder":4}
[2026-05-14T04:03:55.907Z] [info] [BillPanelTrace] getSum:skip_payment {"customerId":"CUS-3011000","customerName":"SUSAN YOUNG","accountNumber":"CUS-3011000","index":0,"reason":"testFreshStart"}
[2026-05-14T04:03:55.907Z] [info] [BillPanelTrace] getSumPaymentAmountsAfterLastBillPrint:result {"customerId":"CUS-3011000","customerName":"SUSAN YOUNG","accountNumber":"CUS-3011000","paidAfterSum":0}
[2026-05-14T04:03:55.907Z] [info] [BillPanelTrace] getProcessBillPanelAmounts:frozen_branch {"customerId":"CUS-3011000","customerName":"SUSAN YOUNG","accountNumber":"CUS-3011000","paidAfterLastBill":0,"willBypassFrozenToLive":false}
[2026-05-14T04:03:55.907Z] [info] [BillPanelTrace] getSumPaymentAmountsAfterLastBillPrint:start {"customerId":"CUS-3011000","customerName":"SUSAN YOUNG","accountNumber":"CUS-3011000","paymentHistoryLength":1,"lastBillPrintDate":"2026-02-01T08:00:00.000Z","lastBillPrintLedgerOrder":4,"latestBillingChargeSortMs":1769932800000,"latestBillingChargeLedgerOrder":4}
[2026-05-14T04:03:55.907Z] [info] [BillPanelTrace] getSum:skip_payment {"customerId":"CUS-3011000","customerName":"SUSAN YOUNG","accountNumber":"CUS-3011000","index":0,"reason":"testFreshStart"}
[2026-05-14T04:03:55.907Z] [info] [BillPanelTrace] getSumPaymentAmountsAfterLastBillPrint:result {"customerId":"CUS-3011000","customerName":"SUSAN YOUNG","accountNumber":"CUS-3011000","paidAfterSum":0}
[2026-05-14T04:03:55.907Z] [info] [BillPanelTrace] getSumPaymentAmountsAfterLastBillPrint:start {"customerId":"CUS-3011000","customerName":"SUSAN YOUNG","accountNumber":"CUS-3011000","paymentHistoryLength":1,"lastBillPrintDate":"2026-02-01T08:00:00.000Z","lastBillPrintLedgerOrder":4,"latestBillingChargeSortMs":1769932800000,"latestBillingChargeLedgerOrder":4}
[2026-05-14T04:03:55.907Z] [info] [BillPanelTrace] getSum:skip_payment {"customerId":"CUS-3011000","customerName":"SUSAN YOUNG","accountNumber":"CUS-3011000","index":0,"reason":"testFreshStart"}
[2026-05-14T04:03:55.907Z] [info] [BillPanelTrace] getSumPaymentAmountsAfterLastBillPrint:result {"customerId":"CUS-3011000","customerName":"SUSAN YOUNG","accountNumber":"CUS-3011000","paidAfterSum":0}
[2026-05-14T04:03:55.907Z] [info] [BillPanelTrace] getSumPaymentAmountsAfterLastBillPrint:start {"customerId":"CUS-3011000","customerName":"SUSAN YOUNG","accountNumber":"CUS-3011000","paymentHistoryLength":1,"lastBillPrintDate":"2026-02-01T08:00:00.000Z","lastBillPrintLedgerOrder":4,"latestBillingChargeSortMs":1769932800000,"latestBillingChargeLedgerOrder":4}
[2026-05-14T04:03:55.907Z] [info] [BillPanelTrace] getSum:skip_payment {"customerId":"CUS-3011000","customerName":"SUSAN YOUNG","accountNumber":"CUS-3011000","index":0,"reason":"testFreshStart"}
[2026-05-14T04:03:55.908Z] [info] [BillPanelTrace] getSumPaymentAmountsAfterLastBillPrint:result {"customerId":"CUS-3011000","customerName":"SUSAN YOUNG","accountNumber":"CUS-3011000","paidAfterSum":0}
[2026-05-14T04:03:55.908Z] [info] [BillPanelTrace] calculateCustomerTotal:pastDueLedger_vs_panelLine {"customerId":"CUS-3011000","customerName":"SUSAN YOUNG","accountNumber":"CUS-3011000","pastDueLedger":183.49,"pastDueForOwed":178.49,"stmtUnpaid":361.98,"currentDue":178.49,"combined":356.98,"rolled":356.98,"total":356.98,"dedupStmtVsNet":false}
[2026-05-14T04:03:55.908Z] [info] [BillPanelTrace] getProcessBillPanelAmounts:result_frozen_panel {"customerId":"CUS-3011000","customerName":"SUSAN YOUNG","accountNumber":"CUS-3011000","total":361.98,"pastDue":178.49,"lateFee":5,"dueDateStr":"02/21/2026","fromFrozen":true}
[2026-05-14T04:03:56.112Z] [info] [DevelopTest] Advance to 2026-03-01 (instant)
[2026-05-14T04:03:56.238Z] [info] [BillPanelTrace] getProcessBillPanelAmounts:branch_check {"customerId":"CUS-3011000","customerName":"SUSAN YOUNG","accountNumber":"CUS-3011000","hasFrozenSnapshot":true,"frozenAmountDue":361.98,"lastBillPrintDate":"2026-02-01T08:00:00.000Z","lastPrintedStatementTotalDue":361.98}
[2026-05-14T04:03:56.239Z] [info] [BillPanelTrace] getSumPaymentAmountsAfterLastBillPrint:start {"customerId":"CUS-3011000","customerName":"SUSAN YOUNG","accountNumber":"CUS-3011000","paymentHistoryLength":1,"lastBillPrintDate":"2026-02-01T08:00:00.000Z","lastBillPrintLedgerOrder":4,"latestBillingChargeSortMs":1769932800000,"latestBillingChargeLedgerOrder":4}
[2026-05-14T04:03:56.239Z] [info] [BillPanelTrace] getSum:skip_payment {"customerId":"CUS-3011000","customerName":"SUSAN YOUNG","accountNumber":"CUS-3011000","index":0,"reason":"testFreshStart"}
[2026-05-14T04:03:56.239Z] [info] [BillPanelTrace] getSumPaymentAmountsAfterLastBillPrint:result {"customerId":"CUS-3011000","customerName":"SUSAN YOUNG","accountNumber":"CUS-3011000","paidAfterSum":0}
[2026-05-14T04:03:56.239Z] [info] [BillPanelTrace] getProcessBillPanelAmounts:frozen_branch {"customerId":"CUS-3011000","customerName":"SUSAN YOUNG","accountNumber":"CUS-3011000","paidAfterLastBill":0,"willBypassFrozenToLive":false}
[2026-05-14T04:03:56.239Z] [info] [BillPanelTrace] getSumPaymentAmountsAfterLastBillPrint:start {"customerId":"CUS-3011000","customerName":"SUSAN YOUNG","accountNumber":"CUS-3011000","paymentHistoryLength":1,"lastBillPrintDate":"2026-02-01T08:00:00.000Z","lastBillPrintLedgerOrder":4,"latestBillingChargeSortMs":1769932800000,"latestBillingChargeLedgerOrder":4}
[2026-05-14T04:03:56.239Z] [info] [BillPanelTrace] getSum:skip_payment {"customerId":"CUS-3011000","customerName":"SUSAN YOUNG","accountNumber":"CUS-3011000","index":0,"reason":"testFreshStart"}
[2026-05-14T04:03:56.239Z] [info] [BillPanelTrace] getSumPaymentAmountsAfterLastBillPrint:result {"customerId":"CUS-3011000","customerName":"SUSAN YOUNG","accountNumber":"CUS-3011000","paidAfterSum":0}
[2026-05-14T04:03:56.239Z] [info] [BillPanelTrace] getSumPaymentAmountsAfterLastBillPrint:start {"customerId":"CUS-3011000","customerName":"SUSAN YOUNG","accountNumber":"CUS-3011000","paymentHistoryLength":1,"lastBillPrintDate":"2026-02-01T08:00:00.000Z","lastBillPrintLedgerOrder":4,"latestBillingChargeSortMs":1769932800000,"latestBillingChargeLedgerOrder":4}
[2026-05-14T04:03:56.239Z] [info] [BillPanelTrace] getSum:skip_payment {"customerId":"CUS-3011000","customerName":"SUSAN YOUNG","accountNumber":"CUS-3011000","index":0,"reason":"testFreshStart"}
[2026-05-14T04:03:56.239Z] [info] [BillPanelTrace] getSumPaymentAmountsAfterLastBillPrint:result {"customerId":"CUS-3011000","customerName":"SUSAN YOUNG","accountNumber":"CUS-3011000","paidAfterSum":0}
[2026-05-14T04:03:56.239Z] [info] [BillPanelTrace] getSumPaymentAmountsAfterLastBillPrint:start {"customerId":"CUS-3011000","customerName":"SUSAN YOUNG","accountNumber":"CUS-3011000","paymentHistoryLength":1,"lastBillPrintDate":"2026-02-01T08:00:00.000Z","lastBillPrintLedgerOrder":4,"latestBillingChargeSortMs":1769932800000,"latestBillingChargeLedgerOrder":4}
[2026-05-14T04:03:56.239Z] [info] [BillPanelTrace] getSum:skip_payment {"customerId":"CUS-3011000","customerName":"SUSAN YOUNG","accountNumber":"CUS-3011000","index":0,"reason":"testFreshStart"}
[2026-05-14T04:03:56.239Z] [info] [BillPanelTrace] getSumPaymentAmountsAfterLastBillPrint:result {"customerId":"CUS-3011000","customerName":"SUSAN YOUNG","accountNumber":"CUS-3011000","paidAfterSum":0}
[2026-05-14T04:03:56.239Z] [info] [BillPanelTrace] getSumPaymentAmountsAfterLastBillPrint:start {"customerId":"CUS-3011000","customerName":"SUSAN YOUNG","accountNumber":"CUS-3011000","paymentHistoryLength":1,"lastBillPrintDate":"2026-02-01T08:00:00.000Z","lastBillPrintLedgerOrder":4,"latestBillingChargeSortMs":1769932800000,"latestBillingChargeLedgerOrder":4}
[2026-05-14T04:03:56.239Z] [info] [BillPanelTrace] getSum:skip_payment {"customerId":"CUS-3011000","customerName":"SUSAN YOUNG","accountNumber":"CUS-3011000","index":0,"reason":"testFreshStart"}
[2026-05-14T04:03:56.239Z] [info] [BillPanelTrace] getSumPaymentAmountsAfterLastBillPrint:result {"customerId":"CUS-3011000","customerName":"SUSAN YOUNG","accountNumber":"CUS-3011000","paidAfterSum":0}
[2026-05-14T04:03:56.239Z] [info] [BillPanelTrace] calculateCustomerTotal:pastDueLedger_vs_panelLine {"customerId":"CUS-3011000","customerName":"SUSAN YOUNG","accountNumber":"CUS-3011000","pastDueLedger":183.49,"pastDueForOwed":178.49,"stmtUnpaid":361.98,"currentDue":183.49,"combined":361.98,"rolled":361.98,"total":361.98,"dedupStmtVsNet":false}
[2026-05-14T04:03:56.239Z] [info] [BillPanelTrace] getProcessBillPanelAmounts:result_frozen_panel {"customerId":"CUS-3011000","customerName":"SUSAN YOUNG","accountNumber":"CUS-3011000","total":366.98,"pastDue":178.49,"lateFee":10,"dueDateStr":"02/21/2026","fromFrozen":true}
[2026-05-14T04:03:56.239Z] [info] [BillPanelTrace] getProcessBillPanelAmounts:branch_check {"customerId":"CUS-3011000","customerName":"SUSAN YOUNG","accountNumber":"CUS-3011000","hasFrozenSnapshot":true,"frozenAmountDue":361.98,"lastBillPrintDate":"2026-02-01T08:00:00.000Z","lastPrintedStatementTotalDue":361.98}
[2026-05-14T04:03:56.239Z] [info] [BillPanelTrace] getSumPaymentAmountsAfterLastBillPrint:start {"customerId":"CUS-3011000","customerName":"SUSAN YOUNG","accountNumber":"CUS-3011000","paymentHistoryLength":1,"lastBillPrintDate":"2026-02-01T08:00:00.000Z","lastBillPrintLedgerOrder":4,"latestBillingChargeSortMs":1769932800000,"latestBillingChargeLedgerOrder":4}
[2026-05-14T04:03:56.239Z] [info] [BillPanelTrace] getSum:skip_payment {"customerId":"CUS-3011000","customerName":"SUSAN YOUNG","accountNumber":"CUS-3011000","index":0,"reason":"testFreshStart"}
[2026-05-14T04:03:56.239Z] [info] [BillPanelTrace] getSumPaymentAmountsAfterLastBillPrint:result {"customerId":"CUS-3011000","customerName":"SUSAN YOUNG","accountNumber":"CUS-3011000","paidAfterSum":0}
[2026-05-14T04:03:56.239Z] [info] [BillPanelTrace] getProcessBillPanelAmounts:frozen_branch {"customerId":"CUS-3011000","customerName":"SUSAN YOUNG","accountNumber":"CUS-3011000","paidAfterLastBill":0,"willBypassFrozenToLive":false}
[2026-05-14T04:03:56.239Z] [info] [BillPanelTrace] getSumPaymentAmountsAfterLastBillPrint:start {"customerId":"CUS-3011000","customerName":"SUSAN YOUNG","accountNumber":"CUS-3011000","paymentHistoryLength":1,"lastBillPrintDate":"2026-02-01T08:00:00.000Z","lastBillPrintLedgerOrder":4,"latestBillingChargeSortMs":1769932800000,"latestBillingChargeLedgerOrder":4}
[2026-05-14T04:03:56.240Z] [info] [BillPanelTrace] getSum:skip_payment {"customerId":"CUS-3011000","customerName":"SUSAN YOUNG","accountNumber":"CUS-3011000","index":0,"reason":"testFreshStart"}
[2026-05-14T04:03:56.240Z] [info] [BillPanelTrace] getSumPaymentAmountsAfterLastBillPrint:result {"customerId":"CUS-3011000","customerName":"SUSAN YOUNG","accountNumber":"CUS-3011000","paidAfterSum":0}
[2026-05-14T04:03:56.240Z] [info] [BillPanelTrace] getSumPaymentAmountsAfterLastBillPrint:start {"customerId":"CUS-3011000","customerName":"SUSAN YOUNG","accountNumber":"CUS-3011000","paymentHistoryLength":1,"lastBillPrintDate":"2026-02-01T08:00:00.000Z","lastBillPrintLedgerOrder":4,"latestBillingChargeSortMs":1769932800000,"latestBillingChargeLedgerOrder":4}
[2026-05-14T04:03:56.240Z] [info] [BillPanelTrace] getSum:skip_payment {"customerId":"CUS-3011000","customerName":"SUSAN YOUNG","accountNumber":"CUS-3011000","index":0,"reason":"testFreshStart"}
[2026-05-14T04:03:56.240Z] [info] [BillPanelTrace] getSumPaymentAmountsAfterLastBillPrint:result {"customerId":"CUS-3011000","customerName":"SUSAN YOUNG","accountNumber":"CUS-3011000","paidAfterSum":0}
[2026-05-14T04:03:56.240Z] [info] [BillPanelTrace] getSumPaymentAmountsAfterLastBillPrint:start {"customerId":"CUS-3011000","customerName":"SUSAN YOUNG","accountNumber":"CUS-3011000","paymentHistoryLength":1,"lastBillPrintDate":"2026-02-01T08:00:00.000Z","lastBillPrintLedgerOrder":4,"latestBillingChargeSortMs":1769932800000,"latestBillingChargeLedgerOrder":4}
[2026-05-14T04:03:56.240Z] [info] [BillPanelTrace] getSum:skip_payment {"customerId":"CUS-3011000","customerName":"SUSAN YOUNG","accountNumber":"CUS-3011000","index":0,"reason":"testFreshStart"}
[2026-05-14T04:03:56.240Z] [info] [BillPanelTrace] getSumPaymentAmountsAfterLastBillPrint:result {"customerId":"CUS-3011000","customerName":"SUSAN YOUNG","accountNumber":"CUS-3011000","paidAfterSum":0}
[2026-05-14T04:03:56.240Z] [info] [BillPanelTrace] getSumPaymentAmountsAfterLastBillPrint:start {"customerId":"CUS-3011000","customerName":"SUSAN YOUNG","accountNumber":"CUS-3011000","paymentHistoryLength":1,"lastBillPrintDate":"2026-02-01T08:00:00.000Z","lastBillPrintLedgerOrder":4,"latestBillingChargeSortMs":1769932800000,"latestBillingChargeLedgerOrder":4}
[2026-05-14T04:03:56.240Z] [info] [BillPanelTrace] getSum:skip_payment {"customerId":"CUS-3011000","customerName":"SUSAN YOUNG","accountNumber":"CUS-3011000","index":0,"reason":"testFreshStart"}
[2026-05-14T04:03:56.240Z] [info] [BillPanelTrace] getSumPaymentAmountsAfterLastBillPrint:result {"customerId":"CUS-3011000","customerName":"SUSAN YOUNG","accountNumber":"CUS-3011000","paidAfterSum":0}
[2026-05-14T04:03:56.240Z] [info] [BillPanelTrace] calculateCustomerTotal:pastDueLedger_vs_panelLine {"customerId":"CUS-3011000","customerName":"SUSAN YOUNG","accountNumber":"CUS-3011000","pastDueLedger":183.49,"pastDueForOwed":178.49,"stmtUnpaid":361.98,"currentDue":183.49,"combined":361.98,"rolled":361.98,"total":361.98,"dedupStmtVsNet":false}
[2026-05-14T04:03:56.240Z] [info] [BillPanelTrace] getProcessBillPanelAmounts:result_frozen_panel {"customerId":"CUS-3011000","customerName":"SUSAN YOUNG","accountNumber":"CUS-3011000","total":366.98,"pastDue":178.49,"lateFee":10,"dueDateStr":"02/21/2026","fromFrozen":true}
[2026-05-14T04:03:56.240Z] [info] [BillPanelTrace] getProcessBillPanelAmounts:branch_check {"customerId":"CUS-3011000","customerName":"SUSAN YOUNG","accountNumber":"CUS-3011000","hasFrozenSnapshot":true,"frozenAmountDue":361.98,"lastBillPrintDate":"2026-02-01T08:00:00.000Z","lastPrintedStatementTotalDue":361.98}
[2026-05-14T04:03:56.240Z] [info] [BillPanelTrace] getSumPaymentAmountsAfterLastBillPrint:start {"customerId":"CUS-3011000","customerName":"SUSAN YOUNG","accountNumber":"CUS-3011000","paymentHistoryLength":1,"lastBillPrintDate":"2026-02-01T08:00:00.000Z","lastBillPrintLedgerOrder":4,"latestBillingChargeSortMs":1769932800000,"latestBillingChargeLedgerOrder":4}
[2026-05-14T04:03:56.240Z] [info] [BillPanelTrace] getSum:skip_payment {"customerId":"CUS-3011000","customerName":"SUSAN YOUNG","accountNumber":"CUS-3011000","index":0,"reason":"testFreshStart"}
[2026-05-14T04:03:56.240Z] [info] [BillPanelTrace] getSumPaymentAmountsAfterLastBillPrint:result {"customerId":"CUS-3011000","customerName":"SUSAN YOUNG","accountNumber":"CUS-3011000","paidAfterSum":0}
[2026-05-14T04:03:56.240Z] [info] [BillPanelTrace] getProcessBillPanelAmounts:frozen_branch {"customerId":"CUS-3011000","customerName":"SUSAN YOUNG","accountNumber":"CUS-3011000","paidAfterLastBill":0,"willBypassFrozenToLive":false}
[2026-05-14T04:03:56.240Z] [info] [BillPanelTrace] getSumPaymentAmountsAfterLastBillPrint:start {"customerId":"CUS-3011000","customerName":"SUSAN YOUNG","accountNumber":"CUS-3011000","paymentHistoryLength":1,"lastBillPrintDate":"2026-02-01T08:00:00.000Z","lastBillPrintLedgerOrder":4,"latestBillingChargeSortMs":1769932800000,"latestBillingChargeLedgerOrder":4}
[2026-05-14T04:03:56.240Z] [info] [BillPanelTrace] getSum:skip_payment {"customerId":"CUS-3011000","customerName":"SUSAN YOUNG","accountNumber":"CUS-3011000","index":0,"reason":"testFreshStart"}
[2026-05-14T04:03:56.240Z] [info] [BillPanelTrace] getSumPaymentAmountsAfterLastBillPrint:result {"customerId":"CUS-3011000","customerName":"SUSAN YOUNG","accountNumber":"CUS-3011000","paidAfterSum":0}
[2026-05-14T04:03:56.240Z] [info] [BillPanelTrace] getSumPaymentAmountsAfterLastBillPrint:start {"customerId":"CUS-3011000","customerName":"SUSAN YOUNG","accountNumber":"CUS-3011000","paymentHistoryLength":1,"lastBillPrintDate":"2026-02-01T08:00:00.000Z","lastBillPrintLedgerOrder":4,"latestBillingChargeSortMs":1769932800000,"latestBillingChargeLedgerOrder":4}
[2026-05-14T04:03:56.240Z] [info] [BillPanelTrace] getSum:skip_payment {"customerId":"CUS-3011000","customerName":"SUSAN YOUNG","accountNumber":"CUS-3011000","index":0,"reason":"testFreshStart"}
[2026-05-14T04:03:56.240Z] [info] [BillPanelTrace] getSumPaymentAmountsAfterLastBillPrint:result {"customerId":"CUS-3011000","customerName":"SUSAN YOUNG","accountNumber":"CUS-3011000","paidAfterSum":0}
[2026-05-14T04:03:56.240Z] [info] [BillPanelTrace] getSumPaymentAmountsAfterLastBillPrint:start {"customerId":"CUS-3011000","customerName":"SUSAN YOUNG","accountNumber":"CUS-3011000","paymentHistoryLength":1,"lastBillPrintDate":"2026-02-01T08:00:00.000Z","lastBillPrintLedgerOrder":4,"latestBillingChargeSortMs":1769932800000,"latestBillingChargeLedgerOrder":4}
[2026-05-14T04:03:56.240Z] [info] [BillPanelTrace] getSum:skip_payment {"customerId":"CUS-3011000","customerName":"SUSAN YOUNG","accountNumber":"CUS-3011000","index":0,"reason":"testFreshStart"}
[2026-05-14T04:03:56.240Z] [info] [BillPanelTrace] getSumPaymentAmountsAfterLastBillPrint:result {"customerId":"CUS-3011000","customerName":"SUSAN YOUNG","accountNumber":"CUS-3011000","paidAfterSum":0}
[2026-05-14T04:03:56.240Z] [info] [BillPanelTrace] getSumPaymentAmountsAfterLastBillPrint:start {"customerId":"CUS-3011000","customerName":"SUSAN YOUNG","accountNumber":"CUS-3011000","paymentHistoryLength":1,"lastBillPrintDate":"2026-02-01T08:00:00.000Z","lastBillPrintLedgerOrder":4,"latestBillingChargeSortMs":1769932800000,"latestBillingChargeLedgerOrder":4}
[2026-05-14T04:03:56.241Z] [info] [BillPanelTrace] getSum:skip_payment {"customerId":"CUS-3011000","customerName":"SUSAN YOUNG","accountNumber":"CUS-3011000","index":0,"reason":"testFreshStart"}
[2026-05-14T04:03:56.241Z] [info] [BillPanelTrace] getSumPaymentAmountsAfterLastBillPrint:result {"customerId":"CUS-3011000","customerName":"SUSAN YOUNG","accountNumber":"CUS-3011000","paidAfterSum":0}
[2026-05-14T04:03:56.241Z] [info] [BillPanelTrace] calculateCustomerTotal:pastDueLedger_vs_panelLine {"customerId":"CUS-3011000","customerName":"SUSAN YOUNG","accountNumber":"CUS-3011000","pastDueLedger":183.49,"pastDueForOwed":178.49,"stmtUnpaid":361.98,"currentDue":183.49,"combined":361.98,"rolled":361.98,"total":361.98,"dedupStmtVsNet":false}
[2026-05-14T04:03:56.241Z] [info] [BillPanelTrace] getProcessBillPanelAmounts:result_frozen_panel {"customerId":"CUS-3011000","customerName":"SUSAN YOUNG","accountNumber":"CUS-3011000","total":366.98,"pastDue":178.49,"lateFee":10,"dueDateStr":"02/21/2026","fromFrozen":true}
[2026-05-14T04:03:56.241Z] [info] [BillPanelTrace] getSumPaymentAmountsAfterLastBillPrint:start {"customerId":"CUS-3011000","customerName":"SUSAN YOUNG","accountNumber":"CUS-3011000","paymentHistoryLength":1,"lastBillPrintDate":"2026-02-01T08:00:00.000Z","lastBillPrintLedgerOrder":4,"latestBillingChargeSortMs":1769932800000,"latestBillingChargeLedgerOrder":4}
[2026-05-14T04:03:56.241Z] [info] [BillPanelTrace] getSum:skip_payment {"customerId":"CUS-3011000","customerName":"SUSAN YOUNG","accountNumber":"CUS-3011000","index":0,"reason":"testFreshStart"}
[2026-05-14T04:03:56.241Z] [info] [BillPanelTrace] getSumPaymentAmountsAfterLastBillPrint:result {"customerId":"CUS-3011000","customerName":"SUSAN YOUNG","accountNumber":"CUS-3011000","paidAfterSum":0}
[2026-05-14T04:03:56.241Z] [info] [BillPanelTrace] getSumPaymentAmountsAfterLastBillPrint:start {"customerId":"CUS-3011000","customerName":"SUSAN YOUNG","accountNumber":"CUS-3011000","paymentHistoryLength":1,"lastBillPrintDate":"2026-02-01T08:00:00.000Z","lastBillPrintLedgerOrder":4,"latestBillingChargeSortMs":1769932800000,"latestBillingChargeLedgerOrder":4}
[2026-05-14T04:03:56.241Z] [info] [BillPanelTrace] getSum:skip_payment {"customerId":"CUS-3011000","customerName":"SUSAN YOUNG","accountNumber":"CUS-3011000","index":0,"reason":"testFreshStart"}
[2026-05-14T04:03:56.241Z] [info] [BillPanelTrace] getSumPaymentAmountsAfterLastBillPrint:result {"customerId":"CUS-3011000","customerName":"SUSAN YOUNG","accountNumber":"CUS-3011000","paidAfterSum":0}
[2026-05-14T04:03:56.241Z] [info] [BillPanelTrace] getSumPaymentAmountsAfterLastBillPrint:start {"customerId":"CUS-3011000","customerName":"SUSAN YOUNG","accountNumber":"CUS-3011000","paymentHistoryLength":1,"lastBillPrintDate":"2026-02-01T08:00:00.000Z","lastBillPrintLedgerOrder":4,"latestBillingChargeSortMs":1769932800000,"latestBillingChargeLedgerOrder":4}
[2026-05-14T04:03:56.241Z] [info] [BillPanelTrace] getSum:skip_payment {"customerId":"CUS-3011000","customerName":"SUSAN YOUNG","accountNumber":"CUS-3011000","index":0,"reason":"testFreshStart"}
[2026-05-14T04:03:56.241Z] [info] [BillPanelTrace] getSumPaymentAmountsAfterLastBillPrint:result {"customerId":"CUS-3011000","customerName":"SUSAN YOUNG","accountNumber":"CUS-3011000","paidAfterSum":0}
[2026-05-14T04:03:56.241Z] [info] [BillPanelTrace] getProcessBillPanelAmounts:branch_check {"customerId":"CUS-3011000","customerName":"SUSAN YOUNG","accountNumber":"CUS-3011000","hasFrozenSnapshot":true,"frozenAmountDue":361.98,"lastBillPrintDate":"2026-02-01T08:00:00.000Z","lastPrintedStatementTotalDue":361.98}
[2026-05-14T04:03:56.241Z] [info] [BillPanelTrace] getSumPaymentAmountsAfterLastBillPrint:start {"customerId":"CUS-3011000","customerName":"SUSAN YOUNG","accountNumber":"CUS-3011000","paymentHistoryLength":1,"lastBillPrintDate":"2026-02-01T08:00:00.000Z","lastBillPrintLedgerOrder":4,"latestBillingChargeSortMs":1769932800000,"latestBillingChargeLedgerOrder":4}
[2026-05-14T04:03:56.241Z] [info] [BillPanelTrace] getSum:skip_payment {"customerId":"CUS-3011000","customerName":"SUSAN YOUNG","accountNumber":"CUS-3011000","index":0,"reason":"testFreshStart"}
[2026-05-14T04:03:56.241Z] [info] [BillPanelTrace] getSumPaymentAmountsAfterLastBillPrint:result {"customerId":"CUS-3011000","customerName":"SUSAN YOUNG","accountNumber":"CUS-3011000","paidAfterSum":0}
[2026-05-14T04:03:56.241Z] [info] [BillPanelTrace] getProcessBillPanelAmounts:frozen_branch {"customerId":"CUS-3011000","customerName":"SUSAN YOUNG","accountNumber":"CUS-3011000","paidAfterLastBill":0,"willBypassFrozenToLive":false}
[2026-05-14T04:03:56.241Z] [info] [BillPanelTrace] getSumPaymentAmountsAfterLastBillPrint:start {"customerId":"CUS-3011000","customerName":"SUSAN YOUNG","accountNumber":"CUS-3011000","paymentHistoryLength":1,"lastBillPrintDate":"2026-02-01T08:00:00.000Z","lastBillPrintLedgerOrder":4,"latestBillingChargeSortMs":1769932800000,"latestBillingChargeLedgerOrder":4}
[2026-05-14T04:03:56.241Z] [info] [BillPanelTrace] getSum:skip_payment {"customerId":"CUS-3011000","customerName":"SUSAN YOUNG","accountNumber":"CUS-3011000","index":0,"reason":"testFreshStart"}
[2026-05-14T04:03:56.241Z] [info] [BillPanelTrace] getSumPaymentAmountsAfterLastBillPrint:result {"customerId":"CUS-3011000","customerName":"SUSAN YOUNG","accountNumber":"CUS-3011000","paidAfterSum":0}
[2026-05-14T04:03:56.241Z] [info] [BillPanelTrace] getSumPaymentAmountsAfterLastBillPrint:start {"customerId":"CUS-3011000","customerName":"SUSAN YOUNG","accountNumber":"CUS-3011000","paymentHistoryLength":1,"lastBillPrintDate":"2026-02-01T08:00:00.000Z","lastBillPrintLedgerOrder":4,"latestBillingChargeSortMs":1769932800000,"latestBillingChargeLedgerOrder":4}
[2026-05-14T04:03:56.241Z] [info] [BillPanelTrace] getSum:skip_payment {"customerId":"CUS-3011000","customerName":"SUSAN YOUNG","accountNumber":"CUS-3011000","index":0,"reason":"testFreshStart"}
[2026-05-14T04:03:56.241Z] [info] [BillPanelTrace] getSumPaymentAmountsAfterLastBillPrint:result {"customerId":"CUS-3011000","customerName":"SUSAN YOUNG","accountNumber":"CUS-3011000","paidAfterSum":0}
[2026-05-14T04:03:56.241Z] [info] [BillPanelTrace] getSumPaymentAmountsAfterLastBillPrint:start {"customerId":"CUS-3011000","customerName":"SUSAN YOUNG","accountNumber":"CUS-3011000","paymentHistoryLength":1,"lastBillPrintDate":"2026-02-01T08:00:00.000Z","lastBillPrintLedgerOrder":4,"latestBillingChargeSortMs":1769932800000,"latestBillingChargeLedgerOrder":4}
[2026-05-14T04:03:56.241Z] [info] [BillPanelTrace] getSum:skip_payment {"customerId":"CUS-3011000","customerName":"SUSAN YOUNG","accountNumber":"CUS-3011000","index":0,"reason":"testFreshStart"}
[2026-05-14T04:03:56.241Z] [info] [BillPanelTrace] getSumPaymentAmountsAfterLastBillPrint:result {"customerId":"CUS-3011000","customerName":"SUSAN YOUNG","accountNumber":"CUS-3011000","paidAfterSum":0}
[2026-05-14T04:03:56.241Z] [info] [BillPanelTrace] getSumPaymentAmountsAfterLastBillPrint:start {"customerId":"CUS-3011000","customerName":"SUSAN YOUNG","accountNumber":"CUS-3011000","paymentHistoryLength":1,"lastBillPrintDate":"2026-02-01T08:00:00.000Z","lastBillPrintLedgerOrder":4,"latestBillingChargeSortMs":1769932800000,"latestBillingChargeLedgerOrder":4}
[2026-05-14T04:03:56.241Z] [info] [BillPanelTrace] getSum:skip_payment {"customerId":"CUS-3011000","customerName":"SUSAN YOUNG","accountNumber":"CUS-3011000","index":0,"reason":"testFreshStart"}
[2026-05-14T04:03:56.241Z] [info] [BillPanelTrace] getSumPaymentAmountsAfterLastBillPrint:result {"customerId":"CUS-3011000","customerName":"SUSAN YOUNG","accountNumber":"CUS-3011000","paidAfterSum":0}
[2026-05-14T04:03:56.241Z] [info] [BillPanelTrace] calculateCustomerTotal:pastDueLedger_vs_panelLine {"customerId":"CUS-3011000","customerName":"SUSAN YOUNG","accountNumber":"CUS-3011000","pastDueLedger":183.49,"pastDueForOwed":178.49,"stmtUnpaid":361.98,"currentDue":183.49,"combined":361.98,"rolled":361.98,"total":361.98,"dedupStmtVsNet":false}
[2026-05-14T04:03:56.242Z] [info] [BillPanelTrace] getProcessBillPanelAmounts:result_frozen_panel {"customerId":"CUS-3011000","customerName":"SUSAN YOUNG","accountNumber":"CUS-3011000","total":366.98,"pastDue":178.49,"lateFee":10,"dueDateStr":"02/21/2026","fromFrozen":true}
[2026-05-14T04:03:56.242Z] [info] [BillPanelTrace] getSumPaymentAmountsAfterLastBillPrint:start {"customerId":"CUS-3011000","customerName":"SUSAN YOUNG","accountNumber":"CUS-3011000","paymentHistoryLength":1,"lastBillPrintDate":"2026-02-01T08:00:00.000Z","lastBillPrintLedgerOrder":4,"latestBillingChargeSortMs":1769932800000,"latestBillingChargeLedgerOrder":4}
[2026-05-14T04:03:56.242Z] [info] [BillPanelTrace] getSum:skip_payment {"customerId":"CUS-3011000","customerName":"SUSAN YOUNG","accountNumber":"CUS-3011000","index":0,"reason":"testFreshStart"}
[2026-05-14T04:03:56.242Z] [info] [BillPanelTrace] getSumPaymentAmountsAfterLastBillPrint:result {"customerId":"CUS-3011000","customerName":"SUSAN YOUNG","accountNumber":"CUS-3011000","paidAfterSum":0}
[2026-05-14T04:03:56.242Z] [info] [BillPanelTrace] calculateCustomerTotal:pastDueLedger_vs_panelLine {"customerId":"CUS-3011000","customerName":"SUSAN YOUNG","accountNumber":"CUS-3011000","pastDueLedger":183.49,"pastDueForOwed":178.49,"stmtUnpaid":361.98,"currentDue":183.49,"combined":361.98,"rolled":361.98,"total":361.98,"dedupStmtVsNet":false}
[2026-05-14T04:03:56.354Z] [info] [BillPanelTrace] getProcessBillPanelAmounts:branch_check {"customerId":"CUS-3011000","customerName":"SUSAN YOUNG","accountNumber":"CUS-3011000","hasFrozenSnapshot":true,"frozenAmountDue":361.98,"lastBillPrintDate":"2026-02-01T08:00:00.000Z","lastPrintedStatementTotalDue":361.98}
[2026-05-14T04:03:56.354Z] [info] [BillPanelTrace] getSumPaymentAmountsAfterLastBillPrint:start {"customerId":"CUS-3011000","customerName":"SUSAN YOUNG","accountNumber":"CUS-3011000","paymentHistoryLength":1,"lastBillPrintDate":"2026-02-01T08:00:00.000Z","lastBillPrintLedgerOrder":4,"latestBillingChargeSortMs":1769932800000,"latestBillingChargeLedgerOrder":4}
[2026-05-14T04:03:56.354Z] [info] [BillPanelTrace] getSum:skip_payment {"customerId":"CUS-3011000","customerName":"SUSAN YOUNG","accountNumber":"CUS-3011000","index":0,"reason":"testFreshStart"}
[2026-05-14T04:03:56.354Z] [info] [BillPanelTrace] getSumPaymentAmountsAfterLastBillPrint:result {"customerId":"CUS-3011000","customerName":"SUSAN YOUNG","accountNumber":"CUS-3011000","paidAfterSum":0}
[2026-05-14T04:03:56.354Z] [info] [BillPanelTrace] getProcessBillPanelAmounts:frozen_branch {"customerId":"CUS-3011000","customerName":"SUSAN YOUNG","accountNumber":"CUS-3011000","paidAfterLastBill":0,"willBypassFrozenToLive":false}
[2026-05-14T04:03:56.354Z] [info] [BillPanelTrace] getProcessBillPanelAmounts:branch_check {"customerId":"CUS-3011000","customerName":"SUSAN YOUNG","accountNumber":"CUS-3011000","hasFrozenSnapshot":true,"frozenAmountDue":361.98,"lastBillPrintDate":"2026-02-01T08:00:00.000Z","lastPrintedStatementTotalDue":361.98}
[2026-05-14T04:03:56.354Z] [info] [BillPanelTrace] getSumPaymentAmountsAfterLastBillPrint:start {"customerId":"CUS-3011000","customerName":"SUSAN YOUNG","accountNumber":"CUS-3011000","paymentHistoryLength":1,"lastBillPrintDate":"2026-02-01T08:00:00.000Z","lastBillPrintLedgerOrder":4,"latestBillingChargeSortMs":1769932800000,"latestBillingChargeLedgerOrder":4}
[2026-05-14T04:03:56.354Z] [info] [BillPanelTrace] getSum:skip_payment {"customerId":"CUS-3011000","customerName":"SUSAN YOUNG","accountNumber":"CUS-3011000","index":0,"reason":"testFreshStart"}
[2026-05-14T04:03:56.354Z] [info] [BillPanelTrace] getSumPaymentAmountsAfterLastBillPrint:result {"customerId":"CUS-3011000","customerName":"SUSAN YOUNG","accountNumber":"CUS-3011000","paidAfterSum":0}
[2026-05-14T04:03:56.354Z] [info] [BillPanelTrace] getProcessBillPanelAmounts:frozen_branch {"customerId":"CUS-3011000","customerName":"SUSAN YOUNG","accountNumber":"CUS-3011000","paidAfterLastBill":0,"willBypassFrozenToLive":false}
[2026-05-14T04:03:56.354Z] [info] [BillPanelTrace] getSumPaymentAmountsAfterLastBillPrint:start {"customerId":"CUS-3011000","customerName":"SUSAN YOUNG","accountNumber":"CUS-3011000","paymentHistoryLength":1,"lastBillPrintDate":"2026-02-01T08:00:00.000Z","lastBillPrintLedgerOrder":4,"latestBillingChargeSortMs":1769932800000,"latestBillingChargeLedgerOrder":4}
[2026-05-14T04:03:56.354Z] [info] [BillPanelTrace] getSum:skip_payment {"customerId":"CUS-3011000","customerName":"SUSAN YOUNG","accountNumber":"CUS-3011000","index":0,"reason":"testFreshStart"}
[2026-05-14T04:03:56.354Z] [info] [BillPanelTrace] getSumPaymentAmountsAfterLastBillPrint:result {"customerId":"CUS-3011000","customerName":"SUSAN YOUNG","accountNumber":"CUS-3011000","paidAfterSum":0}
[2026-05-14T04:03:56.354Z] [info] [BillPanelTrace] getSumPaymentAmountsAfterLastBillPrint:start {"customerId":"CUS-3011000","customerName":"SUSAN YOUNG","accountNumber":"CUS-3011000","paymentHistoryLength":1,"lastBillPrintDate":"2026-02-01T08:00:00.000Z","lastBillPrintLedgerOrder":4,"latestBillingChargeSortMs":1769932800000,"latestBillingChargeLedgerOrder":4}
[2026-05-14T04:03:56.354Z] [info] [BillPanelTrace] getSum:skip_payment {"customerId":"CUS-3011000","customerName":"SUSAN YOUNG","accountNumber":"CUS-3011000","index":0,"reason":"testFreshStart"}
[2026-05-14T04:03:56.354Z] [info] [BillPanelTrace] getSumPaymentAmountsAfterLastBillPrint:result {"customerId":"CUS-3011000","customerName":"SUSAN YOUNG","accountNumber":"CUS-3011000","paidAfterSum":0}
[2026-05-14T04:03:56.354Z] [info] [BillPanelTrace] getSumPaymentAmountsAfterLastBillPrint:start {"customerId":"CUS-3011000","customerName":"SUSAN YOUNG","accountNumber":"CUS-3011000","paymentHistoryLength":1,"lastBillPrintDate":"2026-02-01T08:00:00.000Z","lastBillPrintLedgerOrder":4,"latestBillingChargeSortMs":1769932800000,"latestBillingChargeLedgerOrder":4}
[2026-05-14T04:03:56.354Z] [info] [BillPanelTrace] getSum:skip_payment {"customerId":"CUS-3011000","customerName":"SUSAN YOUNG","accountNumber":"CUS-3011000","index":0,"reason":"testFreshStart"}
[2026-05-14T04:03:56.354Z] [info] [BillPanelTrace] getSumPaymentAmountsAfterLastBillPrint:result {"customerId":"CUS-3011000","customerName":"SUSAN YOUNG","accountNumber":"CUS-3011000","paidAfterSum":0}
[2026-05-14T04:03:56.354Z] [info] [BillPanelTrace] getSumPaymentAmountsAfterLastBillPrint:start {"customerId":"CUS-3011000","customerName":"SUSAN YOUNG","accountNumber":"CUS-3011000","paymentHistoryLength":1,"lastBillPrintDate":"2026-02-01T08:00:00.000Z","lastBillPrintLedgerOrder":4,"latestBillingChargeSortMs":1769932800000,"latestBillingChargeLedgerOrder":4}
[2026-05-14T04:03:56.354Z] [info] [BillPanelTrace] getSum:skip_payment {"customerId":"CUS-3011000","customerName":"SUSAN YOUNG","accountNumber":"CUS-3011000","index":0,"reason":"testFreshStart"}
[2026-05-14T04:03:56.355Z] [info] [BillPanelTrace] getSumPaymentAmountsAfterLastBillPrint:result {"customerId":"CUS-3011000","customerName":"SUSAN YOUNG","accountNumber":"CUS-3011000","paidAfterSum":0}
[2026-05-14T04:03:56.355Z] [info] [BillPanelTrace] calculateCustomerTotal:pastDueLedger_vs_panelLine {"customerId":"CUS-3011000","customerName":"SUSAN YOUNG","accountNumber":"CUS-3011000","pastDueLedger":183.49,"pastDueForOwed":178.49,"stmtUnpaid":361.98,"currentDue":183.49,"combined":361.98,"rolled":361.98,"total":361.98,"dedupStmtVsNet":false}
[2026-05-14T04:03:56.355Z] [info] [BillPanelTrace] getProcessBillPanelAmounts:result_frozen_panel {"customerId":"CUS-3011000","customerName":"SUSAN YOUNG","accountNumber":"CUS-3011000","total":366.98,"pastDue":178.49,"lateFee":10,"dueDateStr":"02/21/2026","fromFrozen":true}
[2026-05-14T04:03:56.355Z] [info] [BillPanelTrace] getProcessBillPanelAmounts:branch_check {"customerId":"CUS-3011000","customerName":"SUSAN YOUNG","accountNumber":"CUS-3011000","hasFrozenSnapshot":true,"frozenAmountDue":361.98,"lastBillPrintDate":"2026-02-01T08:00:00.000Z","lastPrintedStatementTotalDue":361.98}
[2026-05-14T04:03:56.355Z] [info] [BillPanelTrace] getSumPaymentAmountsAfterLastBillPrint:start {"customerId":"CUS-3011000","customerName":"SUSAN YOUNG","accountNumber":"CUS-3011000","paymentHistoryLength":1,"lastBillPrintDate":"2026-02-01T08:00:00.000Z","lastBillPrintLedgerOrder":4,"latestBillingChargeSortMs":1769932800000,"latestBillingChargeLedgerOrder":4}
[2026-05-14T04:03:56.355Z] [info] [BillPanelTrace] getSum:skip_payment {"customerId":"CUS-3011000","customerName":"SUSAN YOUNG","accountNumber":"CUS-3011000","index":0,"reason":"testFreshStart"}
[2026-05-14T04:03:56.355Z] [info] [BillPanelTrace] getSumPaymentAmountsAfterLastBillPrint:result {"customerId":"CUS-3011000","customerName":"SUSAN YOUNG","accountNumber":"CUS-3011000","paidAfterSum":0}
[2026-05-14T04:03:56.355Z] [info] [BillPanelTrace] getProcessBillPanelAmounts:frozen_branch {"customerId":"CUS-3011000","customerName":"SUSAN YOUNG","accountNumber":"CUS-3011000","paidAfterLastBill":0,"willBypassFrozenToLive":false}
[2026-05-14T04:03:56.355Z] [info] [BillPanelTrace] getSumPaymentAmountsAfterLastBillPrint:start {"customerId":"CUS-3011000","customerName":"SUSAN YOUNG","accountNumber":"CUS-3011000","paymentHistoryLength":1,"lastBillPrintDate":"2026-02-01T08:00:00.000Z","lastBillPrintLedgerOrder":4,"latestBillingChargeSortMs":1769932800000,"latestBillingChargeLedgerOrder":4}
[2026-05-14T04:03:56.355Z] [info] [BillPanelTrace] getSum:skip_payment {"customerId":"CUS-3011000","customerName":"SUSAN YOUNG","accountNumber":"CUS-3011000","index":0,"reason":"testFreshStart"}
[2026-05-14T04:03:56.355Z] [info] [BillPanelTrace] getSumPaymentAmountsAfterLastBillPrint:result {"customerId":"CUS-3011000","customerName":"SUSAN YOUNG","accountNumber":"CUS-3011000","paidAfterSum":0}
[2026-05-14T04:03:56.355Z] [info] [BillPanelTrace] getSumPaymentAmountsAfterLastBillPrint:start {"customerId":"CUS-3011000","customerName":"SUSAN YOUNG","accountNumber":"CUS-3011000","paymentHistoryLength":1,"lastBillPrintDate":"2026-02-01T08:00:00.000Z","lastBillPrintLedgerOrder":4,"latestBillingChargeSortMs":1769932800000,"latestBillingChargeLedgerOrder":4}
[2026-05-14T04:03:56.355Z] [info] [BillPanelTrace] getSum:skip_payment {"customerId":"CUS-3011000","customerName":"SUSAN YOUNG","accountNumber":"CUS-3011000","index":0,"reason":"testFreshStart"}
[2026-05-14T04:03:56.355Z] [info] [BillPanelTrace] getSumPaymentAmountsAfterLastBillPrint:result {"customerId":"CUS-3011000","customerName":"SUSAN YOUNG","accountNumber":"CUS-3011000","paidAfterSum":0}
[2026-05-14T04:03:56.355Z] [info] [BillPanelTrace] getSumPaymentAmountsAfterLastBillPrint:start {"customerId":"CUS-3011000","customerName":"SUSAN YOUNG","accountNumber":"CUS-3011000","paymentHistoryLength":1,"lastBillPrintDate":"2026-02-01T08:00:00.000Z","lastBillPrintLedgerOrder":4,"latestBillingChargeSortMs":1769932800000,"latestBillingChargeLedgerOrder":4}
[2026-05-14T04:03:56.355Z] [info] [BillPanelTrace] getSum:skip_payment {"customerId":"CUS-3011000","customerName":"SUSAN YOUNG","accountNumber":"CUS-3011000","index":0,"reason":"testFreshStart"}
[2026-05-14T04:03:56.355Z] [info] [BillPanelTrace] getSumPaymentAmountsAfterLastBillPrint:result {"customerId":"CUS-3011000","customerName":"SUSAN YOUNG","accountNumber":"CUS-3011000","paidAfterSum":0}
[2026-05-14T04:03:56.355Z] [info] [BillPanelTrace] getSumPaymentAmountsAfterLastBillPrint:start {"customerId":"CUS-3011000","customerName":"SUSAN YOUNG","accountNumber":"CUS-3011000","paymentHistoryLength":1,"lastBillPrintDate":"2026-02-01T08:00:00.000Z","lastBillPrintLedgerOrder":4,"latestBillingChargeSortMs":1769932800000,"latestBillingChargeLedgerOrder":4}
[2026-05-14T04:03:56.355Z] [info] [BillPanelTrace] getSum:skip_payment {"customerId":"CUS-3011000","customerName":"SUSAN YOUNG","accountNumber":"CUS-3011000","index":0,"reason":"testFreshStart"}
[2026-05-14T04:03:56.355Z] [info] [BillPanelTrace] getSumPaymentAmountsAfterLastBillPrint:result {"customerId":"CUS-3011000","customerName":"SUSAN YOUNG","accountNumber":"CUS-3011000","paidAfterSum":0}
[2026-05-14T04:03:56.355Z] [info] [BillPanelTrace] calculateCustomerTotal:pastDueLedger_vs_panelLine {"customerId":"CUS-3011000","customerName":"SUSAN YOUNG","accountNumber":"CUS-3011000","pastDueLedger":183.49,"pastDueForOwed":178.49,"stmtUnpaid":361.98,"currentDue":183.49,"combined":361.98,"rolled":361.98,"total":361.98,"dedupStmtVsNet":false}
[2026-05-14T04:03:56.355Z] [info] [BillPanelTrace] getProcessBillPanelAmounts:result_frozen_panel {"customerId":"CUS-3011000","customerName":"SUSAN YOUNG","accountNumber":"CUS-3011000","total":366.98,"pastDue":178.49,"lateFee":10,"dueDateStr":"02/21/2026","fromFrozen":true}
[2026-05-14T04:03:56.355Z] [info] [BillPanelTrace] getProcessBillPanelAmounts:branch_check {"customerId":"CUS-3011000","customerName":"SUSAN YOUNG","accountNumber":"CUS-3011000","hasFrozenSnapshot":true,"frozenAmountDue":361.98,"lastBillPrintDate":"2026-02-01T08:00:00.000Z","lastPrintedStatementTotalDue":361.98}
[2026-05-14T04:03:56.355Z] [info] [BillPanelTrace] getSumPaymentAmountsAfterLastBillPrint:start {"customerId":"CUS-3011000","customerName":"SUSAN YOUNG","accountNumber":"CUS-3011000","paymentHistoryLength":1,"lastBillPrintDate":"2026-02-01T08:00:00.000Z","lastBillPrintLedgerOrder":4,"latestBillingChargeSortMs":1769932800000,"latestBillingChargeLedgerOrder":4}
[2026-05-14T04:03:56.355Z] [info] [BillPanelTrace] getSum:skip_payment {"customerId":"CUS-3011000","customerName":"SUSAN YOUNG","accountNumber":"CUS-3011000","index":0,"reason":"testFreshStart"}
[2026-05-14T04:03:56.355Z] [info] [BillPanelTrace] getSumPaymentAmountsAfterLastBillPrint:result {"customerId":"CUS-3011000","customerName":"SUSAN YOUNG","accountNumber":"CUS-3011000","paidAfterSum":0}
[2026-05-14T04:03:56.355Z] [info] [BillPanelTrace] getProcessBillPanelAmounts:frozen_branch {"customerId":"CUS-3011000","customerName":"SUSAN YOUNG","accountNumber":"CUS-3011000","paidAfterLastBill":0,"willBypassFrozenToLive":false}
[2026-05-14T04:03:56.355Z] [info] [BillPanelTrace] getSumPaymentAmountsAfterLastBillPrint:start {"customerId":"CUS-3011000","customerName":"SUSAN YOUNG","accountNumber":"CUS-3011000","paymentHistoryLength":1,"lastBillPrintDate":"2026-02-01T08:00:00.000Z","lastBillPrintLedgerOrder":4,"latestBillingChargeSortMs":1769932800000,"latestBillingChargeLedgerOrder":4}
[2026-05-14T04:03:56.355Z] [info] [BillPanelTrace] getSum:skip_payment {"customerId":"CUS-3011000","customerName":"SUSAN YOUNG","accountNumber":"CUS-3011000","index":0,"reason":"testFreshStart"}
[2026-05-14T04:03:56.355Z] [info] [BillPanelTrace] getSumPaymentAmountsAfterLastBillPrint:result {"customerId":"CUS-3011000","customerName":"SUSAN YOUNG","accountNumber":"CUS-3011000","paidAfterSum":0}
[2026-05-14T04:03:56.355Z] [info] [BillPanelTrace] getSumPaymentAmountsAfterLastBillPrint:start {"customerId":"CUS-3011000","customerName":"SUSAN YOUNG","accountNumber":"CUS-3011000","paymentHistoryLength":1,"lastBillPrintDate":"2026-02-01T08:00:00.000Z","lastBillPrintLedgerOrder":4,"latestBillingChargeSortMs":1769932800000,"latestBillingChargeLedgerOrder":4}
[2026-05-14T04:03:56.355Z] [info] [BillPanelTrace] getSum:skip_payment {"customerId":"CUS-3011000","customerName":"SUSAN YOUNG","accountNumber":"CUS-3011000","index":0,"reason":"testFreshStart"}
[2026-05-14T04:03:56.355Z] [info] [BillPanelTrace] getSumPaymentAmountsAfterLastBillPrint:result {"customerId":"CUS-3011000","customerName":"SUSAN YOUNG","accountNumber":"CUS-3011000","paidAfterSum":0}
[2026-05-14T04:03:56.355Z] [info] [BillPanelTrace] getSumPaymentAmountsAfterLastBillPrint:start {"customerId":"CUS-3011000","customerName":"SUSAN YOUNG","accountNumber":"CUS-3011000","paymentHistoryLength":1,"lastBillPrintDate":"2026-02-01T08:00:00.000Z","lastBillPrintLedgerOrder":4,"latestBillingChargeSortMs":1769932800000,"latestBillingChargeLedgerOrder":4}
[2026-05-14T04:03:56.355Z] [info] [BillPanelTrace] getSum:skip_payment {"customerId":"CUS-3011000","customerName":"SUSAN YOUNG","accountNumber":"CUS-3011000","index":0,"reason":"testFreshStart"}
[2026-05-14T04:03:56.355Z] [info] [BillPanelTrace] getSumPaymentAmountsAfterLastBillPrint:result {"customerId":"CUS-3011000","customerName":"SUSAN YOUNG","accountNumber":"CUS-3011000","paidAfterSum":0}
[2026-05-14T04:03:56.356Z] [info] [BillPanelTrace] getSumPaymentAmountsAfterLastBillPrint:start {"customerId":"CUS-3011000","customerName":"SUSAN YOUNG","accountNumber":"CUS-3011000","paymentHistoryLength":1,"lastBillPrintDate":"2026-02-01T08:00:00.000Z","lastBillPrintLedgerOrder":4,"latestBillingChargeSortMs":1769932800000,"latestBillingChargeLedgerOrder":4}
[2026-05-14T04:03:56.356Z] [info] [BillPanelTrace] getSum:skip_payment {"customerId":"CUS-3011000","customerName":"SUSAN YOUNG","accountNumber":"CUS-3011000","index":0,"reason":"testFreshStart"}
[2026-05-14T04:03:56.356Z] [info] [BillPanelTrace] getSumPaymentAmountsAfterLastBillPrint:result {"customerId":"CUS-3011000","customerName":"SUSAN YOUNG","accountNumber":"CUS-3011000","paidAfterSum":0}
[2026-05-14T04:03:56.356Z] [info] [BillPanelTrace] calculateCustomerTotal:pastDueLedger_vs_panelLine {"customerId":"CUS-3011000","customerName":"SUSAN YOUNG","accountNumber":"CUS-3011000","pastDueLedger":183.49,"pastDueForOwed":178.49,"stmtUnpaid":361.98,"currentDue":183.49,"combined":361.98,"rolled":361.98,"total":361.98,"dedupStmtVsNet":false}
[2026-05-14T04:03:56.356Z] [info] [BillPanelTrace] getProcessBillPanelAmounts:result_frozen_panel {"customerId":"CUS-3011000","customerName":"SUSAN YOUNG","accountNumber":"CUS-3011000","total":366.98,"pastDue":178.49,"lateFee":10,"dueDateStr":"02/21/2026","fromFrozen":true}
[2026-05-14T04:03:56.356Z] [info] [BillPanelTrace] getSumPaymentAmountsAfterLastBillPrint:start {"customerId":"CUS-3011000","customerName":"SUSAN YOUNG","accountNumber":"CUS-3011000","paymentHistoryLength":1,"lastBillPrintDate":"2026-02-01T08:00:00.000Z","lastBillPrintLedgerOrder":4,"latestBillingChargeSortMs":1769932800000,"latestBillingChargeLedgerOrder":4}
[2026-05-14T04:03:56.356Z] [info] [BillPanelTrace] getSum:skip_payment {"customerId":"CUS-3011000","customerName":"SUSAN YOUNG","accountNumber":"CUS-3011000","index":0,"reason":"testFreshStart"}
[2026-05-14T04:03:56.356Z] [info] [BillPanelTrace] getSumPaymentAmountsAfterLastBillPrint:result {"customerId":"CUS-3011000","customerName":"SUSAN YOUNG","accountNumber":"CUS-3011000","paidAfterSum":0}
[2026-05-14T04:03:56.356Z] [info] [BillPanelTrace] getSumPaymentAmountsAfterLastBillPrint:start {"customerId":"CUS-3011000","customerName":"SUSAN YOUNG","accountNumber":"CUS-3011000","paymentHistoryLength":1,"lastBillPrintDate":"2026-02-01T08:00:00.000Z","lastBillPrintLedgerOrder":4,"latestBillingChargeSortMs":1769932800000,"latestBillingChargeLedgerOrder":4}
[2026-05-14T04:03:56.356Z] [info] [BillPanelTrace] getSum:skip_payment {"customerId":"CUS-3011000","customerName":"SUSAN YOUNG","accountNumber":"CUS-3011000","index":0,"reason":"testFreshStart"}
[2026-05-14T04:03:56.356Z] [info] [BillPanelTrace] getSumPaymentAmountsAfterLastBillPrint:result {"customerId":"CUS-3011000","customerName":"SUSAN YOUNG","accountNumber":"CUS-3011000","paidAfterSum":0}
[2026-05-14T04:03:56.356Z] [info] [BillPanelTrace] getSumPaymentAmountsAfterLastBillPrint:start {"customerId":"CUS-3011000","customerName":"SUSAN YOUNG","accountNumber":"CUS-3011000","paymentHistoryLength":1,"lastBillPrintDate":"2026-02-01T08:00:00.000Z","lastBillPrintLedgerOrder":4,"latestBillingChargeSortMs":1769932800000,"latestBillingChargeLedgerOrder":4}
[2026-05-14T04:03:56.356Z] [info] [BillPanelTrace] getSum:skip_payment {"customerId":"CUS-3011000","customerName":"SUSAN YOUNG","accountNumber":"CUS-3011000","index":0,"reason":"testFreshStart"}
[2026-05-14T04:03:56.356Z] [info] [BillPanelTrace] getSumPaymentAmountsAfterLastBillPrint:result {"customerId":"CUS-3011000","customerName":"SUSAN YOUNG","accountNumber":"CUS-3011000","paidAfterSum":0}
[2026-05-14T04:03:56.356Z] [info] [BillPanelTrace] getProcessBillPanelAmounts:branch_check {"customerId":"CUS-3011000","customerName":"SUSAN YOUNG","accountNumber":"CUS-3011000","hasFrozenSnapshot":true,"frozenAmountDue":361.98,"lastBillPrintDate":"2026-02-01T08:00:00.000Z","lastPrintedStatementTotalDue":361.98}
[2026-05-14T04:03:56.356Z] [info] [BillPanelTrace] getSumPaymentAmountsAfterLastBillPrint:start {"customerId":"CUS-3011000","customerName":"SUSAN YOUNG","accountNumber":"CUS-3011000","paymentHistoryLength":1,"lastBillPrintDate":"2026-02-01T08:00:00.000Z","lastBillPrintLedgerOrder":4,"latestBillingChargeSortMs":1769932800000,"latestBillingChargeLedgerOrder":4}
[2026-05-14T04:03:56.356Z] [info] [BillPanelTrace] getSum:skip_payment {"customerId":"CUS-3011000","customerName":"SUSAN YOUNG","accountNumber":"CUS-3011000","index":0,"reason":"testFreshStart"}
[2026-05-14T04:03:56.356Z] [info] [BillPanelTrace] getSumPaymentAmountsAfterLastBillPrint:result {"customerId":"CUS-3011000","customerName":"SUSAN YOUNG","accountNumber":"CUS-3011000","paidAfterSum":0}
[2026-05-14T04:03:56.356Z] [info] [BillPanelTrace] getProcessBillPanelAmounts:frozen_branch {"customerId":"CUS-3011000","customerName":"SUSAN YOUNG","accountNumber":"CUS-3011000","paidAfterLastBill":0,"willBypassFrozenToLive":false}
[2026-05-14T04:03:56.356Z] [info] [BillPanelTrace] getSumPaymentAmountsAfterLastBillPrint:start {"customerId":"CUS-3011000","customerName":"SUSAN YOUNG","accountNumber":"CUS-3011000","paymentHistoryLength":1,"lastBillPrintDate":"2026-02-01T08:00:00.000Z","lastBillPrintLedgerOrder":4,"latestBillingChargeSortMs":1769932800000,"latestBillingChargeLedgerOrder":4}
[2026-05-14T04:03:56.356Z] [info] [BillPanelTrace] getSum:skip_payment {"customerId":"CUS-3011000","customerName":"SUSAN YOUNG","accountNumber":"CUS-3011000","index":0,"reason":"testFreshStart"}
[2026-05-14T04:03:56.356Z] [info] [BillPanelTrace] getSumPaymentAmountsAfterLastBillPrint:result {"customerId":"CUS-3011000","customerName":"SUSAN YOUNG","accountNumber":"CUS-3011000","paidAfterSum":0}
[2026-05-14T04:03:56.356Z] [info] [BillPanelTrace] getSumPaymentAmountsAfterLastBillPrint:start {"customerId":"CUS-3011000","customerName":"SUSAN YOUNG","accountNumber":"CUS-3011000","paymentHistoryLength":1,"lastBillPrintDate":"2026-02-01T08:00:00.000Z","lastBillPrintLedgerOrder":4,"latestBillingChargeSortMs":1769932800000,"latestBillingChargeLedgerOrder":4}
[2026-05-14T04:03:56.356Z] [info] [BillPanelTrace] getSum:skip_payment {"customerId":"CUS-3011000","customerName":"SUSAN YOUNG","accountNumber":"CUS-3011000","index":0,"reason":"testFreshStart"}
[2026-05-14T04:03:56.356Z] [info] [BillPanelTrace] getSumPaymentAmountsAfterLastBillPrint:result {"customerId":"CUS-3011000","customerName":"SUSAN YOUNG","accountNumber":"CUS-3011000","paidAfterSum":0}
[2026-05-14T04:03:56.356Z] [info] [BillPanelTrace] getSumPaymentAmountsAfterLastBillPrint:start {"customerId":"CUS-3011000","customerName":"SUSAN YOUNG","accountNumber":"CUS-3011000","paymentHistoryLength":1,"lastBillPrintDate":"2026-02-01T08:00:00.000Z","lastBillPrintLedgerOrder":4,"latestBillingChargeSortMs":1769932800000,"latestBillingChargeLedgerOrder":4}
[2026-05-14T04:03:56.356Z] [info] [BillPanelTrace] getSum:skip_payment {"customerId":"CUS-3011000","customerName":"SUSAN YOUNG","accountNumber":"CUS-3011000","index":0,"reason":"testFreshStart"}
[2026-05-14T04:03:56.356Z] [info] [BillPanelTrace] getSumPaymentAmountsAfterLastBillPrint:result {"customerId":"CUS-3011000","customerName":"SUSAN YOUNG","accountNumber":"CUS-3011000","paidAfterSum":0}
[2026-05-14T04:03:56.356Z] [info] [BillPanelTrace] getSumPaymentAmountsAfterLastBillPrint:start {"customerId":"CUS-3011000","customerName":"SUSAN YOUNG","accountNumber":"CUS-3011000","paymentHistoryLength":1,"lastBillPrintDate":"2026-02-01T08:00:00.000Z","lastBillPrintLedgerOrder":4,"latestBillingChargeSortMs":1769932800000,"latestBillingChargeLedgerOrder":4}
[2026-05-14T04:03:56.356Z] [info] [BillPanelTrace] getSum:skip_payment {"customerId":"CUS-3011000","customerName":"SUSAN YOUNG","accountNumber":"CUS-3011000","index":0,"reason":"testFreshStart"}
[2026-05-14T04:03:56.356Z] [info] [BillPanelTrace] getSumPaymentAmountsAfterLastBillPrint:result {"customerId":"CUS-3011000","customerName":"SUSAN YOUNG","accountNumber":"CUS-3011000","paidAfterSum":0}
[2026-05-14T04:03:56.356Z] [info] [BillPanelTrace] calculateCustomerTotal:pastDueLedger_vs_panelLine {"customerId":"CUS-3011000","customerName":"SUSAN YOUNG","accountNumber":"CUS-3011000","pastDueLedger":183.49,"pastDueForOwed":178.49,"stmtUnpaid":361.98,"currentDue":183.49,"combined":361.98,"rolled":361.98,"total":361.98,"dedupStmtVsNet":false}
[2026-05-14T04:03:56.356Z] [info] [BillPanelTrace] getProcessBillPanelAmounts:result_frozen_panel {"customerId":"CUS-3011000","customerName":"SUSAN YOUNG","accountNumber":"CUS-3011000","total":366.98,"pastDue":178.49,"lateFee":10,"dueDateStr":"02/21/2026","fromFrozen":true}
[2026-05-14T04:03:56.356Z] [info] [BillPanelTrace] getSumPaymentAmountsAfterLastBillPrint:start {"customerId":"CUS-3011000","customerName":"SUSAN YOUNG","accountNumber":"CUS-3011000","paymentHistoryLength":1,"lastBillPrintDate":"2026-02-01T08:00:00.000Z","lastBillPrintLedgerOrder":4,"latestBillingChargeSortMs":1769932800000,"latestBillingChargeLedgerOrder":4}
[2026-05-14T04:03:56.356Z] [info] [BillPanelTrace] getSum:skip_payment {"customerId":"CUS-3011000","customerName":"SUSAN YOUNG","accountNumber":"CUS-3011000","index":0,"reason":"testFreshStart"}
[2026-05-14T04:03:56.356Z] [info] [BillPanelTrace] getSumPaymentAmountsAfterLastBillPrint:result {"customerId":"CUS-3011000","customerName":"SUSAN YOUNG","accountNumber":"CUS-3011000","paidAfterSum":0}
[2026-05-14T04:03:56.357Z] [info] [BillPanelTrace] calculateCustomerTotal:pastDueLedger_vs_panelLine {"customerId":"CUS-3011000","customerName":"SUSAN YOUNG","accountNumber":"CUS-3011000","pastDueLedger":183.49,"pastDueForOwed":178.49,"stmtUnpaid":361.98,"currentDue":183.49,"combined":361.98,"rolled":361.98,"total":361.98,"dedupStmtVsNet":false}
[2026-05-14T04:03:56.357Z] [info] [BillPanelTrace] getProcessBillPanelAmounts:result_frozen_panel {"customerId":"CUS-3011000","customerName":"SUSAN YOUNG","accountNumber":"CUS-3011000","total":366.98,"pastDue":178.49,"lateFee":10,"dueDateStr":"02/21/2026","fromFrozen":true}
[2026-05-14T04:03:56.571Z] [info] [DevelopTest] Produce bill @ 2026-03-01
[2026-05-14T04:03:56.571Z] [info] [BillPanelTrace] getProcessBillPanelAmounts:branch_check {"customerId":"CUS-3011000","customerName":"SUSAN YOUNG","accountNumber":"CUS-3011000","hasFrozenSnapshot":true,"frozenAmountDue":361.98,"lastBillPrintDate":"2026-02-01T08:00:00.000Z","lastPrintedStatementTotalDue":361.98}
[2026-05-14T04:03:56.571Z] [info] [BillPanelTrace] getSumPaymentAmountsAfterLastBillPrint:start {"customerId":"CUS-3011000","customerName":"SUSAN YOUNG","accountNumber":"CUS-3011000","paymentHistoryLength":1,"lastBillPrintDate":"2026-02-01T08:00:00.000Z","lastBillPrintLedgerOrder":4,"latestBillingChargeSortMs":1769932800000,"latestBillingChargeLedgerOrder":4}
[2026-05-14T04:03:56.571Z] [info] [BillPanelTrace] getSum:skip_payment {"customerId":"CUS-3011000","customerName":"SUSAN YOUNG","accountNumber":"CUS-3011000","index":0,"reason":"testFreshStart"}
[2026-05-14T04:03:56.571Z] [info] [BillPanelTrace] getSumPaymentAmountsAfterLastBillPrint:result {"customerId":"CUS-3011000","customerName":"SUSAN YOUNG","accountNumber":"CUS-3011000","paidAfterSum":0}
[2026-05-14T04:03:56.571Z] [info] [BillPanelTrace] getProcessBillPanelAmounts:frozen_branch {"customerId":"CUS-3011000","customerName":"SUSAN YOUNG","accountNumber":"CUS-3011000","paidAfterLastBill":0,"willBypassFrozenToLive":false}
[2026-05-14T04:03:56.571Z] [info] [BillPanelTrace] getSumPaymentAmountsAfterLastBillPrint:start {"customerId":"CUS-3011000","customerName":"SUSAN YOUNG","accountNumber":"CUS-3011000","paymentHistoryLength":1,"lastBillPrintDate":"2026-02-01T08:00:00.000Z","lastBillPrintLedgerOrder":4,"latestBillingChargeSortMs":1769932800000,"latestBillingChargeLedgerOrder":4}
[2026-05-14T04:03:56.571Z] [info] [BillPanelTrace] getSum:skip_payment {"customerId":"CUS-3011000","customerName":"SUSAN YOUNG","accountNumber":"CUS-3011000","index":0,"reason":"testFreshStart"}
[2026-05-14T04:03:56.571Z] [info] [BillPanelTrace] getSumPaymentAmountsAfterLastBillPrint:result {"customerId":"CUS-3011000","customerName":"SUSAN YOUNG","accountNumber":"CUS-3011000","paidAfterSum":0}
[2026-05-14T04:03:56.571Z] [info] [BillPanelTrace] getSumPaymentAmountsAfterLastBillPrint:start {"customerId":"CUS-3011000","customerName":"SUSAN YOUNG","accountNumber":"CUS-3011000","paymentHistoryLength":1,"lastBillPrintDate":"2026-02-01T08:00:00.000Z","lastBillPrintLedgerOrder":4,"latestBillingChargeSortMs":1769932800000,"latestBillingChargeLedgerOrder":4}
[2026-05-14T04:03:56.571Z] [info] [BillPanelTrace] getSum:skip_payment {"customerId":"CUS-3011000","customerName":"SUSAN YOUNG","accountNumber":"CUS-3011000","index":0,"reason":"testFreshStart"}
[2026-05-14T04:03:56.571Z] [info] [BillPanelTrace] getSumPaymentAmountsAfterLastBillPrint:result {"customerId":"CUS-3011000","customerName":"SUSAN YOUNG","accountNumber":"CUS-3011000","paidAfterSum":0}
[2026-05-14T04:03:56.571Z] [info] [BillPanelTrace] getSumPaymentAmountsAfterLastBillPrint:start {"customerId":"CUS-3011000","customerName":"SUSAN YOUNG","accountNumber":"CUS-3011000","paymentHistoryLength":1,"lastBillPrintDate":"2026-02-01T08:00:00.000Z","lastBillPrintLedgerOrder":4,"latestBillingChargeSortMs":1769932800000,"latestBillingChargeLedgerOrder":4}
[2026-05-14T04:03:56.571Z] [info] [BillPanelTrace] getSum:skip_payment {"customerId":"CUS-3011000","customerName":"SUSAN YOUNG","accountNumber":"CUS-3011000","index":0,"reason":"testFreshStart"}
[2026-05-14T04:03:56.571Z] [info] [BillPanelTrace] getSumPaymentAmountsAfterLastBillPrint:result {"customerId":"CUS-3011000","customerName":"SUSAN YOUNG","accountNumber":"CUS-3011000","paidAfterSum":0}
[2026-05-14T04:03:56.571Z] [info] [BillPanelTrace] getSumPaymentAmountsAfterLastBillPrint:start {"customerId":"CUS-3011000","customerName":"SUSAN YOUNG","accountNumber":"CUS-3011000","paymentHistoryLength":1,"lastBillPrintDate":"2026-02-01T08:00:00.000Z","lastBillPrintLedgerOrder":4,"latestBillingChargeSortMs":1769932800000,"latestBillingChargeLedgerOrder":4}
[2026-05-14T04:03:56.571Z] [info] [BillPanelTrace] getSum:skip_payment {"customerId":"CUS-3011000","customerName":"SUSAN YOUNG","accountNumber":"CUS-3011000","index":0,"reason":"testFreshStart"}
[2026-05-14T04:03:56.571Z] [info] [BillPanelTrace] getSumPaymentAmountsAfterLastBillPrint:result {"customerId":"CUS-3011000","customerName":"SUSAN YOUNG","accountNumber":"CUS-3011000","paidAfterSum":0}
[2026-05-14T04:03:56.571Z] [info] [BillPanelTrace] calculateCustomerTotal:pastDueLedger_vs_panelLine {"customerId":"CUS-3011000","customerName":"SUSAN YOUNG","accountNumber":"CUS-3011000","pastDueLedger":183.49,"pastDueForOwed":178.49,"stmtUnpaid":361.98,"currentDue":183.49,"combined":361.98,"rolled":361.98,"total":361.98,"dedupStmtVsNet":false}
[2026-05-14T04:03:56.571Z] [info] [BillPanelTrace] getProcessBillPanelAmounts:result_frozen_panel {"customerId":"CUS-3011000","customerName":"SUSAN YOUNG","accountNumber":"CUS-3011000","total":366.98,"pastDue":178.49,"lateFee":10,"dueDateStr":"02/21/2026","fromFrozen":true}
[2026-05-14T04:03:56.571Z] [info] [BillPanelTrace] getSumPaymentAmountsAfterLastBillPrint:start {"customerId":"CUS-3011000","customerName":"SUSAN YOUNG","accountNumber":"CUS-3011000","paymentHistoryLength":1,"lastBillPrintDate":"2026-02-01T08:00:00.000Z","lastBillPrintLedgerOrder":4,"latestBillingChargeSortMs":1769932800000,"latestBillingChargeLedgerOrder":4}
[2026-05-14T04:03:56.571Z] [info] [BillPanelTrace] getSum:skip_payment {"customerId":"CUS-3011000","customerName":"SUSAN YOUNG","accountNumber":"CUS-3011000","index":0,"reason":"testFreshStart"}
[2026-05-14T04:03:56.572Z] [info] [BillPanelTrace] getSumPaymentAmountsAfterLastBillPrint:result {"customerId":"CUS-3011000","customerName":"SUSAN YOUNG","accountNumber":"CUS-3011000","paidAfterSum":0}
[2026-05-14T04:03:56.572Z] [info] [BillPanelTrace] getProcessBillPanelAmounts:branch_check {"customerId":"CUS-3011000","customerName":"SUSAN YOUNG","accountNumber":"CUS-3011000","hasFrozenSnapshot":true,"frozenAmountDue":361.98,"lastBillPrintDate":"2026-02-01T08:00:00.000Z","lastPrintedStatementTotalDue":361.98}
[2026-05-14T04:03:56.572Z] [info] [BillPanelTrace] getSumPaymentAmountsAfterLastBillPrint:start {"customerId":"CUS-3011000","customerName":"SUSAN YOUNG","accountNumber":"CUS-3011000","paymentHistoryLength":1,"lastBillPrintDate":"2026-02-01T08:00:00.000Z","lastBillPrintLedgerOrder":4,"latestBillingChargeSortMs":1769932800000,"latestBillingChargeLedgerOrder":4}
[2026-05-14T04:03:56.572Z] [info] [BillPanelTrace] getSum:skip_payment {"customerId":"CUS-3011000","customerName":"SUSAN YOUNG","accountNumber":"CUS-3011000","index":0,"reason":"testFreshStart"}
[2026-05-14T04:03:56.572Z] [info] [BillPanelTrace] getSumPaymentAmountsAfterLastBillPrint:result {"customerId":"CUS-3011000","customerName":"SUSAN YOUNG","accountNumber":"CUS-3011000","paidAfterSum":0}
[2026-05-14T04:03:56.572Z] [info] [BillPanelTrace] getProcessBillPanelAmounts:frozen_branch {"customerId":"CUS-3011000","customerName":"SUSAN YOUNG","accountNumber":"CUS-3011000","paidAfterLastBill":0,"willBypassFrozenToLive":false}
[2026-05-14T04:03:56.572Z] [info] [BillPanelTrace] getSumPaymentAmountsAfterLastBillPrint:start {"customerId":"CUS-3011000","customerName":"SUSAN YOUNG","accountNumber":"CUS-3011000","paymentHistoryLength":1,"lastBillPrintDate":"2026-02-01T08:00:00.000Z","lastBillPrintLedgerOrder":4,"latestBillingChargeSortMs":1769932800000,"latestBillingChargeLedgerOrder":4}
[2026-05-14T04:03:56.572Z] [info] [BillPanelTrace] getSum:skip_payment {"customerId":"CUS-3011000","customerName":"SUSAN YOUNG","accountNumber":"CUS-3011000","index":0,"reason":"testFreshStart"}
[2026-05-14T04:03:56.572Z] [info] [BillPanelTrace] getSumPaymentAmountsAfterLastBillPrint:result {"customerId":"CUS-3011000","customerName":"SUSAN YOUNG","accountNumber":"CUS-3011000","paidAfterSum":0}
[2026-05-14T04:03:56.572Z] [info] [BillPanelTrace] getSumPaymentAmountsAfterLastBillPrint:start {"customerId":"CUS-3011000","customerName":"SUSAN YOUNG","accountNumber":"CUS-3011000","paymentHistoryLength":1,"lastBillPrintDate":"2026-02-01T08:00:00.000Z","lastBillPrintLedgerOrder":4,"latestBillingChargeSortMs":1769932800000,"latestBillingChargeLedgerOrder":4}
[2026-05-14T04:03:56.572Z] [info] [BillPanelTrace] getSum:skip_payment {"customerId":"CUS-3011000","customerName":"SUSAN YOUNG","accountNumber":"CUS-3011000","index":0,"reason":"testFreshStart"}
[2026-05-14T04:03:56.572Z] [info] [BillPanelTrace] getSumPaymentAmountsAfterLastBillPrint:result {"customerId":"CUS-3011000","customerName":"SUSAN YOUNG","accountNumber":"CUS-3011000","paidAfterSum":0}
[2026-05-14T04:03:56.572Z] [info] [BillPanelTrace] getSumPaymentAmountsAfterLastBillPrint:start {"customerId":"CUS-3011000","customerName":"SUSAN YOUNG","accountNumber":"CUS-3011000","paymentHistoryLength":1,"lastBillPrintDate":"2026-02-01T08:00:00.000Z","lastBillPrintLedgerOrder":4,"latestBillingChargeSortMs":1769932800000,"latestBillingChargeLedgerOrder":4}
[2026-05-14T04:03:56.572Z] [info] [BillPanelTrace] getSum:skip_payment {"customerId":"CUS-3011000","customerName":"SUSAN YOUNG","accountNumber":"CUS-3011000","index":0,"reason":"testFreshStart"}
[2026-05-14T04:03:56.572Z] [info] [BillPanelTrace] getSumPaymentAmountsAfterLastBillPrint:result {"customerId":"CUS-3011000","customerName":"SUSAN YOUNG","accountNumber":"CUS-3011000","paidAfterSum":0}
[2026-05-14T04:03:56.572Z] [info] [BillPanelTrace] getSumPaymentAmountsAfterLastBillPrint:start {"customerId":"CUS-3011000","customerName":"SUSAN YOUNG","accountNumber":"CUS-3011000","paymentHistoryLength":1,"lastBillPrintDate":"2026-02-01T08:00:00.000Z","lastBillPrintLedgerOrder":4,"latestBillingChargeSortMs":1769932800000,"latestBillingChargeLedgerOrder":4}
[2026-05-14T04:03:56.572Z] [info] [BillPanelTrace] getSum:skip_payment {"customerId":"CUS-3011000","customerName":"SUSAN YOUNG","accountNumber":"CUS-3011000","index":0,"reason":"testFreshStart"}
[2026-05-14T04:03:56.572Z] [info] [BillPanelTrace] getSumPaymentAmountsAfterLastBillPrint:result {"customerId":"CUS-3011000","customerName":"SUSAN YOUNG","accountNumber":"CUS-3011000","paidAfterSum":0}
[2026-05-14T04:03:56.572Z] [info] [BillPanelTrace] calculateCustomerTotal:pastDueLedger_vs_panelLine {"customerId":"CUS-3011000","customerName":"SUSAN YOUNG","accountNumber":"CUS-3011000","pastDueLedger":183.49,"pastDueForOwed":178.49,"stmtUnpaid":361.98,"currentDue":183.49,"combined":361.98,"rolled":361.98,"total":361.98,"dedupStmtVsNet":false}
[2026-05-14T04:03:56.572Z] [info] [BillPanelTrace] getProcessBillPanelAmounts:result_frozen_panel {"customerId":"CUS-3011000","customerName":"SUSAN YOUNG","accountNumber":"CUS-3011000","total":366.98,"pastDue":178.49,"lateFee":10,"dueDateStr":"02/21/2026","fromFrozen":true}
[2026-05-14T04:03:56.572Z] [info] [BillPanelTrace] getSumPaymentAmountsAfterLastBillPrint:start {"customerId":"CUS-3011000","customerName":"SUSAN YOUNG","accountNumber":"CUS-3011000","paymentHistoryLength":1,"lastBillPrintDate":"2026-02-01T08:00:00.000Z","lastBillPrintLedgerOrder":4,"latestBillingChargeSortMs":1769932800000,"latestBillingChargeLedgerOrder":4}
[2026-05-14T04:03:56.572Z] [info] [BillPanelTrace] getSum:skip_payment {"customerId":"CUS-3011000","customerName":"SUSAN YOUNG","accountNumber":"CUS-3011000","index":0,"reason":"testFreshStart"}
[2026-05-14T04:03:56.572Z] [info] [BillPanelTrace] getSumPaymentAmountsAfterLastBillPrint:result {"customerId":"CUS-3011000","customerName":"SUSAN YOUNG","accountNumber":"CUS-3011000","paidAfterSum":0}
[2026-05-14T04:03:56.572Z] [info] [BillPanelTrace] getProcessBillPanelAmounts:branch_check {"customerId":"CUS-3011000","customerName":"SUSAN YOUNG","accountNumber":"CUS-3011000","hasFrozenSnapshot":true,"frozenAmountDue":361.98,"lastBillPrintDate":"2026-02-01T08:00:00.000Z","lastPrintedStatementTotalDue":361.98}
[2026-05-14T04:03:56.572Z] [info] [BillPanelTrace] getSumPaymentAmountsAfterLastBillPrint:start {"customerId":"CUS-3011000","customerName":"SUSAN YOUNG","accountNumber":"CUS-3011000","paymentHistoryLength":1,"lastBillPrintDate":"2026-02-01T08:00:00.000Z","lastBillPrintLedgerOrder":4,"latestBillingChargeSortMs":1769932800000,"latestBillingChargeLedgerOrder":4}
[2026-05-14T04:03:56.572Z] [info] [BillPanelTrace] getSum:skip_payment {"customerId":"CUS-3011000","customerName":"SUSAN YOUNG","accountNumber":"CUS-3011000","index":0,"reason":"testFreshStart"}
[2026-05-14T04:03:56.572Z] [info] [BillPanelTrace] getSumPaymentAmountsAfterLastBillPrint:result {"customerId":"CUS-3011000","customerName":"SUSAN YOUNG","accountNumber":"CUS-3011000","paidAfterSum":0}
[2026-05-14T04:03:56.572Z] [info] [BillPanelTrace] getProcessBillPanelAmounts:frozen_branch {"customerId":"CUS-3011000","customerName":"SUSAN YOUNG","accountNumber":"CUS-3011000","paidAfterLastBill":0,"willBypassFrozenToLive":false}
[2026-05-14T04:03:56.572Z] [info] [BillPanelTrace] getSumPaymentAmountsAfterLastBillPrint:start {"customerId":"CUS-3011000","customerName":"SUSAN YOUNG","accountNumber":"CUS-3011000","paymentHistoryLength":1,"lastBillPrintDate":"2026-02-01T08:00:00.000Z","lastBillPrintLedgerOrder":4,"latestBillingChargeSortMs":1769932800000,"latestBillingChargeLedgerOrder":4}
[2026-05-14T04:03:56.572Z] [info] [BillPanelTrace] getSum:skip_payment {"customerId":"CUS-3011000","customerName":"SUSAN YOUNG","accountNumber":"CUS-3011000","index":0,"reason":"testFreshStart"}
[2026-05-14T04:03:56.573Z] [info] [BillPanelTrace] getSumPaymentAmountsAfterLastBillPrint:result {"customerId":"CUS-3011000","customerName":"SUSAN YOUNG","accountNumber":"CUS-3011000","paidAfterSum":0}
[2026-05-14T04:03:56.573Z] [info] [BillPanelTrace] getSumPaymentAmountsAfterLastBillPrint:start {"customerId":"CUS-3011000","customerName":"SUSAN YOUNG","accountNumber":"CUS-3011000","paymentHistoryLength":1,"lastBillPrintDate":"2026-02-01T08:00:00.000Z","lastBillPrintLedgerOrder":4,"latestBillingChargeSortMs":1769932800000,"latestBillingChargeLedgerOrder":4}
[2026-05-14T04:03:56.573Z] [info] [BillPanelTrace] getSum:skip_payment {"customerId":"CUS-3011000","customerName":"SUSAN YOUNG","accountNumber":"CUS-3011000","index":0,"reason":"testFreshStart"}
[2026-05-14T04:03:56.573Z] [info] [BillPanelTrace] getSumPaymentAmountsAfterLastBillPrint:result {"customerId":"CUS-3011000","customerName":"SUSAN YOUNG","accountNumber":"CUS-3011000","paidAfterSum":0}
[2026-05-14T04:03:56.573Z] [info] [BillPanelTrace] getSumPaymentAmountsAfterLastBillPrint:start {"customerId":"CUS-3011000","customerName":"SUSAN YOUNG","accountNumber":"CUS-3011000","paymentHistoryLength":1,"lastBillPrintDate":"2026-02-01T08:00:00.000Z","lastBillPrintLedgerOrder":4,"latestBillingChargeSortMs":1769932800000,"latestBillingChargeLedgerOrder":4}
[2026-05-14T04:03:56.573Z] [info] [BillPanelTrace] getSum:skip_payment {"customerId":"CUS-3011000","customerName":"SUSAN YOUNG","accountNumber":"CUS-3011000","index":0,"reason":"testFreshStart"}
[2026-05-14T04:03:56.573Z] [info] [BillPanelTrace] getSumPaymentAmountsAfterLastBillPrint:result {"customerId":"CUS-3011000","customerName":"SUSAN YOUNG","accountNumber":"CUS-3011000","paidAfterSum":0}
[2026-05-14T04:03:56.573Z] [info] [BillPanelTrace] getSumPaymentAmountsAfterLastBillPrint:start {"customerId":"CUS-3011000","customerName":"SUSAN YOUNG","accountNumber":"CUS-3011000","paymentHistoryLength":1,"lastBillPrintDate":"2026-02-01T08:00:00.000Z","lastBillPrintLedgerOrder":4,"latestBillingChargeSortMs":1769932800000,"latestBillingChargeLedgerOrder":4}
[2026-05-14T04:03:56.573Z] [info] [BillPanelTrace] getSum:skip_payment {"customerId":"CUS-3011000","customerName":"SUSAN YOUNG","accountNumber":"CUS-3011000","index":0,"reason":"testFreshStart"}
[2026-05-14T04:03:56.573Z] [info] [BillPanelTrace] getSumPaymentAmountsAfterLastBillPrint:result {"customerId":"CUS-3011000","customerName":"SUSAN YOUNG","accountNumber":"CUS-3011000","paidAfterSum":0}
[2026-05-14T04:03:56.573Z] [info] [BillPanelTrace] calculateCustomerTotal:pastDueLedger_vs_panelLine {"customerId":"CUS-3011000","customerName":"SUSAN YOUNG","accountNumber":"CUS-3011000","pastDueLedger":183.49,"pastDueForOwed":178.49,"stmtUnpaid":361.98,"currentDue":183.49,"combined":361.98,"rolled":361.98,"total":361.98,"dedupStmtVsNet":false}
[2026-05-14T04:03:56.573Z] [info] [BillPanelTrace] getProcessBillPanelAmounts:result_frozen_panel {"customerId":"CUS-3011000","customerName":"SUSAN YOUNG","accountNumber":"CUS-3011000","total":366.98,"pastDue":178.49,"lateFee":10,"dueDateStr":"02/21/2026","fromFrozen":true}
[2026-05-14T04:03:56.573Z] [info] [BillPanelTrace] getProcessBillPanelAmounts:branch_check {"customerId":"CUS-3011000","customerName":"SUSAN YOUNG","accountNumber":"CUS-3011000","hasFrozenSnapshot":true,"frozenAmountDue":361.98,"lastBillPrintDate":"2026-02-01T08:00:00.000Z","lastPrintedStatementTotalDue":361.98}
[2026-05-14T04:03:56.573Z] [info] [BillPanelTrace] getSumPaymentAmountsAfterLastBillPrint:start {"customerId":"CUS-3011000","customerName":"SUSAN YOUNG","accountNumber":"CUS-3011000","paymentHistoryLength":1,"lastBillPrintDate":"2026-02-01T08:00:00.000Z","lastBillPrintLedgerOrder":4,"latestBillingChargeSortMs":1769932800000,"latestBillingChargeLedgerOrder":4}
[2026-05-14T04:03:56.573Z] [info] [BillPanelTrace] getSum:skip_payment {"customerId":"CUS-3011000","customerName":"SUSAN YOUNG","accountNumber":"CUS-3011000","index":0,"reason":"testFreshStart"}
[2026-05-14T04:03:56.573Z] [info] [BillPanelTrace] getSumPaymentAmountsAfterLastBillPrint:result {"customerId":"CUS-3011000","customerName":"SUSAN YOUNG","accountNumber":"CUS-3011000","paidAfterSum":0}
[2026-05-14T04:03:56.573Z] [info] [BillPanelTrace] getProcessBillPanelAmounts:frozen_branch {"customerId":"CUS-3011000","customerName":"SUSAN YOUNG","accountNumber":"CUS-3011000","paidAfterLastBill":0,"willBypassFrozenToLive":false}
[2026-05-14T04:03:56.573Z] [info] [BillPanelTrace] getSumPaymentAmountsAfterLastBillPrint:start {"customerId":"CUS-3011000","customerName":"SUSAN YOUNG","accountNumber":"CUS-3011000","paymentHistoryLength":1,"lastBillPrintDate":"2026-02-01T08:00:00.000Z","lastBillPrintLedgerOrder":4,"latestBillingChargeSortMs":1769932800000,"latestBillingChargeLedgerOrder":4}
[2026-05-14T04:03:56.573Z] [info] [BillPanelTrace] getSum:skip_payment {"customerId":"CUS-3011000","customerName":"SUSAN YOUNG","accountNumber":"CUS-3011000","index":0,"reason":"testFreshStart"}
[2026-05-14T04:03:56.573Z] [info] [BillPanelTrace] getSumPaymentAmountsAfterLastBillPrint:result {"customerId":"CUS-3011000","customerName":"SUSAN YOUNG","accountNumber":"CUS-3011000","paidAfterSum":0}
[2026-05-14T04:03:56.573Z] [info] [BillPanelTrace] getSumPaymentAmountsAfterLastBillPrint:start {"customerId":"CUS-3011000","customerName":"SUSAN YOUNG","accountNumber":"CUS-3011000","paymentHistoryLength":1,"lastBillPrintDate":"2026-02-01T08:00:00.000Z","lastBillPrintLedgerOrder":4,"latestBillingChargeSortMs":1769932800000,"latestBillingChargeLedgerOrder":4}
[2026-05-14T04:03:56.573Z] [info] [BillPanelTrace] getSum:skip_payment {"customerId":"CUS-3011000","customerName":"SUSAN YOUNG","accountNumber":"CUS-3011000","index":0,"reason":"testFreshStart"}
[2026-05-14T04:03:56.573Z] [info] [BillPanelTrace] getSumPaymentAmountsAfterLastBillPrint:result {"customerId":"CUS-3011000","customerName":"SUSAN YOUNG","accountNumber":"CUS-3011000","paidAfterSum":0}
[2026-05-14T04:03:56.573Z] [info] [BillPanelTrace] getSumPaymentAmountsAfterLastBillPrint:start {"customerId":"CUS-3011000","customerName":"SUSAN YOUNG","accountNumber":"CUS-3011000","paymentHistoryLength":1,"lastBillPrintDate":"2026-02-01T08:00:00.000Z","lastBillPrintLedgerOrder":4,"latestBillingChargeSortMs":1769932800000,"latestBillingChargeLedgerOrder":4}
[2026-05-14T04:03:56.573Z] [info] [BillPanelTrace] getSum:skip_payment {"customerId":"CUS-3011000","customerName":"SUSAN YOUNG","accountNumber":"CUS-3011000","index":0,"reason":"testFreshStart"}
[2026-05-14T04:03:56.573Z] [info] [BillPanelTrace] getSumPaymentAmountsAfterLastBillPrint:result {"customerId":"CUS-3011000","customerName":"SUSAN YOUNG","accountNumber":"CUS-3011000","paidAfterSum":0}
[2026-05-14T04:03:56.573Z] [info] [BillPanelTrace] getSumPaymentAmountsAfterLastBillPrint:start {"customerId":"CUS-3011000","customerName":"SUSAN YOUNG","accountNumber":"CUS-3011000","paymentHistoryLength":1,"lastBillPrintDate":"2026-02-01T08:00:00.000Z","lastBillPrintLedgerOrder":4,"latestBillingChargeSortMs":1769932800000,"latestBillingChargeLedgerOrder":4}
[2026-05-14T04:03:56.573Z] [info] [BillPanelTrace] getSum:skip_payment {"customerId":"CUS-3011000","customerName":"SUSAN YOUNG","accountNumber":"CUS-3011000","index":0,"reason":"testFreshStart"}
[2026-05-14T04:03:56.573Z] [info] [BillPanelTrace] getSumPaymentAmountsAfterLastBillPrint:result {"customerId":"CUS-3011000","customerName":"SUSAN YOUNG","accountNumber":"CUS-3011000","paidAfterSum":0}
[2026-05-14T04:03:56.573Z] [info] [BillPanelTrace] calculateCustomerTotal:pastDueLedger_vs_panelLine {"customerId":"CUS-3011000","customerName":"SUSAN YOUNG","accountNumber":"CUS-3011000","pastDueLedger":183.49,"pastDueForOwed":178.49,"stmtUnpaid":361.98,"currentDue":183.49,"combined":361.98,"rolled":361.98,"total":361.98,"dedupStmtVsNet":false}
[2026-05-14T04:03:56.573Z] [info] [BillPanelTrace] getProcessBillPanelAmounts:result_frozen_panel {"customerId":"CUS-3011000","customerName":"SUSAN YOUNG","accountNumber":"CUS-3011000","total":366.98,"pastDue":178.49,"lateFee":10,"dueDateStr":"02/21/2026","fromFrozen":true}
[2026-05-14T04:03:56.573Z] [info] [BillPanelTrace] getProcessBillPanelAmounts:branch_check {"customerId":"CUS-3011000","customerName":"SUSAN YOUNG","accountNumber":"CUS-3011000","hasFrozenSnapshot":true,"frozenAmountDue":361.98,"lastBillPrintDate":"2026-02-01T08:00:00.000Z","lastPrintedStatementTotalDue":361.98}
[2026-05-14T04:03:56.573Z] [info] [BillPanelTrace] getSumPaymentAmountsAfterLastBillPrint:start {"customerId":"CUS-3011000","customerName":"SUSAN YOUNG","accountNumber":"CUS-3011000","paymentHistoryLength":1,"lastBillPrintDate":"2026-02-01T08:00:00.000Z","lastBillPrintLedgerOrder":4,"latestBillingChargeSortMs":1769932800000,"latestBillingChargeLedgerOrder":4}
[2026-05-14T04:03:56.573Z] [info] [BillPanelTrace] getSum:skip_payment {"customerId":"CUS-3011000","customerName":"SUSAN YOUNG","accountNumber":"CUS-3011000","index":0,"reason":"testFreshStart"}
[2026-05-14T04:03:56.573Z] [info] [BillPanelTrace] getSumPaymentAmountsAfterLastBillPrint:result {"customerId":"CUS-3011000","customerName":"SUSAN YOUNG","accountNumber":"CUS-3011000","paidAfterSum":0}
[2026-05-14T04:03:56.573Z] [info] [BillPanelTrace] getProcessBillPanelAmounts:frozen_branch {"customerId":"CUS-3011000","customerName":"SUSAN YOUNG","accountNumber":"CUS-3011000","paidAfterLastBill":0,"willBypassFrozenToLive":false}
[2026-05-14T04:03:56.573Z] [info] [BillPanelTrace] getSumPaymentAmountsAfterLastBillPrint:start {"customerId":"CUS-3011000","customerName":"SUSAN YOUNG","accountNumber":"CUS-3011000","paymentHistoryLength":1,"lastBillPrintDate":"2026-02-01T08:00:00.000Z","lastBillPrintLedgerOrder":4,"latestBillingChargeSortMs":1769932800000,"latestBillingChargeLedgerOrder":4}
[2026-05-14T04:03:56.574Z] [info] [BillPanelTrace] getSum:skip_payment {"customerId":"CUS-3011000","customerName":"SUSAN YOUNG","accountNumber":"CUS-3011000","index":0,"reason":"testFreshStart"}
[2026-05-14T04:03:56.574Z] [info] [BillPanelTrace] getSumPaymentAmountsAfterLastBillPrint:result {"customerId":"CUS-3011000","customerName":"SUSAN YOUNG","accountNumber":"CUS-3011000","paidAfterSum":0}
[2026-05-14T04:03:56.574Z] [info] [BillPanelTrace] getSumPaymentAmountsAfterLastBillPrint:start {"customerId":"CUS-3011000","customerName":"SUSAN YOUNG","accountNumber":"CUS-3011000","paymentHistoryLength":1,"lastBillPrintDate":"2026-02-01T08:00:00.000Z","lastBillPrintLedgerOrder":4,"latestBillingChargeSortMs":1769932800000,"latestBillingChargeLedgerOrder":4}
[2026-05-14T04:03:56.574Z] [info] [BillPanelTrace] getSum:skip_payment {"customerId":"CUS-3011000","customerName":"SUSAN YOUNG","accountNumber":"CUS-3011000","index":0,"reason":"testFreshStart"}
[2026-05-14T04:03:56.574Z] [info] [BillPanelTrace] getSumPaymentAmountsAfterLastBillPrint:result {"customerId":"CUS-3011000","customerName":"SUSAN YOUNG","accountNumber":"CUS-3011000","paidAfterSum":0}
[2026-05-14T04:03:56.574Z] [info] [BillPanelTrace] getSumPaymentAmountsAfterLastBillPrint:start {"customerId":"CUS-3011000","customerName":"SUSAN YOUNG","accountNumber":"CUS-3011000","paymentHistoryLength":1,"lastBillPrintDate":"2026-02-01T08:00:00.000Z","lastBillPrintLedgerOrder":4,"latestBillingChargeSortMs":1769932800000,"latestBillingChargeLedgerOrder":4}
[2026-05-14T04:03:56.574Z] [info] [BillPanelTrace] getSum:skip_payment {"customerId":"CUS-3011000","customerName":"SUSAN YOUNG","accountNumber":"CUS-3011000","index":0,"reason":"testFreshStart"}
[2026-05-14T04:03:56.574Z] [info] [BillPanelTrace] getSumPaymentAmountsAfterLastBillPrint:result {"customerId":"CUS-3011000","customerName":"SUSAN YOUNG","accountNumber":"CUS-3011000","paidAfterSum":0}
[2026-05-14T04:03:56.574Z] [info] [BillPanelTrace] getSumPaymentAmountsAfterLastBillPrint:start {"customerId":"CUS-3011000","customerName":"SUSAN YOUNG","accountNumber":"CUS-3011000","paymentHistoryLength":1,"lastBillPrintDate":"2026-02-01T08:00:00.000Z","lastBillPrintLedgerOrder":4,"latestBillingChargeSortMs":1769932800000,"latestBillingChargeLedgerOrder":4}
[2026-05-14T04:03:56.574Z] [info] [BillPanelTrace] getSum:skip_payment {"customerId":"CUS-3011000","customerName":"SUSAN YOUNG","accountNumber":"CUS-3011000","index":0,"reason":"testFreshStart"}
[2026-05-14T04:03:56.574Z] [info] [BillPanelTrace] getSumPaymentAmountsAfterLastBillPrint:result {"customerId":"CUS-3011000","customerName":"SUSAN YOUNG","accountNumber":"CUS-3011000","paidAfterSum":0}
[2026-05-14T04:03:56.574Z] [info] [BillPanelTrace] calculateCustomerTotal:pastDueLedger_vs_panelLine {"customerId":"CUS-3011000","customerName":"SUSAN YOUNG","accountNumber":"CUS-3011000","pastDueLedger":183.49,"pastDueForOwed":178.49,"stmtUnpaid":361.98,"currentDue":183.49,"combined":361.98,"rolled":361.98,"total":361.98,"dedupStmtVsNet":false}
[2026-05-14T04:03:56.574Z] [info] [BillPanelTrace] getProcessBillPanelAmounts:result_frozen_panel {"customerId":"CUS-3011000","customerName":"SUSAN YOUNG","accountNumber":"CUS-3011000","total":366.98,"pastDue":178.49,"lateFee":10,"dueDateStr":"02/21/2026","fromFrozen":true}
[2026-05-14T04:03:56.574Z] [info] [BillPanelTrace] getSumPaymentAmountsAfterLastBillPrint:start {"customerId":"CUS-3011000","customerName":"SUSAN YOUNG","accountNumber":"CUS-3011000","paymentHistoryLength":1,"lastBillPrintDate":"2026-02-01T08:00:00.000Z","lastBillPrintLedgerOrder":4,"latestBillingChargeSortMs":1769932800000,"latestBillingChargeLedgerOrder":4}
[2026-05-14T04:03:56.574Z] [info] [BillPanelTrace] getSum:skip_payment {"customerId":"CUS-3011000","customerName":"SUSAN YOUNG","accountNumber":"CUS-3011000","index":0,"reason":"testFreshStart"}
[2026-05-14T04:03:56.574Z] [info] [BillPanelTrace] getSumPaymentAmountsAfterLastBillPrint:result {"customerId":"CUS-3011000","customerName":"SUSAN YOUNG","accountNumber":"CUS-3011000","paidAfterSum":0}
[2026-05-14T04:03:56.574Z] [info] [BillPanelTrace] getSumPaymentAmountsAfterLastBillPrint:start {"customerId":"CUS-3011000","customerName":"SUSAN YOUNG","accountNumber":"CUS-3011000","paymentHistoryLength":1,"lastBillPrintDate":"2026-02-01T08:00:00.000Z","lastBillPrintLedgerOrder":4,"latestBillingChargeSortMs":1769932800000,"latestBillingChargeLedgerOrder":4}
[2026-05-14T04:03:56.574Z] [info] [BillPanelTrace] getSum:skip_payment {"customerId":"CUS-3011000","customerName":"SUSAN YOUNG","accountNumber":"CUS-3011000","index":0,"reason":"testFreshStart"}
[2026-05-14T04:03:56.574Z] [info] [BillPanelTrace] getSumPaymentAmountsAfterLastBillPrint:result {"customerId":"CUS-3011000","customerName":"SUSAN YOUNG","accountNumber":"CUS-3011000","paidAfterSum":0}
[2026-05-14T04:03:56.574Z] [info] [BillPanelTrace] getSumPaymentAmountsAfterLastBillPrint:start {"customerId":"CUS-3011000","customerName":"SUSAN YOUNG","accountNumber":"CUS-3011000","paymentHistoryLength":1,"lastBillPrintDate":"2026-02-01T08:00:00.000Z","lastBillPrintLedgerOrder":4,"latestBillingChargeSortMs":1769932800000,"latestBillingChargeLedgerOrder":4}
[2026-05-14T04:03:56.574Z] [info] [BillPanelTrace] getSum:skip_payment {"customerId":"CUS-3011000","customerName":"SUSAN YOUNG","accountNumber":"CUS-3011000","index":0,"reason":"testFreshStart"}
[2026-05-14T04:03:56.574Z] [info] [BillPanelTrace] getSumPaymentAmountsAfterLastBillPrint:result {"customerId":"CUS-3011000","customerName":"SUSAN YOUNG","accountNumber":"CUS-3011000","paidAfterSum":0}
[2026-05-14T04:03:56.574Z] [info] [BillPanelTrace] getProcessBillPanelAmounts:branch_check {"customerId":"CUS-3011000","customerName":"SUSAN YOUNG","accountNumber":"CUS-3011000","hasFrozenSnapshot":true,"frozenAmountDue":361.98,"lastBillPrintDate":"2026-02-01T08:00:00.000Z","lastPrintedStatementTotalDue":361.98}
[2026-05-14T04:03:56.574Z] [info] [BillPanelTrace] getSumPaymentAmountsAfterLastBillPrint:start {"customerId":"CUS-3011000","customerName":"SUSAN YOUNG","accountNumber":"CUS-3011000","paymentHistoryLength":1,"lastBillPrintDate":"2026-02-01T08:00:00.000Z","lastBillPrintLedgerOrder":4,"latestBillingChargeSortMs":1769932800000,"latestBillingChargeLedgerOrder":4}
[2026-05-14T04:03:56.574Z] [info] [BillPanelTrace] getSum:skip_payment {"customerId":"CUS-3011000","customerName":"SUSAN YOUNG","accountNumber":"CUS-3011000","index":0,"reason":"testFreshStart"}
[2026-05-14T04:03:56.574Z] [info] [BillPanelTrace] getSumPaymentAmountsAfterLastBillPrint:result {"customerId":"CUS-3011000","customerName":"SUSAN YOUNG","accountNumber":"CUS-3011000","paidAfterSum":0}
[2026-05-14T04:03:56.574Z] [info] [BillPanelTrace] getProcessBillPanelAmounts:frozen_branch {"customerId":"CUS-3011000","customerName":"SUSAN YOUNG","accountNumber":"CUS-3011000","paidAfterLastBill":0,"willBypassFrozenToLive":false}
[2026-05-14T04:03:56.574Z] [info] [BillPanelTrace] getSumPaymentAmountsAfterLastBillPrint:start {"customerId":"CUS-3011000","customerName":"SUSAN YOUNG","accountNumber":"CUS-3011000","paymentHistoryLength":1,"lastBillPrintDate":"2026-02-01T08:00:00.000Z","lastBillPrintLedgerOrder":4,"latestBillingChargeSortMs":1769932800000,"latestBillingChargeLedgerOrder":4}
[2026-05-14T04:03:56.574Z] [info] [BillPanelTrace] getSum:skip_payment {"customerId":"CUS-3011000","customerName":"SUSAN YOUNG","accountNumber":"CUS-3011000","index":0,"reason":"testFreshStart"}
[2026-05-14T04:03:56.574Z] [info] [BillPanelTrace] getSumPaymentAmountsAfterLastBillPrint:result {"customerId":"CUS-3011000","customerName":"SUSAN YOUNG","accountNumber":"CUS-3011000","paidAfterSum":0}
[2026-05-14T04:03:56.574Z] [info] [BillPanelTrace] getSumPaymentAmountsAfterLastBillPrint:start {"customerId":"CUS-3011000","customerName":"SUSAN YOUNG","accountNumber":"CUS-3011000","paymentHistoryLength":1,"lastBillPrintDate":"2026-02-01T08:00:00.000Z","lastBillPrintLedgerOrder":4,"latestBillingChargeSortMs":1769932800000,"latestBillingChargeLedgerOrder":4}
[2026-05-14T04:03:56.574Z] [info] [BillPanelTrace] getSum:skip_payment {"customerId":"CUS-3011000","customerName":"SUSAN YOUNG","accountNumber":"CUS-3011000","index":0,"reason":"testFreshStart"}
[2026-05-14T04:03:56.574Z] [info] [BillPanelTrace] getSumPaymentAmountsAfterLastBillPrint:result {"customerId":"CUS-3011000","customerName":"SUSAN YOUNG","accountNumber":"CUS-3011000","paidAfterSum":0}
[2026-05-14T04:03:56.574Z] [info] [BillPanelTrace] getSumPaymentAmountsAfterLastBillPrint:start {"customerId":"CUS-3011000","customerName":"SUSAN YOUNG","accountNumber":"CUS-3011000","paymentHistoryLength":1,"lastBillPrintDate":"2026-02-01T08:00:00.000Z","lastBillPrintLedgerOrder":4,"latestBillingChargeSortMs":1769932800000,"latestBillingChargeLedgerOrder":4}
[2026-05-14T04:03:56.574Z] [info] [BillPanelTrace] getSum:skip_payment {"customerId":"CUS-3011000","customerName":"SUSAN YOUNG","accountNumber":"CUS-3011000","index":0,"reason":"testFreshStart"}
[2026-05-14T04:03:56.574Z] [info] [BillPanelTrace] getSumPaymentAmountsAfterLastBillPrint:result {"customerId":"CUS-3011000","customerName":"SUSAN YOUNG","accountNumber":"CUS-3011000","paidAfterSum":0}
[2026-05-14T04:03:56.574Z] [info] [BillPanelTrace] getSumPaymentAmountsAfterLastBillPrint:start {"customerId":"CUS-3011000","customerName":"SUSAN YOUNG","accountNumber":"CUS-3011000","paymentHistoryLength":1,"lastBillPrintDate":"2026-02-01T08:00:00.000Z","lastBillPrintLedgerOrder":4,"latestBillingChargeSortMs":1769932800000,"latestBillingChargeLedgerOrder":4}
[2026-05-14T04:03:56.574Z] [info] [BillPanelTrace] getSum:skip_payment {"customerId":"CUS-3011000","customerName":"SUSAN YOUNG","accountNumber":"CUS-3011000","index":0,"reason":"testFreshStart"}
[2026-05-14T04:03:56.574Z] [info] [BillPanelTrace] getSumPaymentAmountsAfterLastBillPrint:result {"customerId":"CUS-3011000","customerName":"SUSAN YOUNG","accountNumber":"CUS-3011000","paidAfterSum":0}
[2026-05-14T04:03:56.575Z] [info] [BillPanelTrace] calculateCustomerTotal:pastDueLedger_vs_panelLine {"customerId":"CUS-3011000","customerName":"SUSAN YOUNG","accountNumber":"CUS-3011000","pastDueLedger":183.49,"pastDueForOwed":178.49,"stmtUnpaid":361.98,"currentDue":183.49,"combined":361.98,"rolled":361.98,"total":361.98,"dedupStmtVsNet":false}
[2026-05-14T04:03:56.575Z] [info] [BillPanelTrace] getProcessBillPanelAmounts:result_frozen_panel {"customerId":"CUS-3011000","customerName":"SUSAN YOUNG","accountNumber":"CUS-3011000","total":366.98,"pastDue":178.49,"lateFee":10,"dueDateStr":"02/21/2026","fromFrozen":true}
[2026-05-14T04:03:56.575Z] [info] [BillPanelTrace] getSumPaymentAmountsAfterLastBillPrint:start {"customerId":"CUS-3011000","customerName":"SUSAN YOUNG","accountNumber":"CUS-3011000","paymentHistoryLength":1,"lastBillPrintDate":"2026-02-01T08:00:00.000Z","lastBillPrintLedgerOrder":4,"latestBillingChargeSortMs":1769932800000,"latestBillingChargeLedgerOrder":4}
[2026-05-14T04:03:56.575Z] [info] [BillPanelTrace] getSum:skip_payment {"customerId":"CUS-3011000","customerName":"SUSAN YOUNG","accountNumber":"CUS-3011000","index":0,"reason":"testFreshStart"}
[2026-05-14T04:03:56.575Z] [info] [BillPanelTrace] getSumPaymentAmountsAfterLastBillPrint:result {"customerId":"CUS-3011000","customerName":"SUSAN YOUNG","accountNumber":"CUS-3011000","paidAfterSum":0}
[2026-05-14T04:03:56.575Z] [info] [BillPanelTrace] calculateCustomerTotal:pastDueLedger_vs_panelLine {"customerId":"CUS-3011000","customerName":"SUSAN YOUNG","accountNumber":"CUS-3011000","pastDueLedger":183.49,"pastDueForOwed":178.49,"stmtUnpaid":361.98,"currentDue":183.49,"combined":361.98,"rolled":361.98,"total":361.98,"dedupStmtVsNet":false}
[2026-05-14T04:03:56.575Z] [info] [BillPanelTrace] getProcessBillPanelAmounts:branch_check {"customerId":"CUS-3011000","customerName":"SUSAN YOUNG","accountNumber":"CUS-3011000","hasFrozenSnapshot":true,"frozenAmountDue":361.98,"lastBillPrintDate":"2026-02-01T08:00:00.000Z","lastPrintedStatementTotalDue":361.98}
[2026-05-14T04:03:56.575Z] [info] [BillPanelTrace] getSumPaymentAmountsAfterLastBillPrint:start {"customerId":"CUS-3011000","customerName":"SUSAN YOUNG","accountNumber":"CUS-3011000","paymentHistoryLength":1,"lastBillPrintDate":"2026-02-01T08:00:00.000Z","lastBillPrintLedgerOrder":4,"latestBillingChargeSortMs":1769932800000,"latestBillingChargeLedgerOrder":4}
[2026-05-14T04:03:56.575Z] [info] [BillPanelTrace] getSum:skip_payment {"customerId":"CUS-3011000","customerName":"SUSAN YOUNG","accountNumber":"CUS-3011000","index":0,"reason":"testFreshStart"}
[2026-05-14T04:03:56.575Z] [info] [BillPanelTrace] getSumPaymentAmountsAfterLastBillPrint:result {"customerId":"CUS-3011000","customerName":"SUSAN YOUNG","accountNumber":"CUS-3011000","paidAfterSum":0}
[2026-05-14T04:03:56.575Z] [info] [BillPanelTrace] getProcessBillPanelAmounts:frozen_branch {"customerId":"CUS-3011000","customerName":"SUSAN YOUNG","accountNumber":"CUS-3011000","paidAfterLastBill":0,"willBypassFrozenToLive":false}
[2026-05-14T04:03:56.575Z] [info] [BillPanelTrace] getSumPaymentAmountsAfterLastBillPrint:start {"customerId":"CUS-3011000","customerName":"SUSAN YOUNG","accountNumber":"CUS-3011000","paymentHistoryLength":1,"lastBillPrintDate":"2026-02-01T08:00:00.000Z","lastBillPrintLedgerOrder":4,"latestBillingChargeSortMs":1769932800000,"latestBillingChargeLedgerOrder":4}
[2026-05-14T04:03:56.575Z] [info] [BillPanelTrace] getSum:skip_payment {"customerId":"CUS-3011000","customerName":"SUSAN YOUNG","accountNumber":"CUS-3011000","index":0,"reason":"testFreshStart"}
[2026-05-14T04:03:56.575Z] [info] [BillPanelTrace] getSumPaymentAmountsAfterLastBillPrint:result {"customerId":"CUS-3011000","customerName":"SUSAN YOUNG","accountNumber":"CUS-3011000","paidAfterSum":0}
[2026-05-14T04:03:56.575Z] [info] [BillPanelTrace] getSumPaymentAmountsAfterLastBillPrint:start {"customerId":"CUS-3011000","customerName":"SUSAN YOUNG","accountNumber":"CUS-3011000","paymentHistoryLength":1,"lastBillPrintDate":"2026-02-01T08:00:00.000Z","lastBillPrintLedgerOrder":4,"latestBillingChargeSortMs":1769932800000,"latestBillingChargeLedgerOrder":4}
[2026-05-14T04:03:56.575Z] [info] [BillPanelTrace] getSum:skip_payment {"customerId":"CUS-3011000","customerName":"SUSAN YOUNG","accountNumber":"CUS-3011000","index":0,"reason":"testFreshStart"}
[2026-05-14T04:03:56.575Z] [info] [BillPanelTrace] getSumPaymentAmountsAfterLastBillPrint:result {"customerId":"CUS-3011000","customerName":"SUSAN YOUNG","accountNumber":"CUS-3011000","paidAfterSum":0}
[2026-05-14T04:03:56.575Z] [info] [BillPanelTrace] getSumPaymentAmountsAfterLastBillPrint:start {"customerId":"CUS-3011000","customerName":"SUSAN YOUNG","accountNumber":"CUS-3011000","paymentHistoryLength":1,"lastBillPrintDate":"2026-02-01T08:00:00.000Z","lastBillPrintLedgerOrder":4,"latestBillingChargeSortMs":1769932800000,"latestBillingChargeLedgerOrder":4}
[2026-05-14T04:03:56.575Z] [info] [BillPanelTrace] getSum:skip_payment {"customerId":"CUS-3011000","customerName":"SUSAN YOUNG","accountNumber":"CUS-3011000","index":0,"reason":"testFreshStart"}
[2026-05-14T04:03:56.575Z] [info] [BillPanelTrace] getSumPaymentAmountsAfterLastBillPrint:result {"customerId":"CUS-3011000","customerName":"SUSAN YOUNG","accountNumber":"CUS-3011000","paidAfterSum":0}
[2026-05-14T04:03:56.575Z] [info] [BillPanelTrace] getSumPaymentAmountsAfterLastBillPrint:start {"customerId":"CUS-3011000","customerName":"SUSAN YOUNG","accountNumber":"CUS-3011000","paymentHistoryLength":1,"lastBillPrintDate":"2026-02-01T08:00:00.000Z","lastBillPrintLedgerOrder":4,"latestBillingChargeSortMs":1769932800000,"latestBillingChargeLedgerOrder":4}
[2026-05-14T04:03:56.575Z] [info] [BillPanelTrace] getSum:skip_payment {"customerId":"CUS-3011000","customerName":"SUSAN YOUNG","accountNumber":"CUS-3011000","index":0,"reason":"testFreshStart"}
[2026-05-14T04:03:56.575Z] [info] [BillPanelTrace] getSumPaymentAmountsAfterLastBillPrint:result {"customerId":"CUS-3011000","customerName":"SUSAN YOUNG","accountNumber":"CUS-3011000","paidAfterSum":0}
[2026-05-14T04:03:56.575Z] [info] [BillPanelTrace] calculateCustomerTotal:pastDueLedger_vs_panelLine {"customerId":"CUS-3011000","customerName":"SUSAN YOUNG","accountNumber":"CUS-3011000","pastDueLedger":183.49,"pastDueForOwed":178.49,"stmtUnpaid":361.98,"currentDue":183.49,"combined":361.98,"rolled":361.98,"total":361.98,"dedupStmtVsNet":false}
[2026-05-14T04:03:56.575Z] [info] [BillPanelTrace] getProcessBillPanelAmounts:result_frozen_panel {"customerId":"CUS-3011000","customerName":"SUSAN YOUNG","accountNumber":"CUS-3011000","total":366.98,"pastDue":178.49,"lateFee":10,"dueDateStr":"02/21/2026","fromFrozen":true}
[2026-05-14T04:03:56.575Z] [info] [BillPanelTrace] produceBill:lateFeePdf {"customerId":"CUS-3011000","customerName":"SUSAN YOUNG","accountNumber":"CUS-3011000","pdfLateFee":5,"calcLateFeeAmount":5,"daysSinceLastBillPrint":28,"lateFeeTimerDays":21,"lastBillPrintDate":"2026-02-01T08:00:00.000Z","printDateThisRun":"03/01/2026","autoApplyLateFees":true}
[2026-05-14T04:03:56.575Z] [info] [BillPanelTrace] getSumPaymentAmountsAfterLastBillPrint:start {"customerId":"CUS-3011000","customerName":"SUSAN YOUNG","accountNumber":"CUS-3011000","paymentHistoryLength":1,"lastBillPrintDate":"2026-02-01T08:00:00.000Z","lastBillPrintLedgerOrder":4,"latestBillingChargeSortMs":1769932800000,"latestBillingChargeLedgerOrder":4}
[2026-05-14T04:03:56.575Z] [info] [BillPanelTrace] getSum:skip_payment {"customerId":"CUS-3011000","customerName":"SUSAN YOUNG","accountNumber":"CUS-3011000","index":0,"reason":"testFreshStart"}
[2026-05-14T04:03:56.575Z] [info] [BillPanelTrace] getSumPaymentAmountsAfterLastBillPrint:result {"customerId":"CUS-3011000","customerName":"SUSAN YOUNG","accountNumber":"CUS-3011000","paidAfterSum":0}
[2026-05-14T04:03:56.575Z] [warn] [PdfPrevChargesSplit] {"customerId":"CUS-3011000","customerName":"SUSAN YOUNG","accountNumber":"CUS-3011000","message":"Past-due PDF column: partial-pay uses reco; else max(reco, floor) when rolled total hides stmt opening","floorPrevBranch":"max_ledger_stmt_when_stmt_higher","ledgerPastDue":183.49,"stmtOutstanding":361.98,"floorPrev":361.98,"recoFromAuth":178.49,"chosenPrev":361.98,"calcTotalAuth":361.98,"pdfCurrentDue":178.49,"pdfLateFee":5,"sumBeforeReconcile":545.47,"pdfTotalAmountAfter":361.98}
[2026-05-14T04:03:56.575Z] [info] [BillPanelTrace] produceBill:pdfReconcileCur {"customerId":"CUS-3011000","customerName":"SUSAN YOUNG","accountNumber":"CUS-3011000","taxCodeDetailsLen":3,"pdfCurrentDueDisplay_sewerPlusFirstFourTaxRows":178.49,"naiveIfWeAddedPucOnTopAgain":186.18,"pdfCurrentDueForReconcile_fromCalcSubtotalPlusPuc":178.49,"calcSubtotalBeforePuc":170.80122,"calcPucSurchargeAmount":7.686054899999999,"calcTotal":361.98,"pdfTotalAmount":361.98,"pdfTotalMatchesCalc":true}
[2026-05-14T04:03:56.575Z] [info] [BillPanelTrace] produceBill:total_amount_lifted_to_pdf_summary_lines {"customerId":"CUS-3011000","customerName":"SUSAN YOUNG","accountNumber":"CUS-3011000","unifiedBeforeLift":361.98,"pdfSummaryLineSum":545.47,"calcRounded":361.98,"pdfReconcileRounded":361.98,"pdfCurrentDueDisplay":178.49,"pdfPreviousCharges":361.98,"pdfLateFee":5}
[2026-05-14T04:03:56.575Z] [info] [BillPanelTrace] produceBill:unifiedTotalDueForPdf {"customerId":"CUS-3011000","customerName":"SUSAN YOUNG","accountNumber":"CUS-3011000","unifiedTotalDueForBill":545.47,"pdfSummaryLineSum":545.47,"calcRounded":361.98,"pdfReconcileRounded":361.98,"calcRawTotal":361.98}
[2026-05-14T04:03:56.575Z] [info] [BillPanelTrace] getProcessBillPanelAmounts:branch_check {"customerId":"CUS-3011000","customerName":"SUSAN YOUNG","accountNumber":"CUS-3011000","hasFrozenSnapshot":true,"frozenAmountDue":361.98,"lastBillPrintDate":"2026-02-01T08:00:00.000Z","lastPrintedStatementTotalDue":361.98}
[2026-05-14T04:03:56.575Z] [info] [BillPanelTrace] getSumPaymentAmountsAfterLastBillPrint:start {"customerId":"CUS-3011000","customerName":"SUSAN YOUNG","accountNumber":"CUS-3011000","paymentHistoryLength":1,"lastBillPrintDate":"2026-02-01T08:00:00.000Z","lastBillPrintLedgerOrder":4,"latestBillingChargeSortMs":1769932800000,"latestBillingChargeLedgerOrder":4}
[2026-05-14T04:03:56.575Z] [info] [BillPanelTrace] getSum:skip_payment {"customerId":"CUS-3011000","customerName":"SUSAN YOUNG","accountNumber":"CUS-3011000","index":0,"reason":"testFreshStart"}
[2026-05-14T04:03:56.576Z] [info] [BillPanelTrace] getSumPaymentAmountsAfterLastBillPrint:result {"customerId":"CUS-3011000","customerName":"SUSAN YOUNG","accountNumber":"CUS-3011000","paidAfterSum":0}
[2026-05-14T04:03:56.576Z] [info] [BillPanelTrace] getProcessBillPanelAmounts:frozen_branch {"customerId":"CUS-3011000","customerName":"SUSAN YOUNG","accountNumber":"CUS-3011000","paidAfterLastBill":0,"willBypassFrozenToLive":false}
[2026-05-14T04:03:56.576Z] [info] [BillPanelTrace] getSumPaymentAmountsAfterLastBillPrint:start {"customerId":"CUS-3011000","customerName":"SUSAN YOUNG","accountNumber":"CUS-3011000","paymentHistoryLength":1,"lastBillPrintDate":"2026-02-01T08:00:00.000Z","lastBillPrintLedgerOrder":4,"latestBillingChargeSortMs":1769932800000,"latestBillingChargeLedgerOrder":4}
[2026-05-14T04:03:56.576Z] [info] [BillPanelTrace] getSum:skip_payment {"customerId":"CUS-3011000","customerName":"SUSAN YOUNG","accountNumber":"CUS-3011000","index":0,"reason":"testFreshStart"}
[2026-05-14T04:03:56.576Z] [info] [BillPanelTrace] getSumPaymentAmountsAfterLastBillPrint:result {"customerId":"CUS-3011000","customerName":"SUSAN YOUNG","accountNumber":"CUS-3011000","paidAfterSum":0}
[2026-05-14T04:03:56.576Z] [info] [BillPanelTrace] getSumPaymentAmountsAfterLastBillPrint:start {"customerId":"CUS-3011000","customerName":"SUSAN YOUNG","accountNumber":"CUS-3011000","paymentHistoryLength":1,"lastBillPrintDate":"2026-02-01T08:00:00.000Z","lastBillPrintLedgerOrder":4,"latestBillingChargeSortMs":1769932800000,"latestBillingChargeLedgerOrder":4}
[2026-05-14T04:03:56.576Z] [info] [BillPanelTrace] getSum:skip_payment {"customerId":"CUS-3011000","customerName":"SUSAN YOUNG","accountNumber":"CUS-3011000","index":0,"reason":"testFreshStart"}
[2026-05-14T04:03:56.576Z] [info] [BillPanelTrace] getSumPaymentAmountsAfterLastBillPrint:result {"customerId":"CUS-3011000","customerName":"SUSAN YOUNG","accountNumber":"CUS-3011000","paidAfterSum":0}
[2026-05-14T04:03:56.576Z] [info] [BillPanelTrace] getSumPaymentAmountsAfterLastBillPrint:start {"customerId":"CUS-3011000","customerName":"SUSAN YOUNG","accountNumber":"CUS-3011000","paymentHistoryLength":1,"lastBillPrintDate":"2026-02-01T08:00:00.000Z","lastBillPrintLedgerOrder":4,"latestBillingChargeSortMs":1769932800000,"latestBillingChargeLedgerOrder":4}
[2026-05-14T04:03:56.576Z] [info] [BillPanelTrace] getSum:skip_payment {"customerId":"CUS-3011000","customerName":"SUSAN YOUNG","accountNumber":"CUS-3011000","index":0,"reason":"testFreshStart"}
[2026-05-14T04:03:56.576Z] [info] [BillPanelTrace] getSumPaymentAmountsAfterLastBillPrint:result {"customerId":"CUS-3011000","customerName":"SUSAN YOUNG","accountNumber":"CUS-3011000","paidAfterSum":0}
[2026-05-14T04:03:56.576Z] [info] [BillPanelTrace] getSumPaymentAmountsAfterLastBillPrint:start {"customerId":"CUS-3011000","customerName":"SUSAN YOUNG","accountNumber":"CUS-3011000","paymentHistoryLength":1,"lastBillPrintDate":"2026-02-01T08:00:00.000Z","lastBillPrintLedgerOrder":4,"latestBillingChargeSortMs":1769932800000,"latestBillingChargeLedgerOrder":4}
[2026-05-14T04:03:56.576Z] [info] [BillPanelTrace] getSum:skip_payment {"customerId":"CUS-3011000","customerName":"SUSAN YOUNG","accountNumber":"CUS-3011000","index":0,"reason":"testFreshStart"}
[2026-05-14T04:03:56.576Z] [info] [BillPanelTrace] getSumPaymentAmountsAfterLastBillPrint:result {"customerId":"CUS-3011000","customerName":"SUSAN YOUNG","accountNumber":"CUS-3011000","paidAfterSum":0}
[2026-05-14T04:03:56.576Z] [info] [BillPanelTrace] calculateCustomerTotal:pastDueLedger_vs_panelLine {"customerId":"CUS-3011000","customerName":"SUSAN YOUNG","accountNumber":"CUS-3011000","pastDueLedger":183.49,"pastDueForOwed":178.49,"stmtUnpaid":361.98,"currentDue":183.49,"combined":361.98,"rolled":361.98,"total":361.98,"dedupStmtVsNet":false}
[2026-05-14T04:03:56.576Z] [info] [BillPanelTrace] getProcessBillPanelAmounts:result_frozen_panel {"customerId":"CUS-3011000","customerName":"SUSAN YOUNG","accountNumber":"CUS-3011000","total":366.98,"pastDue":178.49,"lateFee":10,"dueDateStr":"02/21/2026","fromFrozen":true}
[2026-05-14T04:03:56.576Z] [info] [BillPanelTrace] getSumPaymentAmountsAfterLastBillPrint:start {"customerId":"CUS-3011000","customerName":"SUSAN YOUNG","accountNumber":"CUS-3011000","paymentHistoryLength":1,"lastBillPrintDate":"2026-02-01T08:00:00.000Z","lastBillPrintLedgerOrder":4,"latestBillingChargeSortMs":1769932800000,"latestBillingChargeLedgerOrder":4}
[2026-05-14T04:03:56.576Z] [info] [BillPanelTrace] getSum:skip_payment {"customerId":"CUS-3011000","customerName":"SUSAN YOUNG","accountNumber":"CUS-3011000","index":0,"reason":"testFreshStart"}
[2026-05-14T04:03:56.576Z] [info] [BillPanelTrace] getSumPaymentAmountsAfterLastBillPrint:result {"customerId":"CUS-3011000","customerName":"SUSAN YOUNG","accountNumber":"CUS-3011000","paidAfterSum":0}
[2026-05-14T04:03:56.576Z] [info] [BillPanelTrace] getSumPaymentAmountsAfterLastBillPrint:start {"customerId":"CUS-3011000","customerName":"SUSAN YOUNG","accountNumber":"CUS-3011000","paymentHistoryLength":1,"lastBillPrintDate":"2026-02-01T08:00:00.000Z","lastBillPrintLedgerOrder":4,"latestBillingChargeSortMs":1769932800000,"latestBillingChargeLedgerOrder":4}
[2026-05-14T04:03:56.576Z] [info] [BillPanelTrace] getSum:skip_payment {"customerId":"CUS-3011000","customerName":"SUSAN YOUNG","accountNumber":"CUS-3011000","index":0,"reason":"testFreshStart"}
[2026-05-14T04:03:56.576Z] [info] [BillPanelTrace] getSumPaymentAmountsAfterLastBillPrint:result {"customerId":"CUS-3011000","customerName":"SUSAN YOUNG","accountNumber":"CUS-3011000","paidAfterSum":0}
[2026-05-14T04:03:56.786Z] [info] [BillPanelTrace] getSumPaymentAmountsAfterLastBillPrint:start {"customerId":"CUS-3011000","customerName":"SUSAN YOUNG","accountNumber":"CUS-3011000","paymentHistoryLength":1,"lastBillPrintDate":"2026-02-01T08:00:00.000Z","lastBillPrintLedgerOrder":4,"latestBillingChargeSortMs":1769932800000,"latestBillingChargeLedgerOrder":4}
[2026-05-14T04:03:56.786Z] [info] [BillPanelTrace] getSum:skip_payment {"customerId":"CUS-3011000","customerName":"SUSAN YOUNG","accountNumber":"CUS-3011000","index":0,"reason":"testFreshStart"}
[2026-05-14T04:03:56.786Z] [info] [BillPanelTrace] getSumPaymentAmountsAfterLastBillPrint:result {"customerId":"CUS-3011000","customerName":"SUSAN YOUNG","accountNumber":"CUS-3011000","paidAfterSum":0}
[2026-05-14T04:03:56.786Z] [warn] [PdfPrevChargesSplit] {"customerId":"CUS-3011000","customerName":"SUSAN YOUNG","accountNumber":"CUS-3011000","message":"Past-due PDF column: partial-pay uses reco; else max(reco, floor) when rolled total hides stmt opening","floorPrevBranch":"max_ledger_stmt_when_stmt_higher","ledgerPastDue":183.49,"stmtOutstanding":361.98,"floorPrev":361.98,"recoFromAuth":178.49,"chosenPrev":361.98,"calcTotalAuth":361.98,"pdfCurrentDue":178.49,"pdfLateFee":5,"sumBeforeReconcile":545.47,"pdfTotalAmountAfter":361.98}
[2026-05-14T04:03:56.786Z] [info] [BillRowCurrentDue] {"customerId":"CUS-3011000","customerName":"SUSAN YOUNG","accountNumber":"CUS-3011000","message":"row total uses bill line column sum (may differ from calc.total during stmt collapse)","columnSumBill":545.47,"authRoll":361.98,"currentDueOnBill":545.47}
[2026-05-14T04:03:56.786Z] [info] [PastDueRoll] applyBillProductionRollForward:beforeRoll {"customerId":"CUS-3011000","name":"SUSAN YOUNG","prevPastDueRaw":183.49,"unpaidCurrent":183.49,"grossCurrentOwed":183.49,"statementTotal":545.47,"closedStatementTotalFromBill":545.47,"calcTotal":361.98,"calcCurrentDue":183.49,"rollUnpaidCurrentIntoPastDue":true}
[2026-05-14T04:03:56.786Z] [info] [PastDueRoll] addRolledUnpaidCurrentToPastDueComposition {"customerId":"CUS-3011000","name":"SUSAN YOUNG","unpaidCurrent":183.49,"basis":"priorBillingRow","priorBill":{"date":"02/01/2026","ledgerOrder":4,"pastDueOnBill":178.49,"sewerChargeOnBill":168.36,"taxCodesOnBill":2.44,"pucSurchargeOnBill":7.69,"lateFeeAmount":5},"calcSnapshot":{"adjustedServiceCost":168.36,"totalSurcharge":2.4412200000000004,"pucSurchargeAmount":7.686054899999999,"lateFeeAmount":5},"rolledCycleGross":{"sewerGross":168.36,"taxGross":2.44,"pucGross":7.69,"lateGross":5},"paymentsAppliedToClosedCycle":{"paidSewer":0,"paidTax":0,"paidPuc":0,"paidLate":0},"remainders":{"sewerRem":168.36,"taxRem":2.44,"pucRem":7.69,"lateRem":5,"sumRem":178.49},"svcTake":178.49,"uMinusSvc":5,"lateAddFormula":"min(lateRem,uMinusSvc)","lateAdd":5,"compositionBefore":{"Past due amount":0,"Late fees":5,"Current amount due":168.36,"Puc surcharge":7.69,"Tax Codes":2.44}}
[2026-05-14T04:03:56.786Z] [info] [PastDueRoll] addRolledUnpaidCurrentToPastDueComposition:split {"customerId":"CUS-3011000","name":"SUSAN YOUNG","uAfterLate":178.49,"sewerShare":168.36,"taxShare":2.44,"pucShare":7.69,"compositionAfter":{"Past due amount":0,"Late fees":10,"Current amount due":336.72,"Puc surcharge":15.38,"Tax Codes":4.88}}
[2026-05-14T04:03:56.786Z] [info] [PastDueRoll] applyBillProductionRollForward:afterRoll {"customerId":"CUS-3011000","name":"SUSAN YOUNG","newPastDue":366.98,"pastDueComposition":{"Past due amount":0,"Late fees":10,"Current amount due":336.72,"Puc surcharge":15.38,"Tax Codes":4.88},"compSum":366.98}
[2026-05-14T04:03:57.018Z] [info] [BillPanelTrace] getProcessBillPanelAmounts:branch_check {"customerId":"CUS-3011000","customerName":"SUSAN YOUNG","accountNumber":"CUS-3011000","hasFrozenSnapshot":true,"frozenAmountDue":545.47,"lastBillPrintDate":"2026-03-01T08:00:00.000Z","lastPrintedStatementTotalDue":545.47}
[2026-05-14T04:03:57.018Z] [info] [BillPanelTrace] getSumPaymentAmountsAfterLastBillPrint:start {"customerId":"CUS-3011000","customerName":"SUSAN YOUNG","accountNumber":"CUS-3011000","paymentHistoryLength":1,"lastBillPrintDate":"2026-03-01T08:00:00.000Z","lastBillPrintLedgerOrder":6,"latestBillingChargeSortMs":1772352000000,"latestBillingChargeLedgerOrder":6}
[2026-05-14T04:03:57.018Z] [info] [BillPanelTrace] getSum:skip_payment {"customerId":"CUS-3011000","customerName":"SUSAN YOUNG","accountNumber":"CUS-3011000","index":0,"reason":"testFreshStart"}
[2026-05-14T04:03:57.018Z] [info] [BillPanelTrace] getSumPaymentAmountsAfterLastBillPrint:result {"customerId":"CUS-3011000","customerName":"SUSAN YOUNG","accountNumber":"CUS-3011000","paidAfterSum":0}
[2026-05-14T04:03:57.018Z] [info] [BillPanelTrace] getProcessBillPanelAmounts:frozen_branch {"customerId":"CUS-3011000","customerName":"SUSAN YOUNG","accountNumber":"CUS-3011000","paidAfterLastBill":0,"willBypassFrozenToLive":false}
[2026-05-14T04:03:57.018Z] [info] [BillPanelTrace] getSumPaymentAmountsAfterLastBillPrint:start {"customerId":"CUS-3011000","customerName":"SUSAN YOUNG","accountNumber":"CUS-3011000","paymentHistoryLength":1,"lastBillPrintDate":"2026-03-01T08:00:00.000Z","lastBillPrintLedgerOrder":6,"latestBillingChargeSortMs":1772352000000,"latestBillingChargeLedgerOrder":6}
[2026-05-14T04:03:57.018Z] [info] [BillPanelTrace] getSum:skip_payment {"customerId":"CUS-3011000","customerName":"SUSAN YOUNG","accountNumber":"CUS-3011000","index":0,"reason":"testFreshStart"}
[2026-05-14T04:03:57.018Z] [info] [BillPanelTrace] getSumPaymentAmountsAfterLastBillPrint:result {"customerId":"CUS-3011000","customerName":"SUSAN YOUNG","accountNumber":"CUS-3011000","paidAfterSum":0}
[2026-05-14T04:03:57.018Z] [info] [BillPanelTrace] getSumPaymentAmountsAfterLastBillPrint:start {"customerId":"CUS-3011000","customerName":"SUSAN YOUNG","accountNumber":"CUS-3011000","paymentHistoryLength":1,"lastBillPrintDate":"2026-03-01T08:00:00.000Z","lastBillPrintLedgerOrder":6,"latestBillingChargeSortMs":1772352000000,"latestBillingChargeLedgerOrder":6}
[2026-05-14T04:03:57.019Z] [info] [BillPanelTrace] getSum:skip_payment {"customerId":"CUS-3011000","customerName":"SUSAN YOUNG","accountNumber":"CUS-3011000","index":0,"reason":"testFreshStart"}
[2026-05-14T04:03:57.019Z] [info] [BillPanelTrace] getSumPaymentAmountsAfterLastBillPrint:result {"customerId":"CUS-3011000","customerName":"SUSAN YOUNG","accountNumber":"CUS-3011000","paidAfterSum":0}
[2026-05-14T04:03:57.019Z] [info] [BillPanelTrace] getSumPaymentAmountsAfterLastBillPrint:start {"customerId":"CUS-3011000","customerName":"SUSAN YOUNG","accountNumber":"CUS-3011000","paymentHistoryLength":1,"lastBillPrintDate":"2026-03-01T08:00:00.000Z","lastBillPrintLedgerOrder":6,"latestBillingChargeSortMs":1772352000000,"latestBillingChargeLedgerOrder":6}
[2026-05-14T04:03:57.019Z] [info] [BillPanelTrace] getSum:skip_payment {"customerId":"CUS-3011000","customerName":"SUSAN YOUNG","accountNumber":"CUS-3011000","index":0,"reason":"testFreshStart"}
[2026-05-14T04:03:57.019Z] [info] [BillPanelTrace] getSumPaymentAmountsAfterLastBillPrint:result {"customerId":"CUS-3011000","customerName":"SUSAN YOUNG","accountNumber":"CUS-3011000","paidAfterSum":0}
[2026-05-14T04:03:57.019Z] [info] [BillPanelTrace] calculateCustomerTotal:pastDueLedger_vs_panelLine {"customerId":"CUS-3011000","customerName":"SUSAN YOUNG","accountNumber":"CUS-3011000","pastDueLedger":366.98,"pastDueForOwed":361.98,"stmtUnpaid":545.47,"currentDue":178.49,"combined":540.47,"rolled":540.47,"total":540.47,"dedupStmtVsNet":false}
[2026-05-14T04:03:57.019Z] [info] [BillPanelTrace] getProcessBillPanelAmounts:result_frozen_panel {"customerId":"CUS-3011000","customerName":"SUSAN YOUNG","accountNumber":"CUS-3011000","total":545.47,"pastDue":361.98,"lateFee":5,"dueDateStr":"03/21/2026","fromFrozen":true}
[2026-05-14T04:03:57.026Z] [info] [BillPanelTrace] getProcessBillPanelAmounts:branch_check {"customerId":"CUS-3011000","customerName":"SUSAN YOUNG","accountNumber":"CUS-3011000","hasFrozenSnapshot":true,"frozenAmountDue":545.47,"lastBillPrintDate":"2026-03-01T08:00:00.000Z","lastPrintedStatementTotalDue":545.47}
[2026-05-14T04:03:57.027Z] [info] [BillPanelTrace] getSumPaymentAmountsAfterLastBillPrint:start {"customerId":"CUS-3011000","customerName":"SUSAN YOUNG","accountNumber":"CUS-3011000","paymentHistoryLength":1,"lastBillPrintDate":"2026-03-01T08:00:00.000Z","lastBillPrintLedgerOrder":6,"latestBillingChargeSortMs":1772352000000,"latestBillingChargeLedgerOrder":6}
[2026-05-14T04:03:57.027Z] [info] [BillPanelTrace] getSum:skip_payment {"customerId":"CUS-3011000","customerName":"SUSAN YOUNG","accountNumber":"CUS-3011000","index":0,"reason":"testFreshStart"}
[2026-05-14T04:03:57.027Z] [info] [BillPanelTrace] getSumPaymentAmountsAfterLastBillPrint:result {"customerId":"CUS-3011000","customerName":"SUSAN YOUNG","accountNumber":"CUS-3011000","paidAfterSum":0}
[2026-05-14T04:03:57.027Z] [info] [BillPanelTrace] getProcessBillPanelAmounts:frozen_branch {"customerId":"CUS-3011000","customerName":"SUSAN YOUNG","accountNumber":"CUS-3011000","paidAfterLastBill":0,"willBypassFrozenToLive":false}
[2026-05-14T04:03:57.027Z] [info] [BillPanelTrace] getSumPaymentAmountsAfterLastBillPrint:start {"customerId":"CUS-3011000","customerName":"SUSAN YOUNG","accountNumber":"CUS-3011000","paymentHistoryLength":1,"lastBillPrintDate":"2026-03-01T08:00:00.000Z","lastBillPrintLedgerOrder":6,"latestBillingChargeSortMs":1772352000000,"latestBillingChargeLedgerOrder":6}
[2026-05-14T04:03:57.027Z] [info] [BillPanelTrace] getSum:skip_payment {"customerId":"CUS-3011000","customerName":"SUSAN YOUNG","accountNumber":"CUS-3011000","index":0,"reason":"testFreshStart"}
[2026-05-14T04:03:57.027Z] [info] [BillPanelTrace] getSumPaymentAmountsAfterLastBillPrint:result {"customerId":"CUS-3011000","customerName":"SUSAN YOUNG","accountNumber":"CUS-3011000","paidAfterSum":0}
[2026-05-14T04:03:57.027Z] [info] [BillPanelTrace] getSumPaymentAmountsAfterLastBillPrint:start {"customerId":"CUS-3011000","customerName":"SUSAN YOUNG","accountNumber":"CUS-3011000","paymentHistoryLength":1,"lastBillPrintDate":"2026-03-01T08:00:00.000Z","lastBillPrintLedgerOrder":6,"latestBillingChargeSortMs":1772352000000,"latestBillingChargeLedgerOrder":6}
[2026-05-14T04:03:57.027Z] [info] [BillPanelTrace] getSum:skip_payment {"customerId":"CUS-3011000","customerName":"SUSAN YOUNG","accountNumber":"CUS-3011000","index":0,"reason":"testFreshStart"}
[2026-05-14T04:03:57.027Z] [info] [BillPanelTrace] getSumPaymentAmountsAfterLastBillPrint:result {"customerId":"CUS-3011000","customerName":"SUSAN YOUNG","accountNumber":"CUS-3011000","paidAfterSum":0}
[2026-05-14T04:03:57.027Z] [info] [BillPanelTrace] getSumPaymentAmountsAfterLastBillPrint:start {"customerId":"CUS-3011000","customerName":"SUSAN YOUNG","accountNumber":"CUS-3011000","paymentHistoryLength":1,"lastBillPrintDate":"2026-03-01T08:00:00.000Z","lastBillPrintLedgerOrder":6,"latestBillingChargeSortMs":1772352000000,"latestBillingChargeLedgerOrder":6}
[2026-05-14T04:03:57.027Z] [info] [BillPanelTrace] getSum:skip_payment {"customerId":"CUS-3011000","customerName":"SUSAN YOUNG","accountNumber":"CUS-3011000","index":0,"reason":"testFreshStart"}
[2026-05-14T04:03:57.027Z] [info] [BillPanelTrace] getSumPaymentAmountsAfterLastBillPrint:result {"customerId":"CUS-3011000","customerName":"SUSAN YOUNG","accountNumber":"CUS-3011000","paidAfterSum":0}
[2026-05-14T04:03:57.027Z] [info] [BillPanelTrace] calculateCustomerTotal:pastDueLedger_vs_panelLine {"customerId":"CUS-3011000","customerName":"SUSAN YOUNG","accountNumber":"CUS-3011000","pastDueLedger":366.98,"pastDueForOwed":361.98,"stmtUnpaid":545.47,"currentDue":178.49,"combined":540.47,"rolled":540.47,"total":540.47,"dedupStmtVsNet":false}
[2026-05-14T04:03:57.027Z] [info] [BillPanelTrace] getProcessBillPanelAmounts:result_frozen_panel {"customerId":"CUS-3011000","customerName":"SUSAN YOUNG","accountNumber":"CUS-3011000","total":545.47,"pastDue":361.98,"lateFee":5,"dueDateStr":"03/21/2026","fromFrozen":true}
[2026-05-14T04:03:57.117Z] [info] [BillPanelTrace] getProcessBillPanelAmounts:branch_check {"customerId":"CUS-3011000","customerName":"SUSAN YOUNG","accountNumber":"CUS-3011000","hasFrozenSnapshot":true,"frozenAmountDue":545.47,"lastBillPrintDate":"2026-03-01T08:00:00.000Z","lastPrintedStatementTotalDue":545.47}
[2026-05-14T04:03:57.117Z] [info] [BillPanelTrace] getSumPaymentAmountsAfterLastBillPrint:start {"customerId":"CUS-3011000","customerName":"SUSAN YOUNG","accountNumber":"CUS-3011000","paymentHistoryLength":1,"lastBillPrintDate":"2026-03-01T08:00:00.000Z","lastBillPrintLedgerOrder":6,"latestBillingChargeSortMs":1772352000000,"latestBillingChargeLedgerOrder":6}
[2026-05-14T04:03:57.117Z] [info] [BillPanelTrace] getSum:skip_payment {"customerId":"CUS-3011000","customerName":"SUSAN YOUNG","accountNumber":"CUS-3011000","index":0,"reason":"testFreshStart"}
[2026-05-14T04:03:57.117Z] [info] [BillPanelTrace] getSumPaymentAmountsAfterLastBillPrint:result {"customerId":"CUS-3011000","customerName":"SUSAN YOUNG","accountNumber":"CUS-3011000","paidAfterSum":0}
[2026-05-14T04:03:57.117Z] [info] [BillPanelTrace] getProcessBillPanelAmounts:frozen_branch {"customerId":"CUS-3011000","customerName":"SUSAN YOUNG","accountNumber":"CUS-3011000","paidAfterLastBill":0,"willBypassFrozenToLive":false}
[2026-05-14T04:03:57.118Z] [info] [BillPanelTrace] getSumPaymentAmountsAfterLastBillPrint:start {"customerId":"CUS-3011000","customerName":"SUSAN YOUNG","accountNumber":"CUS-3011000","paymentHistoryLength":1,"lastBillPrintDate":"2026-03-01T08:00:00.000Z","lastBillPrintLedgerOrder":6,"latestBillingChargeSortMs":1772352000000,"latestBillingChargeLedgerOrder":6}
[2026-05-14T04:03:57.118Z] [info] [BillPanelTrace] getSum:skip_payment {"customerId":"CUS-3011000","customerName":"SUSAN YOUNG","accountNumber":"CUS-3011000","index":0,"reason":"testFreshStart"}
[2026-05-14T04:03:57.118Z] [info] [BillPanelTrace] getSumPaymentAmountsAfterLastBillPrint:result {"customerId":"CUS-3011000","customerName":"SUSAN YOUNG","accountNumber":"CUS-3011000","paidAfterSum":0}
[2026-05-14T04:03:57.118Z] [info] [BillPanelTrace] getSumPaymentAmountsAfterLastBillPrint:start {"customerId":"CUS-3011000","customerName":"SUSAN YOUNG","accountNumber":"CUS-3011000","paymentHistoryLength":1,"lastBillPrintDate":"2026-03-01T08:00:00.000Z","lastBillPrintLedgerOrder":6,"latestBillingChargeSortMs":1772352000000,"latestBillingChargeLedgerOrder":6}
[2026-05-14T04:03:57.118Z] [info] [BillPanelTrace] getSum:skip_payment {"customerId":"CUS-3011000","customerName":"SUSAN YOUNG","accountNumber":"CUS-3011000","index":0,"reason":"testFreshStart"}
[2026-05-14T04:03:57.118Z] [info] [BillPanelTrace] getSumPaymentAmountsAfterLastBillPrint:result {"customerId":"CUS-3011000","customerName":"SUSAN YOUNG","accountNumber":"CUS-3011000","paidAfterSum":0}
[2026-05-14T04:03:57.118Z] [info] [BillPanelTrace] getSumPaymentAmountsAfterLastBillPrint:start {"customerId":"CUS-3011000","customerName":"SUSAN YOUNG","accountNumber":"CUS-3011000","paymentHistoryLength":1,"lastBillPrintDate":"2026-03-01T08:00:00.000Z","lastBillPrintLedgerOrder":6,"latestBillingChargeSortMs":1772352000000,"latestBillingChargeLedgerOrder":6}
[2026-05-14T04:03:57.118Z] [info] [BillPanelTrace] getSum:skip_payment {"customerId":"CUS-3011000","customerName":"SUSAN YOUNG","accountNumber":"CUS-3011000","index":0,"reason":"testFreshStart"}
[2026-05-14T04:03:57.118Z] [info] [BillPanelTrace] getSumPaymentAmountsAfterLastBillPrint:result {"customerId":"CUS-3011000","customerName":"SUSAN YOUNG","accountNumber":"CUS-3011000","paidAfterSum":0}
[2026-05-14T04:03:57.118Z] [info] [BillPanelTrace] calculateCustomerTotal:pastDueLedger_vs_panelLine {"customerId":"CUS-3011000","customerName":"SUSAN YOUNG","accountNumber":"CUS-3011000","pastDueLedger":366.98,"pastDueForOwed":361.98,"stmtUnpaid":545.47,"currentDue":178.49,"combined":540.47,"rolled":540.47,"total":540.47,"dedupStmtVsNet":false}
[2026-05-14T04:03:57.118Z] [info] [BillPanelTrace] getProcessBillPanelAmounts:result_frozen_panel {"customerId":"CUS-3011000","customerName":"SUSAN YOUNG","accountNumber":"CUS-3011000","total":545.47,"pastDue":361.98,"lateFee":5,"dueDateStr":"03/21/2026","fromFrozen":true}
[2026-05-14T04:03:57.297Z] [info] [BillPanelTrace] getProcessBillPanelAmounts:branch_check {"customerId":"CUS-3011000","customerName":"SUSAN YOUNG","accountNumber":"CUS-3011000","hasFrozenSnapshot":true,"frozenAmountDue":545.47,"lastBillPrintDate":"2026-03-01T08:00:00.000Z","lastPrintedStatementTotalDue":545.47}
[2026-05-14T04:03:57.297Z] [info] [BillPanelTrace] getSumPaymentAmountsAfterLastBillPrint:start {"customerId":"CUS-3011000","customerName":"SUSAN YOUNG","accountNumber":"CUS-3011000","paymentHistoryLength":1,"lastBillPrintDate":"2026-03-01T08:00:00.000Z","lastBillPrintLedgerOrder":6,"latestBillingChargeSortMs":1772352000000,"latestBillingChargeLedgerOrder":6}
[2026-05-14T04:03:57.297Z] [info] [BillPanelTrace] getSum:skip_payment {"customerId":"CUS-3011000","customerName":"SUSAN YOUNG","accountNumber":"CUS-3011000","index":0,"reason":"testFreshStart"}
[2026-05-14T04:03:57.297Z] [info] [BillPanelTrace] getSumPaymentAmountsAfterLastBillPrint:result {"customerId":"CUS-3011000","customerName":"SUSAN YOUNG","accountNumber":"CUS-3011000","paidAfterSum":0}
[2026-05-14T04:03:57.297Z] [info] [BillPanelTrace] getProcessBillPanelAmounts:frozen_branch {"customerId":"CUS-3011000","customerName":"SUSAN YOUNG","accountNumber":"CUS-3011000","paidAfterLastBill":0,"willBypassFrozenToLive":false}
[2026-05-14T04:03:57.297Z] [info] [BillPanelTrace] getSumPaymentAmountsAfterLastBillPrint:start {"customerId":"CUS-3011000","customerName":"SUSAN YOUNG","accountNumber":"CUS-3011000","paymentHistoryLength":1,"lastBillPrintDate":"2026-03-01T08:00:00.000Z","lastBillPrintLedgerOrder":6,"latestBillingChargeSortMs":1772352000000,"latestBillingChargeLedgerOrder":6}
[2026-05-14T04:03:57.298Z] [info] [BillPanelTrace] getSum:skip_payment {"customerId":"CUS-3011000","customerName":"SUSAN YOUNG","accountNumber":"CUS-3011000","index":0,"reason":"testFreshStart"}
[2026-05-14T04:03:57.298Z] [info] [BillPanelTrace] getSumPaymentAmountsAfterLastBillPrint:result {"customerId":"CUS-3011000","customerName":"SUSAN YOUNG","accountNumber":"CUS-3011000","paidAfterSum":0}
[2026-05-14T04:03:57.298Z] [info] [BillPanelTrace] getSumPaymentAmountsAfterLastBillPrint:start {"customerId":"CUS-3011000","customerName":"SUSAN YOUNG","accountNumber":"CUS-3011000","paymentHistoryLength":1,"lastBillPrintDate":"2026-03-01T08:00:00.000Z","lastBillPrintLedgerOrder":6,"latestBillingChargeSortMs":1772352000000,"latestBillingChargeLedgerOrder":6}
[2026-05-14T04:03:57.298Z] [info] [BillPanelTrace] getSum:skip_payment {"customerId":"CUS-3011000","customerName":"SUSAN YOUNG","accountNumber":"CUS-3011000","index":0,"reason":"testFreshStart"}
[2026-05-14T04:03:57.298Z] [info] [BillPanelTrace] getSumPaymentAmountsAfterLastBillPrint:result {"customerId":"CUS-3011000","customerName":"SUSAN YOUNG","accountNumber":"CUS-3011000","paidAfterSum":0}
[2026-05-14T04:03:57.298Z] [info] [BillPanelTrace] getSumPaymentAmountsAfterLastBillPrint:start {"customerId":"CUS-3011000","customerName":"SUSAN YOUNG","accountNumber":"CUS-3011000","paymentHistoryLength":1,"lastBillPrintDate":"2026-03-01T08:00:00.000Z","lastBillPrintLedgerOrder":6,"latestBillingChargeSortMs":1772352000000,"latestBillingChargeLedgerOrder":6}
[2026-05-14T04:03:57.298Z] [info] [BillPanelTrace] getSum:skip_payment {"customerId":"CUS-3011000","customerName":"SUSAN YOUNG","accountNumber":"CUS-3011000","index":0,"reason":"testFreshStart"}
[2026-05-14T04:03:57.298Z] [info] [BillPanelTrace] getSumPaymentAmountsAfterLastBillPrint:result {"customerId":"CUS-3011000","customerName":"SUSAN YOUNG","accountNumber":"CUS-3011000","paidAfterSum":0}
[2026-05-14T04:03:57.298Z] [info] [BillPanelTrace] calculateCustomerTotal:pastDueLedger_vs_panelLine {"customerId":"CUS-3011000","customerName":"SUSAN YOUNG","accountNumber":"CUS-3011000","pastDueLedger":366.98,"pastDueForOwed":361.98,"stmtUnpaid":545.47,"currentDue":178.49,"combined":540.47,"rolled":540.47,"total":540.47,"dedupStmtVsNet":false}
[2026-05-14T04:03:57.298Z] [info] [BillPanelTrace] getProcessBillPanelAmounts:result_frozen_panel {"customerId":"CUS-3011000","customerName":"SUSAN YOUNG","accountNumber":"CUS-3011000","total":545.47,"pastDue":361.98,"lateFee":5,"dueDateStr":"03/21/2026","fromFrozen":true}
[2026-05-14T04:03:57.483Z] [info] [DevelopTest] Advance to 2026-04-01 (instant)
[2026-05-14T04:03:57.578Z] [info] [BillPanelTrace] getProcessBillPanelAmounts:branch_check {"customerId":"CUS-3011000","customerName":"SUSAN YOUNG","accountNumber":"CUS-3011000","hasFrozenSnapshot":true,"frozenAmountDue":545.47,"lastBillPrintDate":"2026-03-01T08:00:00.000Z","lastPrintedStatementTotalDue":545.47}
[2026-05-14T04:03:57.578Z] [info] [BillPanelTrace] getSumPaymentAmountsAfterLastBillPrint:start {"customerId":"CUS-3011000","customerName":"SUSAN YOUNG","accountNumber":"CUS-3011000","paymentHistoryLength":1,"lastBillPrintDate":"2026-03-01T08:00:00.000Z","lastBillPrintLedgerOrder":6,"latestBillingChargeSortMs":1772352000000,"latestBillingChargeLedgerOrder":6}
[2026-05-14T04:03:57.578Z] [info] [BillPanelTrace] getSum:skip_payment {"customerId":"CUS-3011000","customerName":"SUSAN YOUNG","accountNumber":"CUS-3011000","index":0,"reason":"testFreshStart"}
[2026-05-14T04:03:57.578Z] [info] [BillPanelTrace] getSumPaymentAmountsAfterLastBillPrint:result {"customerId":"CUS-3011000","customerName":"SUSAN YOUNG","accountNumber":"CUS-3011000","paidAfterSum":0}
[2026-05-14T04:03:57.578Z] [info] [BillPanelTrace] getProcessBillPanelAmounts:frozen_branch {"customerId":"CUS-3011000","customerName":"SUSAN YOUNG","accountNumber":"CUS-3011000","paidAfterLastBill":0,"willBypassFrozenToLive":false}
[2026-05-14T04:03:57.578Z] [info] [BillPanelTrace] getSumPaymentAmountsAfterLastBillPrint:start {"customerId":"CUS-3011000","customerName":"SUSAN YOUNG","accountNumber":"CUS-3011000","paymentHistoryLength":1,"lastBillPrintDate":"2026-03-01T08:00:00.000Z","lastBillPrintLedgerOrder":6,"latestBillingChargeSortMs":1772352000000,"latestBillingChargeLedgerOrder":6}
[2026-05-14T04:03:57.578Z] [info] [BillPanelTrace] getSum:skip_payment {"customerId":"CUS-3011000","customerName":"SUSAN YOUNG","accountNumber":"CUS-3011000","index":0,"reason":"testFreshStart"}
[2026-05-14T04:03:57.579Z] [info] [BillPanelTrace] getSumPaymentAmountsAfterLastBillPrint:result {"customerId":"CUS-3011000","customerName":"SUSAN YOUNG","accountNumber":"CUS-3011000","paidAfterSum":0}
[2026-05-14T04:03:57.579Z] [info] [BillPanelTrace] getSumPaymentAmountsAfterLastBillPrint:start {"customerId":"CUS-3011000","customerName":"SUSAN YOUNG","accountNumber":"CUS-3011000","paymentHistoryLength":1,"lastBillPrintDate":"2026-03-01T08:00:00.000Z","lastBillPrintLedgerOrder":6,"latestBillingChargeSortMs":1772352000000,"latestBillingChargeLedgerOrder":6}
[2026-05-14T04:03:57.579Z] [info] [BillPanelTrace] getSum:skip_payment {"customerId":"CUS-3011000","customerName":"SUSAN YOUNG","accountNumber":"CUS-3011000","index":0,"reason":"testFreshStart"}
[2026-05-14T04:03:57.579Z] [info] [BillPanelTrace] getSumPaymentAmountsAfterLastBillPrint:result {"customerId":"CUS-3011000","customerName":"SUSAN YOUNG","accountNumber":"CUS-3011000","paidAfterSum":0}
[2026-05-14T04:03:57.579Z] [info] [BillPanelTrace] getSumPaymentAmountsAfterLastBillPrint:start {"customerId":"CUS-3011000","customerName":"SUSAN YOUNG","accountNumber":"CUS-3011000","paymentHistoryLength":1,"lastBillPrintDate":"2026-03-01T08:00:00.000Z","lastBillPrintLedgerOrder":6,"latestBillingChargeSortMs":1772352000000,"latestBillingChargeLedgerOrder":6}
[2026-05-14T04:03:57.579Z] [info] [BillPanelTrace] getSum:skip_payment {"customerId":"CUS-3011000","customerName":"SUSAN YOUNG","accountNumber":"CUS-3011000","index":0,"reason":"testFreshStart"}
[2026-05-14T04:03:57.579Z] [info] [BillPanelTrace] getSumPaymentAmountsAfterLastBillPrint:result {"customerId":"CUS-3011000","customerName":"SUSAN YOUNG","accountNumber":"CUS-3011000","paidAfterSum":0}
[2026-05-14T04:03:57.579Z] [info] [BillPanelTrace] getSumPaymentAmountsAfterLastBillPrint:start {"customerId":"CUS-3011000","customerName":"SUSAN YOUNG","accountNumber":"CUS-3011000","paymentHistoryLength":1,"lastBillPrintDate":"2026-03-01T08:00:00.000Z","lastBillPrintLedgerOrder":6,"latestBillingChargeSortMs":1772352000000,"latestBillingChargeLedgerOrder":6}
[2026-05-14T04:03:57.579Z] [info] [BillPanelTrace] getSum:skip_payment {"customerId":"CUS-3011000","customerName":"SUSAN YOUNG","accountNumber":"CUS-3011000","index":0,"reason":"testFreshStart"}
[2026-05-14T04:03:57.579Z] [info] [BillPanelTrace] getSumPaymentAmountsAfterLastBillPrint:result {"customerId":"CUS-3011000","customerName":"SUSAN YOUNG","accountNumber":"CUS-3011000","paidAfterSum":0}
[2026-05-14T04:03:57.579Z] [info] [BillPanelTrace] calculateCustomerTotal:pastDueLedger_vs_panelLine {"customerId":"CUS-3011000","customerName":"SUSAN YOUNG","accountNumber":"CUS-3011000","pastDueLedger":366.98,"pastDueForOwed":361.98,"stmtUnpaid":545.47,"currentDue":183.49,"combined":545.47,"rolled":545.47,"total":545.47,"dedupStmtVsNet":false}
[2026-05-14T04:03:57.579Z] [info] [BillPanelTrace] getProcessBillPanelAmounts:result_frozen_panel {"customerId":"CUS-3011000","customerName":"SUSAN YOUNG","accountNumber":"CUS-3011000","total":550.47,"pastDue":361.98,"lateFee":10,"dueDateStr":"03/21/2026","fromFrozen":true}
[2026-05-14T04:03:57.579Z] [info] [BillPanelTrace] getProcessBillPanelAmounts:branch_check {"customerId":"CUS-3011000","customerName":"SUSAN YOUNG","accountNumber":"CUS-3011000","hasFrozenSnapshot":true,"frozenAmountDue":545.47,"lastBillPrintDate":"2026-03-01T08:00:00.000Z","lastPrintedStatementTotalDue":545.47}
[2026-05-14T04:03:57.579Z] [info] [BillPanelTrace] getSumPaymentAmountsAfterLastBillPrint:start {"customerId":"CUS-3011000","customerName":"SUSAN YOUNG","accountNumber":"CUS-3011000","paymentHistoryLength":1,"lastBillPrintDate":"2026-03-01T08:00:00.000Z","lastBillPrintLedgerOrder":6,"latestBillingChargeSortMs":1772352000000,"latestBillingChargeLedgerOrder":6}
[2026-05-14T04:03:57.579Z] [info] [BillPanelTrace] getSum:skip_payment {"customerId":"CUS-3011000","customerName":"SUSAN YOUNG","accountNumber":"CUS-3011000","index":0,"reason":"testFreshStart"}
[2026-05-14T04:03:57.579Z] [info] [BillPanelTrace] getSumPaymentAmountsAfterLastBillPrint:result {"customerId":"CUS-3011000","customerName":"SUSAN YOUNG","accountNumber":"CUS-3011000","paidAfterSum":0}
[2026-05-14T04:03:57.579Z] [info] [BillPanelTrace] getProcessBillPanelAmounts:frozen_branch {"customerId":"CUS-3011000","customerName":"SUSAN YOUNG","accountNumber":"CUS-3011000","paidAfterLastBill":0,"willBypassFrozenToLive":false}
[2026-05-14T04:03:57.579Z] [info] [BillPanelTrace] getSumPaymentAmountsAfterLastBillPrint:start {"customerId":"CUS-3011000","customerName":"SUSAN YOUNG","accountNumber":"CUS-3011000","paymentHistoryLength":1,"lastBillPrintDate":"2026-03-01T08:00:00.000Z","lastBillPrintLedgerOrder":6,"latestBillingChargeSortMs":1772352000000,"latestBillingChargeLedgerOrder":6}
[2026-05-14T04:03:57.579Z] [info] [BillPanelTrace] getSum:skip_payment {"customerId":"CUS-3011000","customerName":"SUSAN YOUNG","accountNumber":"CUS-3011000","index":0,"reason":"testFreshStart"}
[2026-05-14T04:03:57.579Z] [info] [BillPanelTrace] getSumPaymentAmountsAfterLastBillPrint:result {"customerId":"CUS-3011000","customerName":"SUSAN YOUNG","accountNumber":"CUS-3011000","paidAfterSum":0}
[2026-05-14T04:03:57.579Z] [info] [BillPanelTrace] getSumPaymentAmountsAfterLastBillPrint:start {"customerId":"CUS-3011000","customerName":"SUSAN YOUNG","accountNumber":"CUS-3011000","paymentHistoryLength":1,"lastBillPrintDate":"2026-03-01T08:00:00.000Z","lastBillPrintLedgerOrder":6,"latestBillingChargeSortMs":1772352000000,"latestBillingChargeLedgerOrder":6}
[2026-05-14T04:03:57.579Z] [info] [BillPanelTrace] getSum:skip_payment {"customerId":"CUS-3011000","customerName":"SUSAN YOUNG","accountNumber":"CUS-3011000","index":0,"reason":"testFreshStart"}
[2026-05-14T04:03:57.579Z] [info] [BillPanelTrace] getSumPaymentAmountsAfterLastBillPrint:result {"customerId":"CUS-3011000","customerName":"SUSAN YOUNG","accountNumber":"CUS-3011000","paidAfterSum":0}
[2026-05-14T04:03:57.580Z] [info] [BillPanelTrace] getSumPaymentAmountsAfterLastBillPrint:start {"customerId":"CUS-3011000","customerName":"SUSAN YOUNG","accountNumber":"CUS-3011000","paymentHistoryLength":1,"lastBillPrintDate":"2026-03-01T08:00:00.000Z","lastBillPrintLedgerOrder":6,"latestBillingChargeSortMs":1772352000000,"latestBillingChargeLedgerOrder":6}
[2026-05-14T04:03:57.580Z] [info] [BillPanelTrace] getSum:skip_payment {"customerId":"CUS-3011000","customerName":"SUSAN YOUNG","accountNumber":"CUS-3011000","index":0,"reason":"testFreshStart"}
[2026-05-14T04:03:57.580Z] [info] [BillPanelTrace] getSumPaymentAmountsAfterLastBillPrint:result {"customerId":"CUS-3011000","customerName":"SUSAN YOUNG","accountNumber":"CUS-3011000","paidAfterSum":0}
[2026-05-14T04:03:57.580Z] [info] [BillPanelTrace] getSumPaymentAmountsAfterLastBillPrint:start {"customerId":"CUS-3011000","customerName":"SUSAN YOUNG","accountNumber":"CUS-3011000","paymentHistoryLength":1,"lastBillPrintDate":"2026-03-01T08:00:00.000Z","lastBillPrintLedgerOrder":6,"latestBillingChargeSortMs":1772352000000,"latestBillingChargeLedgerOrder":6}
[2026-05-14T04:03:57.580Z] [info] [BillPanelTrace] getSum:skip_payment {"customerId":"CUS-3011000","customerName":"SUSAN YOUNG","accountNumber":"CUS-3011000","index":0,"reason":"testFreshStart"}
[2026-05-14T04:03:57.580Z] [info] [BillPanelTrace] getSumPaymentAmountsAfterLastBillPrint:result {"customerId":"CUS-3011000","customerName":"SUSAN YOUNG","accountNumber":"CUS-3011000","paidAfterSum":0}
[2026-05-14T04:03:57.580Z] [info] [BillPanelTrace] calculateCustomerTotal:pastDueLedger_vs_panelLine {"customerId":"CUS-3011000","customerName":"SUSAN YOUNG","accountNumber":"CUS-3011000","pastDueLedger":366.98,"pastDueForOwed":361.98,"stmtUnpaid":545.47,"currentDue":183.49,"combined":545.47,"rolled":545.47,"total":545.47,"dedupStmtVsNet":false}
[2026-05-14T04:03:57.580Z] [info] [BillPanelTrace] getProcessBillPanelAmounts:result_frozen_panel {"customerId":"CUS-3011000","customerName":"SUSAN YOUNG","accountNumber":"CUS-3011000","total":550.47,"pastDue":361.98,"lateFee":10,"dueDateStr":"03/21/2026","fromFrozen":true}
[2026-05-14T04:03:57.580Z] [info] [BillPanelTrace] getProcessBillPanelAmounts:branch_check {"customerId":"CUS-3011000","customerName":"SUSAN YOUNG","accountNumber":"CUS-3011000","hasFrozenSnapshot":true,"frozenAmountDue":545.47,"lastBillPrintDate":"2026-03-01T08:00:00.000Z","lastPrintedStatementTotalDue":545.47}
[2026-05-14T04:03:57.580Z] [info] [BillPanelTrace] getSumPaymentAmountsAfterLastBillPrint:start {"customerId":"CUS-3011000","customerName":"SUSAN YOUNG","accountNumber":"CUS-3011000","paymentHistoryLength":1,"lastBillPrintDate":"2026-03-01T08:00:00.000Z","lastBillPrintLedgerOrder":6,"latestBillingChargeSortMs":1772352000000,"latestBillingChargeLedgerOrder":6}
[2026-05-14T04:03:57.580Z] [info] [BillPanelTrace] getSum:skip_payment {"customerId":"CUS-3011000","customerName":"SUSAN YOUNG","accountNumber":"CUS-3011000","index":0,"reason":"testFreshStart"}
[2026-05-14T04:03:57.580Z] [info] [BillPanelTrace] getSumPaymentAmountsAfterLastBillPrint:result {"customerId":"CUS-3011000","customerName":"SUSAN YOUNG","accountNumber":"CUS-3011000","paidAfterSum":0}
[2026-05-14T04:03:57.580Z] [info] [BillPanelTrace] getProcessBillPanelAmounts:frozen_branch {"customerId":"CUS-3011000","customerName":"SUSAN YOUNG","accountNumber":"CUS-3011000","paidAfterLastBill":0,"willBypassFrozenToLive":false}
[2026-05-14T04:03:57.580Z] [info] [BillPanelTrace] getSumPaymentAmountsAfterLastBillPrint:start {"customerId":"CUS-3011000","customerName":"SUSAN YOUNG","accountNumber":"CUS-3011000","paymentHistoryLength":1,"lastBillPrintDate":"2026-03-01T08:00:00.000Z","lastBillPrintLedgerOrder":6,"latestBillingChargeSortMs":1772352000000,"latestBillingChargeLedgerOrder":6}
[2026-05-14T04:03:57.580Z] [info] [BillPanelTrace] getSum:skip_payment {"customerId":"CUS-3011000","customerName":"SUSAN YOUNG","accountNumber":"CUS-3011000","index":0,"reason":"testFreshStart"}
[2026-05-14T04:03:57.580Z] [info] [BillPanelTrace] getSumPaymentAmountsAfterLastBillPrint:result {"customerId":"CUS-3011000","customerName":"SUSAN YOUNG","accountNumber":"CUS-3011000","paidAfterSum":0}
[2026-05-14T04:03:57.580Z] [info] [BillPanelTrace] getSumPaymentAmountsAfterLastBillPrint:start {"customerId":"CUS-3011000","customerName":"SUSAN YOUNG","accountNumber":"CUS-3011000","paymentHistoryLength":1,"lastBillPrintDate":"2026-03-01T08:00:00.000Z","lastBillPrintLedgerOrder":6,"latestBillingChargeSortMs":1772352000000,"latestBillingChargeLedgerOrder":6}
[2026-05-14T04:03:57.580Z] [info] [BillPanelTrace] getSum:skip_payment {"customerId":"CUS-3011000","customerName":"SUSAN YOUNG","accountNumber":"CUS-3011000","index":0,"reason":"testFreshStart"}
[2026-05-14T04:03:57.580Z] [info] [BillPanelTrace] getSumPaymentAmountsAfterLastBillPrint:result {"customerId":"CUS-3011000","customerName":"SUSAN YOUNG","accountNumber":"CUS-3011000","paidAfterSum":0}
[2026-05-14T04:03:57.580Z] [info] [BillPanelTrace] getSumPaymentAmountsAfterLastBillPrint:start {"customerId":"CUS-3011000","customerName":"SUSAN YOUNG","accountNumber":"CUS-3011000","paymentHistoryLength":1,"lastBillPrintDate":"2026-03-01T08:00:00.000Z","lastBillPrintLedgerOrder":6,"latestBillingChargeSortMs":1772352000000,"latestBillingChargeLedgerOrder":6}
[2026-05-14T04:03:57.580Z] [info] [BillPanelTrace] getSum:skip_payment {"customerId":"CUS-3011000","customerName":"SUSAN YOUNG","accountNumber":"CUS-3011000","index":0,"reason":"testFreshStart"}
[2026-05-14T04:03:57.580Z] [info] [BillPanelTrace] getSumPaymentAmountsAfterLastBillPrint:result {"customerId":"CUS-3011000","customerName":"SUSAN YOUNG","accountNumber":"CUS-3011000","paidAfterSum":0}
[2026-05-14T04:03:57.580Z] [info] [BillPanelTrace] getSumPaymentAmountsAfterLastBillPrint:start {"customerId":"CUS-3011000","customerName":"SUSAN YOUNG","accountNumber":"CUS-3011000","paymentHistoryLength":1,"lastBillPrintDate":"2026-03-01T08:00:00.000Z","lastBillPrintLedgerOrder":6,"latestBillingChargeSortMs":1772352000000,"latestBillingChargeLedgerOrder":6}
[2026-05-14T04:03:57.580Z] [info] [BillPanelTrace] getSum:skip_payment {"customerId":"CUS-3011000","customerName":"SUSAN YOUNG","accountNumber":"CUS-3011000","index":0,"reason":"testFreshStart"}
[2026-05-14T04:03:57.580Z] [info] [BillPanelTrace] getSumPaymentAmountsAfterLastBillPrint:result {"customerId":"CUS-3011000","customerName":"SUSAN YOUNG","accountNumber":"CUS-3011000","paidAfterSum":0}
[2026-05-14T04:03:57.580Z] [info] [BillPanelTrace] calculateCustomerTotal:pastDueLedger_vs_panelLine {"customerId":"CUS-3011000","customerName":"SUSAN YOUNG","accountNumber":"CUS-3011000","pastDueLedger":366.98,"pastDueForOwed":361.98,"stmtUnpaid":545.47,"currentDue":183.49,"combined":545.47,"rolled":545.47,"total":545.47,"dedupStmtVsNet":false}
[2026-05-14T04:03:57.581Z] [info] [BillPanelTrace] getProcessBillPanelAmounts:result_frozen_panel {"customerId":"CUS-3011000","customerName":"SUSAN YOUNG","accountNumber":"CUS-3011000","total":550.47,"pastDue":361.98,"lateFee":10,"dueDateStr":"03/21/2026","fromFrozen":true}
[2026-05-14T04:03:57.581Z] [info] [BillPanelTrace] getSumPaymentAmountsAfterLastBillPrint:start {"customerId":"CUS-3011000","customerName":"SUSAN YOUNG","accountNumber":"CUS-3011000","paymentHistoryLength":1,"lastBillPrintDate":"2026-03-01T08:00:00.000Z","lastBillPrintLedgerOrder":6,"latestBillingChargeSortMs":1772352000000,"latestBillingChargeLedgerOrder":6}
[2026-05-14T04:03:57.581Z] [info] [BillPanelTrace] getSum:skip_payment {"customerId":"CUS-3011000","customerName":"SUSAN YOUNG","accountNumber":"CUS-3011000","index":0,"reason":"testFreshStart"}
[2026-05-14T04:03:57.581Z] [info] [BillPanelTrace] getSumPaymentAmountsAfterLastBillPrint:result {"customerId":"CUS-3011000","customerName":"SUSAN YOUNG","accountNumber":"CUS-3011000","paidAfterSum":0}
[2026-05-14T04:03:57.581Z] [info] [BillPanelTrace] getSumPaymentAmountsAfterLastBillPrint:start {"customerId":"CUS-3011000","customerName":"SUSAN YOUNG","accountNumber":"CUS-3011000","paymentHistoryLength":1,"lastBillPrintDate":"2026-03-01T08:00:00.000Z","lastBillPrintLedgerOrder":6,"latestBillingChargeSortMs":1772352000000,"latestBillingChargeLedgerOrder":6}
[2026-05-14T04:03:57.581Z] [info] [BillPanelTrace] getSum:skip_payment {"customerId":"CUS-3011000","customerName":"SUSAN YOUNG","accountNumber":"CUS-3011000","index":0,"reason":"testFreshStart"}
[2026-05-14T04:03:57.581Z] [info] [BillPanelTrace] getSumPaymentAmountsAfterLastBillPrint:result {"customerId":"CUS-3011000","customerName":"SUSAN YOUNG","accountNumber":"CUS-3011000","paidAfterSum":0}
[2026-05-14T04:03:57.581Z] [info] [BillPanelTrace] getSumPaymentAmountsAfterLastBillPrint:start {"customerId":"CUS-3011000","customerName":"SUSAN YOUNG","accountNumber":"CUS-3011000","paymentHistoryLength":1,"lastBillPrintDate":"2026-03-01T08:00:00.000Z","lastBillPrintLedgerOrder":6,"latestBillingChargeSortMs":1772352000000,"latestBillingChargeLedgerOrder":6}
[2026-05-14T04:03:57.581Z] [info] [BillPanelTrace] getSum:skip_payment {"customerId":"CUS-3011000","customerName":"SUSAN YOUNG","accountNumber":"CUS-3011000","index":0,"reason":"testFreshStart"}
[2026-05-14T04:03:57.581Z] [info] [BillPanelTrace] getSumPaymentAmountsAfterLastBillPrint:result {"customerId":"CUS-3011000","customerName":"SUSAN YOUNG","accountNumber":"CUS-3011000","paidAfterSum":0}
[2026-05-14T04:03:57.581Z] [info] [BillPanelTrace] getProcessBillPanelAmounts:branch_check {"customerId":"CUS-3011000","customerName":"SUSAN YOUNG","accountNumber":"CUS-3011000","hasFrozenSnapshot":true,"frozenAmountDue":545.47,"lastBillPrintDate":"2026-03-01T08:00:00.000Z","lastPrintedStatementTotalDue":545.47}
[2026-05-14T04:03:57.581Z] [info] [BillPanelTrace] getSumPaymentAmountsAfterLastBillPrint:start {"customerId":"CUS-3011000","customerName":"SUSAN YOUNG","accountNumber":"CUS-3011000","paymentHistoryLength":1,"lastBillPrintDate":"2026-03-01T08:00:00.000Z","lastBillPrintLedgerOrder":6,"latestBillingChargeSortMs":1772352000000,"latestBillingChargeLedgerOrder":6}
[2026-05-14T04:03:57.581Z] [info] [BillPanelTrace] getSum:skip_payment {"customerId":"CUS-3011000","customerName":"SUSAN YOUNG","accountNumber":"CUS-3011000","index":0,"reason":"testFreshStart"}
[2026-05-14T04:03:57.581Z] [info] [BillPanelTrace] getSumPaymentAmountsAfterLastBillPrint:result {"customerId":"CUS-3011000","customerName":"SUSAN YOUNG","accountNumber":"CUS-3011000","paidAfterSum":0}
[2026-05-14T04:03:57.581Z] [info] [BillPanelTrace] getProcessBillPanelAmounts:frozen_branch {"customerId":"CUS-3011000","customerName":"SUSAN YOUNG","accountNumber":"CUS-3011000","paidAfterLastBill":0,"willBypassFrozenToLive":false}
[2026-05-14T04:03:57.581Z] [info] [BillPanelTrace] getSumPaymentAmountsAfterLastBillPrint:start {"customerId":"CUS-3011000","customerName":"SUSAN YOUNG","accountNumber":"CUS-3011000","paymentHistoryLength":1,"lastBillPrintDate":"2026-03-01T08:00:00.000Z","lastBillPrintLedgerOrder":6,"latestBillingChargeSortMs":1772352000000,"latestBillingChargeLedgerOrder":6}
[2026-05-14T04:03:57.581Z] [info] [BillPanelTrace] getSum:skip_payment {"customerId":"CUS-3011000","customerName":"SUSAN YOUNG","accountNumber":"CUS-3011000","index":0,"reason":"testFreshStart"}
[2026-05-14T04:03:57.581Z] [info] [BillPanelTrace] getSumPaymentAmountsAfterLastBillPrint:result {"customerId":"CUS-3011000","customerName":"SUSAN YOUNG","accountNumber":"CUS-3011000","paidAfterSum":0}
[2026-05-14T04:03:57.581Z] [info] [BillPanelTrace] getSumPaymentAmountsAfterLastBillPrint:start {"customerId":"CUS-3011000","customerName":"SUSAN YOUNG","accountNumber":"CUS-3011000","paymentHistoryLength":1,"lastBillPrintDate":"2026-03-01T08:00:00.000Z","lastBillPrintLedgerOrder":6,"latestBillingChargeSortMs":1772352000000,"latestBillingChargeLedgerOrder":6}
[2026-05-14T04:03:57.581Z] [info] [BillPanelTrace] getSum:skip_payment {"customerId":"CUS-3011000","customerName":"SUSAN YOUNG","accountNumber":"CUS-3011000","index":0,"reason":"testFreshStart"}
[2026-05-14T04:03:57.581Z] [info] [BillPanelTrace] getSumPaymentAmountsAfterLastBillPrint:result {"customerId":"CUS-3011000","customerName":"SUSAN YOUNG","accountNumber":"CUS-3011000","paidAfterSum":0}
[2026-05-14T04:03:57.581Z] [info] [BillPanelTrace] getSumPaymentAmountsAfterLastBillPrint:start {"customerId":"CUS-3011000","customerName":"SUSAN YOUNG","accountNumber":"CUS-3011000","paymentHistoryLength":1,"lastBillPrintDate":"2026-03-01T08:00:00.000Z","lastBillPrintLedgerOrder":6,"latestBillingChargeSortMs":1772352000000,"latestBillingChargeLedgerOrder":6}
[2026-05-14T04:03:57.581Z] [info] [BillPanelTrace] getSum:skip_payment {"customerId":"CUS-3011000","customerName":"SUSAN YOUNG","accountNumber":"CUS-3011000","index":0,"reason":"testFreshStart"}
[2026-05-14T04:03:57.581Z] [info] [BillPanelTrace] getSumPaymentAmountsAfterLastBillPrint:result {"customerId":"CUS-3011000","customerName":"SUSAN YOUNG","accountNumber":"CUS-3011000","paidAfterSum":0}
[2026-05-14T04:03:57.581Z] [info] [BillPanelTrace] getSumPaymentAmountsAfterLastBillPrint:start {"customerId":"CUS-3011000","customerName":"SUSAN YOUNG","accountNumber":"CUS-3011000","paymentHistoryLength":1,"lastBillPrintDate":"2026-03-01T08:00:00.000Z","lastBillPrintLedgerOrder":6,"latestBillingChargeSortMs":1772352000000,"latestBillingChargeLedgerOrder":6}
[2026-05-14T04:03:57.581Z] [info] [BillPanelTrace] getSum:skip_payment {"customerId":"CUS-3011000","customerName":"SUSAN YOUNG","accountNumber":"CUS-3011000","index":0,"reason":"testFreshStart"}
[2026-05-14T04:03:57.581Z] [info] [BillPanelTrace] getSumPaymentAmountsAfterLastBillPrint:result {"customerId":"CUS-3011000","customerName":"SUSAN YOUNG","accountNumber":"CUS-3011000","paidAfterSum":0}
[2026-05-14T04:03:57.582Z] [info] [BillPanelTrace] calculateCustomerTotal:pastDueLedger_vs_panelLine {"customerId":"CUS-3011000","customerName":"SUSAN YOUNG","accountNumber":"CUS-3011000","pastDueLedger":366.98,"pastDueForOwed":361.98,"stmtUnpaid":545.47,"currentDue":183.49,"combined":545.47,"rolled":545.47,"total":545.47,"dedupStmtVsNet":false}
[2026-05-14T04:03:57.582Z] [info] [BillPanelTrace] getProcessBillPanelAmounts:result_frozen_panel {"customerId":"CUS-3011000","customerName":"SUSAN YOUNG","accountNumber":"CUS-3011000","total":550.47,"pastDue":361.98,"lateFee":10,"dueDateStr":"03/21/2026","fromFrozen":true}
[2026-05-14T04:03:57.582Z] [info] [BillPanelTrace] getSumPaymentAmountsAfterLastBillPrint:start {"customerId":"CUS-3011000","customerName":"SUSAN YOUNG","accountNumber":"CUS-3011000","paymentHistoryLength":1,"lastBillPrintDate":"2026-03-01T08:00:00.000Z","lastBillPrintLedgerOrder":6,"latestBillingChargeSortMs":1772352000000,"latestBillingChargeLedgerOrder":6}
[2026-05-14T04:03:57.582Z] [info] [BillPanelTrace] getSum:skip_payment {"customerId":"CUS-3011000","customerName":"SUSAN YOUNG","accountNumber":"CUS-3011000","index":0,"reason":"testFreshStart"}
[2026-05-14T04:03:57.582Z] [info] [BillPanelTrace] getSumPaymentAmountsAfterLastBillPrint:result {"customerId":"CUS-3011000","customerName":"SUSAN YOUNG","accountNumber":"CUS-3011000","paidAfterSum":0}
[2026-05-14T04:03:57.582Z] [info] [BillPanelTrace] calculateCustomerTotal:pastDueLedger_vs_panelLine {"customerId":"CUS-3011000","customerName":"SUSAN YOUNG","accountNumber":"CUS-3011000","pastDueLedger":366.98,"pastDueForOwed":361.98,"stmtUnpaid":545.47,"currentDue":183.49,"combined":545.47,"rolled":545.47,"total":545.47,"dedupStmtVsNet":false}
[2026-05-14T04:03:57.582Z] [info] [BillPanelTrace] getProcessBillPanelAmounts:branch_check {"customerId":"CUS-3011000","customerName":"SUSAN YOUNG","accountNumber":"CUS-3011000","hasFrozenSnapshot":true,"frozenAmountDue":545.47,"lastBillPrintDate":"2026-03-01T08:00:00.000Z","lastPrintedStatementTotalDue":545.47}
[2026-05-14T04:03:57.582Z] [info] [BillPanelTrace] getSumPaymentAmountsAfterLastBillPrint:start {"customerId":"CUS-3011000","customerName":"SUSAN YOUNG","accountNumber":"CUS-3011000","paymentHistoryLength":1,"lastBillPrintDate":"2026-03-01T08:00:00.000Z","lastBillPrintLedgerOrder":6,"latestBillingChargeSortMs":1772352000000,"latestBillingChargeLedgerOrder":6}
[2026-05-14T04:03:57.582Z] [info] [BillPanelTrace] getSum:skip_payment {"customerId":"CUS-3011000","customerName":"SUSAN YOUNG","accountNumber":"CUS-3011000","index":0,"reason":"testFreshStart"}
[2026-05-14T04:03:57.582Z] [info] [BillPanelTrace] getSumPaymentAmountsAfterLastBillPrint:result {"customerId":"CUS-3011000","customerName":"SUSAN YOUNG","accountNumber":"CUS-3011000","paidAfterSum":0}
[2026-05-14T04:03:57.582Z] [info] [BillPanelTrace] getProcessBillPanelAmounts:frozen_branch {"customerId":"CUS-3011000","customerName":"SUSAN YOUNG","accountNumber":"CUS-3011000","paidAfterLastBill":0,"willBypassFrozenToLive":false}
[2026-05-14T04:03:57.582Z] [info] [BillPanelTrace] getProcessBillPanelAmounts:branch_check {"customerId":"CUS-3011000","customerName":"SUSAN YOUNG","accountNumber":"CUS-3011000","hasFrozenSnapshot":true,"frozenAmountDue":545.47,"lastBillPrintDate":"2026-03-01T08:00:00.000Z","lastPrintedStatementTotalDue":545.47}
[2026-05-14T04:03:57.582Z] [info] [BillPanelTrace] getSumPaymentAmountsAfterLastBillPrint:start {"customerId":"CUS-3011000","customerName":"SUSAN YOUNG","accountNumber":"CUS-3011000","paymentHistoryLength":1,"lastBillPrintDate":"2026-03-01T08:00:00.000Z","lastBillPrintLedgerOrder":6,"latestBillingChargeSortMs":1772352000000,"latestBillingChargeLedgerOrder":6}
[2026-05-14T04:03:57.582Z] [info] [BillPanelTrace] getSum:skip_payment {"customerId":"CUS-3011000","customerName":"SUSAN YOUNG","accountNumber":"CUS-3011000","index":0,"reason":"testFreshStart"}
[2026-05-14T04:03:57.582Z] [info] [BillPanelTrace] getSumPaymentAmountsAfterLastBillPrint:result {"customerId":"CUS-3011000","customerName":"SUSAN YOUNG","accountNumber":"CUS-3011000","paidAfterSum":0}
[2026-05-14T04:03:57.582Z] [info] [BillPanelTrace] getProcessBillPanelAmounts:frozen_branch {"customerId":"CUS-3011000","customerName":"SUSAN YOUNG","accountNumber":"CUS-3011000","paidAfterLastBill":0,"willBypassFrozenToLive":false}
[2026-05-14T04:03:57.582Z] [info] [BillPanelTrace] getSumPaymentAmountsAfterLastBillPrint:start {"customerId":"CUS-3011000","customerName":"SUSAN YOUNG","accountNumber":"CUS-3011000","paymentHistoryLength":1,"lastBillPrintDate":"2026-03-01T08:00:00.000Z","lastBillPrintLedgerOrder":6,"latestBillingChargeSortMs":1772352000000,"latestBillingChargeLedgerOrder":6}
[2026-05-14T04:03:57.582Z] [info] [BillPanelTrace] getSum:skip_payment {"customerId":"CUS-3011000","customerName":"SUSAN YOUNG","accountNumber":"CUS-3011000","index":0,"reason":"testFreshStart"}
[2026-05-14T04:03:57.582Z] [info] [BillPanelTrace] getSumPaymentAmountsAfterLastBillPrint:result {"customerId":"CUS-3011000","customerName":"SUSAN YOUNG","accountNumber":"CUS-3011000","paidAfterSum":0}
[2026-05-14T04:03:57.582Z] [info] [BillPanelTrace] getSumPaymentAmountsAfterLastBillPrint:start {"customerId":"CUS-3011000","customerName":"SUSAN YOUNG","accountNumber":"CUS-3011000","paymentHistoryLength":1,"lastBillPrintDate":"2026-03-01T08:00:00.000Z","lastBillPrintLedgerOrder":6,"latestBillingChargeSortMs":1772352000000,"latestBillingChargeLedgerOrder":6}
[2026-05-14T04:03:57.582Z] [info] [BillPanelTrace] getSum:skip_payment {"customerId":"CUS-3011000","customerName":"SUSAN YOUNG","accountNumber":"CUS-3011000","index":0,"reason":"testFreshStart"}
[2026-05-14T04:03:57.583Z] [info] [BillPanelTrace] getSumPaymentAmountsAfterLastBillPrint:result {"customerId":"CUS-3011000","customerName":"SUSAN YOUNG","accountNumber":"CUS-3011000","paidAfterSum":0}
[2026-05-14T04:03:57.583Z] [info] [BillPanelTrace] getSumPaymentAmountsAfterLastBillPrint:start {"customerId":"CUS-3011000","customerName":"SUSAN YOUNG","accountNumber":"CUS-3011000","paymentHistoryLength":1,"lastBillPrintDate":"2026-03-01T08:00:00.000Z","lastBillPrintLedgerOrder":6,"latestBillingChargeSortMs":1772352000000,"latestBillingChargeLedgerOrder":6}
[2026-05-14T04:03:57.583Z] [info] [BillPanelTrace] getSum:skip_payment {"customerId":"CUS-3011000","customerName":"SUSAN YOUNG","accountNumber":"CUS-3011000","index":0,"reason":"testFreshStart"}
[2026-05-14T04:03:57.583Z] [info] [BillPanelTrace] getSumPaymentAmountsAfterLastBillPrint:result {"customerId":"CUS-3011000","customerName":"SUSAN YOUNG","accountNumber":"CUS-3011000","paidAfterSum":0}
[2026-05-14T04:03:57.583Z] [info] [BillPanelTrace] getSumPaymentAmountsAfterLastBillPrint:start {"customerId":"CUS-3011000","customerName":"SUSAN YOUNG","accountNumber":"CUS-3011000","paymentHistoryLength":1,"lastBillPrintDate":"2026-03-01T08:00:00.000Z","lastBillPrintLedgerOrder":6,"latestBillingChargeSortMs":1772352000000,"latestBillingChargeLedgerOrder":6}
[2026-05-14T04:03:57.583Z] [info] [BillPanelTrace] getSum:skip_payment {"customerId":"CUS-3011000","customerName":"SUSAN YOUNG","accountNumber":"CUS-3011000","index":0,"reason":"testFreshStart"}
[2026-05-14T04:03:57.583Z] [info] [BillPanelTrace] getSumPaymentAmountsAfterLastBillPrint:result {"customerId":"CUS-3011000","customerName":"SUSAN YOUNG","accountNumber":"CUS-3011000","paidAfterSum":0}
[2026-05-14T04:03:57.583Z] [info] [BillPanelTrace] calculateCustomerTotal:pastDueLedger_vs_panelLine {"customerId":"CUS-3011000","customerName":"SUSAN YOUNG","accountNumber":"CUS-3011000","pastDueLedger":366.98,"pastDueForOwed":361.98,"stmtUnpaid":545.47,"currentDue":183.49,"combined":545.47,"rolled":545.47,"total":545.47,"dedupStmtVsNet":false}
[2026-05-14T04:03:57.583Z] [info] [BillPanelTrace] getProcessBillPanelAmounts:result_frozen_panel {"customerId":"CUS-3011000","customerName":"SUSAN YOUNG","accountNumber":"CUS-3011000","total":550.47,"pastDue":361.98,"lateFee":10,"dueDateStr":"03/21/2026","fromFrozen":true}
[2026-05-14T04:03:57.583Z] [info] [BillPanelTrace] getProcessBillPanelAmounts:branch_check {"customerId":"CUS-3011000","customerName":"SUSAN YOUNG","accountNumber":"CUS-3011000","hasFrozenSnapshot":true,"frozenAmountDue":545.47,"lastBillPrintDate":"2026-03-01T08:00:00.000Z","lastPrintedStatementTotalDue":545.47}
[2026-05-14T04:03:57.583Z] [info] [BillPanelTrace] getSumPaymentAmountsAfterLastBillPrint:start {"customerId":"CUS-3011000","customerName":"SUSAN YOUNG","accountNumber":"CUS-3011000","paymentHistoryLength":1,"lastBillPrintDate":"2026-03-01T08:00:00.000Z","lastBillPrintLedgerOrder":6,"latestBillingChargeSortMs":1772352000000,"latestBillingChargeLedgerOrder":6}
[2026-05-14T04:03:57.583Z] [info] [BillPanelTrace] getSum:skip_payment {"customerId":"CUS-3011000","customerName":"SUSAN YOUNG","accountNumber":"CUS-3011000","index":0,"reason":"testFreshStart"}
[2026-05-14T04:03:57.583Z] [info] [BillPanelTrace] getSumPaymentAmountsAfterLastBillPrint:result {"customerId":"CUS-3011000","customerName":"SUSAN YOUNG","accountNumber":"CUS-3011000","paidAfterSum":0}
[2026-05-14T04:03:57.583Z] [info] [BillPanelTrace] getProcessBillPanelAmounts:frozen_branch {"customerId":"CUS-3011000","customerName":"SUSAN YOUNG","accountNumber":"CUS-3011000","paidAfterLastBill":0,"willBypassFrozenToLive":false}
[2026-05-14T04:03:57.583Z] [info] [BillPanelTrace] getSumPaymentAmountsAfterLastBillPrint:start {"customerId":"CUS-3011000","customerName":"SUSAN YOUNG","accountNumber":"CUS-3011000","paymentHistoryLength":1,"lastBillPrintDate":"2026-03-01T08:00:00.000Z","lastBillPrintLedgerOrder":6,"latestBillingChargeSortMs":1772352000000,"latestBillingChargeLedgerOrder":6}
[2026-05-14T04:03:57.583Z] [info] [BillPanelTrace] getSum:skip_payment {"customerId":"CUS-3011000","customerName":"SUSAN YOUNG","accountNumber":"CUS-3011000","index":0,"reason":"testFreshStart"}
[2026-05-14T04:03:57.583Z] [info] [BillPanelTrace] getSumPaymentAmountsAfterLastBillPrint:result {"customerId":"CUS-3011000","customerName":"SUSAN YOUNG","accountNumber":"CUS-3011000","paidAfterSum":0}
[2026-05-14T04:03:57.583Z] [info] [BillPanelTrace] getSumPaymentAmountsAfterLastBillPrint:start {"customerId":"CUS-3011000","customerName":"SUSAN YOUNG","accountNumber":"CUS-3011000","paymentHistoryLength":1,"lastBillPrintDate":"2026-03-01T08:00:00.000Z","lastBillPrintLedgerOrder":6,"latestBillingChargeSortMs":1772352000000,"latestBillingChargeLedgerOrder":6}
[2026-05-14T04:03:57.583Z] [info] [BillPanelTrace] getSum:skip_payment {"customerId":"CUS-3011000","customerName":"SUSAN YOUNG","accountNumber":"CUS-3011000","index":0,"reason":"testFreshStart"}
[2026-05-14T04:03:57.583Z] [info] [BillPanelTrace] getSumPaymentAmountsAfterLastBillPrint:result {"customerId":"CUS-3011000","customerName":"SUSAN YOUNG","accountNumber":"CUS-3011000","paidAfterSum":0}
[2026-05-14T04:03:57.583Z] [info] [BillPanelTrace] getSumPaymentAmountsAfterLastBillPrint:start {"customerId":"CUS-3011000","customerName":"SUSAN YOUNG","accountNumber":"CUS-3011000","paymentHistoryLength":1,"lastBillPrintDate":"2026-03-01T08:00:00.000Z","lastBillPrintLedgerOrder":6,"latestBillingChargeSortMs":1772352000000,"latestBillingChargeLedgerOrder":6}
[2026-05-14T04:03:57.583Z] [info] [BillPanelTrace] getSum:skip_payment {"customerId":"CUS-3011000","customerName":"SUSAN YOUNG","accountNumber":"CUS-3011000","index":0,"reason":"testFreshStart"}
[2026-05-14T04:03:57.583Z] [info] [BillPanelTrace] getSumPaymentAmountsAfterLastBillPrint:result {"customerId":"CUS-3011000","customerName":"SUSAN YOUNG","accountNumber":"CUS-3011000","paidAfterSum":0}
[2026-05-14T04:03:57.583Z] [info] [BillPanelTrace] getSumPaymentAmountsAfterLastBillPrint:start {"customerId":"CUS-3011000","customerName":"SUSAN YOUNG","accountNumber":"CUS-3011000","paymentHistoryLength":1,"lastBillPrintDate":"2026-03-01T08:00:00.000Z","lastBillPrintLedgerOrder":6,"latestBillingChargeSortMs":1772352000000,"latestBillingChargeLedgerOrder":6}
[2026-05-14T04:03:57.583Z] [info] [BillPanelTrace] getSum:skip_payment {"customerId":"CUS-3011000","customerName":"SUSAN YOUNG","accountNumber":"CUS-3011000","index":0,"reason":"testFreshStart"}
[2026-05-14T04:03:57.583Z] [info] [BillPanelTrace] getSumPaymentAmountsAfterLastBillPrint:result {"customerId":"CUS-3011000","customerName":"SUSAN YOUNG","accountNumber":"CUS-3011000","paidAfterSum":0}
[2026-05-14T04:03:57.584Z] [info] [BillPanelTrace] calculateCustomerTotal:pastDueLedger_vs_panelLine {"customerId":"CUS-3011000","customerName":"SUSAN YOUNG","accountNumber":"CUS-3011000","pastDueLedger":366.98,"pastDueForOwed":361.98,"stmtUnpaid":545.47,"currentDue":183.49,"combined":545.47,"rolled":545.47,"total":545.47,"dedupStmtVsNet":false}
[2026-05-14T04:03:57.584Z] [info] [BillPanelTrace] getProcessBillPanelAmounts:result_frozen_panel {"customerId":"CUS-3011000","customerName":"SUSAN YOUNG","accountNumber":"CUS-3011000","total":550.47,"pastDue":361.98,"lateFee":10,"dueDateStr":"03/21/2026","fromFrozen":true}
[2026-05-14T04:03:57.584Z] [info] [BillPanelTrace] getProcessBillPanelAmounts:branch_check {"customerId":"CUS-3011000","customerName":"SUSAN YOUNG","accountNumber":"CUS-3011000","hasFrozenSnapshot":true,"frozenAmountDue":545.47,"lastBillPrintDate":"2026-03-01T08:00:00.000Z","lastPrintedStatementTotalDue":545.47}
[2026-05-14T04:03:57.584Z] [info] [BillPanelTrace] getSumPaymentAmountsAfterLastBillPrint:start {"customerId":"CUS-3011000","customerName":"SUSAN YOUNG","accountNumber":"CUS-3011000","paymentHistoryLength":1,"lastBillPrintDate":"2026-03-01T08:00:00.000Z","lastBillPrintLedgerOrder":6,"latestBillingChargeSortMs":1772352000000,"latestBillingChargeLedgerOrder":6}
[2026-05-14T04:03:57.584Z] [info] [BillPanelTrace] getSum:skip_payment {"customerId":"CUS-3011000","customerName":"SUSAN YOUNG","accountNumber":"CUS-3011000","index":0,"reason":"testFreshStart"}
[2026-05-14T04:03:57.584Z] [info] [BillPanelTrace] getSumPaymentAmountsAfterLastBillPrint:result {"customerId":"CUS-3011000","customerName":"SUSAN YOUNG","accountNumber":"CUS-3011000","paidAfterSum":0}
[2026-05-14T04:03:57.584Z] [info] [BillPanelTrace] getProcessBillPanelAmounts:frozen_branch {"customerId":"CUS-3011000","customerName":"SUSAN YOUNG","accountNumber":"CUS-3011000","paidAfterLastBill":0,"willBypassFrozenToLive":false}
[2026-05-14T04:03:57.584Z] [info] [BillPanelTrace] getSumPaymentAmountsAfterLastBillPrint:start {"customerId":"CUS-3011000","customerName":"SUSAN YOUNG","accountNumber":"CUS-3011000","paymentHistoryLength":1,"lastBillPrintDate":"2026-03-01T08:00:00.000Z","lastBillPrintLedgerOrder":6,"latestBillingChargeSortMs":1772352000000,"latestBillingChargeLedgerOrder":6}
[2026-05-14T04:03:57.584Z] [info] [BillPanelTrace] getSum:skip_payment {"customerId":"CUS-3011000","customerName":"SUSAN YOUNG","accountNumber":"CUS-3011000","index":0,"reason":"testFreshStart"}
[2026-05-14T04:03:57.584Z] [info] [BillPanelTrace] getSumPaymentAmountsAfterLastBillPrint:result {"customerId":"CUS-3011000","customerName":"SUSAN YOUNG","accountNumber":"CUS-3011000","paidAfterSum":0}
[2026-05-14T04:03:57.584Z] [info] [BillPanelTrace] getSumPaymentAmountsAfterLastBillPrint:start {"customerId":"CUS-3011000","customerName":"SUSAN YOUNG","accountNumber":"CUS-3011000","paymentHistoryLength":1,"lastBillPrintDate":"2026-03-01T08:00:00.000Z","lastBillPrintLedgerOrder":6,"latestBillingChargeSortMs":1772352000000,"latestBillingChargeLedgerOrder":6}
[2026-05-14T04:03:57.584Z] [info] [BillPanelTrace] getSum:skip_payment {"customerId":"CUS-3011000","customerName":"SUSAN YOUNG","accountNumber":"CUS-3011000","index":0,"reason":"testFreshStart"}
[2026-05-14T04:03:57.584Z] [info] [BillPanelTrace] getSumPaymentAmountsAfterLastBillPrint:result {"customerId":"CUS-3011000","customerName":"SUSAN YOUNG","accountNumber":"CUS-3011000","paidAfterSum":0}
[2026-05-14T04:03:57.584Z] [info] [BillPanelTrace] getSumPaymentAmountsAfterLastBillPrint:start {"customerId":"CUS-3011000","customerName":"SUSAN YOUNG","accountNumber":"CUS-3011000","paymentHistoryLength":1,"lastBillPrintDate":"2026-03-01T08:00:00.000Z","lastBillPrintLedgerOrder":6,"latestBillingChargeSortMs":1772352000000,"latestBillingChargeLedgerOrder":6}
[2026-05-14T04:03:57.584Z] [info] [BillPanelTrace] getSum:skip_payment {"customerId":"CUS-3011000","customerName":"SUSAN YOUNG","accountNumber":"CUS-3011000","index":0,"reason":"testFreshStart"}
[2026-05-14T04:03:57.584Z] [info] [BillPanelTrace] getSumPaymentAmountsAfterLastBillPrint:result {"customerId":"CUS-3011000","customerName":"SUSAN YOUNG","accountNumber":"CUS-3011000","paidAfterSum":0}
[2026-05-14T04:03:57.584Z] [info] [BillPanelTrace] getSumPaymentAmountsAfterLastBillPrint:start {"customerId":"CUS-3011000","customerName":"SUSAN YOUNG","accountNumber":"CUS-3011000","paymentHistoryLength":1,"lastBillPrintDate":"2026-03-01T08:00:00.000Z","lastBillPrintLedgerOrder":6,"latestBillingChargeSortMs":1772352000000,"latestBillingChargeLedgerOrder":6}
[2026-05-14T04:03:57.584Z] [info] [BillPanelTrace] getSum:skip_payment {"customerId":"CUS-3011000","customerName":"SUSAN YOUNG","accountNumber":"CUS-3011000","index":0,"reason":"testFreshStart"}
[2026-05-14T04:03:57.584Z] [info] [BillPanelTrace] getSumPaymentAmountsAfterLastBillPrint:result {"customerId":"CUS-3011000","customerName":"SUSAN YOUNG","accountNumber":"CUS-3011000","paidAfterSum":0}
[2026-05-14T04:03:57.584Z] [info] [BillPanelTrace] calculateCustomerTotal:pastDueLedger_vs_panelLine {"customerId":"CUS-3011000","customerName":"SUSAN YOUNG","accountNumber":"CUS-3011000","pastDueLedger":366.98,"pastDueForOwed":361.98,"stmtUnpaid":545.47,"currentDue":183.49,"combined":545.47,"rolled":545.47,"total":545.47,"dedupStmtVsNet":false}
[2026-05-14T04:03:57.584Z] [info] [BillPanelTrace] getProcessBillPanelAmounts:result_frozen_panel {"customerId":"CUS-3011000","customerName":"SUSAN YOUNG","accountNumber":"CUS-3011000","total":550.47,"pastDue":361.98,"lateFee":10,"dueDateStr":"03/21/2026","fromFrozen":true}
[2026-05-14T04:03:57.584Z] [info] [BillPanelTrace] getSumPaymentAmountsAfterLastBillPrint:start {"customerId":"CUS-3011000","customerName":"SUSAN YOUNG","accountNumber":"CUS-3011000","paymentHistoryLength":1,"lastBillPrintDate":"2026-03-01T08:00:00.000Z","lastBillPrintLedgerOrder":6,"latestBillingChargeSortMs":1772352000000,"latestBillingChargeLedgerOrder":6}
[2026-05-14T04:03:57.584Z] [info] [BillPanelTrace] getSum:skip_payment {"customerId":"CUS-3011000","customerName":"SUSAN YOUNG","accountNumber":"CUS-3011000","index":0,"reason":"testFreshStart"}
[2026-05-14T04:03:57.584Z] [info] [BillPanelTrace] getSumPaymentAmountsAfterLastBillPrint:result {"customerId":"CUS-3011000","customerName":"SUSAN YOUNG","accountNumber":"CUS-3011000","paidAfterSum":0}
[2026-05-14T04:03:57.584Z] [info] [BillPanelTrace] getSumPaymentAmountsAfterLastBillPrint:start {"customerId":"CUS-3011000","customerName":"SUSAN YOUNG","accountNumber":"CUS-3011000","paymentHistoryLength":1,"lastBillPrintDate":"2026-03-01T08:00:00.000Z","lastBillPrintLedgerOrder":6,"latestBillingChargeSortMs":1772352000000,"latestBillingChargeLedgerOrder":6}
[2026-05-14T04:03:57.584Z] [info] [BillPanelTrace] getSum:skip_payment {"customerId":"CUS-3011000","customerName":"SUSAN YOUNG","accountNumber":"CUS-3011000","index":0,"reason":"testFreshStart"}
[2026-05-14T04:03:57.584Z] [info] [BillPanelTrace] getSumPaymentAmountsAfterLastBillPrint:result {"customerId":"CUS-3011000","customerName":"SUSAN YOUNG","accountNumber":"CUS-3011000","paidAfterSum":0}
[2026-05-14T04:03:57.585Z] [info] [BillPanelTrace] getSumPaymentAmountsAfterLastBillPrint:start {"customerId":"CUS-3011000","customerName":"SUSAN YOUNG","accountNumber":"CUS-3011000","paymentHistoryLength":1,"lastBillPrintDate":"2026-03-01T08:00:00.000Z","lastBillPrintLedgerOrder":6,"latestBillingChargeSortMs":1772352000000,"latestBillingChargeLedgerOrder":6}
[2026-05-14T04:03:57.585Z] [info] [BillPanelTrace] getSum:skip_payment {"customerId":"CUS-3011000","customerName":"SUSAN YOUNG","accountNumber":"CUS-3011000","index":0,"reason":"testFreshStart"}
[2026-05-14T04:03:57.585Z] [info] [BillPanelTrace] getSumPaymentAmountsAfterLastBillPrint:result {"customerId":"CUS-3011000","customerName":"SUSAN YOUNG","accountNumber":"CUS-3011000","paidAfterSum":0}
[2026-05-14T04:03:57.585Z] [info] [BillPanelTrace] getProcessBillPanelAmounts:branch_check {"customerId":"CUS-3011000","customerName":"SUSAN YOUNG","accountNumber":"CUS-3011000","hasFrozenSnapshot":true,"frozenAmountDue":545.47,"lastBillPrintDate":"2026-03-01T08:00:00.000Z","lastPrintedStatementTotalDue":545.47}
[2026-05-14T04:03:57.585Z] [info] [BillPanelTrace] getSumPaymentAmountsAfterLastBillPrint:start {"customerId":"CUS-3011000","customerName":"SUSAN YOUNG","accountNumber":"CUS-3011000","paymentHistoryLength":1,"lastBillPrintDate":"2026-03-01T08:00:00.000Z","lastBillPrintLedgerOrder":6,"latestBillingChargeSortMs":1772352000000,"latestBillingChargeLedgerOrder":6}
[2026-05-14T04:03:57.585Z] [info] [BillPanelTrace] getSum:skip_payment {"customerId":"CUS-3011000","customerName":"SUSAN YOUNG","accountNumber":"CUS-3011000","index":0,"reason":"testFreshStart"}
[2026-05-14T04:03:57.585Z] [info] [BillPanelTrace] getSumPaymentAmountsAfterLastBillPrint:result {"customerId":"CUS-3011000","customerName":"SUSAN YOUNG","accountNumber":"CUS-3011000","paidAfterSum":0}
[2026-05-14T04:03:57.585Z] [info] [BillPanelTrace] getProcessBillPanelAmounts:frozen_branch {"customerId":"CUS-3011000","customerName":"SUSAN YOUNG","accountNumber":"CUS-3011000","paidAfterLastBill":0,"willBypassFrozenToLive":false}
[2026-05-14T04:03:57.585Z] [info] [BillPanelTrace] getSumPaymentAmountsAfterLastBillPrint:start {"customerId":"CUS-3011000","customerName":"SUSAN YOUNG","accountNumber":"CUS-3011000","paymentHistoryLength":1,"lastBillPrintDate":"2026-03-01T08:00:00.000Z","lastBillPrintLedgerOrder":6,"latestBillingChargeSortMs":1772352000000,"latestBillingChargeLedgerOrder":6}
[2026-05-14T04:03:57.585Z] [info] [BillPanelTrace] getSum:skip_payment {"customerId":"CUS-3011000","customerName":"SUSAN YOUNG","accountNumber":"CUS-3011000","index":0,"reason":"testFreshStart"}
[2026-05-14T04:03:57.585Z] [info] [BillPanelTrace] getSumPaymentAmountsAfterLastBillPrint:result {"customerId":"CUS-3011000","customerName":"SUSAN YOUNG","accountNumber":"CUS-3011000","paidAfterSum":0}
[2026-05-14T04:03:57.585Z] [info] [BillPanelTrace] getSumPaymentAmountsAfterLastBillPrint:start {"customerId":"CUS-3011000","customerName":"SUSAN YOUNG","accountNumber":"CUS-3011000","paymentHistoryLength":1,"lastBillPrintDate":"2026-03-01T08:00:00.000Z","lastBillPrintLedgerOrder":6,"latestBillingChargeSortMs":1772352000000,"latestBillingChargeLedgerOrder":6}
[2026-05-14T04:03:57.585Z] [info] [BillPanelTrace] getSum:skip_payment {"customerId":"CUS-3011000","customerName":"SUSAN YOUNG","accountNumber":"CUS-3011000","index":0,"reason":"testFreshStart"}
[2026-05-14T04:03:57.585Z] [info] [BillPanelTrace] getSumPaymentAmountsAfterLastBillPrint:result {"customerId":"CUS-3011000","customerName":"SUSAN YOUNG","accountNumber":"CUS-3011000","paidAfterSum":0}
[2026-05-14T04:03:57.585Z] [info] [BillPanelTrace] getSumPaymentAmountsAfterLastBillPrint:start {"customerId":"CUS-3011000","customerName":"SUSAN YOUNG","accountNumber":"CUS-3011000","paymentHistoryLength":1,"lastBillPrintDate":"2026-03-01T08:00:00.000Z","lastBillPrintLedgerOrder":6,"latestBillingChargeSortMs":1772352000000,"latestBillingChargeLedgerOrder":6}
[2026-05-14T04:03:57.585Z] [info] [BillPanelTrace] getSum:skip_payment {"customerId":"CUS-3011000","customerName":"SUSAN YOUNG","accountNumber":"CUS-3011000","index":0,"reason":"testFreshStart"}
[2026-05-14T04:03:57.585Z] [info] [BillPanelTrace] getSumPaymentAmountsAfterLastBillPrint:result {"customerId":"CUS-3011000","customerName":"SUSAN YOUNG","accountNumber":"CUS-3011000","paidAfterSum":0}
[2026-05-14T04:03:57.585Z] [info] [BillPanelTrace] getSumPaymentAmountsAfterLastBillPrint:start {"customerId":"CUS-3011000","customerName":"SUSAN YOUNG","accountNumber":"CUS-3011000","paymentHistoryLength":1,"lastBillPrintDate":"2026-03-01T08:00:00.000Z","lastBillPrintLedgerOrder":6,"latestBillingChargeSortMs":1772352000000,"latestBillingChargeLedgerOrder":6}
[2026-05-14T04:03:57.585Z] [info] [BillPanelTrace] getSum:skip_payment {"customerId":"CUS-3011000","customerName":"SUSAN YOUNG","accountNumber":"CUS-3011000","index":0,"reason":"testFreshStart"}
[2026-05-14T04:03:57.585Z] [info] [BillPanelTrace] getSumPaymentAmountsAfterLastBillPrint:result {"customerId":"CUS-3011000","customerName":"SUSAN YOUNG","accountNumber":"CUS-3011000","paidAfterSum":0}
[2026-05-14T04:03:57.585Z] [info] [BillPanelTrace] calculateCustomerTotal:pastDueLedger_vs_panelLine {"customerId":"CUS-3011000","customerName":"SUSAN YOUNG","accountNumber":"CUS-3011000","pastDueLedger":366.98,"pastDueForOwed":361.98,"stmtUnpaid":545.47,"currentDue":183.49,"combined":545.47,"rolled":545.47,"total":545.47,"dedupStmtVsNet":false}
[2026-05-14T04:03:57.585Z] [info] [BillPanelTrace] getProcessBillPanelAmounts:result_frozen_panel {"customerId":"CUS-3011000","customerName":"SUSAN YOUNG","accountNumber":"CUS-3011000","total":550.47,"pastDue":361.98,"lateFee":10,"dueDateStr":"03/21/2026","fromFrozen":true}
[2026-05-14T04:03:57.585Z] [info] [BillPanelTrace] getSumPaymentAmountsAfterLastBillPrint:start {"customerId":"CUS-3011000","customerName":"SUSAN YOUNG","accountNumber":"CUS-3011000","paymentHistoryLength":1,"lastBillPrintDate":"2026-03-01T08:00:00.000Z","lastBillPrintLedgerOrder":6,"latestBillingChargeSortMs":1772352000000,"latestBillingChargeLedgerOrder":6}
[2026-05-14T04:03:57.585Z] [info] [BillPanelTrace] getSum:skip_payment {"customerId":"CUS-3011000","customerName":"SUSAN YOUNG","accountNumber":"CUS-3011000","index":0,"reason":"testFreshStart"}
[2026-05-14T04:03:57.585Z] [info] [BillPanelTrace] getSumPaymentAmountsAfterLastBillPrint:result {"customerId":"CUS-3011000","customerName":"SUSAN YOUNG","accountNumber":"CUS-3011000","paidAfterSum":0}
[2026-05-14T04:03:57.585Z] [info] [BillPanelTrace] calculateCustomerTotal:pastDueLedger_vs_panelLine {"customerId":"CUS-3011000","customerName":"SUSAN YOUNG","accountNumber":"CUS-3011000","pastDueLedger":366.98,"pastDueForOwed":361.98,"stmtUnpaid":545.47,"currentDue":183.49,"combined":545.47,"rolled":545.47,"total":545.47,"dedupStmtVsNet":false}
[2026-05-14T04:03:57.586Z] [info] [BillPanelTrace] getProcessBillPanelAmounts:result_frozen_panel {"customerId":"CUS-3011000","customerName":"SUSAN YOUNG","accountNumber":"CUS-3011000","total":550.47,"pastDue":361.98,"lateFee":10,"dueDateStr":"03/21/2026","fromFrozen":true}
[2026-05-14T04:03:57.586Z] [info] [BillPanelTrace] getProcessBillPanelAmounts:branch_check {"customerId":"CUS-3011000","customerName":"SUSAN YOUNG","accountNumber":"CUS-3011000","hasFrozenSnapshot":true,"frozenAmountDue":545.47,"lastBillPrintDate":"2026-03-01T08:00:00.000Z","lastPrintedStatementTotalDue":545.47}
[2026-05-14T04:03:57.586Z] [info] [BillPanelTrace] getSumPaymentAmountsAfterLastBillPrint:start {"customerId":"CUS-3011000","customerName":"SUSAN YOUNG","accountNumber":"CUS-3011000","paymentHistoryLength":1,"lastBillPrintDate":"2026-03-01T08:00:00.000Z","lastBillPrintLedgerOrder":6,"latestBillingChargeSortMs":1772352000000,"latestBillingChargeLedgerOrder":6}
[2026-05-14T04:03:57.586Z] [info] [BillPanelTrace] getSum:skip_payment {"customerId":"CUS-3011000","customerName":"SUSAN YOUNG","accountNumber":"CUS-3011000","index":0,"reason":"testFreshStart"}
[2026-05-14T04:03:57.586Z] [info] [BillPanelTrace] getSumPaymentAmountsAfterLastBillPrint:result {"customerId":"CUS-3011000","customerName":"SUSAN YOUNG","accountNumber":"CUS-3011000","paidAfterSum":0}
[2026-05-14T04:03:57.586Z] [info] [BillPanelTrace] getProcessBillPanelAmounts:frozen_branch {"customerId":"CUS-3011000","customerName":"SUSAN YOUNG","accountNumber":"CUS-3011000","paidAfterLastBill":0,"willBypassFrozenToLive":false}
[2026-05-14T04:03:57.586Z] [info] [BillPanelTrace] getCurrentCycleDueWithPaymentConsistency:latePaid_bucket_vs_ledger {"customerId":"CUS-3011000","customerName":"SUSAN YOUNG","accountNumber":"CUS-3011000","bucketLatePaid":10,"ledgerLatePaidAfterBill":0,"lateFeeAmount":0}
[2026-05-14T04:03:57.586Z] [info] [BillPanelTrace] getCurrentCycleDueWithPaymentConsistency:latePaid_bucket_vs_ledger {"customerId":"CUS-3011000","customerName":"SUSAN YOUNG","accountNumber":"CUS-3011000","bucketLatePaid":10,"ledgerLatePaidAfterBill":0,"lateFeeAmount":0}
[2026-05-14T04:03:57.586Z] [info] [BillPanelTrace] getCurrentCycleDueWithPaymentConsistency:latePaid_bucket_vs_ledger {"customerId":"CUS-3011000","customerName":"SUSAN YOUNG","accountNumber":"CUS-3011000","bucketLatePaid":10,"ledgerLatePaidAfterBill":0,"lateFeeAmount":0}
[2026-05-14T04:03:57.586Z] [info] [BillPanelTrace] getSumPaymentAmountsAfterLastBillPrint:start {"customerId":"CUS-3011000","customerName":"SUSAN YOUNG","accountNumber":"CUS-3011000","paymentHistoryLength":1,"lastBillPrintDate":"2026-03-01T08:00:00.000Z","lastBillPrintLedgerOrder":6,"latestBillingChargeSortMs":1772352000000,"latestBillingChargeLedgerOrder":6}
[2026-05-14T04:03:57.586Z] [info] [BillPanelTrace] getSum:skip_payment {"customerId":"CUS-3011000","customerName":"SUSAN YOUNG","accountNumber":"CUS-3011000","index":0,"reason":"testFreshStart"}
[2026-05-14T04:03:57.586Z] [info] [BillPanelTrace] getSumPaymentAmountsAfterLastBillPrint:result {"customerId":"CUS-3011000","customerName":"SUSAN YOUNG","accountNumber":"CUS-3011000","paidAfterSum":0}
[2026-05-14T04:03:57.586Z] [info] [BillPanelTrace] getSumPaymentAmountsAfterLastBillPrint:start {"customerId":"CUS-3011000","customerName":"SUSAN YOUNG","accountNumber":"CUS-3011000","paymentHistoryLength":1,"lastBillPrintDate":"2026-03-01T08:00:00.000Z","lastBillPrintLedgerOrder":6,"latestBillingChargeSortMs":1772352000000,"latestBillingChargeLedgerOrder":6}
[2026-05-14T04:03:57.586Z] [info] [BillPanelTrace] getSum:skip_payment {"customerId":"CUS-3011000","customerName":"SUSAN YOUNG","accountNumber":"CUS-3011000","index":0,"reason":"testFreshStart"}
[2026-05-14T04:03:57.586Z] [info] [BillPanelTrace] getSumPaymentAmountsAfterLastBillPrint:result {"customerId":"CUS-3011000","customerName":"SUSAN YOUNG","accountNumber":"CUS-3011000","paidAfterSum":0}
[2026-05-14T04:03:57.586Z] [info] [BillPanelTrace] getCurrentCycleDueWithPaymentConsistency:latePaid_bucket_vs_ledger {"customerId":"CUS-3011000","customerName":"SUSAN YOUNG","accountNumber":"CUS-3011000","bucketLatePaid":10,"ledgerLatePaidAfterBill":0,"lateFeeAmount":0}
[2026-05-14T04:03:57.586Z] [info] [BillPanelTrace] getCurrentCycleDueWithPaymentConsistency:latePaid_bucket_vs_ledger {"customerId":"CUS-3011000","customerName":"SUSAN YOUNG","accountNumber":"CUS-3011000","bucketLatePaid":10,"ledgerLatePaidAfterBill":0,"lateFeeAmount":0}
[2026-05-14T04:03:57.586Z] [info] [BillPanelTrace] getSumPaymentAmountsAfterLastBillPrint:start {"customerId":"CUS-3011000","customerName":"SUSAN YOUNG","accountNumber":"CUS-3011000","paymentHistoryLength":1,"lastBillPrintDate":"2026-03-01T08:00:00.000Z","lastBillPrintLedgerOrder":6,"latestBillingChargeSortMs":1772352000000,"latestBillingChargeLedgerOrder":6}
[2026-05-14T04:03:57.587Z] [info] [BillPanelTrace] getSum:skip_payment {"customerId":"CUS-3011000","customerName":"SUSAN YOUNG","accountNumber":"CUS-3011000","index":0,"reason":"testFreshStart"}
[2026-05-14T04:03:57.587Z] [info] [BillPanelTrace] getSumPaymentAmountsAfterLastBillPrint:result {"customerId":"CUS-3011000","customerName":"SUSAN YOUNG","accountNumber":"CUS-3011000","paidAfterSum":0}
[2026-05-14T04:03:57.587Z] [info] [BillPanelTrace] calculateCustomerTotal:pastDueLedger_vs_panelLine {"customerId":"CUS-3011000","customerName":"SUSAN YOUNG","accountNumber":"CUS-3011000","pastDueLedger":0,"pastDueForOwed":361.98,"stmtUnpaid":545.47,"currentDue":0,"combined":361.98,"rolled":361.98,"total":361.98,"dedupStmtVsNet":false}
[2026-05-14T04:03:57.587Z] [info] [BillPanelTrace] getCurrentCycleDueWithPaymentConsistency:latePaid_bucket_vs_ledger {"customerId":"CUS-3011000","customerName":"SUSAN YOUNG","accountNumber":"CUS-3011000","bucketLatePaid":10,"ledgerLatePaidAfterBill":0,"lateFeeAmount":0}
[2026-05-14T04:03:57.587Z] [info] [BillPanelTrace] getProcessBillPanelAmounts:result_frozen_panel {"customerId":"CUS-3011000","customerName":"SUSAN YOUNG","accountNumber":"CUS-3011000","total":545.47,"pastDue":361.98,"lateFee":5,"dueDateStr":"03/21/2026","fromFrozen":true}
[2026-05-14T04:03:57.587Z] [info] [BillPanelTrace] getCurrentCycleDueWithPaymentConsistency:latePaid_bucket_vs_ledger {"customerId":"CUS-3011000","customerName":"SUSAN YOUNG","accountNumber":"CUS-3011000","bucketLatePaid":10,"ledgerLatePaidAfterBill":0,"lateFeeAmount":0}
[2026-05-14T04:03:57.587Z] [info] [BillPanelTrace] getCurrentCycleDueWithPaymentConsistency:latePaid_bucket_vs_ledger {"customerId":"CUS-3011000","customerName":"SUSAN YOUNG","accountNumber":"CUS-3011000","bucketLatePaid":10,"ledgerLatePaidAfterBill":0,"lateFeeAmount":0}
[2026-05-14T04:03:57.587Z] [info] [BillPanelTrace] getProcessBillPanelAmounts:branch_check {"customerId":"CUS-3011000","customerName":"SUSAN YOUNG","accountNumber":"CUS-3011000","hasFrozenSnapshot":true,"frozenAmountDue":545.47,"lastBillPrintDate":"2026-03-01T08:00:00.000Z","lastPrintedStatementTotalDue":545.47}
[2026-05-14T04:03:57.587Z] [info] [BillPanelTrace] getSumPaymentAmountsAfterLastBillPrint:start {"customerId":"CUS-3011000","customerName":"SUSAN YOUNG","accountNumber":"CUS-3011000","paymentHistoryLength":1,"lastBillPrintDate":"2026-03-01T08:00:00.000Z","lastBillPrintLedgerOrder":6,"latestBillingChargeSortMs":1772352000000,"latestBillingChargeLedgerOrder":6}
[2026-05-14T04:03:57.587Z] [info] [BillPanelTrace] getSum:skip_payment {"customerId":"CUS-3011000","customerName":"SUSAN YOUNG","accountNumber":"CUS-3011000","index":0,"reason":"testFreshStart"}
[2026-05-14T04:03:57.587Z] [info] [BillPanelTrace] getSumPaymentAmountsAfterLastBillPrint:result {"customerId":"CUS-3011000","customerName":"SUSAN YOUNG","accountNumber":"CUS-3011000","paidAfterSum":0}
[2026-05-14T04:03:57.587Z] [info] [BillPanelTrace] getProcessBillPanelAmounts:frozen_branch {"customerId":"CUS-3011000","customerName":"SUSAN YOUNG","accountNumber":"CUS-3011000","paidAfterLastBill":0,"willBypassFrozenToLive":false}
[2026-05-14T04:03:57.587Z] [info] [BillPanelTrace] getCurrentCycleDueWithPaymentConsistency:latePaid_bucket_vs_ledger {"customerId":"CUS-3011000","customerName":"SUSAN YOUNG","accountNumber":"CUS-3011000","bucketLatePaid":10,"ledgerLatePaidAfterBill":0,"lateFeeAmount":0}
[2026-05-14T04:03:57.587Z] [info] [BillPanelTrace] getCurrentCycleDueWithPaymentConsistency:latePaid_bucket_vs_ledger {"customerId":"CUS-3011000","customerName":"SUSAN YOUNG","accountNumber":"CUS-3011000","bucketLatePaid":10,"ledgerLatePaidAfterBill":0,"lateFeeAmount":0}
[2026-05-14T04:03:57.587Z] [info] [BillPanelTrace] getCurrentCycleDueWithPaymentConsistency:latePaid_bucket_vs_ledger {"customerId":"CUS-3011000","customerName":"SUSAN YOUNG","accountNumber":"CUS-3011000","bucketLatePaid":10,"ledgerLatePaidAfterBill":0,"lateFeeAmount":0}
[2026-05-14T04:03:57.587Z] [info] [BillPanelTrace] getSumPaymentAmountsAfterLastBillPrint:start {"customerId":"CUS-3011000","customerName":"SUSAN YOUNG","accountNumber":"CUS-3011000","paymentHistoryLength":1,"lastBillPrintDate":"2026-03-01T08:00:00.000Z","lastBillPrintLedgerOrder":6,"latestBillingChargeSortMs":1772352000000,"latestBillingChargeLedgerOrder":6}
[2026-05-14T04:03:57.587Z] [info] [BillPanelTrace] getSum:skip_payment {"customerId":"CUS-3011000","customerName":"SUSAN YOUNG","accountNumber":"CUS-3011000","index":0,"reason":"testFreshStart"}
[2026-05-14T04:03:57.587Z] [info] [BillPanelTrace] getSumPaymentAmountsAfterLastBillPrint:result {"customerId":"CUS-3011000","customerName":"SUSAN YOUNG","accountNumber":"CUS-3011000","paidAfterSum":0}
[2026-05-14T04:03:57.587Z] [info] [BillPanelTrace] getSumPaymentAmountsAfterLastBillPrint:start {"customerId":"CUS-3011000","customerName":"SUSAN YOUNG","accountNumber":"CUS-3011000","paymentHistoryLength":1,"lastBillPrintDate":"2026-03-01T08:00:00.000Z","lastBillPrintLedgerOrder":6,"latestBillingChargeSortMs":1772352000000,"latestBillingChargeLedgerOrder":6}
[2026-05-14T04:03:57.587Z] [info] [BillPanelTrace] getSum:skip_payment {"customerId":"CUS-3011000","customerName":"SUSAN YOUNG","accountNumber":"CUS-3011000","index":0,"reason":"testFreshStart"}
[2026-05-14T04:03:57.587Z] [info] [BillPanelTrace] getSumPaymentAmountsAfterLastBillPrint:result {"customerId":"CUS-3011000","customerName":"SUSAN YOUNG","accountNumber":"CUS-3011000","paidAfterSum":0}
[2026-05-14T04:03:57.587Z] [info] [BillPanelTrace] getCurrentCycleDueWithPaymentConsistency:latePaid_bucket_vs_ledger {"customerId":"CUS-3011000","customerName":"SUSAN YOUNG","accountNumber":"CUS-3011000","bucketLatePaid":10,"ledgerLatePaidAfterBill":0,"lateFeeAmount":0}
[2026-05-14T04:03:57.587Z] [info] [BillPanelTrace] getCurrentCycleDueWithPaymentConsistency:latePaid_bucket_vs_ledger {"customerId":"CUS-3011000","customerName":"SUSAN YOUNG","accountNumber":"CUS-3011000","bucketLatePaid":10,"ledgerLatePaidAfterBill":0,"lateFeeAmount":0}
[2026-05-14T04:03:57.587Z] [info] [BillPanelTrace] getSumPaymentAmountsAfterLastBillPrint:start {"customerId":"CUS-3011000","customerName":"SUSAN YOUNG","accountNumber":"CUS-3011000","paymentHistoryLength":1,"lastBillPrintDate":"2026-03-01T08:00:00.000Z","lastBillPrintLedgerOrder":6,"latestBillingChargeSortMs":1772352000000,"latestBillingChargeLedgerOrder":6}
[2026-05-14T04:03:57.587Z] [info] [BillPanelTrace] getSum:skip_payment {"customerId":"CUS-3011000","customerName":"SUSAN YOUNG","accountNumber":"CUS-3011000","index":0,"reason":"testFreshStart"}
[2026-05-14T04:03:57.587Z] [info] [BillPanelTrace] getSumPaymentAmountsAfterLastBillPrint:result {"customerId":"CUS-3011000","customerName":"SUSAN YOUNG","accountNumber":"CUS-3011000","paidAfterSum":0}
[2026-05-14T04:03:57.587Z] [info] [BillPanelTrace] calculateCustomerTotal:pastDueLedger_vs_panelLine {"customerId":"CUS-3011000","customerName":"SUSAN YOUNG","accountNumber":"CUS-3011000","pastDueLedger":0,"pastDueForOwed":361.98,"stmtUnpaid":545.47,"currentDue":0,"combined":361.98,"rolled":361.98,"total":361.98,"dedupStmtVsNet":false}
[2026-05-14T04:03:57.588Z] [info] [BillPanelTrace] getCurrentCycleDueWithPaymentConsistency:latePaid_bucket_vs_ledger {"customerId":"CUS-3011000","customerName":"SUSAN YOUNG","accountNumber":"CUS-3011000","bucketLatePaid":10,"ledgerLatePaidAfterBill":0,"lateFeeAmount":0}
[2026-05-14T04:03:57.588Z] [info] [BillPanelTrace] getProcessBillPanelAmounts:result_frozen_panel {"customerId":"CUS-3011000","customerName":"SUSAN YOUNG","accountNumber":"CUS-3011000","total":545.47,"pastDue":361.98,"lateFee":5,"dueDateStr":"03/21/2026","fromFrozen":true}
[2026-05-14T04:03:57.588Z] [info] [BillPanelTrace] getCurrentCycleDueWithPaymentConsistency:latePaid_bucket_vs_ledger {"customerId":"CUS-3011000","customerName":"SUSAN YOUNG","accountNumber":"CUS-3011000","bucketLatePaid":10,"ledgerLatePaidAfterBill":0,"lateFeeAmount":0}
[2026-05-14T04:03:57.588Z] [info] [BillPanelTrace] getProcessBillPanelAmounts:branch_check {"customerId":"CUS-3011000","customerName":"SUSAN YOUNG","accountNumber":"CUS-3011000","hasFrozenSnapshot":true,"frozenAmountDue":545.47,"lastBillPrintDate":"2026-03-01T08:00:00.000Z","lastPrintedStatementTotalDue":545.47}
[2026-05-14T04:03:57.588Z] [info] [BillPanelTrace] getSumPaymentAmountsAfterLastBillPrint:start {"customerId":"CUS-3011000","customerName":"SUSAN YOUNG","accountNumber":"CUS-3011000","paymentHistoryLength":1,"lastBillPrintDate":"2026-03-01T08:00:00.000Z","lastBillPrintLedgerOrder":6,"latestBillingChargeSortMs":1772352000000,"latestBillingChargeLedgerOrder":6}
[2026-05-14T04:03:57.588Z] [info] [BillPanelTrace] getSum:skip_payment {"customerId":"CUS-3011000","customerName":"SUSAN YOUNG","accountNumber":"CUS-3011000","index":0,"reason":"testFreshStart"}
[2026-05-14T04:03:57.588Z] [info] [BillPanelTrace] getSumPaymentAmountsAfterLastBillPrint:result {"customerId":"CUS-3011000","customerName":"SUSAN YOUNG","accountNumber":"CUS-3011000","paidAfterSum":0}
[2026-05-14T04:03:57.588Z] [info] [BillPanelTrace] getProcessBillPanelAmounts:frozen_branch {"customerId":"CUS-3011000","customerName":"SUSAN YOUNG","accountNumber":"CUS-3011000","paidAfterLastBill":0,"willBypassFrozenToLive":false}
[2026-05-14T04:03:57.588Z] [info] [BillPanelTrace] getCurrentCycleDueWithPaymentConsistency:latePaid_bucket_vs_ledger {"customerId":"CUS-3011000","customerName":"SUSAN YOUNG","accountNumber":"CUS-3011000","bucketLatePaid":10,"ledgerLatePaidAfterBill":0,"lateFeeAmount":0}
[2026-05-14T04:03:57.588Z] [info] [BillPanelTrace] getCurrentCycleDueWithPaymentConsistency:latePaid_bucket_vs_ledger {"customerId":"CUS-3011000","customerName":"SUSAN YOUNG","accountNumber":"CUS-3011000","bucketLatePaid":10,"ledgerLatePaidAfterBill":0,"lateFeeAmount":0}
[2026-05-14T04:03:57.588Z] [info] [BillPanelTrace] getCurrentCycleDueWithPaymentConsistency:latePaid_bucket_vs_ledger {"customerId":"CUS-3011000","customerName":"SUSAN YOUNG","accountNumber":"CUS-3011000","bucketLatePaid":10,"ledgerLatePaidAfterBill":0,"lateFeeAmount":0}
[2026-05-14T04:03:57.588Z] [info] [BillPanelTrace] getSumPaymentAmountsAfterLastBillPrint:start {"customerId":"CUS-3011000","customerName":"SUSAN YOUNG","accountNumber":"CUS-3011000","paymentHistoryLength":1,"lastBillPrintDate":"2026-03-01T08:00:00.000Z","lastBillPrintLedgerOrder":6,"latestBillingChargeSortMs":1772352000000,"latestBillingChargeLedgerOrder":6}
[2026-05-14T04:03:57.588Z] [info] [BillPanelTrace] getSum:skip_payment {"customerId":"CUS-3011000","customerName":"SUSAN YOUNG","accountNumber":"CUS-3011000","index":0,"reason":"testFreshStart"}
[2026-05-14T04:03:57.588Z] [info] [BillPanelTrace] getSumPaymentAmountsAfterLastBillPrint:result {"customerId":"CUS-3011000","customerName":"SUSAN YOUNG","accountNumber":"CUS-3011000","paidAfterSum":0}
[2026-05-14T04:03:57.588Z] [info] [BillPanelTrace] getSumPaymentAmountsAfterLastBillPrint:start {"customerId":"CUS-3011000","customerName":"SUSAN YOUNG","accountNumber":"CUS-3011000","paymentHistoryLength":1,"lastBillPrintDate":"2026-03-01T08:00:00.000Z","lastBillPrintLedgerOrder":6,"latestBillingChargeSortMs":1772352000000,"latestBillingChargeLedgerOrder":6}
[2026-05-14T04:03:57.588Z] [info] [BillPanelTrace] getSum:skip_payment {"customerId":"CUS-3011000","customerName":"SUSAN YOUNG","accountNumber":"CUS-3011000","index":0,"reason":"testFreshStart"}
[2026-05-14T04:03:57.588Z] [info] [BillPanelTrace] getSumPaymentAmountsAfterLastBillPrint:result {"customerId":"CUS-3011000","customerName":"SUSAN YOUNG","accountNumber":"CUS-3011000","paidAfterSum":0}
[2026-05-14T04:03:57.588Z] [info] [BillPanelTrace] getCurrentCycleDueWithPaymentConsistency:latePaid_bucket_vs_ledger {"customerId":"CUS-3011000","customerName":"SUSAN YOUNG","accountNumber":"CUS-3011000","bucketLatePaid":10,"ledgerLatePaidAfterBill":0,"lateFeeAmount":0}
[2026-05-14T04:03:57.588Z] [info] [BillPanelTrace] getCurrentCycleDueWithPaymentConsistency:latePaid_bucket_vs_ledger {"customerId":"CUS-3011000","customerName":"SUSAN YOUNG","accountNumber":"CUS-3011000","bucketLatePaid":10,"ledgerLatePaidAfterBill":0,"lateFeeAmount":0}
[2026-05-14T04:03:57.588Z] [info] [BillPanelTrace] getSumPaymentAmountsAfterLastBillPrint:start {"customerId":"CUS-3011000","customerName":"SUSAN YOUNG","accountNumber":"CUS-3011000","paymentHistoryLength":1,"lastBillPrintDate":"2026-03-01T08:00:00.000Z","lastBillPrintLedgerOrder":6,"latestBillingChargeSortMs":1772352000000,"latestBillingChargeLedgerOrder":6}
[2026-05-14T04:03:57.588Z] [info] [BillPanelTrace] getSum:skip_payment {"customerId":"CUS-3011000","customerName":"SUSAN YOUNG","accountNumber":"CUS-3011000","index":0,"reason":"testFreshStart"}
[2026-05-14T04:03:57.588Z] [info] [BillPanelTrace] getSumPaymentAmountsAfterLastBillPrint:result {"customerId":"CUS-3011000","customerName":"SUSAN YOUNG","accountNumber":"CUS-3011000","paidAfterSum":0}
[2026-05-14T04:03:57.588Z] [info] [BillPanelTrace] calculateCustomerTotal:pastDueLedger_vs_panelLine {"customerId":"CUS-3011000","customerName":"SUSAN YOUNG","accountNumber":"CUS-3011000","pastDueLedger":0,"pastDueForOwed":361.98,"stmtUnpaid":545.47,"currentDue":0,"combined":361.98,"rolled":361.98,"total":361.98,"dedupStmtVsNet":false}
[2026-05-14T04:03:57.588Z] [info] [BillPanelTrace] getCurrentCycleDueWithPaymentConsistency:latePaid_bucket_vs_ledger {"customerId":"CUS-3011000","customerName":"SUSAN YOUNG","accountNumber":"CUS-3011000","bucketLatePaid":10,"ledgerLatePaidAfterBill":0,"lateFeeAmount":0}
[2026-05-14T04:03:57.588Z] [info] [BillPanelTrace] getProcessBillPanelAmounts:result_frozen_panel {"customerId":"CUS-3011000","customerName":"SUSAN YOUNG","accountNumber":"CUS-3011000","total":545.47,"pastDue":361.98,"lateFee":5,"dueDateStr":"03/21/2026","fromFrozen":true}
[2026-05-14T04:03:57.588Z] [info] [BillPanelTrace] getCurrentCycleDueWithPaymentConsistency:latePaid_bucket_vs_ledger {"customerId":"CUS-3011000","customerName":"SUSAN YOUNG","accountNumber":"CUS-3011000","bucketLatePaid":10,"ledgerLatePaidAfterBill":0,"lateFeeAmount":0}
[2026-05-14T04:03:57.588Z] [info] [BillPanelTrace] getCurrentCycleDueWithPaymentConsistency:latePaid_bucket_vs_ledger {"customerId":"CUS-3011000","customerName":"SUSAN YOUNG","accountNumber":"CUS-3011000","bucketLatePaid":10,"ledgerLatePaidAfterBill":0,"lateFeeAmount":0}
[2026-05-14T04:03:57.588Z] [info] [BillPanelTrace] getProcessBillPanelAmounts:branch_check {"customerId":"CUS-3011000","customerName":"SUSAN YOUNG","accountNumber":"CUS-3011000","hasFrozenSnapshot":true,"frozenAmountDue":545.47,"lastBillPrintDate":"2026-03-01T08:00:00.000Z","lastPrintedStatementTotalDue":545.47}
[2026-05-14T04:03:57.588Z] [info] [BillPanelTrace] getSumPaymentAmountsAfterLastBillPrint:start {"customerId":"CUS-3011000","customerName":"SUSAN YOUNG","accountNumber":"CUS-3011000","paymentHistoryLength":1,"lastBillPrintDate":"2026-03-01T08:00:00.000Z","lastBillPrintLedgerOrder":6,"latestBillingChargeSortMs":1772352000000,"latestBillingChargeLedgerOrder":6}
[2026-05-14T04:03:57.589Z] [info] [BillPanelTrace] getSum:skip_payment {"customerId":"CUS-3011000","customerName":"SUSAN YOUNG","accountNumber":"CUS-3011000","index":0,"reason":"testFreshStart"}
[2026-05-14T04:03:57.589Z] [info] [BillPanelTrace] getSumPaymentAmountsAfterLastBillPrint:result {"customerId":"CUS-3011000","customerName":"SUSAN YOUNG","accountNumber":"CUS-3011000","paidAfterSum":0}
[2026-05-14T04:03:57.589Z] [info] [BillPanelTrace] getProcessBillPanelAmounts:frozen_branch {"customerId":"CUS-3011000","customerName":"SUSAN YOUNG","accountNumber":"CUS-3011000","paidAfterLastBill":0,"willBypassFrozenToLive":false}
[2026-05-14T04:03:57.589Z] [info] [BillPanelTrace] getCurrentCycleDueWithPaymentConsistency:latePaid_bucket_vs_ledger {"customerId":"CUS-3011000","customerName":"SUSAN YOUNG","accountNumber":"CUS-3011000","bucketLatePaid":10,"ledgerLatePaidAfterBill":0,"lateFeeAmount":0}
[2026-05-14T04:03:57.589Z] [info] [BillPanelTrace] getCurrentCycleDueWithPaymentConsistency:latePaid_bucket_vs_ledger {"customerId":"CUS-3011000","customerName":"SUSAN YOUNG","accountNumber":"CUS-3011000","bucketLatePaid":10,"ledgerLatePaidAfterBill":0,"lateFeeAmount":0}
[2026-05-14T04:03:57.589Z] [info] [BillPanelTrace] getCurrentCycleDueWithPaymentConsistency:latePaid_bucket_vs_ledger {"customerId":"CUS-3011000","customerName":"SUSAN YOUNG","accountNumber":"CUS-3011000","bucketLatePaid":10,"ledgerLatePaidAfterBill":0,"lateFeeAmount":0}
[2026-05-14T04:03:57.589Z] [info] [BillPanelTrace] getSumPaymentAmountsAfterLastBillPrint:start {"customerId":"CUS-3011000","customerName":"SUSAN YOUNG","accountNumber":"CUS-3011000","paymentHistoryLength":1,"lastBillPrintDate":"2026-03-01T08:00:00.000Z","lastBillPrintLedgerOrder":6,"latestBillingChargeSortMs":1772352000000,"latestBillingChargeLedgerOrder":6}
[2026-05-14T04:03:57.589Z] [info] [BillPanelTrace] getSum:skip_payment {"customerId":"CUS-3011000","customerName":"SUSAN YOUNG","accountNumber":"CUS-3011000","index":0,"reason":"testFreshStart"}
[2026-05-14T04:03:57.589Z] [info] [BillPanelTrace] getSumPaymentAmountsAfterLastBillPrint:result {"customerId":"CUS-3011000","customerName":"SUSAN YOUNG","accountNumber":"CUS-3011000","paidAfterSum":0}
[2026-05-14T04:03:57.589Z] [info] [BillPanelTrace] getSumPaymentAmountsAfterLastBillPrint:start {"customerId":"CUS-3011000","customerName":"SUSAN YOUNG","accountNumber":"CUS-3011000","paymentHistoryLength":1,"lastBillPrintDate":"2026-03-01T08:00:00.000Z","lastBillPrintLedgerOrder":6,"latestBillingChargeSortMs":1772352000000,"latestBillingChargeLedgerOrder":6}
[2026-05-14T04:03:57.589Z] [info] [BillPanelTrace] getSum:skip_payment {"customerId":"CUS-3011000","customerName":"SUSAN YOUNG","accountNumber":"CUS-3011000","index":0,"reason":"testFreshStart"}
[2026-05-14T04:03:57.589Z] [info] [BillPanelTrace] getSumPaymentAmountsAfterLastBillPrint:result {"customerId":"CUS-3011000","customerName":"SUSAN YOUNG","accountNumber":"CUS-3011000","paidAfterSum":0}
[2026-05-14T04:03:57.589Z] [info] [BillPanelTrace] getCurrentCycleDueWithPaymentConsistency:latePaid_bucket_vs_ledger {"customerId":"CUS-3011000","customerName":"SUSAN YOUNG","accountNumber":"CUS-3011000","bucketLatePaid":10,"ledgerLatePaidAfterBill":0,"lateFeeAmount":0}
[2026-05-14T04:03:57.589Z] [info] [BillPanelTrace] getCurrentCycleDueWithPaymentConsistency:latePaid_bucket_vs_ledger {"customerId":"CUS-3011000","customerName":"SUSAN YOUNG","accountNumber":"CUS-3011000","bucketLatePaid":10,"ledgerLatePaidAfterBill":0,"lateFeeAmount":0}
[2026-05-14T04:03:57.589Z] [info] [BillPanelTrace] getSumPaymentAmountsAfterLastBillPrint:start {"customerId":"CUS-3011000","customerName":"SUSAN YOUNG","accountNumber":"CUS-3011000","paymentHistoryLength":1,"lastBillPrintDate":"2026-03-01T08:00:00.000Z","lastBillPrintLedgerOrder":6,"latestBillingChargeSortMs":1772352000000,"latestBillingChargeLedgerOrder":6}
[2026-05-14T04:03:57.589Z] [info] [BillPanelTrace] getSum:skip_payment {"customerId":"CUS-3011000","customerName":"SUSAN YOUNG","accountNumber":"CUS-3011000","index":0,"reason":"testFreshStart"}
[2026-05-14T04:03:57.589Z] [info] [BillPanelTrace] getSumPaymentAmountsAfterLastBillPrint:result {"customerId":"CUS-3011000","customerName":"SUSAN YOUNG","accountNumber":"CUS-3011000","paidAfterSum":0}
[2026-05-14T04:03:57.589Z] [info] [BillPanelTrace] calculateCustomerTotal:pastDueLedger_vs_panelLine {"customerId":"CUS-3011000","customerName":"SUSAN YOUNG","accountNumber":"CUS-3011000","pastDueLedger":0,"pastDueForOwed":361.98,"stmtUnpaid":545.47,"currentDue":0,"combined":361.98,"rolled":361.98,"total":361.98,"dedupStmtVsNet":false}
[2026-05-14T04:03:57.589Z] [info] [BillPanelTrace] getCurrentCycleDueWithPaymentConsistency:latePaid_bucket_vs_ledger {"customerId":"CUS-3011000","customerName":"SUSAN YOUNG","accountNumber":"CUS-3011000","bucketLatePaid":10,"ledgerLatePaidAfterBill":0,"lateFeeAmount":0}
[2026-05-14T04:03:57.589Z] [info] [BillPanelTrace] getProcessBillPanelAmounts:result_frozen_panel {"customerId":"CUS-3011000","customerName":"SUSAN YOUNG","accountNumber":"CUS-3011000","total":545.47,"pastDue":361.98,"lateFee":5,"dueDateStr":"03/21/2026","fromFrozen":true}
[2026-05-14T04:03:57.589Z] [info] [BillPanelTrace] getCurrentCycleDueWithPaymentConsistency:latePaid_bucket_vs_ledger {"customerId":"CUS-3011000","customerName":"SUSAN YOUNG","accountNumber":"CUS-3011000","bucketLatePaid":10,"ledgerLatePaidAfterBill":0,"lateFeeAmount":0}
[2026-05-14T04:03:57.589Z] [info] [BillPanelTrace] getCurrentCycleDueWithPaymentConsistency:latePaid_bucket_vs_ledger {"customerId":"CUS-3011000","customerName":"SUSAN YOUNG","accountNumber":"CUS-3011000","bucketLatePaid":10,"ledgerLatePaidAfterBill":0,"lateFeeAmount":0}
[2026-05-14T04:03:57.589Z] [info] [BillPanelTrace] getCurrentCycleDueWithPaymentConsistency:latePaid_bucket_vs_ledger {"customerId":"CUS-3011000","customerName":"SUSAN YOUNG","accountNumber":"CUS-3011000","bucketLatePaid":10,"ledgerLatePaidAfterBill":0,"lateFeeAmount":0}
[2026-05-14T04:03:57.589Z] [info] [BillPanelTrace] getSumPaymentAmountsAfterLastBillPrint:start {"customerId":"CUS-3011000","customerName":"SUSAN YOUNG","accountNumber":"CUS-3011000","paymentHistoryLength":1,"lastBillPrintDate":"2026-03-01T08:00:00.000Z","lastBillPrintLedgerOrder":6,"latestBillingChargeSortMs":1772352000000,"latestBillingChargeLedgerOrder":6}
[2026-05-14T04:03:57.589Z] [info] [BillPanelTrace] getSum:skip_payment {"customerId":"CUS-3011000","customerName":"SUSAN YOUNG","accountNumber":"CUS-3011000","index":0,"reason":"testFreshStart"}
[2026-05-14T04:03:57.589Z] [info] [BillPanelTrace] getSumPaymentAmountsAfterLastBillPrint:result {"customerId":"CUS-3011000","customerName":"SUSAN YOUNG","accountNumber":"CUS-3011000","paidAfterSum":0}
[2026-05-14T04:03:57.589Z] [info] [BillPanelTrace] getSumPaymentAmountsAfterLastBillPrint:start {"customerId":"CUS-3011000","customerName":"SUSAN YOUNG","accountNumber":"CUS-3011000","paymentHistoryLength":1,"lastBillPrintDate":"2026-03-01T08:00:00.000Z","lastBillPrintLedgerOrder":6,"latestBillingChargeSortMs":1772352000000,"latestBillingChargeLedgerOrder":6}
[2026-05-14T04:03:57.589Z] [info] [BillPanelTrace] getSum:skip_payment {"customerId":"CUS-3011000","customerName":"SUSAN YOUNG","accountNumber":"CUS-3011000","index":0,"reason":"testFreshStart"}
[2026-05-14T04:03:57.589Z] [info] [BillPanelTrace] getSumPaymentAmountsAfterLastBillPrint:result {"customerId":"CUS-3011000","customerName":"SUSAN YOUNG","accountNumber":"CUS-3011000","paidAfterSum":0}
[2026-05-14T04:03:57.589Z] [info] [BillPanelTrace] getCurrentCycleDueWithPaymentConsistency:latePaid_bucket_vs_ledger {"customerId":"CUS-3011000","customerName":"SUSAN YOUNG","accountNumber":"CUS-3011000","bucketLatePaid":10,"ledgerLatePaidAfterBill":0,"lateFeeAmount":0}
[2026-05-14T04:03:57.590Z] [info] [BillPanelTrace] getProcessBillPanelAmounts:branch_check {"customerId":"CUS-3011000","customerName":"SUSAN YOUNG","accountNumber":"CUS-3011000","hasFrozenSnapshot":true,"frozenAmountDue":545.47,"lastBillPrintDate":"2026-03-01T08:00:00.000Z","lastPrintedStatementTotalDue":545.47}
[2026-05-14T04:03:57.590Z] [info] [BillPanelTrace] getSumPaymentAmountsAfterLastBillPrint:start {"customerId":"CUS-3011000","customerName":"SUSAN YOUNG","accountNumber":"CUS-3011000","paymentHistoryLength":1,"lastBillPrintDate":"2026-03-01T08:00:00.000Z","lastBillPrintLedgerOrder":6,"latestBillingChargeSortMs":1772352000000,"latestBillingChargeLedgerOrder":6}
[2026-05-14T04:03:57.590Z] [info] [BillPanelTrace] getSum:skip_payment {"customerId":"CUS-3011000","customerName":"SUSAN YOUNG","accountNumber":"CUS-3011000","index":0,"reason":"testFreshStart"}
[2026-05-14T04:03:57.590Z] [info] [BillPanelTrace] getSumPaymentAmountsAfterLastBillPrint:result {"customerId":"CUS-3011000","customerName":"SUSAN YOUNG","accountNumber":"CUS-3011000","paidAfterSum":0}
[2026-05-14T04:03:57.590Z] [info] [BillPanelTrace] getProcessBillPanelAmounts:frozen_branch {"customerId":"CUS-3011000","customerName":"SUSAN YOUNG","accountNumber":"CUS-3011000","paidAfterLastBill":0,"willBypassFrozenToLive":false}
[2026-05-14T04:03:57.590Z] [info] [BillPanelTrace] getCurrentCycleDueWithPaymentConsistency:latePaid_bucket_vs_ledger {"customerId":"CUS-3011000","customerName":"SUSAN YOUNG","accountNumber":"CUS-3011000","bucketLatePaid":10,"ledgerLatePaidAfterBill":0,"lateFeeAmount":0}
[2026-05-14T04:03:57.590Z] [info] [BillPanelTrace] getCurrentCycleDueWithPaymentConsistency:latePaid_bucket_vs_ledger {"customerId":"CUS-3011000","customerName":"SUSAN YOUNG","accountNumber":"CUS-3011000","bucketLatePaid":10,"ledgerLatePaidAfterBill":0,"lateFeeAmount":0}
[2026-05-14T04:03:57.590Z] [info] [BillPanelTrace] getCurrentCycleDueWithPaymentConsistency:latePaid_bucket_vs_ledger {"customerId":"CUS-3011000","customerName":"SUSAN YOUNG","accountNumber":"CUS-3011000","bucketLatePaid":10,"ledgerLatePaidAfterBill":0,"lateFeeAmount":0}
[2026-05-14T04:03:57.590Z] [info] [BillPanelTrace] getSumPaymentAmountsAfterLastBillPrint:start {"customerId":"CUS-3011000","customerName":"SUSAN YOUNG","accountNumber":"CUS-3011000","paymentHistoryLength":1,"lastBillPrintDate":"2026-03-01T08:00:00.000Z","lastBillPrintLedgerOrder":6,"latestBillingChargeSortMs":1772352000000,"latestBillingChargeLedgerOrder":6}
[2026-05-14T04:03:57.590Z] [info] [BillPanelTrace] getSum:skip_payment {"customerId":"CUS-3011000","customerName":"SUSAN YOUNG","accountNumber":"CUS-3011000","index":0,"reason":"testFreshStart"}
[2026-05-14T04:03:57.590Z] [info] [BillPanelTrace] getSumPaymentAmountsAfterLastBillPrint:result {"customerId":"CUS-3011000","customerName":"SUSAN YOUNG","accountNumber":"CUS-3011000","paidAfterSum":0}
[2026-05-14T04:03:57.590Z] [info] [BillPanelTrace] getSumPaymentAmountsAfterLastBillPrint:start {"customerId":"CUS-3011000","customerName":"SUSAN YOUNG","accountNumber":"CUS-3011000","paymentHistoryLength":1,"lastBillPrintDate":"2026-03-01T08:00:00.000Z","lastBillPrintLedgerOrder":6,"latestBillingChargeSortMs":1772352000000,"latestBillingChargeLedgerOrder":6}
[2026-05-14T04:03:57.590Z] [info] [BillPanelTrace] getSum:skip_payment {"customerId":"CUS-3011000","customerName":"SUSAN YOUNG","accountNumber":"CUS-3011000","index":0,"reason":"testFreshStart"}
[2026-05-14T04:03:57.590Z] [info] [BillPanelTrace] getSumPaymentAmountsAfterLastBillPrint:result {"customerId":"CUS-3011000","customerName":"SUSAN YOUNG","accountNumber":"CUS-3011000","paidAfterSum":0}
[2026-05-14T04:03:57.590Z] [info] [BillPanelTrace] getCurrentCycleDueWithPaymentConsistency:latePaid_bucket_vs_ledger {"customerId":"CUS-3011000","customerName":"SUSAN YOUNG","accountNumber":"CUS-3011000","bucketLatePaid":10,"ledgerLatePaidAfterBill":0,"lateFeeAmount":0}
[2026-05-14T04:03:57.590Z] [info] [BillPanelTrace] getCurrentCycleDueWithPaymentConsistency:latePaid_bucket_vs_ledger {"customerId":"CUS-3011000","customerName":"SUSAN YOUNG","accountNumber":"CUS-3011000","bucketLatePaid":10,"ledgerLatePaidAfterBill":0,"lateFeeAmount":0}
[2026-05-14T04:03:57.590Z] [info] [BillPanelTrace] getSumPaymentAmountsAfterLastBillPrint:start {"customerId":"CUS-3011000","customerName":"SUSAN YOUNG","accountNumber":"CUS-3011000","paymentHistoryLength":1,"lastBillPrintDate":"2026-03-01T08:00:00.000Z","lastBillPrintLedgerOrder":6,"latestBillingChargeSortMs":1772352000000,"latestBillingChargeLedgerOrder":6}
[2026-05-14T04:03:57.590Z] [info] [BillPanelTrace] getSum:skip_payment {"customerId":"CUS-3011000","customerName":"SUSAN YOUNG","accountNumber":"CUS-3011000","index":0,"reason":"testFreshStart"}
[2026-05-14T04:03:57.590Z] [info] [BillPanelTrace] getSumPaymentAmountsAfterLastBillPrint:result {"customerId":"CUS-3011000","customerName":"SUSAN YOUNG","accountNumber":"CUS-3011000","paidAfterSum":0}
[2026-05-14T04:03:57.590Z] [info] [BillPanelTrace] calculateCustomerTotal:pastDueLedger_vs_panelLine {"customerId":"CUS-3011000","customerName":"SUSAN YOUNG","accountNumber":"CUS-3011000","pastDueLedger":0,"pastDueForOwed":361.98,"stmtUnpaid":545.47,"currentDue":0,"combined":361.98,"rolled":361.98,"total":361.98,"dedupStmtVsNet":false}
[2026-05-14T04:03:57.590Z] [info] [BillPanelTrace] getCurrentCycleDueWithPaymentConsistency:latePaid_bucket_vs_ledger {"customerId":"CUS-3011000","customerName":"SUSAN YOUNG","accountNumber":"CUS-3011000","bucketLatePaid":10,"ledgerLatePaidAfterBill":0,"lateFeeAmount":0}
[2026-05-14T04:03:57.590Z] [info] [BillPanelTrace] getProcessBillPanelAmounts:result_frozen_panel {"customerId":"CUS-3011000","customerName":"SUSAN YOUNG","accountNumber":"CUS-3011000","total":545.47,"pastDue":361.98,"lateFee":5,"dueDateStr":"03/21/2026","fromFrozen":true}
[2026-05-14T04:03:57.590Z] [info] [BillPanelTrace] getCurrentCycleDueWithPaymentConsistency:latePaid_bucket_vs_ledger {"customerId":"CUS-3011000","customerName":"SUSAN YOUNG","accountNumber":"CUS-3011000","bucketLatePaid":10,"ledgerLatePaidAfterBill":0,"lateFeeAmount":0}
[2026-05-14T04:03:57.590Z] [info] [BillPanelTrace] getCurrentCycleDueWithPaymentConsistency:latePaid_bucket_vs_ledger {"customerId":"CUS-3011000","customerName":"SUSAN YOUNG","accountNumber":"CUS-3011000","bucketLatePaid":10,"ledgerLatePaidAfterBill":0,"lateFeeAmount":0}
[2026-05-14T04:03:57.590Z] [info] [BillPanelTrace] getSumPaymentAmountsAfterLastBillPrint:start {"customerId":"CUS-3011000","customerName":"SUSAN YOUNG","accountNumber":"CUS-3011000","paymentHistoryLength":1,"lastBillPrintDate":"2026-03-01T08:00:00.000Z","lastBillPrintLedgerOrder":6,"latestBillingChargeSortMs":1772352000000,"latestBillingChargeLedgerOrder":6}
[2026-05-14T04:03:57.590Z] [info] [BillPanelTrace] getSum:skip_payment {"customerId":"CUS-3011000","customerName":"SUSAN YOUNG","accountNumber":"CUS-3011000","index":0,"reason":"testFreshStart"}
[2026-05-14T04:03:57.590Z] [info] [BillPanelTrace] getSumPaymentAmountsAfterLastBillPrint:result {"customerId":"CUS-3011000","customerName":"SUSAN YOUNG","accountNumber":"CUS-3011000","paidAfterSum":0}
[2026-05-14T04:03:57.590Z] [info] [BillPanelTrace] calculateCustomerTotal:pastDueLedger_vs_panelLine {"customerId":"CUS-3011000","customerName":"SUSAN YOUNG","accountNumber":"CUS-3011000","pastDueLedger":0,"pastDueForOwed":361.98,"stmtUnpaid":545.47,"currentDue":0,"combined":361.98,"rolled":361.98,"total":361.98,"dedupStmtVsNet":false}
[2026-05-14T04:03:57.590Z] [info] [BillPanelTrace] getCurrentCycleDueWithPaymentConsistency:latePaid_bucket_vs_ledger {"customerId":"CUS-3011000","customerName":"SUSAN YOUNG","accountNumber":"CUS-3011000","bucketLatePaid":10,"ledgerLatePaidAfterBill":0,"lateFeeAmount":0}
[2026-05-14T04:03:57.591Z] [info] [BillPanelTrace] getProcessBillPanelAmounts:branch_check {"customerId":"CUS-3011000","customerName":"SUSAN YOUNG","accountNumber":"CUS-3011000","hasFrozenSnapshot":false,"lastBillPrintDate":"2026-03-01T08:00:00.000Z","lastPrintedStatementTotalDue":545.47}
[2026-05-14T04:03:57.591Z] [info] [BillPanelTrace] getSumPaymentAmountsAfterLastBillPrint:start {"customerId":"CUS-3011000","customerName":"SUSAN YOUNG","accountNumber":"CUS-3011000","paymentHistoryLength":2,"lastBillPrintDate":"2026-03-01T08:00:00.000Z","lastBillPrintLedgerOrder":6,"latestBillingChargeSortMs":1772352000000,"latestBillingChargeLedgerOrder":6}
[2026-05-14T04:03:57.591Z] [info] [BillPanelTrace] getSum:skip_payment {"customerId":"CUS-3011000","customerName":"SUSAN YOUNG","accountNumber":"CUS-3011000","index":0,"reason":"testFreshStart"}
[2026-05-14T04:03:57.591Z] [info] [BillPanelTrace] getSum:payment_eval {"customerId":"CUS-3011000","customerName":"SUSAN YOUNG","accountNumber":"CUS-3011000","index":1,"paymentMethod":"Security deposit (auto)","amountPaid":550.47,"ledgerOrder":7,"timestamp":"2026-04-01T07:00:00.000Z","countsTowardStatement":true,"tieBreak":"after_latest_billing_charge_row","mode":"billingChargeRow","paymentSortMs":1775026800000,"billAnchorMs":1772352000000,"payLo":7,"billAnchorLo":6,"tsDeltaMs":2674800000}
[2026-05-14T04:03:57.591Z] [info] [BillPanelTrace] getSumPaymentAmountsAfterLastBillPrint:result {"customerId":"CUS-3011000","customerName":"SUSAN YOUNG","accountNumber":"CUS-3011000","paidAfterSum":550.47}
[2026-05-14T04:03:57.591Z] [info] [BillPanelTrace] getSumPaymentAmountsAfterLastBillPrint:start {"customerId":"CUS-3011000","customerName":"SUSAN YOUNG","accountNumber":"CUS-3011000","paymentHistoryLength":2,"lastBillPrintDate":"2026-03-01T08:00:00.000Z","lastBillPrintLedgerOrder":6,"latestBillingChargeSortMs":1772352000000,"latestBillingChargeLedgerOrder":6}
[2026-05-14T04:03:57.591Z] [info] [BillPanelTrace] getSum:skip_payment {"customerId":"CUS-3011000","customerName":"SUSAN YOUNG","accountNumber":"CUS-3011000","index":0,"reason":"testFreshStart"}
[2026-05-14T04:03:57.591Z] [info] [BillPanelTrace] getSum:payment_eval {"customerId":"CUS-3011000","customerName":"SUSAN YOUNG","accountNumber":"CUS-3011000","index":1,"paymentMethod":"Security deposit (auto)","amountPaid":550.47,"ledgerOrder":7,"timestamp":"2026-04-01T07:00:00.000Z","countsTowardStatement":true,"tieBreak":"after_latest_billing_charge_row","mode":"billingChargeRow","paymentSortMs":1775026800000,"billAnchorMs":1772352000000,"payLo":7,"billAnchorLo":6,"tsDeltaMs":2674800000}
[2026-05-14T04:03:57.591Z] [info] [BillPanelTrace] getSumPaymentAmountsAfterLastBillPrint:result {"customerId":"CUS-3011000","customerName":"SUSAN YOUNG","accountNumber":"CUS-3011000","paidAfterSum":550.47}
[2026-05-14T04:03:57.591Z] [info] [BillPanelTrace] getSumPaymentAmountsAfterLastBillPrint:start {"customerId":"CUS-3011000","customerName":"SUSAN YOUNG","accountNumber":"CUS-3011000","paymentHistoryLength":2,"lastBillPrintDate":"2026-03-01T08:00:00.000Z","lastBillPrintLedgerOrder":6,"latestBillingChargeSortMs":1772352000000,"latestBillingChargeLedgerOrder":6}
[2026-05-14T04:03:57.591Z] [info] [BillPanelTrace] getSum:skip_payment {"customerId":"CUS-3011000","customerName":"SUSAN YOUNG","accountNumber":"CUS-3011000","index":0,"reason":"testFreshStart"}
[2026-05-14T04:03:57.591Z] [info] [BillPanelTrace] getSum:payment_eval {"customerId":"CUS-3011000","customerName":"SUSAN YOUNG","accountNumber":"CUS-3011000","index":1,"paymentMethod":"Security deposit (auto)","amountPaid":550.47,"ledgerOrder":7,"timestamp":"2026-04-01T07:00:00.000Z","countsTowardStatement":true,"tieBreak":"after_latest_billing_charge_row","mode":"billingChargeRow","paymentSortMs":1775026800000,"billAnchorMs":1772352000000,"payLo":7,"billAnchorLo":6,"tsDeltaMs":2674800000}
[2026-05-14T04:03:57.591Z] [info] [BillPanelTrace] getSumPaymentAmountsAfterLastBillPrint:result {"customerId":"CUS-3011000","customerName":"SUSAN YOUNG","accountNumber":"CUS-3011000","paidAfterSum":550.47}
[2026-05-14T04:03:57.591Z] [info] [BillPanelTrace] getProcessBillPanelAmounts:result_live {"customerId":"CUS-3011000","customerName":"SUSAN YOUNG","accountNumber":"CUS-3011000","total":0,"pastDue":0,"lateFee":0,"dueDateStr":"03/21/2026","fromFrozen":false}
[2026-05-14T04:03:57.592Z] [info] [BillPanelTrace] getProcessBillPanelAmounts:branch_check {"customerId":"CUS-3011000","customerName":"SUSAN YOUNG","accountNumber":"CUS-3011000","hasFrozenSnapshot":false,"lastBillPrintDate":"2026-03-01T08:00:00.000Z","lastPrintedStatementTotalDue":545.47}
[2026-05-14T04:03:57.592Z] [info] [BillPanelTrace] getSumPaymentAmountsAfterLastBillPrint:start {"customerId":"CUS-3011000","customerName":"SUSAN YOUNG","accountNumber":"CUS-3011000","paymentHistoryLength":2,"lastBillPrintDate":"2026-03-01T08:00:00.000Z","lastBillPrintLedgerOrder":6,"latestBillingChargeSortMs":1772352000000,"latestBillingChargeLedgerOrder":6}
[2026-05-14T04:03:57.592Z] [info] [BillPanelTrace] getSum:skip_payment {"customerId":"CUS-3011000","customerName":"SUSAN YOUNG","accountNumber":"CUS-3011000","index":0,"reason":"testFreshStart"}
[2026-05-14T04:03:57.592Z] [info] [BillPanelTrace] getSum:payment_eval {"customerId":"CUS-3011000","customerName":"SUSAN YOUNG","accountNumber":"CUS-3011000","index":1,"paymentMethod":"Security deposit (auto)","amountPaid":550.47,"ledgerOrder":7,"timestamp":"2026-04-01T07:00:00.000Z","countsTowardStatement":true,"tieBreak":"after_latest_billing_charge_row","mode":"billingChargeRow","paymentSortMs":1775026800000,"billAnchorMs":1772352000000,"payLo":7,"billAnchorLo":6,"tsDeltaMs":2674800000}
[2026-05-14T04:03:57.592Z] [info] [BillPanelTrace] getSumPaymentAmountsAfterLastBillPrint:result {"customerId":"CUS-3011000","customerName":"SUSAN YOUNG","accountNumber":"CUS-3011000","paidAfterSum":550.47}
[2026-05-14T04:03:57.592Z] [info] [BillPanelTrace] getSumPaymentAmountsAfterLastBillPrint:start {"customerId":"CUS-3011000","customerName":"SUSAN YOUNG","accountNumber":"CUS-3011000","paymentHistoryLength":2,"lastBillPrintDate":"2026-03-01T08:00:00.000Z","lastBillPrintLedgerOrder":6,"latestBillingChargeSortMs":1772352000000,"latestBillingChargeLedgerOrder":6}
[2026-05-14T04:03:57.592Z] [info] [BillPanelTrace] getSum:skip_payment {"customerId":"CUS-3011000","customerName":"SUSAN YOUNG","accountNumber":"CUS-3011000","index":0,"reason":"testFreshStart"}
[2026-05-14T04:03:57.592Z] [info] [BillPanelTrace] getSum:payment_eval {"customerId":"CUS-3011000","customerName":"SUSAN YOUNG","accountNumber":"CUS-3011000","index":1,"paymentMethod":"Security deposit (auto)","amountPaid":550.47,"ledgerOrder":7,"timestamp":"2026-04-01T07:00:00.000Z","countsTowardStatement":true,"tieBreak":"after_latest_billing_charge_row","mode":"billingChargeRow","paymentSortMs":1775026800000,"billAnchorMs":1772352000000,"payLo":7,"billAnchorLo":6,"tsDeltaMs":2674800000}
[2026-05-14T04:03:57.592Z] [info] [BillPanelTrace] getSumPaymentAmountsAfterLastBillPrint:result {"customerId":"CUS-3011000","customerName":"SUSAN YOUNG","accountNumber":"CUS-3011000","paidAfterSum":550.47}
[2026-05-14T04:03:57.592Z] [info] [BillPanelTrace] getSumPaymentAmountsAfterLastBillPrint:start {"customerId":"CUS-3011000","customerName":"SUSAN YOUNG","accountNumber":"CUS-3011000","paymentHistoryLength":2,"lastBillPrintDate":"2026-03-01T08:00:00.000Z","lastBillPrintLedgerOrder":6,"latestBillingChargeSortMs":1772352000000,"latestBillingChargeLedgerOrder":6}
[2026-05-14T04:03:57.592Z] [info] [BillPanelTrace] getSum:skip_payment {"customerId":"CUS-3011000","customerName":"SUSAN YOUNG","accountNumber":"CUS-3011000","index":0,"reason":"testFreshStart"}
[2026-05-14T04:03:57.592Z] [info] [BillPanelTrace] getSum:payment_eval {"customerId":"CUS-3011000","customerName":"SUSAN YOUNG","accountNumber":"CUS-3011000","index":1,"paymentMethod":"Security deposit (auto)","amountPaid":550.47,"ledgerOrder":7,"timestamp":"2026-04-01T07:00:00.000Z","countsTowardStatement":true,"tieBreak":"after_latest_billing_charge_row","mode":"billingChargeRow","paymentSortMs":1775026800000,"billAnchorMs":1772352000000,"payLo":7,"billAnchorLo":6,"tsDeltaMs":2674800000}
[2026-05-14T04:03:57.592Z] [info] [BillPanelTrace] getSumPaymentAmountsAfterLastBillPrint:result {"customerId":"CUS-3011000","customerName":"SUSAN YOUNG","accountNumber":"CUS-3011000","paidAfterSum":550.47}
[2026-05-14T04:03:57.592Z] [info] [BillPanelTrace] getProcessBillPanelAmounts:result_live {"customerId":"CUS-3011000","customerName":"SUSAN YOUNG","accountNumber":"CUS-3011000","total":0,"pastDue":0,"lateFee":0,"dueDateStr":"03/21/2026","fromFrozen":false}
[2026-05-14T04:03:57.592Z] [info] [BillPanelTrace] getProcessBillPanelAmounts:branch_check {"customerId":"CUS-3011000","customerName":"SUSAN YOUNG","accountNumber":"CUS-3011000","hasFrozenSnapshot":false,"lastBillPrintDate":"2026-03-01T08:00:00.000Z","lastPrintedStatementTotalDue":545.47}
[2026-05-14T04:03:57.592Z] [info] [BillPanelTrace] getSumPaymentAmountsAfterLastBillPrint:start {"customerId":"CUS-3011000","customerName":"SUSAN YOUNG","accountNumber":"CUS-3011000","paymentHistoryLength":2,"lastBillPrintDate":"2026-03-01T08:00:00.000Z","lastBillPrintLedgerOrder":6,"latestBillingChargeSortMs":1772352000000,"latestBillingChargeLedgerOrder":6}
[2026-05-14T04:03:57.592Z] [info] [BillPanelTrace] getSum:skip_payment {"customerId":"CUS-3011000","customerName":"SUSAN YOUNG","accountNumber":"CUS-3011000","index":0,"reason":"testFreshStart"}
[2026-05-14T04:03:57.592Z] [info] [BillPanelTrace] getSum:payment_eval {"customerId":"CUS-3011000","customerName":"SUSAN YOUNG","accountNumber":"CUS-3011000","index":1,"paymentMethod":"Security deposit (auto)","amountPaid":550.47,"ledgerOrder":7,"timestamp":"2026-04-01T07:00:00.000Z","countsTowardStatement":true,"tieBreak":"after_latest_billing_charge_row","mode":"billingChargeRow","paymentSortMs":1775026800000,"billAnchorMs":1772352000000,"payLo":7,"billAnchorLo":6,"tsDeltaMs":2674800000}
[2026-05-14T04:03:57.592Z] [info] [BillPanelTrace] getSumPaymentAmountsAfterLastBillPrint:result {"customerId":"CUS-3011000","customerName":"SUSAN YOUNG","accountNumber":"CUS-3011000","paidAfterSum":550.47}
[2026-05-14T04:03:57.592Z] [info] [BillPanelTrace] getSumPaymentAmountsAfterLastBillPrint:start {"customerId":"CUS-3011000","customerName":"SUSAN YOUNG","accountNumber":"CUS-3011000","paymentHistoryLength":2,"lastBillPrintDate":"2026-03-01T08:00:00.000Z","lastBillPrintLedgerOrder":6,"latestBillingChargeSortMs":1772352000000,"latestBillingChargeLedgerOrder":6}
[2026-05-14T04:03:57.592Z] [info] [BillPanelTrace] getSum:skip_payment {"customerId":"CUS-3011000","customerName":"SUSAN YOUNG","accountNumber":"CUS-3011000","index":0,"reason":"testFreshStart"}
[2026-05-14T04:03:57.592Z] [info] [BillPanelTrace] getSum:payment_eval {"customerId":"CUS-3011000","customerName":"SUSAN YOUNG","accountNumber":"CUS-3011000","index":1,"paymentMethod":"Security deposit (auto)","amountPaid":550.47,"ledgerOrder":7,"timestamp":"2026-04-01T07:00:00.000Z","countsTowardStatement":true,"tieBreak":"after_latest_billing_charge_row","mode":"billingChargeRow","paymentSortMs":1775026800000,"billAnchorMs":1772352000000,"payLo":7,"billAnchorLo":6,"tsDeltaMs":2674800000}
[2026-05-14T04:03:57.592Z] [info] [BillPanelTrace] getSumPaymentAmountsAfterLastBillPrint:result {"customerId":"CUS-3011000","customerName":"SUSAN YOUNG","accountNumber":"CUS-3011000","paidAfterSum":550.47}
[2026-05-14T04:03:57.592Z] [info] [BillPanelTrace] getSumPaymentAmountsAfterLastBillPrint:start {"customerId":"CUS-3011000","customerName":"SUSAN YOUNG","accountNumber":"CUS-3011000","paymentHistoryLength":2,"lastBillPrintDate":"2026-03-01T08:00:00.000Z","lastBillPrintLedgerOrder":6,"latestBillingChargeSortMs":1772352000000,"latestBillingChargeLedgerOrder":6}
[2026-05-14T04:03:57.592Z] [info] [BillPanelTrace] getSum:skip_payment {"customerId":"CUS-3011000","customerName":"SUSAN YOUNG","accountNumber":"CUS-3011000","index":0,"reason":"testFreshStart"}
[2026-05-14T04:03:57.592Z] [info] [BillPanelTrace] getSum:payment_eval {"customerId":"CUS-3011000","customerName":"SUSAN YOUNG","accountNumber":"CUS-3011000","index":1,"paymentMethod":"Security deposit (auto)","amountPaid":550.47,"ledgerOrder":7,"timestamp":"2026-04-01T07:00:00.000Z","countsTowardStatement":true,"tieBreak":"after_latest_billing_charge_row","mode":"billingChargeRow","paymentSortMs":1775026800000,"billAnchorMs":1772352000000,"payLo":7,"billAnchorLo":6,"tsDeltaMs":2674800000}
[2026-05-14T04:03:57.592Z] [info] [BillPanelTrace] getSumPaymentAmountsAfterLastBillPrint:result {"customerId":"CUS-3011000","customerName":"SUSAN YOUNG","accountNumber":"CUS-3011000","paidAfterSum":550.47}
[2026-05-14T04:03:57.592Z] [info] [BillPanelTrace] getProcessBillPanelAmounts:result_live {"customerId":"CUS-3011000","customerName":"SUSAN YOUNG","accountNumber":"CUS-3011000","total":0,"pastDue":0,"lateFee":0,"dueDateStr":"03/21/2026","fromFrozen":false}
[2026-05-14T04:03:57.592Z] [info] [BillPanelTrace] getSumPaymentAmountsAfterLastBillPrint:start {"customerId":"CUS-3011000","customerName":"SUSAN YOUNG","accountNumber":"CUS-3011000","paymentHistoryLength":2,"lastBillPrintDate":"2026-03-01T08:00:00.000Z","lastBillPrintLedgerOrder":6,"latestBillingChargeSortMs":1772352000000,"latestBillingChargeLedgerOrder":6}
[2026-05-14T04:03:57.592Z] [info] [BillPanelTrace] getSum:skip_payment {"customerId":"CUS-3011000","customerName":"SUSAN YOUNG","accountNumber":"CUS-3011000","index":0,"reason":"testFreshStart"}
[2026-05-14T04:03:57.592Z] [info] [BillPanelTrace] getSum:payment_eval {"customerId":"CUS-3011000","customerName":"SUSAN YOUNG","accountNumber":"CUS-3011000","index":1,"paymentMethod":"Security deposit (auto)","amountPaid":550.47,"ledgerOrder":7,"timestamp":"2026-04-01T07:00:00.000Z","countsTowardStatement":true,"tieBreak":"after_latest_billing_charge_row","mode":"billingChargeRow","paymentSortMs":1775026800000,"billAnchorMs":1772352000000,"payLo":7,"billAnchorLo":6,"tsDeltaMs":2674800000}
[2026-05-14T04:03:57.593Z] [info] [BillPanelTrace] getSumPaymentAmountsAfterLastBillPrint:result {"customerId":"CUS-3011000","customerName":"SUSAN YOUNG","accountNumber":"CUS-3011000","paidAfterSum":550.47}
[2026-05-14T04:03:57.593Z] [info] [BillPanelTrace] getSumPaymentAmountsAfterLastBillPrint:start {"customerId":"CUS-3011000","customerName":"SUSAN YOUNG","accountNumber":"CUS-3011000","paymentHistoryLength":2,"lastBillPrintDate":"2026-03-01T08:00:00.000Z","lastBillPrintLedgerOrder":6,"latestBillingChargeSortMs":1772352000000,"latestBillingChargeLedgerOrder":6}
[2026-05-14T04:03:57.593Z] [info] [BillPanelTrace] getSum:skip_payment {"customerId":"CUS-3011000","customerName":"SUSAN YOUNG","accountNumber":"CUS-3011000","index":0,"reason":"testFreshStart"}
[2026-05-14T04:03:57.593Z] [info] [BillPanelTrace] getSum:payment_eval {"customerId":"CUS-3011000","customerName":"SUSAN YOUNG","accountNumber":"CUS-3011000","index":1,"paymentMethod":"Security deposit (auto)","amountPaid":550.47,"ledgerOrder":7,"timestamp":"2026-04-01T07:00:00.000Z","countsTowardStatement":true,"tieBreak":"after_latest_billing_charge_row","mode":"billingChargeRow","paymentSortMs":1775026800000,"billAnchorMs":1772352000000,"payLo":7,"billAnchorLo":6,"tsDeltaMs":2674800000}
[2026-05-14T04:03:57.593Z] [info] [BillPanelTrace] getSumPaymentAmountsAfterLastBillPrint:result {"customerId":"CUS-3011000","customerName":"SUSAN YOUNG","accountNumber":"CUS-3011000","paidAfterSum":550.47}
[2026-05-14T04:03:57.593Z] [info] [BillPanelTrace] getProcessBillPanelAmounts:branch_check {"customerId":"CUS-3011000","customerName":"SUSAN YOUNG","accountNumber":"CUS-3011000","hasFrozenSnapshot":false,"lastBillPrintDate":"2026-03-01T08:00:00.000Z","lastPrintedStatementTotalDue":545.47}
[2026-05-14T04:03:57.593Z] [info] [BillPanelTrace] getSumPaymentAmountsAfterLastBillPrint:start {"customerId":"CUS-3011000","customerName":"SUSAN YOUNG","accountNumber":"CUS-3011000","paymentHistoryLength":2,"lastBillPrintDate":"2026-03-01T08:00:00.000Z","lastBillPrintLedgerOrder":6,"latestBillingChargeSortMs":1772352000000,"latestBillingChargeLedgerOrder":6}
[2026-05-14T04:03:57.593Z] [info] [BillPanelTrace] getSum:skip_payment {"customerId":"CUS-3011000","customerName":"SUSAN YOUNG","accountNumber":"CUS-3011000","index":0,"reason":"testFreshStart"}
[2026-05-14T04:03:57.593Z] [info] [BillPanelTrace] getSum:payment_eval {"customerId":"CUS-3011000","customerName":"SUSAN YOUNG","accountNumber":"CUS-3011000","index":1,"paymentMethod":"Security deposit (auto)","amountPaid":550.47,"ledgerOrder":7,"timestamp":"2026-04-01T07:00:00.000Z","countsTowardStatement":true,"tieBreak":"after_latest_billing_charge_row","mode":"billingChargeRow","paymentSortMs":1775026800000,"billAnchorMs":1772352000000,"payLo":7,"billAnchorLo":6,"tsDeltaMs":2674800000}
[2026-05-14T04:03:57.593Z] [info] [BillPanelTrace] getSumPaymentAmountsAfterLastBillPrint:result {"customerId":"CUS-3011000","customerName":"SUSAN YOUNG","accountNumber":"CUS-3011000","paidAfterSum":550.47}
[2026-05-14T04:03:57.593Z] [info] [BillPanelTrace] getSumPaymentAmountsAfterLastBillPrint:start {"customerId":"CUS-3011000","customerName":"SUSAN YOUNG","accountNumber":"CUS-3011000","paymentHistoryLength":2,"lastBillPrintDate":"2026-03-01T08:00:00.000Z","lastBillPrintLedgerOrder":6,"latestBillingChargeSortMs":1772352000000,"latestBillingChargeLedgerOrder":6}
[2026-05-14T04:03:57.593Z] [info] [BillPanelTrace] getSum:skip_payment {"customerId":"CUS-3011000","customerName":"SUSAN YOUNG","accountNumber":"CUS-3011000","index":0,"reason":"testFreshStart"}
[2026-05-14T04:03:57.593Z] [info] [BillPanelTrace] getSum:payment_eval {"customerId":"CUS-3011000","customerName":"SUSAN YOUNG","accountNumber":"CUS-3011000","index":1,"paymentMethod":"Security deposit (auto)","amountPaid":550.47,"ledgerOrder":7,"timestamp":"2026-04-01T07:00:00.000Z","countsTowardStatement":true,"tieBreak":"after_latest_billing_charge_row","mode":"billingChargeRow","paymentSortMs":1775026800000,"billAnchorMs":1772352000000,"payLo":7,"billAnchorLo":6,"tsDeltaMs":2674800000}
[2026-05-14T04:03:57.593Z] [info] [BillPanelTrace] getSumPaymentAmountsAfterLastBillPrint:result {"customerId":"CUS-3011000","customerName":"SUSAN YOUNG","accountNumber":"CUS-3011000","paidAfterSum":550.47}
[2026-05-14T04:03:57.593Z] [info] [BillPanelTrace] getSumPaymentAmountsAfterLastBillPrint:start {"customerId":"CUS-3011000","customerName":"SUSAN YOUNG","accountNumber":"CUS-3011000","paymentHistoryLength":2,"lastBillPrintDate":"2026-03-01T08:00:00.000Z","lastBillPrintLedgerOrder":6,"latestBillingChargeSortMs":1772352000000,"latestBillingChargeLedgerOrder":6}
[2026-05-14T04:03:57.593Z] [info] [BillPanelTrace] getSum:skip_payment {"customerId":"CUS-3011000","customerName":"SUSAN YOUNG","accountNumber":"CUS-3011000","index":0,"reason":"testFreshStart"}
[2026-05-14T04:03:57.593Z] [info] [BillPanelTrace] getSum:payment_eval {"customerId":"CUS-3011000","customerName":"SUSAN YOUNG","accountNumber":"CUS-3011000","index":1,"paymentMethod":"Security deposit (auto)","amountPaid":550.47,"ledgerOrder":7,"timestamp":"2026-04-01T07:00:00.000Z","countsTowardStatement":true,"tieBreak":"after_latest_billing_charge_row","mode":"billingChargeRow","paymentSortMs":1775026800000,"billAnchorMs":1772352000000,"payLo":7,"billAnchorLo":6,"tsDeltaMs":2674800000}
[2026-05-14T04:03:57.593Z] [info] [BillPanelTrace] getSumPaymentAmountsAfterLastBillPrint:result {"customerId":"CUS-3011000","customerName":"SUSAN YOUNG","accountNumber":"CUS-3011000","paidAfterSum":550.47}
[2026-05-14T04:03:57.593Z] [info] [BillPanelTrace] getProcessBillPanelAmounts:result_live {"customerId":"CUS-3011000","customerName":"SUSAN YOUNG","accountNumber":"CUS-3011000","total":0,"pastDue":0,"lateFee":0,"dueDateStr":"03/21/2026","fromFrozen":false}
[2026-05-14T04:03:57.593Z] [info] [BillPanelTrace] getSumPaymentAmountsAfterLastBillPrint:start {"customerId":"CUS-3011000","customerName":"SUSAN YOUNG","accountNumber":"CUS-3011000","paymentHistoryLength":2,"lastBillPrintDate":"2026-03-01T08:00:00.000Z","lastBillPrintLedgerOrder":6,"latestBillingChargeSortMs":1772352000000,"latestBillingChargeLedgerOrder":6}
[2026-05-14T04:03:57.593Z] [info] [BillPanelTrace] getSum:skip_payment {"customerId":"CUS-3011000","customerName":"SUSAN YOUNG","accountNumber":"CUS-3011000","index":0,"reason":"testFreshStart"}
[2026-05-14T04:03:57.593Z] [info] [BillPanelTrace] getSum:payment_eval {"customerId":"CUS-3011000","customerName":"SUSAN YOUNG","accountNumber":"CUS-3011000","index":1,"paymentMethod":"Security deposit (auto)","amountPaid":550.47,"ledgerOrder":7,"timestamp":"2026-04-01T07:00:00.000Z","countsTowardStatement":true,"tieBreak":"after_latest_billing_charge_row","mode":"billingChargeRow","paymentSortMs":1775026800000,"billAnchorMs":1772352000000,"payLo":7,"billAnchorLo":6,"tsDeltaMs":2674800000}
[2026-05-14T04:03:57.593Z] [info] [BillPanelTrace] getSumPaymentAmountsAfterLastBillPrint:result {"customerId":"CUS-3011000","customerName":"SUSAN YOUNG","accountNumber":"CUS-3011000","paidAfterSum":550.47}
[2026-05-14T04:03:57.705Z] [info] [BillPanelTrace] getProcessBillPanelAmounts:branch_check {"customerId":"CUS-3011000","customerName":"SUSAN YOUNG","accountNumber":"CUS-3011000","hasFrozenSnapshot":false,"lastBillPrintDate":"2026-03-01T08:00:00.000Z","lastPrintedStatementTotalDue":545.47}
[2026-05-14T04:03:57.705Z] [info] [BillPanelTrace] getProcessBillPanelAmounts:branch_check {"customerId":"CUS-3011000","customerName":"SUSAN YOUNG","accountNumber":"CUS-3011000","hasFrozenSnapshot":false,"lastBillPrintDate":"2026-03-01T08:00:00.000Z","lastPrintedStatementTotalDue":545.47}
[2026-05-14T04:03:57.705Z] [info] [BillPanelTrace] getSumPaymentAmountsAfterLastBillPrint:start {"customerId":"CUS-3011000","customerName":"SUSAN YOUNG","accountNumber":"CUS-3011000","paymentHistoryLength":2,"lastBillPrintDate":"2026-03-01T08:00:00.000Z","lastBillPrintLedgerOrder":6,"latestBillingChargeSortMs":1772352000000,"latestBillingChargeLedgerOrder":6}
[2026-05-14T04:03:57.705Z] [info] [BillPanelTrace] getSum:skip_payment {"customerId":"CUS-3011000","customerName":"SUSAN YOUNG","accountNumber":"CUS-3011000","index":0,"reason":"testFreshStart"}
[2026-05-14T04:03:57.705Z] [info] [BillPanelTrace] getSum:payment_eval {"customerId":"CUS-3011000","customerName":"SUSAN YOUNG","accountNumber":"CUS-3011000","index":1,"paymentMethod":"Security deposit (auto)","amountPaid":550.47,"ledgerOrder":7,"timestamp":"2026-04-01T07:00:00.000Z","countsTowardStatement":true,"tieBreak":"after_latest_billing_charge_row","mode":"billingChargeRow","paymentSortMs":1775026800000,"billAnchorMs":1772352000000,"payLo":7,"billAnchorLo":6,"tsDeltaMs":2674800000}
[2026-05-14T04:03:57.705Z] [info] [BillPanelTrace] getSumPaymentAmountsAfterLastBillPrint:result {"customerId":"CUS-3011000","customerName":"SUSAN YOUNG","accountNumber":"CUS-3011000","paidAfterSum":550.47}
[2026-05-14T04:03:57.705Z] [info] [BillPanelTrace] getSumPaymentAmountsAfterLastBillPrint:start {"customerId":"CUS-3011000","customerName":"SUSAN YOUNG","accountNumber":"CUS-3011000","paymentHistoryLength":2,"lastBillPrintDate":"2026-03-01T08:00:00.000Z","lastBillPrintLedgerOrder":6,"latestBillingChargeSortMs":1772352000000,"latestBillingChargeLedgerOrder":6}
[2026-05-14T04:03:57.705Z] [info] [BillPanelTrace] getSum:skip_payment {"customerId":"CUS-3011000","customerName":"SUSAN YOUNG","accountNumber":"CUS-3011000","index":0,"reason":"testFreshStart"}
[2026-05-14T04:03:57.705Z] [info] [BillPanelTrace] getSum:payment_eval {"customerId":"CUS-3011000","customerName":"SUSAN YOUNG","accountNumber":"CUS-3011000","index":1,"paymentMethod":"Security deposit (auto)","amountPaid":550.47,"ledgerOrder":7,"timestamp":"2026-04-01T07:00:00.000Z","countsTowardStatement":true,"tieBreak":"after_latest_billing_charge_row","mode":"billingChargeRow","paymentSortMs":1775026800000,"billAnchorMs":1772352000000,"payLo":7,"billAnchorLo":6,"tsDeltaMs":2674800000}
[2026-05-14T04:03:57.705Z] [info] [BillPanelTrace] getSumPaymentAmountsAfterLastBillPrint:result {"customerId":"CUS-3011000","customerName":"SUSAN YOUNG","accountNumber":"CUS-3011000","paidAfterSum":550.47}
[2026-05-14T04:03:57.705Z] [info] [BillPanelTrace] getSumPaymentAmountsAfterLastBillPrint:start {"customerId":"CUS-3011000","customerName":"SUSAN YOUNG","accountNumber":"CUS-3011000","paymentHistoryLength":2,"lastBillPrintDate":"2026-03-01T08:00:00.000Z","lastBillPrintLedgerOrder":6,"latestBillingChargeSortMs":1772352000000,"latestBillingChargeLedgerOrder":6}
[2026-05-14T04:03:57.705Z] [info] [BillPanelTrace] getSum:skip_payment {"customerId":"CUS-3011000","customerName":"SUSAN YOUNG","accountNumber":"CUS-3011000","index":0,"reason":"testFreshStart"}
[2026-05-14T04:03:57.706Z] [info] [BillPanelTrace] getSum:payment_eval {"customerId":"CUS-3011000","customerName":"SUSAN YOUNG","accountNumber":"CUS-3011000","index":1,"paymentMethod":"Security deposit (auto)","amountPaid":550.47,"ledgerOrder":7,"timestamp":"2026-04-01T07:00:00.000Z","countsTowardStatement":true,"tieBreak":"after_latest_billing_charge_row","mode":"billingChargeRow","paymentSortMs":1775026800000,"billAnchorMs":1772352000000,"payLo":7,"billAnchorLo":6,"tsDeltaMs":2674800000}
[2026-05-14T04:03:57.706Z] [info] [BillPanelTrace] getSumPaymentAmountsAfterLastBillPrint:result {"customerId":"CUS-3011000","customerName":"SUSAN YOUNG","accountNumber":"CUS-3011000","paidAfterSum":550.47}
[2026-05-14T04:03:57.706Z] [info] [BillPanelTrace] getProcessBillPanelAmounts:result_live {"customerId":"CUS-3011000","customerName":"SUSAN YOUNG","accountNumber":"CUS-3011000","total":0,"pastDue":0,"lateFee":0,"dueDateStr":"03/21/2026","fromFrozen":false}
[2026-05-14T04:03:57.706Z] [info] [BillPanelTrace] getProcessBillPanelAmounts:branch_check {"customerId":"CUS-3011000","customerName":"SUSAN YOUNG","accountNumber":"CUS-3011000","hasFrozenSnapshot":false,"lastBillPrintDate":"2026-03-01T08:00:00.000Z","lastPrintedStatementTotalDue":545.47}
[2026-05-14T04:03:57.706Z] [info] [BillPanelTrace] getSumPaymentAmountsAfterLastBillPrint:start {"customerId":"CUS-3011000","customerName":"SUSAN YOUNG","accountNumber":"CUS-3011000","paymentHistoryLength":2,"lastBillPrintDate":"2026-03-01T08:00:00.000Z","lastBillPrintLedgerOrder":6,"latestBillingChargeSortMs":1772352000000,"latestBillingChargeLedgerOrder":6}
[2026-05-14T04:03:57.706Z] [info] [BillPanelTrace] getSum:skip_payment {"customerId":"CUS-3011000","customerName":"SUSAN YOUNG","accountNumber":"CUS-3011000","index":0,"reason":"testFreshStart"}
[2026-05-14T04:03:57.706Z] [info] [BillPanelTrace] getSum:payment_eval {"customerId":"CUS-3011000","customerName":"SUSAN YOUNG","accountNumber":"CUS-3011000","index":1,"paymentMethod":"Security deposit (auto)","amountPaid":550.47,"ledgerOrder":7,"timestamp":"2026-04-01T07:00:00.000Z","countsTowardStatement":true,"tieBreak":"after_latest_billing_charge_row","mode":"billingChargeRow","paymentSortMs":1775026800000,"billAnchorMs":1772352000000,"payLo":7,"billAnchorLo":6,"tsDeltaMs":2674800000}
[2026-05-14T04:03:57.706Z] [info] [BillPanelTrace] getSumPaymentAmountsAfterLastBillPrint:result {"customerId":"CUS-3011000","customerName":"SUSAN YOUNG","accountNumber":"CUS-3011000","paidAfterSum":550.47}
[2026-05-14T04:03:57.706Z] [info] [BillPanelTrace] getSumPaymentAmountsAfterLastBillPrint:start {"customerId":"CUS-3011000","customerName":"SUSAN YOUNG","accountNumber":"CUS-3011000","paymentHistoryLength":2,"lastBillPrintDate":"2026-03-01T08:00:00.000Z","lastBillPrintLedgerOrder":6,"latestBillingChargeSortMs":1772352000000,"latestBillingChargeLedgerOrder":6}
[2026-05-14T04:03:57.706Z] [info] [BillPanelTrace] getSum:skip_payment {"customerId":"CUS-3011000","customerName":"SUSAN YOUNG","accountNumber":"CUS-3011000","index":0,"reason":"testFreshStart"}
[2026-05-14T04:03:57.706Z] [info] [BillPanelTrace] getSum:payment_eval {"customerId":"CUS-3011000","customerName":"SUSAN YOUNG","accountNumber":"CUS-3011000","index":1,"paymentMethod":"Security deposit (auto)","amountPaid":550.47,"ledgerOrder":7,"timestamp":"2026-04-01T07:00:00.000Z","countsTowardStatement":true,"tieBreak":"after_latest_billing_charge_row","mode":"billingChargeRow","paymentSortMs":1775026800000,"billAnchorMs":1772352000000,"payLo":7,"billAnchorLo":6,"tsDeltaMs":2674800000}
[2026-05-14T04:03:57.706Z] [info] [BillPanelTrace] getSumPaymentAmountsAfterLastBillPrint:result {"customerId":"CUS-3011000","customerName":"SUSAN YOUNG","accountNumber":"CUS-3011000","paidAfterSum":550.47}
[2026-05-14T04:03:57.706Z] [info] [BillPanelTrace] getSumPaymentAmountsAfterLastBillPrint:start {"customerId":"CUS-3011000","customerName":"SUSAN YOUNG","accountNumber":"CUS-3011000","paymentHistoryLength":2,"lastBillPrintDate":"2026-03-01T08:00:00.000Z","lastBillPrintLedgerOrder":6,"latestBillingChargeSortMs":1772352000000,"latestBillingChargeLedgerOrder":6}
[2026-05-14T04:03:57.706Z] [info] [BillPanelTrace] getSum:skip_payment {"customerId":"CUS-3011000","customerName":"SUSAN YOUNG","accountNumber":"CUS-3011000","index":0,"reason":"testFreshStart"}
[2026-05-14T04:03:57.706Z] [info] [BillPanelTrace] getSum:payment_eval {"customerId":"CUS-3011000","customerName":"SUSAN YOUNG","accountNumber":"CUS-3011000","index":1,"paymentMethod":"Security deposit (auto)","amountPaid":550.47,"ledgerOrder":7,"timestamp":"2026-04-01T07:00:00.000Z","countsTowardStatement":true,"tieBreak":"after_latest_billing_charge_row","mode":"billingChargeRow","paymentSortMs":1775026800000,"billAnchorMs":1772352000000,"payLo":7,"billAnchorLo":6,"tsDeltaMs":2674800000}
[2026-05-14T04:03:57.706Z] [info] [BillPanelTrace] getSumPaymentAmountsAfterLastBillPrint:result {"customerId":"CUS-3011000","customerName":"SUSAN YOUNG","accountNumber":"CUS-3011000","paidAfterSum":550.47}
[2026-05-14T04:03:57.706Z] [info] [BillPanelTrace] getProcessBillPanelAmounts:result_live {"customerId":"CUS-3011000","customerName":"SUSAN YOUNG","accountNumber":"CUS-3011000","total":0,"pastDue":0,"lateFee":0,"dueDateStr":"03/21/2026","fromFrozen":false}
[2026-05-14T04:03:57.706Z] [info] [BillPanelTrace] getProcessBillPanelAmounts:branch_check {"customerId":"CUS-3011000","customerName":"SUSAN YOUNG","accountNumber":"CUS-3011000","hasFrozenSnapshot":false,"lastBillPrintDate":"2026-03-01T08:00:00.000Z","lastPrintedStatementTotalDue":545.47}
[2026-05-14T04:03:57.706Z] [info] [BillPanelTrace] getSumPaymentAmountsAfterLastBillPrint:start {"customerId":"CUS-3011000","customerName":"SUSAN YOUNG","accountNumber":"CUS-3011000","paymentHistoryLength":2,"lastBillPrintDate":"2026-03-01T08:00:00.000Z","lastBillPrintLedgerOrder":6,"latestBillingChargeSortMs":1772352000000,"latestBillingChargeLedgerOrder":6}
[2026-05-14T04:03:57.706Z] [info] [BillPanelTrace] getSum:skip_payment {"customerId":"CUS-3011000","customerName":"SUSAN YOUNG","accountNumber":"CUS-3011000","index":0,"reason":"testFreshStart"}
[2026-05-14T04:03:57.706Z] [info] [BillPanelTrace] getSum:payment_eval {"customerId":"CUS-3011000","customerName":"SUSAN YOUNG","accountNumber":"CUS-3011000","index":1,"paymentMethod":"Security deposit (auto)","amountPaid":550.47,"ledgerOrder":7,"timestamp":"2026-04-01T07:00:00.000Z","countsTowardStatement":true,"tieBreak":"after_latest_billing_charge_row","mode":"billingChargeRow","paymentSortMs":1775026800000,"billAnchorMs":1772352000000,"payLo":7,"billAnchorLo":6,"tsDeltaMs":2674800000}
[2026-05-14T04:03:57.706Z] [info] [BillPanelTrace] getSumPaymentAmountsAfterLastBillPrint:result {"customerId":"CUS-3011000","customerName":"SUSAN YOUNG","accountNumber":"CUS-3011000","paidAfterSum":550.47}
[2026-05-14T04:03:57.706Z] [info] [BillPanelTrace] getSumPaymentAmountsAfterLastBillPrint:start {"customerId":"CUS-3011000","customerName":"SUSAN YOUNG","accountNumber":"CUS-3011000","paymentHistoryLength":2,"lastBillPrintDate":"2026-03-01T08:00:00.000Z","lastBillPrintLedgerOrder":6,"latestBillingChargeSortMs":1772352000000,"latestBillingChargeLedgerOrder":6}
[2026-05-14T04:03:57.706Z] [info] [BillPanelTrace] getSum:skip_payment {"customerId":"CUS-3011000","customerName":"SUSAN YOUNG","accountNumber":"CUS-3011000","index":0,"reason":"testFreshStart"}
[2026-05-14T04:03:57.706Z] [info] [BillPanelTrace] getSum:payment_eval {"customerId":"CUS-3011000","customerName":"SUSAN YOUNG","accountNumber":"CUS-3011000","index":1,"paymentMethod":"Security deposit (auto)","amountPaid":550.47,"ledgerOrder":7,"timestamp":"2026-04-01T07:00:00.000Z","countsTowardStatement":true,"tieBreak":"after_latest_billing_charge_row","mode":"billingChargeRow","paymentSortMs":1775026800000,"billAnchorMs":1772352000000,"payLo":7,"billAnchorLo":6,"tsDeltaMs":2674800000}
[2026-05-14T04:03:57.706Z] [info] [BillPanelTrace] getSumPaymentAmountsAfterLastBillPrint:result {"customerId":"CUS-3011000","customerName":"SUSAN YOUNG","accountNumber":"CUS-3011000","paidAfterSum":550.47}
[2026-05-14T04:03:57.706Z] [info] [BillPanelTrace] getSumPaymentAmountsAfterLastBillPrint:start {"customerId":"CUS-3011000","customerName":"SUSAN YOUNG","accountNumber":"CUS-3011000","paymentHistoryLength":2,"lastBillPrintDate":"2026-03-01T08:00:00.000Z","lastBillPrintLedgerOrder":6,"latestBillingChargeSortMs":1772352000000,"latestBillingChargeLedgerOrder":6}
[2026-05-14T04:03:57.706Z] [info] [BillPanelTrace] getSum:skip_payment {"customerId":"CUS-3011000","customerName":"SUSAN YOUNG","accountNumber":"CUS-3011000","index":0,"reason":"testFreshStart"}
[2026-05-14T04:03:57.706Z] [info] [BillPanelTrace] getSum:payment_eval {"customerId":"CUS-3011000","customerName":"SUSAN YOUNG","accountNumber":"CUS-3011000","index":1,"paymentMethod":"Security deposit (auto)","amountPaid":550.47,"ledgerOrder":7,"timestamp":"2026-04-01T07:00:00.000Z","countsTowardStatement":true,"tieBreak":"after_latest_billing_charge_row","mode":"billingChargeRow","paymentSortMs":1775026800000,"billAnchorMs":1772352000000,"payLo":7,"billAnchorLo":6,"tsDeltaMs":2674800000}
[2026-05-14T04:03:57.706Z] [info] [BillPanelTrace] getSumPaymentAmountsAfterLastBillPrint:result {"customerId":"CUS-3011000","customerName":"SUSAN YOUNG","accountNumber":"CUS-3011000","paidAfterSum":550.47}
[2026-05-14T04:03:57.706Z] [info] [BillPanelTrace] getProcessBillPanelAmounts:result_live {"customerId":"CUS-3011000","customerName":"SUSAN YOUNG","accountNumber":"CUS-3011000","total":0,"pastDue":0,"lateFee":0,"dueDateStr":"03/21/2026","fromFrozen":false}
[2026-05-14T04:03:57.706Z] [info] [BillPanelTrace] getSumPaymentAmountsAfterLastBillPrint:start {"customerId":"CUS-3011000","customerName":"SUSAN YOUNG","accountNumber":"CUS-3011000","paymentHistoryLength":2,"lastBillPrintDate":"2026-03-01T08:00:00.000Z","lastBillPrintLedgerOrder":6,"latestBillingChargeSortMs":1772352000000,"latestBillingChargeLedgerOrder":6}
[2026-05-14T04:03:57.706Z] [info] [BillPanelTrace] getSum:skip_payment {"customerId":"CUS-3011000","customerName":"SUSAN YOUNG","accountNumber":"CUS-3011000","index":0,"reason":"testFreshStart"}
[2026-05-14T04:03:57.707Z] [info] [BillPanelTrace] getSum:payment_eval {"customerId":"CUS-3011000","customerName":"SUSAN YOUNG","accountNumber":"CUS-3011000","index":1,"paymentMethod":"Security deposit (auto)","amountPaid":550.47,"ledgerOrder":7,"timestamp":"2026-04-01T07:00:00.000Z","countsTowardStatement":true,"tieBreak":"after_latest_billing_charge_row","mode":"billingChargeRow","paymentSortMs":1775026800000,"billAnchorMs":1772352000000,"payLo":7,"billAnchorLo":6,"tsDeltaMs":2674800000}
[2026-05-14T04:03:57.707Z] [info] [BillPanelTrace] getSumPaymentAmountsAfterLastBillPrint:result {"customerId":"CUS-3011000","customerName":"SUSAN YOUNG","accountNumber":"CUS-3011000","paidAfterSum":550.47}
[2026-05-14T04:03:57.707Z] [info] [BillPanelTrace] getSumPaymentAmountsAfterLastBillPrint:start {"customerId":"CUS-3011000","customerName":"SUSAN YOUNG","accountNumber":"CUS-3011000","paymentHistoryLength":2,"lastBillPrintDate":"2026-03-01T08:00:00.000Z","lastBillPrintLedgerOrder":6,"latestBillingChargeSortMs":1772352000000,"latestBillingChargeLedgerOrder":6}
[2026-05-14T04:03:57.707Z] [info] [BillPanelTrace] getSum:skip_payment {"customerId":"CUS-3011000","customerName":"SUSAN YOUNG","accountNumber":"CUS-3011000","index":0,"reason":"testFreshStart"}
[2026-05-14T04:03:57.707Z] [info] [BillPanelTrace] getSum:payment_eval {"customerId":"CUS-3011000","customerName":"SUSAN YOUNG","accountNumber":"CUS-3011000","index":1,"paymentMethod":"Security deposit (auto)","amountPaid":550.47,"ledgerOrder":7,"timestamp":"2026-04-01T07:00:00.000Z","countsTowardStatement":true,"tieBreak":"after_latest_billing_charge_row","mode":"billingChargeRow","paymentSortMs":1775026800000,"billAnchorMs":1772352000000,"payLo":7,"billAnchorLo":6,"tsDeltaMs":2674800000}
[2026-05-14T04:03:57.707Z] [info] [BillPanelTrace] getSumPaymentAmountsAfterLastBillPrint:result {"customerId":"CUS-3011000","customerName":"SUSAN YOUNG","accountNumber":"CUS-3011000","paidAfterSum":550.47}
[2026-05-14T04:03:57.707Z] [info] [BillPanelTrace] getProcessBillPanelAmounts:branch_check {"customerId":"CUS-3011000","customerName":"SUSAN YOUNG","accountNumber":"CUS-3011000","hasFrozenSnapshot":false,"lastBillPrintDate":"2026-03-01T08:00:00.000Z","lastPrintedStatementTotalDue":545.47}
[2026-05-14T04:03:57.707Z] [info] [BillPanelTrace] getSumPaymentAmountsAfterLastBillPrint:start {"customerId":"CUS-3011000","customerName":"SUSAN YOUNG","accountNumber":"CUS-3011000","paymentHistoryLength":2,"lastBillPrintDate":"2026-03-01T08:00:00.000Z","lastBillPrintLedgerOrder":6,"latestBillingChargeSortMs":1772352000000,"latestBillingChargeLedgerOrder":6}
[2026-05-14T04:03:57.707Z] [info] [BillPanelTrace] getSum:skip_payment {"customerId":"CUS-3011000","customerName":"SUSAN YOUNG","accountNumber":"CUS-3011000","index":0,"reason":"testFreshStart"}
[2026-05-14T04:03:57.707Z] [info] [BillPanelTrace] getSum:payment_eval {"customerId":"CUS-3011000","customerName":"SUSAN YOUNG","accountNumber":"CUS-3011000","index":1,"paymentMethod":"Security deposit (auto)","amountPaid":550.47,"ledgerOrder":7,"timestamp":"2026-04-01T07:00:00.000Z","countsTowardStatement":true,"tieBreak":"after_latest_billing_charge_row","mode":"billingChargeRow","paymentSortMs":1775026800000,"billAnchorMs":1772352000000,"payLo":7,"billAnchorLo":6,"tsDeltaMs":2674800000}
[2026-05-14T04:03:57.707Z] [info] [BillPanelTrace] getSumPaymentAmountsAfterLastBillPrint:result {"customerId":"CUS-3011000","customerName":"SUSAN YOUNG","accountNumber":"CUS-3011000","paidAfterSum":550.47}
[2026-05-14T04:03:57.707Z] [info] [BillPanelTrace] getSumPaymentAmountsAfterLastBillPrint:start {"customerId":"CUS-3011000","customerName":"SUSAN YOUNG","accountNumber":"CUS-3011000","paymentHistoryLength":2,"lastBillPrintDate":"2026-03-01T08:00:00.000Z","lastBillPrintLedgerOrder":6,"latestBillingChargeSortMs":1772352000000,"latestBillingChargeLedgerOrder":6}
[2026-05-14T04:03:57.707Z] [info] [BillPanelTrace] getSum:skip_payment {"customerId":"CUS-3011000","customerName":"SUSAN YOUNG","accountNumber":"CUS-3011000","index":0,"reason":"testFreshStart"}
[2026-05-14T04:03:57.707Z] [info] [BillPanelTrace] getSum:payment_eval {"customerId":"CUS-3011000","customerName":"SUSAN YOUNG","accountNumber":"CUS-3011000","index":1,"paymentMethod":"Security deposit (auto)","amountPaid":550.47,"ledgerOrder":7,"timestamp":"2026-04-01T07:00:00.000Z","countsTowardStatement":true,"tieBreak":"after_latest_billing_charge_row","mode":"billingChargeRow","paymentSortMs":1775026800000,"billAnchorMs":1772352000000,"payLo":7,"billAnchorLo":6,"tsDeltaMs":2674800000}
[2026-05-14T04:03:57.707Z] [info] [BillPanelTrace] getSumPaymentAmountsAfterLastBillPrint:result {"customerId":"CUS-3011000","customerName":"SUSAN YOUNG","accountNumber":"CUS-3011000","paidAfterSum":550.47}
[2026-05-14T04:03:57.707Z] [info] [BillPanelTrace] getSumPaymentAmountsAfterLastBillPrint:start {"customerId":"CUS-3011000","customerName":"SUSAN YOUNG","accountNumber":"CUS-3011000","paymentHistoryLength":2,"lastBillPrintDate":"2026-03-01T08:00:00.000Z","lastBillPrintLedgerOrder":6,"latestBillingChargeSortMs":1772352000000,"latestBillingChargeLedgerOrder":6}
[2026-05-14T04:03:57.707Z] [info] [BillPanelTrace] getSum:skip_payment {"customerId":"CUS-3011000","customerName":"SUSAN YOUNG","accountNumber":"CUS-3011000","index":0,"reason":"testFreshStart"}
[2026-05-14T04:03:57.707Z] [info] [BillPanelTrace] getSum:payment_eval {"customerId":"CUS-3011000","customerName":"SUSAN YOUNG","accountNumber":"CUS-3011000","index":1,"paymentMethod":"Security deposit (auto)","amountPaid":550.47,"ledgerOrder":7,"timestamp":"2026-04-01T07:00:00.000Z","countsTowardStatement":true,"tieBreak":"after_latest_billing_charge_row","mode":"billingChargeRow","paymentSortMs":1775026800000,"billAnchorMs":1772352000000,"payLo":7,"billAnchorLo":6,"tsDeltaMs":2674800000}
[2026-05-14T04:03:57.707Z] [info] [BillPanelTrace] getSumPaymentAmountsAfterLastBillPrint:result {"customerId":"CUS-3011000","customerName":"SUSAN YOUNG","accountNumber":"CUS-3011000","paidAfterSum":550.47}
[2026-05-14T04:03:57.707Z] [info] [BillPanelTrace] getProcessBillPanelAmounts:result_live {"customerId":"CUS-3011000","customerName":"SUSAN YOUNG","accountNumber":"CUS-3011000","total":0,"pastDue":0,"lateFee":0,"dueDateStr":"03/21/2026","fromFrozen":false}
[2026-05-14T04:03:57.707Z] [info] [BillPanelTrace] getSumPaymentAmountsAfterLastBillPrint:start {"customerId":"CUS-3011000","customerName":"SUSAN YOUNG","accountNumber":"CUS-3011000","paymentHistoryLength":2,"lastBillPrintDate":"2026-03-01T08:00:00.000Z","lastBillPrintLedgerOrder":6,"latestBillingChargeSortMs":1772352000000,"latestBillingChargeLedgerOrder":6}
[2026-05-14T04:03:57.707Z] [info] [BillPanelTrace] getSum:skip_payment {"customerId":"CUS-3011000","customerName":"SUSAN YOUNG","accountNumber":"CUS-3011000","index":0,"reason":"testFreshStart"}
[2026-05-14T04:03:57.707Z] [info] [BillPanelTrace] getSum:payment_eval {"customerId":"CUS-3011000","customerName":"SUSAN YOUNG","accountNumber":"CUS-3011000","index":1,"paymentMethod":"Security deposit (auto)","amountPaid":550.47,"ledgerOrder":7,"timestamp":"2026-04-01T07:00:00.000Z","countsTowardStatement":true,"tieBreak":"after_latest_billing_charge_row","mode":"billingChargeRow","paymentSortMs":1775026800000,"billAnchorMs":1772352000000,"payLo":7,"billAnchorLo":6,"tsDeltaMs":2674800000}
[2026-05-14T04:03:57.707Z] [info] [BillPanelTrace] getSumPaymentAmountsAfterLastBillPrint:result {"customerId":"CUS-3011000","customerName":"SUSAN YOUNG","accountNumber":"CUS-3011000","paidAfterSum":550.47}
[2026-05-14T04:03:57.707Z] [info] [BillPanelTrace] getProcessBillPanelAmounts:result_live {"customerId":"CUS-3011000","customerName":"SUSAN YOUNG","accountNumber":"CUS-3011000","total":0,"pastDue":0,"lateFee":0,"dueDateStr":"03/21/2026","fromFrozen":false}
[2026-05-14T04:03:57.707Z] [info] [BillPanelTrace] getProcessBillPanelAmounts:branch_check {"customerId":"CUS-3011000","customerName":"SUSAN YOUNG","accountNumber":"CUS-3011000","hasFrozenSnapshot":false,"lastBillPrintDate":"2026-03-01T08:00:00.000Z","lastPrintedStatementTotalDue":545.47}
[2026-05-14T04:03:57.707Z] [info] [BillPanelTrace] getSumPaymentAmountsAfterLastBillPrint:start {"customerId":"CUS-3011000","customerName":"SUSAN YOUNG","accountNumber":"CUS-3011000","paymentHistoryLength":2,"lastBillPrintDate":"2026-03-01T08:00:00.000Z","lastBillPrintLedgerOrder":6,"latestBillingChargeSortMs":1772352000000,"latestBillingChargeLedgerOrder":6}
[2026-05-14T04:03:57.707Z] [info] [BillPanelTrace] getSum:skip_payment {"customerId":"CUS-3011000","customerName":"SUSAN YOUNG","accountNumber":"CUS-3011000","index":0,"reason":"testFreshStart"}
[2026-05-14T04:03:57.707Z] [info] [BillPanelTrace] getSum:payment_eval {"customerId":"CUS-3011000","customerName":"SUSAN YOUNG","accountNumber":"CUS-3011000","index":1,"paymentMethod":"Security deposit (auto)","amountPaid":550.47,"ledgerOrder":7,"timestamp":"2026-04-01T07:00:00.000Z","countsTowardStatement":true,"tieBreak":"after_latest_billing_charge_row","mode":"billingChargeRow","paymentSortMs":1775026800000,"billAnchorMs":1772352000000,"payLo":7,"billAnchorLo":6,"tsDeltaMs":2674800000}
[2026-05-14T04:03:57.707Z] [info] [BillPanelTrace] getSumPaymentAmountsAfterLastBillPrint:result {"customerId":"CUS-3011000","customerName":"SUSAN YOUNG","accountNumber":"CUS-3011000","paidAfterSum":550.47}
[2026-05-14T04:03:57.707Z] [info] [BillPanelTrace] getSumPaymentAmountsAfterLastBillPrint:start {"customerId":"CUS-3011000","customerName":"SUSAN YOUNG","accountNumber":"CUS-3011000","paymentHistoryLength":2,"lastBillPrintDate":"2026-03-01T08:00:00.000Z","lastBillPrintLedgerOrder":6,"latestBillingChargeSortMs":1772352000000,"latestBillingChargeLedgerOrder":6}
[2026-05-14T04:03:57.707Z] [info] [BillPanelTrace] getSum:skip_payment {"customerId":"CUS-3011000","customerName":"SUSAN YOUNG","accountNumber":"CUS-3011000","index":0,"reason":"testFreshStart"}
[2026-05-14T04:03:57.707Z] [info] [BillPanelTrace] getSum:payment_eval {"customerId":"CUS-3011000","customerName":"SUSAN YOUNG","accountNumber":"CUS-3011000","index":1,"paymentMethod":"Security deposit (auto)","amountPaid":550.47,"ledgerOrder":7,"timestamp":"2026-04-01T07:00:00.000Z","countsTowardStatement":true,"tieBreak":"after_latest_billing_charge_row","mode":"billingChargeRow","paymentSortMs":1775026800000,"billAnchorMs":1772352000000,"payLo":7,"billAnchorLo":6,"tsDeltaMs":2674800000}
[2026-05-14T04:03:57.707Z] [info] [BillPanelTrace] getSumPaymentAmountsAfterLastBillPrint:result {"customerId":"CUS-3011000","customerName":"SUSAN YOUNG","accountNumber":"CUS-3011000","paidAfterSum":550.47}
[2026-05-14T04:03:57.707Z] [info] [BillPanelTrace] getSumPaymentAmountsAfterLastBillPrint:start {"customerId":"CUS-3011000","customerName":"SUSAN YOUNG","accountNumber":"CUS-3011000","paymentHistoryLength":2,"lastBillPrintDate":"2026-03-01T08:00:00.000Z","lastBillPrintLedgerOrder":6,"latestBillingChargeSortMs":1772352000000,"latestBillingChargeLedgerOrder":6}
[2026-05-14T04:03:57.708Z] [info] [BillPanelTrace] getSum:skip_payment {"customerId":"CUS-3011000","customerName":"SUSAN YOUNG","accountNumber":"CUS-3011000","index":0,"reason":"testFreshStart"}
[2026-05-14T04:03:57.708Z] [info] [BillPanelTrace] getSum:payment_eval {"customerId":"CUS-3011000","customerName":"SUSAN YOUNG","accountNumber":"CUS-3011000","index":1,"paymentMethod":"Security deposit (auto)","amountPaid":550.47,"ledgerOrder":7,"timestamp":"2026-04-01T07:00:00.000Z","countsTowardStatement":true,"tieBreak":"after_latest_billing_charge_row","mode":"billingChargeRow","paymentSortMs":1775026800000,"billAnchorMs":1772352000000,"payLo":7,"billAnchorLo":6,"tsDeltaMs":2674800000}
[2026-05-14T04:03:57.708Z] [info] [BillPanelTrace] getSumPaymentAmountsAfterLastBillPrint:result {"customerId":"CUS-3011000","customerName":"SUSAN YOUNG","accountNumber":"CUS-3011000","paidAfterSum":550.47}
[2026-05-14T04:03:57.708Z] [info] [BillPanelTrace] getProcessBillPanelAmounts:result_live {"customerId":"CUS-3011000","customerName":"SUSAN YOUNG","accountNumber":"CUS-3011000","total":0,"pastDue":0,"lateFee":0,"dueDateStr":"03/21/2026","fromFrozen":false}
[2026-05-14T04:03:57.887Z] [info] [DevelopTest] Produce bill @ 2026-04-01
[2026-05-14T04:03:57.887Z] [info] [BillPanelTrace] getProcessBillPanelAmounts:branch_check {"customerId":"CUS-3011000","customerName":"SUSAN YOUNG","accountNumber":"CUS-3011000","hasFrozenSnapshot":false,"lastBillPrintDate":"2026-03-01T08:00:00.000Z","lastPrintedStatementTotalDue":545.47}
[2026-05-14T04:03:57.887Z] [info] [BillPanelTrace] getSumPaymentAmountsAfterLastBillPrint:start {"customerId":"CUS-3011000","customerName":"SUSAN YOUNG","accountNumber":"CUS-3011000","paymentHistoryLength":2,"lastBillPrintDate":"2026-03-01T08:00:00.000Z","lastBillPrintLedgerOrder":6,"latestBillingChargeSortMs":1772352000000,"latestBillingChargeLedgerOrder":6}
[2026-05-14T04:03:57.887Z] [info] [BillPanelTrace] getSum:skip_payment {"customerId":"CUS-3011000","customerName":"SUSAN YOUNG","accountNumber":"CUS-3011000","index":0,"reason":"testFreshStart"}
[2026-05-14T04:03:57.887Z] [info] [BillPanelTrace] getSum:payment_eval {"customerId":"CUS-3011000","customerName":"SUSAN YOUNG","accountNumber":"CUS-3011000","index":1,"paymentMethod":"Security deposit (auto)","amountPaid":550.47,"ledgerOrder":7,"timestamp":"2026-04-01T07:00:00.000Z","countsTowardStatement":true,"tieBreak":"after_latest_billing_charge_row","mode":"billingChargeRow","paymentSortMs":1775026800000,"billAnchorMs":1772352000000,"payLo":7,"billAnchorLo":6,"tsDeltaMs":2674800000}
[2026-05-14T04:03:57.887Z] [info] [BillPanelTrace] getSumPaymentAmountsAfterLastBillPrint:result {"customerId":"CUS-3011000","customerName":"SUSAN YOUNG","accountNumber":"CUS-3011000","paidAfterSum":550.47}
[2026-05-14T04:03:57.887Z] [info] [BillPanelTrace] getSumPaymentAmountsAfterLastBillPrint:start {"customerId":"CUS-3011000","customerName":"SUSAN YOUNG","accountNumber":"CUS-3011000","paymentHistoryLength":2,"lastBillPrintDate":"2026-03-01T08:00:00.000Z","lastBillPrintLedgerOrder":6,"latestBillingChargeSortMs":1772352000000,"latestBillingChargeLedgerOrder":6}
[2026-05-14T04:03:57.887Z] [info] [BillPanelTrace] getSum:skip_payment {"customerId":"CUS-3011000","customerName":"SUSAN YOUNG","accountNumber":"CUS-3011000","index":0,"reason":"testFreshStart"}
[2026-05-14T04:03:57.887Z] [info] [BillPanelTrace] getSum:payment_eval {"customerId":"CUS-3011000","customerName":"SUSAN YOUNG","accountNumber":"CUS-3011000","index":1,"paymentMethod":"Security deposit (auto)","amountPaid":550.47,"ledgerOrder":7,"timestamp":"2026-04-01T07:00:00.000Z","countsTowardStatement":true,"tieBreak":"after_latest_billing_charge_row","mode":"billingChargeRow","paymentSortMs":1775026800000,"billAnchorMs":1772352000000,"payLo":7,"billAnchorLo":6,"tsDeltaMs":2674800000}
[2026-05-14T04:03:57.887Z] [info] [BillPanelTrace] getSumPaymentAmountsAfterLastBillPrint:result {"customerId":"CUS-3011000","customerName":"SUSAN YOUNG","accountNumber":"CUS-3011000","paidAfterSum":550.47}
[2026-05-14T04:03:57.887Z] [info] [BillPanelTrace] getSumPaymentAmountsAfterLastBillPrint:start {"customerId":"CUS-3011000","customerName":"SUSAN YOUNG","accountNumber":"CUS-3011000","paymentHistoryLength":2,"lastBillPrintDate":"2026-03-01T08:00:00.000Z","lastBillPrintLedgerOrder":6,"latestBillingChargeSortMs":1772352000000,"latestBillingChargeLedgerOrder":6}
[2026-05-14T04:03:57.887Z] [info] [BillPanelTrace] getSum:skip_payment {"customerId":"CUS-3011000","customerName":"SUSAN YOUNG","accountNumber":"CUS-3011000","index":0,"reason":"testFreshStart"}
[2026-05-14T04:03:57.887Z] [info] [BillPanelTrace] getSum:payment_eval {"customerId":"CUS-3011000","customerName":"SUSAN YOUNG","accountNumber":"CUS-3011000","index":1,"paymentMethod":"Security deposit (auto)","amountPaid":550.47,"ledgerOrder":7,"timestamp":"2026-04-01T07:00:00.000Z","countsTowardStatement":true,"tieBreak":"after_latest_billing_charge_row","mode":"billingChargeRow","paymentSortMs":1775026800000,"billAnchorMs":1772352000000,"payLo":7,"billAnchorLo":6,"tsDeltaMs":2674800000}
[2026-05-14T04:03:57.887Z] [info] [BillPanelTrace] getSumPaymentAmountsAfterLastBillPrint:result {"customerId":"CUS-3011000","customerName":"SUSAN YOUNG","accountNumber":"CUS-3011000","paidAfterSum":550.47}
[2026-05-14T04:03:57.887Z] [info] [BillPanelTrace] getProcessBillPanelAmounts:result_live {"customerId":"CUS-3011000","customerName":"SUSAN YOUNG","accountNumber":"CUS-3011000","total":0,"pastDue":0,"lateFee":0,"dueDateStr":"03/21/2026","fromFrozen":false}
[2026-05-14T04:03:57.887Z] [info] [BillPanelTrace] getProcessBillPanelAmounts:branch_check {"customerId":"CUS-3011000","customerName":"SUSAN YOUNG","accountNumber":"CUS-3011000","hasFrozenSnapshot":false,"lastBillPrintDate":"2026-03-01T08:00:00.000Z","lastPrintedStatementTotalDue":545.47}
[2026-05-14T04:03:57.887Z] [info] [BillPanelTrace] getSumPaymentAmountsAfterLastBillPrint:start {"customerId":"CUS-3011000","customerName":"SUSAN YOUNG","accountNumber":"CUS-3011000","paymentHistoryLength":2,"lastBillPrintDate":"2026-03-01T08:00:00.000Z","lastBillPrintLedgerOrder":6,"latestBillingChargeSortMs":1772352000000,"latestBillingChargeLedgerOrder":6}
[2026-05-14T04:03:57.887Z] [info] [BillPanelTrace] getSum:skip_payment {"customerId":"CUS-3011000","customerName":"SUSAN YOUNG","accountNumber":"CUS-3011000","index":0,"reason":"testFreshStart"}
[2026-05-14T04:03:57.888Z] [info] [BillPanelTrace] getSum:payment_eval {"customerId":"CUS-3011000","customerName":"SUSAN YOUNG","accountNumber":"CUS-3011000","index":1,"paymentMethod":"Security deposit (auto)","amountPaid":550.47,"ledgerOrder":7,"timestamp":"2026-04-01T07:00:00.000Z","countsTowardStatement":true,"tieBreak":"after_latest_billing_charge_row","mode":"billingChargeRow","paymentSortMs":1775026800000,"billAnchorMs":1772352000000,"payLo":7,"billAnchorLo":6,"tsDeltaMs":2674800000}
[2026-05-14T04:03:57.888Z] [info] [BillPanelTrace] getSumPaymentAmountsAfterLastBillPrint:result {"customerId":"CUS-3011000","customerName":"SUSAN YOUNG","accountNumber":"CUS-3011000","paidAfterSum":550.47}
[2026-05-14T04:03:57.888Z] [info] [BillPanelTrace] getSumPaymentAmountsAfterLastBillPrint:start {"customerId":"CUS-3011000","customerName":"SUSAN YOUNG","accountNumber":"CUS-3011000","paymentHistoryLength":2,"lastBillPrintDate":"2026-03-01T08:00:00.000Z","lastBillPrintLedgerOrder":6,"latestBillingChargeSortMs":1772352000000,"latestBillingChargeLedgerOrder":6}
[2026-05-14T04:03:57.888Z] [info] [BillPanelTrace] getSum:skip_payment {"customerId":"CUS-3011000","customerName":"SUSAN YOUNG","accountNumber":"CUS-3011000","index":0,"reason":"testFreshStart"}
[2026-05-14T04:03:57.888Z] [info] [BillPanelTrace] getSum:payment_eval {"customerId":"CUS-3011000","customerName":"SUSAN YOUNG","accountNumber":"CUS-3011000","index":1,"paymentMethod":"Security deposit (auto)","amountPaid":550.47,"ledgerOrder":7,"timestamp":"2026-04-01T07:00:00.000Z","countsTowardStatement":true,"tieBreak":"after_latest_billing_charge_row","mode":"billingChargeRow","paymentSortMs":1775026800000,"billAnchorMs":1772352000000,"payLo":7,"billAnchorLo":6,"tsDeltaMs":2674800000}
[2026-05-14T04:03:57.888Z] [info] [BillPanelTrace] getSumPaymentAmountsAfterLastBillPrint:result {"customerId":"CUS-3011000","customerName":"SUSAN YOUNG","accountNumber":"CUS-3011000","paidAfterSum":550.47}
[2026-05-14T04:03:57.888Z] [info] [BillPanelTrace] getSumPaymentAmountsAfterLastBillPrint:start {"customerId":"CUS-3011000","customerName":"SUSAN YOUNG","accountNumber":"CUS-3011000","paymentHistoryLength":2,"lastBillPrintDate":"2026-03-01T08:00:00.000Z","lastBillPrintLedgerOrder":6,"latestBillingChargeSortMs":1772352000000,"latestBillingChargeLedgerOrder":6}
[2026-05-14T04:03:57.888Z] [info] [BillPanelTrace] getSum:skip_payment {"customerId":"CUS-3011000","customerName":"SUSAN YOUNG","accountNumber":"CUS-3011000","index":0,"reason":"testFreshStart"}
[2026-05-14T04:03:57.888Z] [info] [BillPanelTrace] getSum:payment_eval {"customerId":"CUS-3011000","customerName":"SUSAN YOUNG","accountNumber":"CUS-3011000","index":1,"paymentMethod":"Security deposit (auto)","amountPaid":550.47,"ledgerOrder":7,"timestamp":"2026-04-01T07:00:00.000Z","countsTowardStatement":true,"tieBreak":"after_latest_billing_charge_row","mode":"billingChargeRow","paymentSortMs":1775026800000,"billAnchorMs":1772352000000,"payLo":7,"billAnchorLo":6,"tsDeltaMs":2674800000}
[2026-05-14T04:03:57.888Z] [info] [BillPanelTrace] getSumPaymentAmountsAfterLastBillPrint:result {"customerId":"CUS-3011000","customerName":"SUSAN YOUNG","accountNumber":"CUS-3011000","paidAfterSum":550.47}
[2026-05-14T04:03:57.888Z] [info] [BillPanelTrace] getProcessBillPanelAmounts:result_live {"customerId":"CUS-3011000","customerName":"SUSAN YOUNG","accountNumber":"CUS-3011000","total":0,"pastDue":0,"lateFee":0,"dueDateStr":"03/21/2026","fromFrozen":false}
[2026-05-14T04:03:57.888Z] [info] [BillPanelTrace] getProcessBillPanelAmounts:branch_check {"customerId":"CUS-3011000","customerName":"SUSAN YOUNG","accountNumber":"CUS-3011000","hasFrozenSnapshot":false,"lastBillPrintDate":"2026-03-01T08:00:00.000Z","lastPrintedStatementTotalDue":545.47}
[2026-05-14T04:03:57.888Z] [info] [BillPanelTrace] getSumPaymentAmountsAfterLastBillPrint:start {"customerId":"CUS-3011000","customerName":"SUSAN YOUNG","accountNumber":"CUS-3011000","paymentHistoryLength":2,"lastBillPrintDate":"2026-03-01T08:00:00.000Z","lastBillPrintLedgerOrder":6,"latestBillingChargeSortMs":1772352000000,"latestBillingChargeLedgerOrder":6}
[2026-05-14T04:03:57.888Z] [info] [BillPanelTrace] getSum:skip_payment {"customerId":"CUS-3011000","customerName":"SUSAN YOUNG","accountNumber":"CUS-3011000","index":0,"reason":"testFreshStart"}
[2026-05-14T04:03:57.888Z] [info] [BillPanelTrace] getSum:payment_eval {"customerId":"CUS-3011000","customerName":"SUSAN YOUNG","accountNumber":"CUS-3011000","index":1,"paymentMethod":"Security deposit (auto)","amountPaid":550.47,"ledgerOrder":7,"timestamp":"2026-04-01T07:00:00.000Z","countsTowardStatement":true,"tieBreak":"after_latest_billing_charge_row","mode":"billingChargeRow","paymentSortMs":1775026800000,"billAnchorMs":1772352000000,"payLo":7,"billAnchorLo":6,"tsDeltaMs":2674800000}
[2026-05-14T04:03:57.888Z] [info] [BillPanelTrace] getSumPaymentAmountsAfterLastBillPrint:result {"customerId":"CUS-3011000","customerName":"SUSAN YOUNG","accountNumber":"CUS-3011000","paidAfterSum":550.47}
[2026-05-14T04:03:57.888Z] [info] [BillPanelTrace] getSumPaymentAmountsAfterLastBillPrint:start {"customerId":"CUS-3011000","customerName":"SUSAN YOUNG","accountNumber":"CUS-3011000","paymentHistoryLength":2,"lastBillPrintDate":"2026-03-01T08:00:00.000Z","lastBillPrintLedgerOrder":6,"latestBillingChargeSortMs":1772352000000,"latestBillingChargeLedgerOrder":6}
[2026-05-14T04:03:57.888Z] [info] [BillPanelTrace] getSum:skip_payment {"customerId":"CUS-3011000","customerName":"SUSAN YOUNG","accountNumber":"CUS-3011000","index":0,"reason":"testFreshStart"}
[2026-05-14T04:03:57.888Z] [info] [BillPanelTrace] getSum:payment_eval {"customerId":"CUS-3011000","customerName":"SUSAN YOUNG","accountNumber":"CUS-3011000","index":1,"paymentMethod":"Security deposit (auto)","amountPaid":550.47,"ledgerOrder":7,"timestamp":"2026-04-01T07:00:00.000Z","countsTowardStatement":true,"tieBreak":"after_latest_billing_charge_row","mode":"billingChargeRow","paymentSortMs":1775026800000,"billAnchorMs":1772352000000,"payLo":7,"billAnchorLo":6,"tsDeltaMs":2674800000}
[2026-05-14T04:03:57.888Z] [info] [BillPanelTrace] getSumPaymentAmountsAfterLastBillPrint:result {"customerId":"CUS-3011000","customerName":"SUSAN YOUNG","accountNumber":"CUS-3011000","paidAfterSum":550.47}
[2026-05-14T04:03:57.888Z] [info] [BillPanelTrace] getSumPaymentAmountsAfterLastBillPrint:start {"customerId":"CUS-3011000","customerName":"SUSAN YOUNG","accountNumber":"CUS-3011000","paymentHistoryLength":2,"lastBillPrintDate":"2026-03-01T08:00:00.000Z","lastBillPrintLedgerOrder":6,"latestBillingChargeSortMs":1772352000000,"latestBillingChargeLedgerOrder":6}
[2026-05-14T04:03:57.888Z] [info] [BillPanelTrace] getSum:skip_payment {"customerId":"CUS-3011000","customerName":"SUSAN YOUNG","accountNumber":"CUS-3011000","index":0,"reason":"testFreshStart"}
[2026-05-14T04:03:57.888Z] [info] [BillPanelTrace] getSum:payment_eval {"customerId":"CUS-3011000","customerName":"SUSAN YOUNG","accountNumber":"CUS-3011000","index":1,"paymentMethod":"Security deposit (auto)","amountPaid":550.47,"ledgerOrder":7,"timestamp":"2026-04-01T07:00:00.000Z","countsTowardStatement":true,"tieBreak":"after_latest_billing_charge_row","mode":"billingChargeRow","paymentSortMs":1775026800000,"billAnchorMs":1772352000000,"payLo":7,"billAnchorLo":6,"tsDeltaMs":2674800000}
[2026-05-14T04:03:57.888Z] [info] [BillPanelTrace] getSumPaymentAmountsAfterLastBillPrint:result {"customerId":"CUS-3011000","customerName":"SUSAN YOUNG","accountNumber":"CUS-3011000","paidAfterSum":550.47}
[2026-05-14T04:03:57.888Z] [info] [BillPanelTrace] getProcessBillPanelAmounts:result_live {"customerId":"CUS-3011000","customerName":"SUSAN YOUNG","accountNumber":"CUS-3011000","total":0,"pastDue":0,"lateFee":0,"dueDateStr":"03/21/2026","fromFrozen":false}
[2026-05-14T04:03:57.888Z] [info] [BillPanelTrace] getProcessBillPanelAmounts:branch_check {"customerId":"CUS-3011000","customerName":"SUSAN YOUNG","accountNumber":"CUS-3011000","hasFrozenSnapshot":false,"lastBillPrintDate":"2026-03-01T08:00:00.000Z","lastPrintedStatementTotalDue":545.47}
[2026-05-14T04:03:57.888Z] [info] [BillPanelTrace] getSumPaymentAmountsAfterLastBillPrint:start {"customerId":"CUS-3011000","customerName":"SUSAN YOUNG","accountNumber":"CUS-3011000","paymentHistoryLength":2,"lastBillPrintDate":"2026-03-01T08:00:00.000Z","lastBillPrintLedgerOrder":6,"latestBillingChargeSortMs":1772352000000,"latestBillingChargeLedgerOrder":6}
[2026-05-14T04:03:57.888Z] [info] [BillPanelTrace] getSum:skip_payment {"customerId":"CUS-3011000","customerName":"SUSAN YOUNG","accountNumber":"CUS-3011000","index":0,"reason":"testFreshStart"}
[2026-05-14T04:03:57.888Z] [info] [BillPanelTrace] getSum:payment_eval {"customerId":"CUS-3011000","customerName":"SUSAN YOUNG","accountNumber":"CUS-3011000","index":1,"paymentMethod":"Security deposit (auto)","amountPaid":550.47,"ledgerOrder":7,"timestamp":"2026-04-01T07:00:00.000Z","countsTowardStatement":true,"tieBreak":"after_latest_billing_charge_row","mode":"billingChargeRow","paymentSortMs":1775026800000,"billAnchorMs":1772352000000,"payLo":7,"billAnchorLo":6,"tsDeltaMs":2674800000}
[2026-05-14T04:03:57.888Z] [info] [BillPanelTrace] getSumPaymentAmountsAfterLastBillPrint:result {"customerId":"CUS-3011000","customerName":"SUSAN YOUNG","accountNumber":"CUS-3011000","paidAfterSum":550.47}
[2026-05-14T04:03:57.888Z] [info] [BillPanelTrace] getSumPaymentAmountsAfterLastBillPrint:start {"customerId":"CUS-3011000","customerName":"SUSAN YOUNG","accountNumber":"CUS-3011000","paymentHistoryLength":2,"lastBillPrintDate":"2026-03-01T08:00:00.000Z","lastBillPrintLedgerOrder":6,"latestBillingChargeSortMs":1772352000000,"latestBillingChargeLedgerOrder":6}
[2026-05-14T04:03:57.888Z] [info] [BillPanelTrace] getSum:skip_payment {"customerId":"CUS-3011000","customerName":"SUSAN YOUNG","accountNumber":"CUS-3011000","index":0,"reason":"testFreshStart"}
[2026-05-14T04:03:57.888Z] [info] [BillPanelTrace] getSum:payment_eval {"customerId":"CUS-3011000","customerName":"SUSAN YOUNG","accountNumber":"CUS-3011000","index":1,"paymentMethod":"Security deposit (auto)","amountPaid":550.47,"ledgerOrder":7,"timestamp":"2026-04-01T07:00:00.000Z","countsTowardStatement":true,"tieBreak":"after_latest_billing_charge_row","mode":"billingChargeRow","paymentSortMs":1775026800000,"billAnchorMs":1772352000000,"payLo":7,"billAnchorLo":6,"tsDeltaMs":2674800000}
[2026-05-14T04:03:57.888Z] [info] [BillPanelTrace] getSumPaymentAmountsAfterLastBillPrint:result {"customerId":"CUS-3011000","customerName":"SUSAN YOUNG","accountNumber":"CUS-3011000","paidAfterSum":550.47}
[2026-05-14T04:03:57.888Z] [info] [BillPanelTrace] getSumPaymentAmountsAfterLastBillPrint:start {"customerId":"CUS-3011000","customerName":"SUSAN YOUNG","accountNumber":"CUS-3011000","paymentHistoryLength":2,"lastBillPrintDate":"2026-03-01T08:00:00.000Z","lastBillPrintLedgerOrder":6,"latestBillingChargeSortMs":1772352000000,"latestBillingChargeLedgerOrder":6}
[2026-05-14T04:03:57.888Z] [info] [BillPanelTrace] getSum:skip_payment {"customerId":"CUS-3011000","customerName":"SUSAN YOUNG","accountNumber":"CUS-3011000","index":0,"reason":"testFreshStart"}
[2026-05-14T04:03:57.888Z] [info] [BillPanelTrace] getSum:payment_eval {"customerId":"CUS-3011000","customerName":"SUSAN YOUNG","accountNumber":"CUS-3011000","index":1,"paymentMethod":"Security deposit (auto)","amountPaid":550.47,"ledgerOrder":7,"timestamp":"2026-04-01T07:00:00.000Z","countsTowardStatement":true,"tieBreak":"after_latest_billing_charge_row","mode":"billingChargeRow","paymentSortMs":1775026800000,"billAnchorMs":1772352000000,"payLo":7,"billAnchorLo":6,"tsDeltaMs":2674800000}
[2026-05-14T04:03:57.889Z] [info] [BillPanelTrace] getSumPaymentAmountsAfterLastBillPrint:result {"customerId":"CUS-3011000","customerName":"SUSAN YOUNG","accountNumber":"CUS-3011000","paidAfterSum":550.47}
[2026-05-14T04:03:57.889Z] [info] [BillPanelTrace] getProcessBillPanelAmounts:result_live {"customerId":"CUS-3011000","customerName":"SUSAN YOUNG","accountNumber":"CUS-3011000","total":0,"pastDue":0,"lateFee":0,"dueDateStr":"03/21/2026","fromFrozen":false}
[2026-05-14T04:03:57.889Z] [info] [BillPanelTrace] getSumPaymentAmountsAfterLastBillPrint:start {"customerId":"CUS-3011000","customerName":"SUSAN YOUNG","accountNumber":"CUS-3011000","paymentHistoryLength":2,"lastBillPrintDate":"2026-03-01T08:00:00.000Z","lastBillPrintLedgerOrder":6,"latestBillingChargeSortMs":1772352000000,"latestBillingChargeLedgerOrder":6}
[2026-05-14T04:03:57.889Z] [info] [BillPanelTrace] getSum:skip_payment {"customerId":"CUS-3011000","customerName":"SUSAN YOUNG","accountNumber":"CUS-3011000","index":0,"reason":"testFreshStart"}
[2026-05-14T04:03:57.889Z] [info] [BillPanelTrace] getSum:payment_eval {"customerId":"CUS-3011000","customerName":"SUSAN YOUNG","accountNumber":"CUS-3011000","index":1,"paymentMethod":"Security deposit (auto)","amountPaid":550.47,"ledgerOrder":7,"timestamp":"2026-04-01T07:00:00.000Z","countsTowardStatement":true,"tieBreak":"after_latest_billing_charge_row","mode":"billingChargeRow","paymentSortMs":1775026800000,"billAnchorMs":1772352000000,"payLo":7,"billAnchorLo":6,"tsDeltaMs":2674800000}
[2026-05-14T04:03:57.889Z] [info] [BillPanelTrace] getSumPaymentAmountsAfterLastBillPrint:result {"customerId":"CUS-3011000","customerName":"SUSAN YOUNG","accountNumber":"CUS-3011000","paidAfterSum":550.47}
[2026-05-14T04:03:57.889Z] [info] [BillPanelTrace] getSumPaymentAmountsAfterLastBillPrint:start {"customerId":"CUS-3011000","customerName":"SUSAN YOUNG","accountNumber":"CUS-3011000","paymentHistoryLength":2,"lastBillPrintDate":"2026-03-01T08:00:00.000Z","lastBillPrintLedgerOrder":6,"latestBillingChargeSortMs":1772352000000,"latestBillingChargeLedgerOrder":6}
[2026-05-14T04:03:57.889Z] [info] [BillPanelTrace] getSum:skip_payment {"customerId":"CUS-3011000","customerName":"SUSAN YOUNG","accountNumber":"CUS-3011000","index":0,"reason":"testFreshStart"}
[2026-05-14T04:03:57.889Z] [info] [BillPanelTrace] getSum:payment_eval {"customerId":"CUS-3011000","customerName":"SUSAN YOUNG","accountNumber":"CUS-3011000","index":1,"paymentMethod":"Security deposit (auto)","amountPaid":550.47,"ledgerOrder":7,"timestamp":"2026-04-01T07:00:00.000Z","countsTowardStatement":true,"tieBreak":"after_latest_billing_charge_row","mode":"billingChargeRow","paymentSortMs":1775026800000,"billAnchorMs":1772352000000,"payLo":7,"billAnchorLo":6,"tsDeltaMs":2674800000}
[2026-05-14T04:03:57.889Z] [info] [BillPanelTrace] getSumPaymentAmountsAfterLastBillPrint:result {"customerId":"CUS-3011000","customerName":"SUSAN YOUNG","accountNumber":"CUS-3011000","paidAfterSum":550.47}
[2026-05-14T04:03:57.889Z] [info] [BillPanelTrace] getProcessBillPanelAmounts:branch_check {"customerId":"CUS-3011000","customerName":"SUSAN YOUNG","accountNumber":"CUS-3011000","hasFrozenSnapshot":false,"lastBillPrintDate":"2026-03-01T08:00:00.000Z","lastPrintedStatementTotalDue":545.47}
[2026-05-14T04:03:57.889Z] [info] [BillPanelTrace] getSumPaymentAmountsAfterLastBillPrint:start {"customerId":"CUS-3011000","customerName":"SUSAN YOUNG","accountNumber":"CUS-3011000","paymentHistoryLength":2,"lastBillPrintDate":"2026-03-01T08:00:00.000Z","lastBillPrintLedgerOrder":6,"latestBillingChargeSortMs":1772352000000,"latestBillingChargeLedgerOrder":6}
[2026-05-14T04:03:57.889Z] [info] [BillPanelTrace] getSum:skip_payment {"customerId":"CUS-3011000","customerName":"SUSAN YOUNG","accountNumber":"CUS-3011000","index":0,"reason":"testFreshStart"}
[2026-05-14T04:03:57.889Z] [info] [BillPanelTrace] getSum:payment_eval {"customerId":"CUS-3011000","customerName":"SUSAN YOUNG","accountNumber":"CUS-3011000","index":1,"paymentMethod":"Security deposit (auto)","amountPaid":550.47,"ledgerOrder":7,"timestamp":"2026-04-01T07:00:00.000Z","countsTowardStatement":true,"tieBreak":"after_latest_billing_charge_row","mode":"billingChargeRow","paymentSortMs":1775026800000,"billAnchorMs":1772352000000,"payLo":7,"billAnchorLo":6,"tsDeltaMs":2674800000}
[2026-05-14T04:03:57.889Z] [info] [BillPanelTrace] getSumPaymentAmountsAfterLastBillPrint:result {"customerId":"CUS-3011000","customerName":"SUSAN YOUNG","accountNumber":"CUS-3011000","paidAfterSum":550.47}
[2026-05-14T04:03:57.889Z] [info] [BillPanelTrace] getSumPaymentAmountsAfterLastBillPrint:start {"customerId":"CUS-3011000","customerName":"SUSAN YOUNG","accountNumber":"CUS-3011000","paymentHistoryLength":2,"lastBillPrintDate":"2026-03-01T08:00:00.000Z","lastBillPrintLedgerOrder":6,"latestBillingChargeSortMs":1772352000000,"latestBillingChargeLedgerOrder":6}
[2026-05-14T04:03:57.889Z] [info] [BillPanelTrace] getSum:skip_payment {"customerId":"CUS-3011000","customerName":"SUSAN YOUNG","accountNumber":"CUS-3011000","index":0,"reason":"testFreshStart"}
[2026-05-14T04:03:57.889Z] [info] [BillPanelTrace] getSum:payment_eval {"customerId":"CUS-3011000","customerName":"SUSAN YOUNG","accountNumber":"CUS-3011000","index":1,"paymentMethod":"Security deposit (auto)","amountPaid":550.47,"ledgerOrder":7,"timestamp":"2026-04-01T07:00:00.000Z","countsTowardStatement":true,"tieBreak":"after_latest_billing_charge_row","mode":"billingChargeRow","paymentSortMs":1775026800000,"billAnchorMs":1772352000000,"payLo":7,"billAnchorLo":6,"tsDeltaMs":2674800000}
[2026-05-14T04:03:57.889Z] [info] [BillPanelTrace] getSumPaymentAmountsAfterLastBillPrint:result {"customerId":"CUS-3011000","customerName":"SUSAN YOUNG","accountNumber":"CUS-3011000","paidAfterSum":550.47}
[2026-05-14T04:03:57.889Z] [info] [BillPanelTrace] getSumPaymentAmountsAfterLastBillPrint:start {"customerId":"CUS-3011000","customerName":"SUSAN YOUNG","accountNumber":"CUS-3011000","paymentHistoryLength":2,"lastBillPrintDate":"2026-03-01T08:00:00.000Z","lastBillPrintLedgerOrder":6,"latestBillingChargeSortMs":1772352000000,"latestBillingChargeLedgerOrder":6}
[2026-05-14T04:03:57.889Z] [info] [BillPanelTrace] getSum:skip_payment {"customerId":"CUS-3011000","customerName":"SUSAN YOUNG","accountNumber":"CUS-3011000","index":0,"reason":"testFreshStart"}
[2026-05-14T04:03:57.889Z] [info] [BillPanelTrace] getSum:payment_eval {"customerId":"CUS-3011000","customerName":"SUSAN YOUNG","accountNumber":"CUS-3011000","index":1,"paymentMethod":"Security deposit (auto)","amountPaid":550.47,"ledgerOrder":7,"timestamp":"2026-04-01T07:00:00.000Z","countsTowardStatement":true,"tieBreak":"after_latest_billing_charge_row","mode":"billingChargeRow","paymentSortMs":1775026800000,"billAnchorMs":1772352000000,"payLo":7,"billAnchorLo":6,"tsDeltaMs":2674800000}
[2026-05-14T04:03:57.889Z] [info] [BillPanelTrace] getSumPaymentAmountsAfterLastBillPrint:result {"customerId":"CUS-3011000","customerName":"SUSAN YOUNG","accountNumber":"CUS-3011000","paidAfterSum":550.47}
[2026-05-14T04:03:57.889Z] [info] [BillPanelTrace] getProcessBillPanelAmounts:result_live {"customerId":"CUS-3011000","customerName":"SUSAN YOUNG","accountNumber":"CUS-3011000","total":0,"pastDue":0,"lateFee":0,"dueDateStr":"03/21/2026","fromFrozen":false}
[2026-05-14T04:03:57.889Z] [info] [BillPanelTrace] getSumPaymentAmountsAfterLastBillPrint:start {"customerId":"CUS-3011000","customerName":"SUSAN YOUNG","accountNumber":"CUS-3011000","paymentHistoryLength":2,"lastBillPrintDate":"2026-03-01T08:00:00.000Z","lastBillPrintLedgerOrder":6,"latestBillingChargeSortMs":1772352000000,"latestBillingChargeLedgerOrder":6}
[2026-05-14T04:03:57.889Z] [info] [BillPanelTrace] getSum:skip_payment {"customerId":"CUS-3011000","customerName":"SUSAN YOUNG","accountNumber":"CUS-3011000","index":0,"reason":"testFreshStart"}
[2026-05-14T04:03:57.889Z] [info] [BillPanelTrace] getSum:payment_eval {"customerId":"CUS-3011000","customerName":"SUSAN YOUNG","accountNumber":"CUS-3011000","index":1,"paymentMethod":"Security deposit (auto)","amountPaid":550.47,"ledgerOrder":7,"timestamp":"2026-04-01T07:00:00.000Z","countsTowardStatement":true,"tieBreak":"after_latest_billing_charge_row","mode":"billingChargeRow","paymentSortMs":1775026800000,"billAnchorMs":1772352000000,"payLo":7,"billAnchorLo":6,"tsDeltaMs":2674800000}
[2026-05-14T04:03:57.889Z] [info] [BillPanelTrace] getSumPaymentAmountsAfterLastBillPrint:result {"customerId":"CUS-3011000","customerName":"SUSAN YOUNG","accountNumber":"CUS-3011000","paidAfterSum":550.47}
[2026-05-14T04:03:57.889Z] [info] [BillPanelTrace] getProcessBillPanelAmounts:branch_check {"customerId":"CUS-3011000","customerName":"SUSAN YOUNG","accountNumber":"CUS-3011000","hasFrozenSnapshot":false,"lastBillPrintDate":"2026-03-01T08:00:00.000Z","lastPrintedStatementTotalDue":545.47}
[2026-05-14T04:03:57.889Z] [info] [BillPanelTrace] getSumPaymentAmountsAfterLastBillPrint:start {"customerId":"CUS-3011000","customerName":"SUSAN YOUNG","accountNumber":"CUS-3011000","paymentHistoryLength":2,"lastBillPrintDate":"2026-03-01T08:00:00.000Z","lastBillPrintLedgerOrder":6,"latestBillingChargeSortMs":1772352000000,"latestBillingChargeLedgerOrder":6}
[2026-05-14T04:03:57.889Z] [info] [BillPanelTrace] getSum:skip_payment {"customerId":"CUS-3011000","customerName":"SUSAN YOUNG","accountNumber":"CUS-3011000","index":0,"reason":"testFreshStart"}
[2026-05-14T04:03:57.889Z] [info] [BillPanelTrace] getSum:payment_eval {"customerId":"CUS-3011000","customerName":"SUSAN YOUNG","accountNumber":"CUS-3011000","index":1,"paymentMethod":"Security deposit (auto)","amountPaid":550.47,"ledgerOrder":7,"timestamp":"2026-04-01T07:00:00.000Z","countsTowardStatement":true,"tieBreak":"after_latest_billing_charge_row","mode":"billingChargeRow","paymentSortMs":1775026800000,"billAnchorMs":1772352000000,"payLo":7,"billAnchorLo":6,"tsDeltaMs":2674800000}
[2026-05-14T04:03:57.889Z] [info] [BillPanelTrace] getSumPaymentAmountsAfterLastBillPrint:result {"customerId":"CUS-3011000","customerName":"SUSAN YOUNG","accountNumber":"CUS-3011000","paidAfterSum":550.47}
[2026-05-14T04:03:57.890Z] [info] [BillPanelTrace] getSumPaymentAmountsAfterLastBillPrint:start {"customerId":"CUS-3011000","customerName":"SUSAN YOUNG","accountNumber":"CUS-3011000","paymentHistoryLength":2,"lastBillPrintDate":"2026-03-01T08:00:00.000Z","lastBillPrintLedgerOrder":6,"latestBillingChargeSortMs":1772352000000,"latestBillingChargeLedgerOrder":6}
[2026-05-14T04:03:57.890Z] [info] [BillPanelTrace] getSum:skip_payment {"customerId":"CUS-3011000","customerName":"SUSAN YOUNG","accountNumber":"CUS-3011000","index":0,"reason":"testFreshStart"}
[2026-05-14T04:03:57.890Z] [info] [BillPanelTrace] getSum:payment_eval {"customerId":"CUS-3011000","customerName":"SUSAN YOUNG","accountNumber":"CUS-3011000","index":1,"paymentMethod":"Security deposit (auto)","amountPaid":550.47,"ledgerOrder":7,"timestamp":"2026-04-01T07:00:00.000Z","countsTowardStatement":true,"tieBreak":"after_latest_billing_charge_row","mode":"billingChargeRow","paymentSortMs":1775026800000,"billAnchorMs":1772352000000,"payLo":7,"billAnchorLo":6,"tsDeltaMs":2674800000}
[2026-05-14T04:03:57.890Z] [info] [BillPanelTrace] getSumPaymentAmountsAfterLastBillPrint:result {"customerId":"CUS-3011000","customerName":"SUSAN YOUNG","accountNumber":"CUS-3011000","paidAfterSum":550.47}
[2026-05-14T04:03:57.890Z] [info] [BillPanelTrace] getSumPaymentAmountsAfterLastBillPrint:start {"customerId":"CUS-3011000","customerName":"SUSAN YOUNG","accountNumber":"CUS-3011000","paymentHistoryLength":2,"lastBillPrintDate":"2026-03-01T08:00:00.000Z","lastBillPrintLedgerOrder":6,"latestBillingChargeSortMs":1772352000000,"latestBillingChargeLedgerOrder":6}
[2026-05-14T04:03:57.890Z] [info] [BillPanelTrace] getSum:skip_payment {"customerId":"CUS-3011000","customerName":"SUSAN YOUNG","accountNumber":"CUS-3011000","index":0,"reason":"testFreshStart"}
[2026-05-14T04:03:57.890Z] [info] [BillPanelTrace] getSum:payment_eval {"customerId":"CUS-3011000","customerName":"SUSAN YOUNG","accountNumber":"CUS-3011000","index":1,"paymentMethod":"Security deposit (auto)","amountPaid":550.47,"ledgerOrder":7,"timestamp":"2026-04-01T07:00:00.000Z","countsTowardStatement":true,"tieBreak":"after_latest_billing_charge_row","mode":"billingChargeRow","paymentSortMs":1775026800000,"billAnchorMs":1772352000000,"payLo":7,"billAnchorLo":6,"tsDeltaMs":2674800000}
[2026-05-14T04:03:57.890Z] [info] [BillPanelTrace] getSumPaymentAmountsAfterLastBillPrint:result {"customerId":"CUS-3011000","customerName":"SUSAN YOUNG","accountNumber":"CUS-3011000","paidAfterSum":550.47}
[2026-05-14T04:03:57.890Z] [info] [BillPanelTrace] getProcessBillPanelAmounts:result_live {"customerId":"CUS-3011000","customerName":"SUSAN YOUNG","accountNumber":"CUS-3011000","total":0,"pastDue":0,"lateFee":0,"dueDateStr":"03/21/2026","fromFrozen":false}
[2026-05-14T04:03:57.890Z] [info] [BillPanelTrace] produceBill:lateFeePdf {"customerId":"CUS-3011000","customerName":"SUSAN YOUNG","accountNumber":"CUS-3011000","pdfLateFee":0,"calcLateFeeAmount":0,"daysSinceLastBillPrint":0,"lateFeeTimerDays":21,"lastBillPrintDate":"2026-03-01T08:00:00.000Z","printDateThisRun":"04/01/2026","autoApplyLateFees":true}
[2026-05-14T04:03:57.890Z] [info] [BillPanelTrace] getSumPaymentAmountsAfterLastBillPrint:start {"customerId":"CUS-3011000","customerName":"SUSAN YOUNG","accountNumber":"CUS-3011000","paymentHistoryLength":2,"lastBillPrintDate":"2026-03-01T08:00:00.000Z","lastBillPrintLedgerOrder":6,"latestBillingChargeSortMs":1772352000000,"latestBillingChargeLedgerOrder":6}
[2026-05-14T04:03:57.890Z] [info] [BillPanelTrace] getSum:skip_payment {"customerId":"CUS-3011000","customerName":"SUSAN YOUNG","accountNumber":"CUS-3011000","index":0,"reason":"testFreshStart"}
[2026-05-14T04:03:57.890Z] [info] [BillPanelTrace] getSum:payment_eval {"customerId":"CUS-3011000","customerName":"SUSAN YOUNG","accountNumber":"CUS-3011000","index":1,"paymentMethod":"Security deposit (auto)","amountPaid":550.47,"ledgerOrder":7,"timestamp":"2026-04-01T07:00:00.000Z","countsTowardStatement":true,"tieBreak":"after_latest_billing_charge_row","mode":"billingChargeRow","paymentSortMs":1775026800000,"billAnchorMs":1772352000000,"payLo":7,"billAnchorLo":6,"tsDeltaMs":2674800000}
[2026-05-14T04:03:57.890Z] [info] [BillPanelTrace] getSumPaymentAmountsAfterLastBillPrint:result {"customerId":"CUS-3011000","customerName":"SUSAN YOUNG","accountNumber":"CUS-3011000","paidAfterSum":550.47}
[2026-05-14T04:03:57.890Z] [warn] [produceBill] keeping pdf line total; calc.total is zero (check payment snapshot cap) {"customerId":"CUS-3011000","customerName":"SUSAN YOUNG","accountNumber":"CUS-3011000","pdfTotalAmount":178.49,"calcTotal":0}
[2026-05-14T04:03:57.890Z] [info] [BillPanelTrace] produceBill:pdfReconcileCur {"customerId":"CUS-3011000","customerName":"SUSAN YOUNG","accountNumber":"CUS-3011000","taxCodeDetailsLen":3,"pdfCurrentDueDisplay_sewerPlusFirstFourTaxRows":178.49,"naiveIfWeAddedPucOnTopAgain":186.18,"pdfCurrentDueForReconcile_fromCalcSubtotalPlusPuc":178.49,"calcSubtotalBeforePuc":170.80122,"calcPucSurchargeAmount":7.686054899999999,"calcTotal":0,"pdfTotalAmount":178.49,"pdfTotalMatchesCalc":false}
[2026-05-14T04:03:57.890Z] [info] [BillPanelTrace] produceBill:unifiedTotalDueForPdf {"customerId":"CUS-3011000","customerName":"SUSAN YOUNG","accountNumber":"CUS-3011000","unifiedTotalDueForBill":178.49,"pdfSummaryLineSum":178.49,"calcRounded":0,"pdfReconcileRounded":178.49,"calcRawTotal":0}
[2026-05-14T04:03:57.890Z] [info] [BillPanelTrace] getProcessBillPanelAmounts:branch_check {"customerId":"CUS-3011000","customerName":"SUSAN YOUNG","accountNumber":"CUS-3011000","hasFrozenSnapshot":false,"lastBillPrintDate":"2026-03-01T08:00:00.000Z","lastPrintedStatementTotalDue":545.47}
[2026-05-14T04:03:57.890Z] [info] [BillPanelTrace] getSumPaymentAmountsAfterLastBillPrint:start {"customerId":"CUS-3011000","customerName":"SUSAN YOUNG","accountNumber":"CUS-3011000","paymentHistoryLength":2,"lastBillPrintDate":"2026-03-01T08:00:00.000Z","lastBillPrintLedgerOrder":6,"latestBillingChargeSortMs":1772352000000,"latestBillingChargeLedgerOrder":6}
[2026-05-14T04:03:57.890Z] [info] [BillPanelTrace] getSum:skip_payment {"customerId":"CUS-3011000","customerName":"SUSAN YOUNG","accountNumber":"CUS-3011000","index":0,"reason":"testFreshStart"}
[2026-05-14T04:03:57.890Z] [info] [BillPanelTrace] getSum:payment_eval {"customerId":"CUS-3011000","customerName":"SUSAN YOUNG","accountNumber":"CUS-3011000","index":1,"paymentMethod":"Security deposit (auto)","amountPaid":550.47,"ledgerOrder":7,"timestamp":"2026-04-01T07:00:00.000Z","countsTowardStatement":true,"tieBreak":"after_latest_billing_charge_row","mode":"billingChargeRow","paymentSortMs":1775026800000,"billAnchorMs":1772352000000,"payLo":7,"billAnchorLo":6,"tsDeltaMs":2674800000}
[2026-05-14T04:03:57.890Z] [info] [BillPanelTrace] getSumPaymentAmountsAfterLastBillPrint:result {"customerId":"CUS-3011000","customerName":"SUSAN YOUNG","accountNumber":"CUS-3011000","paidAfterSum":550.47}
[2026-05-14T04:03:57.890Z] [info] [BillPanelTrace] getSumPaymentAmountsAfterLastBillPrint:start {"customerId":"CUS-3011000","customerName":"SUSAN YOUNG","accountNumber":"CUS-3011000","paymentHistoryLength":2,"lastBillPrintDate":"2026-03-01T08:00:00.000Z","lastBillPrintLedgerOrder":6,"latestBillingChargeSortMs":1772352000000,"latestBillingChargeLedgerOrder":6}
[2026-05-14T04:03:57.890Z] [info] [BillPanelTrace] getSum:skip_payment {"customerId":"CUS-3011000","customerName":"SUSAN YOUNG","accountNumber":"CUS-3011000","index":0,"reason":"testFreshStart"}
[2026-05-14T04:03:57.890Z] [info] [BillPanelTrace] getSum:payment_eval {"customerId":"CUS-3011000","customerName":"SUSAN YOUNG","accountNumber":"CUS-3011000","index":1,"paymentMethod":"Security deposit (auto)","amountPaid":550.47,"ledgerOrder":7,"timestamp":"2026-04-01T07:00:00.000Z","countsTowardStatement":true,"tieBreak":"after_latest_billing_charge_row","mode":"billingChargeRow","paymentSortMs":1775026800000,"billAnchorMs":1772352000000,"payLo":7,"billAnchorLo":6,"tsDeltaMs":2674800000}
[2026-05-14T04:03:57.890Z] [info] [BillPanelTrace] getSumPaymentAmountsAfterLastBillPrint:result {"customerId":"CUS-3011000","customerName":"SUSAN YOUNG","accountNumber":"CUS-3011000","paidAfterSum":550.47}
[2026-05-14T04:03:57.890Z] [info] [BillPanelTrace] getSumPaymentAmountsAfterLastBillPrint:start {"customerId":"CUS-3011000","customerName":"SUSAN YOUNG","accountNumber":"CUS-3011000","paymentHistoryLength":2,"lastBillPrintDate":"2026-03-01T08:00:00.000Z","lastBillPrintLedgerOrder":6,"latestBillingChargeSortMs":1772352000000,"latestBillingChargeLedgerOrder":6}
[2026-05-14T04:03:57.890Z] [info] [BillPanelTrace] getSum:skip_payment {"customerId":"CUS-3011000","customerName":"SUSAN YOUNG","accountNumber":"CUS-3011000","index":0,"reason":"testFreshStart"}
[2026-05-14T04:03:57.890Z] [info] [BillPanelTrace] getSum:payment_eval {"customerId":"CUS-3011000","customerName":"SUSAN YOUNG","accountNumber":"CUS-3011000","index":1,"paymentMethod":"Security deposit (auto)","amountPaid":550.47,"ledgerOrder":7,"timestamp":"2026-04-01T07:00:00.000Z","countsTowardStatement":true,"tieBreak":"after_latest_billing_charge_row","mode":"billingChargeRow","paymentSortMs":1775026800000,"billAnchorMs":1772352000000,"payLo":7,"billAnchorLo":6,"tsDeltaMs":2674800000}
[2026-05-14T04:03:57.890Z] [info] [BillPanelTrace] getSumPaymentAmountsAfterLastBillPrint:result {"customerId":"CUS-3011000","customerName":"SUSAN YOUNG","accountNumber":"CUS-3011000","paidAfterSum":550.47}
[2026-05-14T04:03:57.890Z] [info] [BillPanelTrace] getProcessBillPanelAmounts:result_live {"customerId":"CUS-3011000","customerName":"SUSAN YOUNG","accountNumber":"CUS-3011000","total":0,"pastDue":0,"lateFee":0,"dueDateStr":"03/21/2026","fromFrozen":false}
[2026-05-14T04:03:57.890Z] [info] [BillPanelTrace] getSumPaymentAmountsAfterLastBillPrint:start {"customerId":"CUS-3011000","customerName":"SUSAN YOUNG","accountNumber":"CUS-3011000","paymentHistoryLength":2,"lastBillPrintDate":"2026-03-01T08:00:00.000Z","lastBillPrintLedgerOrder":6,"latestBillingChargeSortMs":1772352000000,"latestBillingChargeLedgerOrder":6}
[2026-05-14T04:03:57.890Z] [info] [BillPanelTrace] getSum:skip_payment {"customerId":"CUS-3011000","customerName":"SUSAN YOUNG","accountNumber":"CUS-3011000","index":0,"reason":"testFreshStart"}
[2026-05-14T04:03:57.890Z] [info] [BillPanelTrace] getSum:payment_eval {"customerId":"CUS-3011000","customerName":"SUSAN YOUNG","accountNumber":"CUS-3011000","index":1,"paymentMethod":"Security deposit (auto)","amountPaid":550.47,"ledgerOrder":7,"timestamp":"2026-04-01T07:00:00.000Z","countsTowardStatement":true,"tieBreak":"after_latest_billing_charge_row","mode":"billingChargeRow","paymentSortMs":1775026800000,"billAnchorMs":1772352000000,"payLo":7,"billAnchorLo":6,"tsDeltaMs":2674800000}
[2026-05-14T04:03:57.890Z] [info] [BillPanelTrace] getSumPaymentAmountsAfterLastBillPrint:result {"customerId":"CUS-3011000","customerName":"SUSAN YOUNG","accountNumber":"CUS-3011000","paidAfterSum":550.47}
[2026-05-14T04:03:57.940Z] [info] [BillPanelTrace] getSumPaymentAmountsAfterLastBillPrint:start {"customerId":"CUS-3011000","customerName":"SUSAN YOUNG","accountNumber":"CUS-3011000","paymentHistoryLength":2,"lastBillPrintDate":"2026-03-01T08:00:00.000Z","lastBillPrintLedgerOrder":6,"latestBillingChargeSortMs":1772352000000,"latestBillingChargeLedgerOrder":6}
[2026-05-14T04:03:57.941Z] [info] [BillPanelTrace] getSum:skip_payment {"customerId":"CUS-3011000","customerName":"SUSAN YOUNG","accountNumber":"CUS-3011000","index":0,"reason":"testFreshStart"}
[2026-05-14T04:03:57.941Z] [info] [BillPanelTrace] getSum:payment_eval {"customerId":"CUS-3011000","customerName":"SUSAN YOUNG","accountNumber":"CUS-3011000","index":1,"paymentMethod":"Security deposit (auto)","amountPaid":550.47,"ledgerOrder":7,"timestamp":"2026-04-01T07:00:00.000Z","countsTowardStatement":true,"tieBreak":"after_latest_billing_charge_row","mode":"billingChargeRow","paymentSortMs":1775026800000,"billAnchorMs":1772352000000,"payLo":7,"billAnchorLo":6,"tsDeltaMs":2674800000}
[2026-05-14T04:03:57.941Z] [info] [BillPanelTrace] getSumPaymentAmountsAfterLastBillPrint:result {"customerId":"CUS-3011000","customerName":"SUSAN YOUNG","accountNumber":"CUS-3011000","paidAfterSum":550.47}
[2026-05-14T04:03:57.941Z] [warn] [BillRowCurrentDue] {"customerId":"CUS-3011000","customerName":"SUSAN YOUNG","accountNumber":"CUS-3011000","message":"calc.total was ~0 while billing columns sum to a positive amount; row currentDue is column sum","columnSumBill":178.49,"authRoll":0,"currentDueOnBill":178.49,"currentDuePickBranch":"use_bill_line_column_sum"}
[2026-05-14T04:03:57.941Z] [info] [PastDueRoll] applyBillProductionRollForward:beforeRoll {"customerId":"CUS-3011000","name":"SUSAN YOUNG","prevPastDueRaw":0,"unpaidCurrent":0,"grossCurrentOwed":178.49,"statementTotal":178.49,"closedStatementTotalFromBill":178.49,"calcTotal":0,"calcCurrentDue":0,"rollUnpaidCurrentIntoPastDue":true}
[2026-05-14T04:03:57.941Z] [info] [PastDueRoll] applyBillProductionRollForward:afterRoll {"customerId":"CUS-3011000","name":"SUSAN YOUNG","newPastDue":0,"pastDueComposition":{"Past due amount":0,"Late fees":0,"Current amount due":0,"Puc surcharge":0,"Tax Codes":0},"compSum":0}
[2026-05-14T04:03:57.941Z] [info] [BillPanelTrace] getProcessBillPanelAmounts:branch_check {"customerId":"CUS-3011000","customerName":"SUSAN YOUNG","accountNumber":"CUS-3011000","hasFrozenSnapshot":false,"lastBillPrintDate":"2026-03-01T08:00:00.000Z","lastPrintedStatementTotalDue":178.49}
[2026-05-14T04:03:57.941Z] [info] [BillPanelTrace] getCurrentCycleDueWithPaymentConsistency:latePaid_bucket_vs_ledger {"customerId":"CUS-3011000","customerName":"SUSAN YOUNG","accountNumber":"CUS-3011000","bucketLatePaid":0,"ledgerLatePaidAfterBill":10,"lateFeeAmount":0}
[2026-05-14T04:03:57.941Z] [info] [BillPanelTrace] getSumPaymentAmountsAfterLastBillPrint:start {"customerId":"CUS-3011000","customerName":"SUSAN YOUNG","accountNumber":"CUS-3011000","paymentHistoryLength":2,"lastBillPrintDate":"2026-03-01T08:00:00.000Z","lastBillPrintLedgerOrder":6,"latestBillingChargeSortMs":1772352000000,"latestBillingChargeLedgerOrder":6}
[2026-05-14T04:03:57.941Z] [info] [BillPanelTrace] getSum:skip_payment {"customerId":"CUS-3011000","customerName":"SUSAN YOUNG","accountNumber":"CUS-3011000","index":0,"reason":"testFreshStart"}
[2026-05-14T04:03:57.941Z] [info] [BillPanelTrace] getSum:payment_eval {"customerId":"CUS-3011000","customerName":"SUSAN YOUNG","accountNumber":"CUS-3011000","index":1,"paymentMethod":"Security deposit (auto)","amountPaid":550.47,"ledgerOrder":7,"timestamp":"2026-04-01T07:00:00.000Z","countsTowardStatement":true,"tieBreak":"after_latest_billing_charge_row","mode":"billingChargeRow","paymentSortMs":1775026800000,"billAnchorMs":1772352000000,"payLo":7,"billAnchorLo":6,"tsDeltaMs":2674800000}
[2026-05-14T04:03:57.941Z] [info] [BillPanelTrace] getSumPaymentAmountsAfterLastBillPrint:result {"customerId":"CUS-3011000","customerName":"SUSAN YOUNG","accountNumber":"CUS-3011000","paidAfterSum":550.47}
[2026-05-14T04:03:57.941Z] [info] [BillPanelTrace] getCurrentCycleDueWithPaymentConsistency:latePaid_bucket_vs_ledger {"customerId":"CUS-3011000","customerName":"SUSAN YOUNG","accountNumber":"CUS-3011000","bucketLatePaid":0,"ledgerLatePaidAfterBill":10,"lateFeeAmount":5}
[2026-05-14T04:03:57.941Z] [info] [BillPanelTrace] getSumPaymentAmountsAfterLastBillPrint:start {"customerId":"CUS-3011000","customerName":"SUSAN YOUNG","accountNumber":"CUS-3011000","paymentHistoryLength":2,"lastBillPrintDate":"2026-03-01T08:00:00.000Z","lastBillPrintLedgerOrder":6,"latestBillingChargeSortMs":1772352000000,"latestBillingChargeLedgerOrder":6}
[2026-05-14T04:03:57.941Z] [info] [BillPanelTrace] getSum:skip_payment {"customerId":"CUS-3011000","customerName":"SUSAN YOUNG","accountNumber":"CUS-3011000","index":0,"reason":"testFreshStart"}
[2026-05-14T04:03:57.941Z] [info] [BillPanelTrace] getSum:payment_eval {"customerId":"CUS-3011000","customerName":"SUSAN YOUNG","accountNumber":"CUS-3011000","index":1,"paymentMethod":"Security deposit (auto)","amountPaid":550.47,"ledgerOrder":7,"timestamp":"2026-04-01T07:00:00.000Z","countsTowardStatement":true,"tieBreak":"after_latest_billing_charge_row","mode":"billingChargeRow","paymentSortMs":1775026800000,"billAnchorMs":1772352000000,"payLo":7,"billAnchorLo":6,"tsDeltaMs":2674800000}
[2026-05-14T04:03:57.941Z] [info] [BillPanelTrace] getSumPaymentAmountsAfterLastBillPrint:result {"customerId":"CUS-3011000","customerName":"SUSAN YOUNG","accountNumber":"CUS-3011000","paidAfterSum":550.47}
[2026-05-14T04:03:57.941Z] [info] [BillPanelTrace] getSumPaymentAmountsAfterLastBillPrint:start {"customerId":"CUS-3011000","customerName":"SUSAN YOUNG","accountNumber":"CUS-3011000","paymentHistoryLength":2,"lastBillPrintDate":"2026-03-01T08:00:00.000Z","lastBillPrintLedgerOrder":6,"latestBillingChargeSortMs":1772352000000,"latestBillingChargeLedgerOrder":6}
[2026-05-14T04:03:57.941Z] [info] [BillPanelTrace] getSum:skip_payment {"customerId":"CUS-3011000","customerName":"SUSAN YOUNG","accountNumber":"CUS-3011000","index":0,"reason":"testFreshStart"}
[2026-05-14T04:03:57.941Z] [info] [BillPanelTrace] getSum:payment_eval {"customerId":"CUS-3011000","customerName":"SUSAN YOUNG","accountNumber":"CUS-3011000","index":1,"paymentMethod":"Security deposit (auto)","amountPaid":550.47,"ledgerOrder":7,"timestamp":"2026-04-01T07:00:00.000Z","countsTowardStatement":true,"tieBreak":"after_latest_billing_charge_row","mode":"billingChargeRow","paymentSortMs":1775026800000,"billAnchorMs":1772352000000,"payLo":7,"billAnchorLo":6,"tsDeltaMs":2674800000}
[2026-05-14T04:03:57.941Z] [info] [BillPanelTrace] getSumPaymentAmountsAfterLastBillPrint:result {"customerId":"CUS-3011000","customerName":"SUSAN YOUNG","accountNumber":"CUS-3011000","paidAfterSum":550.47}
[2026-05-14T04:03:57.941Z] [info] [BillPanelTrace] getCurrentCycleDueWithPaymentConsistency:latePaid_bucket_vs_ledger {"customerId":"CUS-3011000","customerName":"SUSAN YOUNG","accountNumber":"CUS-3011000","bucketLatePaid":0,"ledgerLatePaidAfterBill":10,"lateFeeAmount":0}
[2026-05-14T04:03:57.941Z] [info] [BillPanelTrace] getCurrentCycleDueWithPaymentConsistency:latePaid_bucket_vs_ledger {"customerId":"CUS-3011000","customerName":"SUSAN YOUNG","accountNumber":"CUS-3011000","bucketLatePaid":0,"ledgerLatePaidAfterBill":10,"lateFeeAmount":5}
[2026-05-14T04:03:57.941Z] [info] [BillPanelTrace] getSumPaymentAmountsAfterLastBillPrint:start {"customerId":"CUS-3011000","customerName":"SUSAN YOUNG","accountNumber":"CUS-3011000","paymentHistoryLength":2,"lastBillPrintDate":"2026-03-01T08:00:00.000Z","lastBillPrintLedgerOrder":6,"latestBillingChargeSortMs":1772352000000,"latestBillingChargeLedgerOrder":6}
[2026-05-14T04:03:57.941Z] [info] [BillPanelTrace] getSum:skip_payment {"customerId":"CUS-3011000","customerName":"SUSAN YOUNG","accountNumber":"CUS-3011000","index":0,"reason":"testFreshStart"}
[2026-05-14T04:03:57.941Z] [info] [BillPanelTrace] getSum:payment_eval {"customerId":"CUS-3011000","customerName":"SUSAN YOUNG","accountNumber":"CUS-3011000","index":1,"paymentMethod":"Security deposit (auto)","amountPaid":550.47,"ledgerOrder":7,"timestamp":"2026-04-01T07:00:00.000Z","countsTowardStatement":true,"tieBreak":"after_latest_billing_charge_row","mode":"billingChargeRow","paymentSortMs":1775026800000,"billAnchorMs":1772352000000,"payLo":7,"billAnchorLo":6,"tsDeltaMs":2674800000}
[2026-05-14T04:03:57.941Z] [info] [BillPanelTrace] getSumPaymentAmountsAfterLastBillPrint:result {"customerId":"CUS-3011000","customerName":"SUSAN YOUNG","accountNumber":"CUS-3011000","paidAfterSum":550.47}
[2026-05-14T04:03:57.941Z] [info] [BillPanelTrace] applyOpenBalanceSnapshotCapToPanelAmounts:skip_stale_zero_snap {"customerId":"CUS-3011000","customerName":"SUSAN YOUNG","accountNumber":"CUS-3011000","snap":0,"curTotal":178.49}
[2026-05-14T04:03:57.942Z] [info] [BillPanelTrace] getCurrentCycleDueWithPaymentConsistency:latePaid_bucket_vs_ledger {"customerId":"CUS-3011000","customerName":"SUSAN YOUNG","accountNumber":"CUS-3011000","bucketLatePaid":0,"ledgerLatePaidAfterBill":10,"lateFeeAmount":0}
[2026-05-14T04:03:57.942Z] [info] [BillPanelTrace] getProcessBillPanelAmounts:result_live {"customerId":"CUS-3011000","customerName":"SUSAN YOUNG","accountNumber":"CUS-3011000","total":183.49,"pastDue":0,"lateFee":5,"dueDateStr":"03/21/2026","fromFrozen":false}
[2026-05-14T04:03:57.942Z] [info] [BillPanelTrace] getProcessBillPanelAmounts:branch_check {"customerId":"CUS-3011000","customerName":"SUSAN YOUNG","accountNumber":"CUS-3011000","hasFrozenSnapshot":false,"lastBillPrintDate":"2026-03-01T08:00:00.000Z","lastPrintedStatementTotalDue":178.49}
[2026-05-14T04:03:57.942Z] [info] [BillPanelTrace] getCurrentCycleDueWithPaymentConsistency:latePaid_bucket_vs_ledger {"customerId":"CUS-3011000","customerName":"SUSAN YOUNG","accountNumber":"CUS-3011000","bucketLatePaid":0,"ledgerLatePaidAfterBill":10,"lateFeeAmount":0}
[2026-05-14T04:03:57.942Z] [info] [BillPanelTrace] getSumPaymentAmountsAfterLastBillPrint:start {"customerId":"CUS-3011000","customerName":"SUSAN YOUNG","accountNumber":"CUS-3011000","paymentHistoryLength":2,"lastBillPrintDate":"2026-03-01T08:00:00.000Z","lastBillPrintLedgerOrder":6,"latestBillingChargeSortMs":1772352000000,"latestBillingChargeLedgerOrder":6}
[2026-05-14T04:03:57.942Z] [info] [BillPanelTrace] getSum:skip_payment {"customerId":"CUS-3011000","customerName":"SUSAN YOUNG","accountNumber":"CUS-3011000","index":0,"reason":"testFreshStart"}
[2026-05-14T04:03:57.942Z] [info] [BillPanelTrace] getSum:payment_eval {"customerId":"CUS-3011000","customerName":"SUSAN YOUNG","accountNumber":"CUS-3011000","index":1,"paymentMethod":"Security deposit (auto)","amountPaid":550.47,"ledgerOrder":7,"timestamp":"2026-04-01T07:00:00.000Z","countsTowardStatement":true,"tieBreak":"after_latest_billing_charge_row","mode":"billingChargeRow","paymentSortMs":1775026800000,"billAnchorMs":1772352000000,"payLo":7,"billAnchorLo":6,"tsDeltaMs":2674800000}
[2026-05-14T04:03:57.942Z] [info] [BillPanelTrace] getSumPaymentAmountsAfterLastBillPrint:result {"customerId":"CUS-3011000","customerName":"SUSAN YOUNG","accountNumber":"CUS-3011000","paidAfterSum":550.47}
[2026-05-14T04:03:57.942Z] [info] [BillPanelTrace] getCurrentCycleDueWithPaymentConsistency:latePaid_bucket_vs_ledger {"customerId":"CUS-3011000","customerName":"SUSAN YOUNG","accountNumber":"CUS-3011000","bucketLatePaid":0,"ledgerLatePaidAfterBill":10,"lateFeeAmount":5}
[2026-05-14T04:03:57.942Z] [info] [BillPanelTrace] getSumPaymentAmountsAfterLastBillPrint:start {"customerId":"CUS-3011000","customerName":"SUSAN YOUNG","accountNumber":"CUS-3011000","paymentHistoryLength":2,"lastBillPrintDate":"2026-03-01T08:00:00.000Z","lastBillPrintLedgerOrder":6,"latestBillingChargeSortMs":1772352000000,"latestBillingChargeLedgerOrder":6}
[2026-05-14T04:03:57.942Z] [info] [BillPanelTrace] getSum:skip_payment {"customerId":"CUS-3011000","customerName":"SUSAN YOUNG","accountNumber":"CUS-3011000","index":0,"reason":"testFreshStart"}
[2026-05-14T04:03:57.942Z] [info] [BillPanelTrace] getSum:payment_eval {"customerId":"CUS-3011000","customerName":"SUSAN YOUNG","accountNumber":"CUS-3011000","index":1,"paymentMethod":"Security deposit (auto)","amountPaid":550.47,"ledgerOrder":7,"timestamp":"2026-04-01T07:00:00.000Z","countsTowardStatement":true,"tieBreak":"after_latest_billing_charge_row","mode":"billingChargeRow","paymentSortMs":1775026800000,"billAnchorMs":1772352000000,"payLo":7,"billAnchorLo":6,"tsDeltaMs":2674800000}
[2026-05-14T04:03:57.942Z] [info] [BillPanelTrace] getSumPaymentAmountsAfterLastBillPrint:result {"customerId":"CUS-3011000","customerName":"SUSAN YOUNG","accountNumber":"CUS-3011000","paidAfterSum":550.47}
[2026-05-14T04:03:57.942Z] [info] [BillPanelTrace] getSumPaymentAmountsAfterLastBillPrint:start {"customerId":"CUS-3011000","customerName":"SUSAN YOUNG","accountNumber":"CUS-3011000","paymentHistoryLength":2,"lastBillPrintDate":"2026-03-01T08:00:00.000Z","lastBillPrintLedgerOrder":6,"latestBillingChargeSortMs":1772352000000,"latestBillingChargeLedgerOrder":6}
[2026-05-14T04:03:57.942Z] [info] [BillPanelTrace] getSum:skip_payment {"customerId":"CUS-3011000","customerName":"SUSAN YOUNG","accountNumber":"CUS-3011000","index":0,"reason":"testFreshStart"}
[2026-05-14T04:03:57.942Z] [info] [BillPanelTrace] getSum:payment_eval {"customerId":"CUS-3011000","customerName":"SUSAN YOUNG","accountNumber":"CUS-3011000","index":1,"paymentMethod":"Security deposit (auto)","amountPaid":550.47,"ledgerOrder":7,"timestamp":"2026-04-01T07:00:00.000Z","countsTowardStatement":true,"tieBreak":"after_latest_billing_charge_row","mode":"billingChargeRow","paymentSortMs":1775026800000,"billAnchorMs":1772352000000,"payLo":7,"billAnchorLo":6,"tsDeltaMs":2674800000}
[2026-05-14T04:03:57.942Z] [info] [BillPanelTrace] getSumPaymentAmountsAfterLastBillPrint:result {"customerId":"CUS-3011000","customerName":"SUSAN YOUNG","accountNumber":"CUS-3011000","paidAfterSum":550.47}
[2026-05-14T04:03:57.942Z] [info] [BillPanelTrace] getCurrentCycleDueWithPaymentConsistency:latePaid_bucket_vs_ledger {"customerId":"CUS-3011000","customerName":"SUSAN YOUNG","accountNumber":"CUS-3011000","bucketLatePaid":0,"ledgerLatePaidAfterBill":10,"lateFeeAmount":0}
[2026-05-14T04:03:57.942Z] [info] [BillPanelTrace] getCurrentCycleDueWithPaymentConsistency:latePaid_bucket_vs_ledger {"customerId":"CUS-3011000","customerName":"SUSAN YOUNG","accountNumber":"CUS-3011000","bucketLatePaid":0,"ledgerLatePaidAfterBill":10,"lateFeeAmount":5}
[2026-05-14T04:03:57.942Z] [info] [BillPanelTrace] getSumPaymentAmountsAfterLastBillPrint:start {"customerId":"CUS-3011000","customerName":"SUSAN YOUNG","accountNumber":"CUS-3011000","paymentHistoryLength":2,"lastBillPrintDate":"2026-03-01T08:00:00.000Z","lastBillPrintLedgerOrder":6,"latestBillingChargeSortMs":1772352000000,"latestBillingChargeLedgerOrder":6}
[2026-05-14T04:03:57.942Z] [info] [BillPanelTrace] getSum:skip_payment {"customerId":"CUS-3011000","customerName":"SUSAN YOUNG","accountNumber":"CUS-3011000","index":0,"reason":"testFreshStart"}
[2026-05-14T04:03:57.942Z] [info] [BillPanelTrace] getSum:payment_eval {"customerId":"CUS-3011000","customerName":"SUSAN YOUNG","accountNumber":"CUS-3011000","index":1,"paymentMethod":"Security deposit (auto)","amountPaid":550.47,"ledgerOrder":7,"timestamp":"2026-04-01T07:00:00.000Z","countsTowardStatement":true,"tieBreak":"after_latest_billing_charge_row","mode":"billingChargeRow","paymentSortMs":1775026800000,"billAnchorMs":1772352000000,"payLo":7,"billAnchorLo":6,"tsDeltaMs":2674800000}
[2026-05-14T04:03:57.942Z] [info] [BillPanelTrace] getSumPaymentAmountsAfterLastBillPrint:result {"customerId":"CUS-3011000","customerName":"SUSAN YOUNG","accountNumber":"CUS-3011000","paidAfterSum":550.47}
[2026-05-14T04:03:57.942Z] [info] [BillPanelTrace] applyOpenBalanceSnapshotCapToPanelAmounts:skip_stale_zero_snap {"customerId":"CUS-3011000","customerName":"SUSAN YOUNG","accountNumber":"CUS-3011000","snap":0,"curTotal":178.49}
[2026-05-14T04:03:57.942Z] [info] [BillPanelTrace] getCurrentCycleDueWithPaymentConsistency:latePaid_bucket_vs_ledger {"customerId":"CUS-3011000","customerName":"SUSAN YOUNG","accountNumber":"CUS-3011000","bucketLatePaid":0,"ledgerLatePaidAfterBill":10,"lateFeeAmount":0}
[2026-05-14T04:03:57.942Z] [info] [BillPanelTrace] getProcessBillPanelAmounts:result_live {"customerId":"CUS-3011000","customerName":"SUSAN YOUNG","accountNumber":"CUS-3011000","total":183.49,"pastDue":0,"lateFee":5,"dueDateStr":"03/21/2026","fromFrozen":false}
[2026-05-14T04:03:57.942Z] [info] [BillPanelTrace] getCurrentCycleDueWithPaymentConsistency:latePaid_bucket_vs_ledger {"customerId":"CUS-3011000","customerName":"SUSAN YOUNG","accountNumber":"CUS-3011000","bucketLatePaid":0,"ledgerLatePaidAfterBill":10,"lateFeeAmount":0}
[2026-05-14T04:03:57.942Z] [info] [BillPanelTrace] getSumPaymentAmountsAfterLastBillPrint:start {"customerId":"CUS-3011000","customerName":"SUSAN YOUNG","accountNumber":"CUS-3011000","paymentHistoryLength":2,"lastBillPrintDate":"2026-03-01T08:00:00.000Z","lastBillPrintLedgerOrder":6,"latestBillingChargeSortMs":1772352000000,"latestBillingChargeLedgerOrder":6}
[2026-05-14T04:03:57.942Z] [info] [BillPanelTrace] getSum:skip_payment {"customerId":"CUS-3011000","customerName":"SUSAN YOUNG","accountNumber":"CUS-3011000","index":0,"reason":"testFreshStart"}
[2026-05-14T04:03:57.942Z] [info] [BillPanelTrace] getSum:payment_eval {"customerId":"CUS-3011000","customerName":"SUSAN YOUNG","accountNumber":"CUS-3011000","index":1,"paymentMethod":"Security deposit (auto)","amountPaid":550.47,"ledgerOrder":7,"timestamp":"2026-04-01T07:00:00.000Z","countsTowardStatement":true,"tieBreak":"after_latest_billing_charge_row","mode":"billingChargeRow","paymentSortMs":1775026800000,"billAnchorMs":1772352000000,"payLo":7,"billAnchorLo":6,"tsDeltaMs":2674800000}
[2026-05-14T04:03:57.942Z] [info] [BillPanelTrace] getSumPaymentAmountsAfterLastBillPrint:result {"customerId":"CUS-3011000","customerName":"SUSAN YOUNG","accountNumber":"CUS-3011000","paidAfterSum":550.47}
[2026-05-14T04:03:57.943Z] [info] [BillPanelTrace] getCurrentCycleDueWithPaymentConsistency:latePaid_bucket_vs_ledger {"customerId":"CUS-3011000","customerName":"SUSAN YOUNG","accountNumber":"CUS-3011000","bucketLatePaid":0,"ledgerLatePaidAfterBill":10,"lateFeeAmount":5}
[2026-05-14T04:03:57.943Z] [info] [BillPanelTrace] getSumPaymentAmountsAfterLastBillPrint:start {"customerId":"CUS-3011000","customerName":"SUSAN YOUNG","accountNumber":"CUS-3011000","paymentHistoryLength":2,"lastBillPrintDate":"2026-03-01T08:00:00.000Z","lastBillPrintLedgerOrder":6,"latestBillingChargeSortMs":1772352000000,"latestBillingChargeLedgerOrder":6}
[2026-05-14T04:03:57.943Z] [info] [BillPanelTrace] getSum:skip_payment {"customerId":"CUS-3011000","customerName":"SUSAN YOUNG","accountNumber":"CUS-3011000","index":0,"reason":"testFreshStart"}
[2026-05-14T04:03:57.943Z] [info] [BillPanelTrace] getSum:payment_eval {"customerId":"CUS-3011000","customerName":"SUSAN YOUNG","accountNumber":"CUS-3011000","index":1,"paymentMethod":"Security deposit (auto)","amountPaid":550.47,"ledgerOrder":7,"timestamp":"2026-04-01T07:00:00.000Z","countsTowardStatement":true,"tieBreak":"after_latest_billing_charge_row","mode":"billingChargeRow","paymentSortMs":1775026800000,"billAnchorMs":1772352000000,"payLo":7,"billAnchorLo":6,"tsDeltaMs":2674800000}
[2026-05-14T04:03:57.943Z] [info] [BillPanelTrace] getSumPaymentAmountsAfterLastBillPrint:result {"customerId":"CUS-3011000","customerName":"SUSAN YOUNG","accountNumber":"CUS-3011000","paidAfterSum":550.47}
[2026-05-14T04:03:58.163Z] [info] [BillPanelTrace] getProcessBillPanelAmounts:branch_check {"customerId":"CUS-3011000","customerName":"SUSAN YOUNG","accountNumber":"CUS-3011000","hasFrozenSnapshot":true,"frozenAmountDue":178.49,"lastBillPrintDate":"2026-04-01T07:00:00.000Z","lastPrintedStatementTotalDue":178.49}
[2026-05-14T04:03:58.163Z] [info] [BillPanelTrace] getSumPaymentAmountsAfterLastBillPrint:start {"customerId":"CUS-3011000","customerName":"SUSAN YOUNG","accountNumber":"CUS-3011000","paymentHistoryLength":2,"lastBillPrintDate":"2026-04-01T07:00:00.000Z","lastBillPrintLedgerOrder":8,"latestBillingChargeSortMs":1775026800000,"latestBillingChargeLedgerOrder":8}
[2026-05-14T04:03:58.163Z] [info] [BillPanelTrace] getSum:skip_payment {"customerId":"CUS-3011000","customerName":"SUSAN YOUNG","accountNumber":"CUS-3011000","index":0,"reason":"testFreshStart"}
[2026-05-14T04:03:58.163Z] [info] [BillPanelTrace] getSum:payment_eval {"customerId":"CUS-3011000","customerName":"SUSAN YOUNG","accountNumber":"CUS-3011000","index":1,"paymentMethod":"Security deposit (auto)","amountPaid":550.47,"ledgerOrder":7,"timestamp":"2026-04-01T07:00:00.000Z","countsTowardStatement":true,"tieBreak":"same_ms_payment_counts_after_bill","mode":"billingChargeRow","paymentSortMs":1775026800000,"billAnchorMs":1775026800000,"payLo":7,"billAnchorLo":8,"tsDeltaMs":0}
[2026-05-14T04:03:58.163Z] [info] [BillPanelTrace] getSumPaymentAmountsAfterLastBillPrint:result {"customerId":"CUS-3011000","customerName":"SUSAN YOUNG","accountNumber":"CUS-3011000","paidAfterSum":550.47}
[2026-05-14T04:03:58.163Z] [info] [BillPanelTrace] getProcessBillPanelAmounts:frozen_branch {"customerId":"CUS-3011000","customerName":"SUSAN YOUNG","accountNumber":"CUS-3011000","paidAfterLastBill":550.47,"willBypassFrozenToLive":true}
[2026-05-14T04:03:58.163Z] [info] [BillPanelTrace] getSumPaymentAmountsAfterLastBillPrint:start {"customerId":"CUS-3011000","customerName":"SUSAN YOUNG","accountNumber":"CUS-3011000","paymentHistoryLength":2,"lastBillPrintDate":"2026-04-01T07:00:00.000Z","lastBillPrintLedgerOrder":8,"latestBillingChargeSortMs":1775026800000,"latestBillingChargeLedgerOrder":8}
[2026-05-14T04:03:58.163Z] [info] [BillPanelTrace] getSum:skip_payment {"customerId":"CUS-3011000","customerName":"SUSAN YOUNG","accountNumber":"CUS-3011000","index":0,"reason":"testFreshStart"}
[2026-05-14T04:03:58.163Z] [info] [BillPanelTrace] getSum:payment_eval {"customerId":"CUS-3011000","customerName":"SUSAN YOUNG","accountNumber":"CUS-3011000","index":1,"paymentMethod":"Security deposit (auto)","amountPaid":550.47,"ledgerOrder":7,"timestamp":"2026-04-01T07:00:00.000Z","countsTowardStatement":true,"tieBreak":"same_ms_payment_counts_after_bill","mode":"billingChargeRow","paymentSortMs":1775026800000,"billAnchorMs":1775026800000,"payLo":7,"billAnchorLo":8,"tsDeltaMs":0}
[2026-05-14T04:03:58.163Z] [info] [BillPanelTrace] getSumPaymentAmountsAfterLastBillPrint:result {"customerId":"CUS-3011000","customerName":"SUSAN YOUNG","accountNumber":"CUS-3011000","paidAfterSum":550.47}
[2026-05-14T04:03:58.163Z] [info] [BillPanelTrace] getSumPaymentAmountsAfterLastBillPrint:start {"customerId":"CUS-3011000","customerName":"SUSAN YOUNG","accountNumber":"CUS-3011000","paymentHistoryLength":2,"lastBillPrintDate":"2026-04-01T07:00:00.000Z","lastBillPrintLedgerOrder":8,"latestBillingChargeSortMs":1775026800000,"latestBillingChargeLedgerOrder":8}
[2026-05-14T04:03:58.163Z] [info] [BillPanelTrace] getSum:skip_payment {"customerId":"CUS-3011000","customerName":"SUSAN YOUNG","accountNumber":"CUS-3011000","index":0,"reason":"testFreshStart"}
[2026-05-14T04:03:58.163Z] [info] [BillPanelTrace] getSum:payment_eval {"customerId":"CUS-3011000","customerName":"SUSAN YOUNG","accountNumber":"CUS-3011000","index":1,"paymentMethod":"Security deposit (auto)","amountPaid":550.47,"ledgerOrder":7,"timestamp":"2026-04-01T07:00:00.000Z","countsTowardStatement":true,"tieBreak":"same_ms_payment_counts_after_bill","mode":"billingChargeRow","paymentSortMs":1775026800000,"billAnchorMs":1775026800000,"payLo":7,"billAnchorLo":8,"tsDeltaMs":0}
[2026-05-14T04:03:58.163Z] [info] [BillPanelTrace] getSumPaymentAmountsAfterLastBillPrint:result {"customerId":"CUS-3011000","customerName":"SUSAN YOUNG","accountNumber":"CUS-3011000","paidAfterSum":550.47}
[2026-05-14T04:03:58.163Z] [info] [BillPanelTrace] getSumPaymentAmountsAfterLastBillPrint:start {"customerId":"CUS-3011000","customerName":"SUSAN YOUNG","accountNumber":"CUS-3011000","paymentHistoryLength":2,"lastBillPrintDate":"2026-04-01T07:00:00.000Z","lastBillPrintLedgerOrder":8,"latestBillingChargeSortMs":1775026800000,"latestBillingChargeLedgerOrder":8}
[2026-05-14T04:03:58.163Z] [info] [BillPanelTrace] getSum:skip_payment {"customerId":"CUS-3011000","customerName":"SUSAN YOUNG","accountNumber":"CUS-3011000","index":0,"reason":"testFreshStart"}
[2026-05-14T04:03:58.163Z] [info] [BillPanelTrace] getSum:payment_eval {"customerId":"CUS-3011000","customerName":"SUSAN YOUNG","accountNumber":"CUS-3011000","index":1,"paymentMethod":"Security deposit (auto)","amountPaid":550.47,"ledgerOrder":7,"timestamp":"2026-04-01T07:00:00.000Z","countsTowardStatement":true,"tieBreak":"same_ms_payment_counts_after_bill","mode":"billingChargeRow","paymentSortMs":1775026800000,"billAnchorMs":1775026800000,"payLo":7,"billAnchorLo":8,"tsDeltaMs":0}
[2026-05-14T04:03:58.163Z] [info] [BillPanelTrace] getSumPaymentAmountsAfterLastBillPrint:result {"customerId":"CUS-3011000","customerName":"SUSAN YOUNG","accountNumber":"CUS-3011000","paidAfterSum":550.47}
[2026-05-14T04:03:58.164Z] [info] [BillPanelTrace] getProcessBillPanelAmounts:result_bypass_payments_after_bill {"customerId":"CUS-3011000","customerName":"SUSAN YOUNG","accountNumber":"CUS-3011000","total":178.49,"pastDue":0,"lateFee":0,"dueDateStr":"04/21/2026","fromFrozen":false}
[2026-05-14T04:03:58.171Z] [info] [BillPanelTrace] getProcessBillPanelAmounts:branch_check {"customerId":"CUS-3011000","customerName":"SUSAN YOUNG","accountNumber":"CUS-3011000","hasFrozenSnapshot":true,"frozenAmountDue":178.49,"lastBillPrintDate":"2026-04-01T07:00:00.000Z","lastPrintedStatementTotalDue":178.49}
[2026-05-14T04:03:58.171Z] [info] [BillPanelTrace] getSumPaymentAmountsAfterLastBillPrint:start {"customerId":"CUS-3011000","customerName":"SUSAN YOUNG","accountNumber":"CUS-3011000","paymentHistoryLength":2,"lastBillPrintDate":"2026-04-01T07:00:00.000Z","lastBillPrintLedgerOrder":8,"latestBillingChargeSortMs":1775026800000,"latestBillingChargeLedgerOrder":8}
[2026-05-14T04:03:58.171Z] [info] [BillPanelTrace] getSum:skip_payment {"customerId":"CUS-3011000","customerName":"SUSAN YOUNG","accountNumber":"CUS-3011000","index":0,"reason":"testFreshStart"}
[2026-05-14T04:03:58.171Z] [info] [BillPanelTrace] getSum:payment_eval {"customerId":"CUS-3011000","customerName":"SUSAN YOUNG","accountNumber":"CUS-3011000","index":1,"paymentMethod":"Security deposit (auto)","amountPaid":550.47,"ledgerOrder":7,"timestamp":"2026-04-01T07:00:00.000Z","countsTowardStatement":true,"tieBreak":"same_ms_payment_counts_after_bill","mode":"billingChargeRow","paymentSortMs":1775026800000,"billAnchorMs":1775026800000,"payLo":7,"billAnchorLo":8,"tsDeltaMs":0}
[2026-05-14T04:03:58.171Z] [info] [BillPanelTrace] getSumPaymentAmountsAfterLastBillPrint:result {"customerId":"CUS-3011000","customerName":"SUSAN YOUNG","accountNumber":"CUS-3011000","paidAfterSum":550.47}
[2026-05-14T04:03:58.172Z] [info] [BillPanelTrace] getProcessBillPanelAmounts:frozen_branch {"customerId":"CUS-3011000","customerName":"SUSAN YOUNG","accountNumber":"CUS-3011000","paidAfterLastBill":550.47,"willBypassFrozenToLive":true}
[2026-05-14T04:03:58.172Z] [info] [BillPanelTrace] getSumPaymentAmountsAfterLastBillPrint:start {"customerId":"CUS-3011000","customerName":"SUSAN YOUNG","accountNumber":"CUS-3011000","paymentHistoryLength":2,"lastBillPrintDate":"2026-04-01T07:00:00.000Z","lastBillPrintLedgerOrder":8,"latestBillingChargeSortMs":1775026800000,"latestBillingChargeLedgerOrder":8}
[2026-05-14T04:03:58.172Z] [info] [BillPanelTrace] getSum:skip_payment {"customerId":"CUS-3011000","customerName":"SUSAN YOUNG","accountNumber":"CUS-3011000","index":0,"reason":"testFreshStart"}
[2026-05-14T04:03:58.172Z] [info] [BillPanelTrace] getSum:payment_eval {"customerId":"CUS-3011000","customerName":"SUSAN YOUNG","accountNumber":"CUS-3011000","index":1,"paymentMethod":"Security deposit (auto)","amountPaid":550.47,"ledgerOrder":7,"timestamp":"2026-04-01T07:00:00.000Z","countsTowardStatement":true,"tieBreak":"same_ms_payment_counts_after_bill","mode":"billingChargeRow","paymentSortMs":1775026800000,"billAnchorMs":1775026800000,"payLo":7,"billAnchorLo":8,"tsDeltaMs":0}
[2026-05-14T04:03:58.172Z] [info] [BillPanelTrace] getSumPaymentAmountsAfterLastBillPrint:result {"customerId":"CUS-3011000","customerName":"SUSAN YOUNG","accountNumber":"CUS-3011000","paidAfterSum":550.47}
[2026-05-14T04:03:58.172Z] [info] [BillPanelTrace] getSumPaymentAmountsAfterLastBillPrint:start {"customerId":"CUS-3011000","customerName":"SUSAN YOUNG","accountNumber":"CUS-3011000","paymentHistoryLength":2,"lastBillPrintDate":"2026-04-01T07:00:00.000Z","lastBillPrintLedgerOrder":8,"latestBillingChargeSortMs":1775026800000,"latestBillingChargeLedgerOrder":8}
[2026-05-14T04:03:58.172Z] [info] [BillPanelTrace] getSum:skip_payment {"customerId":"CUS-3011000","customerName":"SUSAN YOUNG","accountNumber":"CUS-3011000","index":0,"reason":"testFreshStart"}
[2026-05-14T04:03:58.172Z] [info] [BillPanelTrace] getSum:payment_eval {"customerId":"CUS-3011000","customerName":"SUSAN YOUNG","accountNumber":"CUS-3011000","index":1,"paymentMethod":"Security deposit (auto)","amountPaid":550.47,"ledgerOrder":7,"timestamp":"2026-04-01T07:00:00.000Z","countsTowardStatement":true,"tieBreak":"same_ms_payment_counts_after_bill","mode":"billingChargeRow","paymentSortMs":1775026800000,"billAnchorMs":1775026800000,"payLo":7,"billAnchorLo":8,"tsDeltaMs":0}
[2026-05-14T04:03:58.172Z] [info] [BillPanelTrace] getSumPaymentAmountsAfterLastBillPrint:result {"customerId":"CUS-3011000","customerName":"SUSAN YOUNG","accountNumber":"CUS-3011000","paidAfterSum":550.47}
[2026-05-14T04:03:58.172Z] [info] [BillPanelTrace] getSumPaymentAmountsAfterLastBillPrint:start {"customerId":"CUS-3011000","customerName":"SUSAN YOUNG","accountNumber":"CUS-3011000","paymentHistoryLength":2,"lastBillPrintDate":"2026-04-01T07:00:00.000Z","lastBillPrintLedgerOrder":8,"latestBillingChargeSortMs":1775026800000,"latestBillingChargeLedgerOrder":8}
[2026-05-14T04:03:58.172Z] [info] [BillPanelTrace] getSum:skip_payment {"customerId":"CUS-3011000","customerName":"SUSAN YOUNG","accountNumber":"CUS-3011000","index":0,"reason":"testFreshStart"}
[2026-05-14T04:03:58.172Z] [info] [BillPanelTrace] getSum:payment_eval {"customerId":"CUS-3011000","customerName":"SUSAN YOUNG","accountNumber":"CUS-3011000","index":1,"paymentMethod":"Security deposit (auto)","amountPaid":550.47,"ledgerOrder":7,"timestamp":"2026-04-01T07:00:00.000Z","countsTowardStatement":true,"tieBreak":"same_ms_payment_counts_after_bill","mode":"billingChargeRow","paymentSortMs":1775026800000,"billAnchorMs":1775026800000,"payLo":7,"billAnchorLo":8,"tsDeltaMs":0}
[2026-05-14T04:03:58.172Z] [info] [BillPanelTrace] getSumPaymentAmountsAfterLastBillPrint:result {"customerId":"CUS-3011000","customerName":"SUSAN YOUNG","accountNumber":"CUS-3011000","paidAfterSum":550.47}
[2026-05-14T04:03:58.172Z] [info] [BillPanelTrace] getProcessBillPanelAmounts:result_bypass_payments_after_bill {"customerId":"CUS-3011000","customerName":"SUSAN YOUNG","accountNumber":"CUS-3011000","total":178.49,"pastDue":0,"lateFee":0,"dueDateStr":"04/21/2026","fromFrozen":false}
[2026-05-14T04:03:58.260Z] [info] [BillPanelTrace] getProcessBillPanelAmounts:branch_check {"customerId":"CUS-3011000","customerName":"SUSAN YOUNG","accountNumber":"CUS-3011000","hasFrozenSnapshot":true,"frozenAmountDue":178.49,"lastBillPrintDate":"2026-04-01T07:00:00.000Z","lastPrintedStatementTotalDue":178.49}
[2026-05-14T04:03:58.261Z] [info] [BillPanelTrace] getSumPaymentAmountsAfterLastBillPrint:start {"customerId":"CUS-3011000","customerName":"SUSAN YOUNG","accountNumber":"CUS-3011000","paymentHistoryLength":2,"lastBillPrintDate":"2026-04-01T07:00:00.000Z","lastBillPrintLedgerOrder":8,"latestBillingChargeSortMs":1775026800000,"latestBillingChargeLedgerOrder":8}
[2026-05-14T04:03:58.261Z] [info] [BillPanelTrace] getSum:skip_payment {"customerId":"CUS-3011000","customerName":"SUSAN YOUNG","accountNumber":"CUS-3011000","index":0,"reason":"testFreshStart"}
[2026-05-14T04:03:58.261Z] [info] [BillPanelTrace] getSum:payment_eval {"customerId":"CUS-3011000","customerName":"SUSAN YOUNG","accountNumber":"CUS-3011000","index":1,"paymentMethod":"Security deposit (auto)","amountPaid":550.47,"ledgerOrder":7,"timestamp":"2026-04-01T07:00:00.000Z","countsTowardStatement":true,"tieBreak":"same_ms_payment_counts_after_bill","mode":"billingChargeRow","paymentSortMs":1775026800000,"billAnchorMs":1775026800000,"payLo":7,"billAnchorLo":8,"tsDeltaMs":0}
[2026-05-14T04:03:58.261Z] [info] [BillPanelTrace] getSumPaymentAmountsAfterLastBillPrint:result {"customerId":"CUS-3011000","customerName":"SUSAN YOUNG","accountNumber":"CUS-3011000","paidAfterSum":550.47}
[2026-05-14T04:03:58.261Z] [info] [BillPanelTrace] getProcessBillPanelAmounts:frozen_branch {"customerId":"CUS-3011000","customerName":"SUSAN YOUNG","accountNumber":"CUS-3011000","paidAfterLastBill":550.47,"willBypassFrozenToLive":true}
[2026-05-14T04:03:58.261Z] [info] [BillPanelTrace] getSumPaymentAmountsAfterLastBillPrint:start {"customerId":"CUS-3011000","customerName":"SUSAN YOUNG","accountNumber":"CUS-3011000","paymentHistoryLength":2,"lastBillPrintDate":"2026-04-01T07:00:00.000Z","lastBillPrintLedgerOrder":8,"latestBillingChargeSortMs":1775026800000,"latestBillingChargeLedgerOrder":8}
[2026-05-14T04:03:58.261Z] [info] [BillPanelTrace] getSum:skip_payment {"customerId":"CUS-3011000","customerName":"SUSAN YOUNG","accountNumber":"CUS-3011000","index":0,"reason":"testFreshStart"}
[2026-05-14T04:03:58.261Z] [info] [BillPanelTrace] getSum:payment_eval {"customerId":"CUS-3011000","customerName":"SUSAN YOUNG","accountNumber":"CUS-3011000","index":1,"paymentMethod":"Security deposit (auto)","amountPaid":550.47,"ledgerOrder":7,"timestamp":"2026-04-01T07:00:00.000Z","countsTowardStatement":true,"tieBreak":"same_ms_payment_counts_after_bill","mode":"billingChargeRow","paymentSortMs":1775026800000,"billAnchorMs":1775026800000,"payLo":7,"billAnchorLo":8,"tsDeltaMs":0}
[2026-05-14T04:03:58.261Z] [info] [BillPanelTrace] getSumPaymentAmountsAfterLastBillPrint:result {"customerId":"CUS-3011000","customerName":"SUSAN YOUNG","accountNumber":"CUS-3011000","paidAfterSum":550.47}
[2026-05-14T04:03:58.261Z] [info] [BillPanelTrace] getSumPaymentAmountsAfterLastBillPrint:start {"customerId":"CUS-3011000","customerName":"SUSAN YOUNG","accountNumber":"CUS-3011000","paymentHistoryLength":2,"lastBillPrintDate":"2026-04-01T07:00:00.000Z","lastBillPrintLedgerOrder":8,"latestBillingChargeSortMs":1775026800000,"latestBillingChargeLedgerOrder":8}
[2026-05-14T04:03:58.261Z] [info] [BillPanelTrace] getSum:skip_payment {"customerId":"CUS-3011000","customerName":"SUSAN YOUNG","accountNumber":"CUS-3011000","index":0,"reason":"testFreshStart"}
[2026-05-14T04:03:58.261Z] [info] [BillPanelTrace] getSum:payment_eval {"customerId":"CUS-3011000","customerName":"SUSAN YOUNG","accountNumber":"CUS-3011000","index":1,"paymentMethod":"Security deposit (auto)","amountPaid":550.47,"ledgerOrder":7,"timestamp":"2026-04-01T07:00:00.000Z","countsTowardStatement":true,"tieBreak":"same_ms_payment_counts_after_bill","mode":"billingChargeRow","paymentSortMs":1775026800000,"billAnchorMs":1775026800000,"payLo":7,"billAnchorLo":8,"tsDeltaMs":0}
[2026-05-14T04:03:58.261Z] [info] [BillPanelTrace] getSumPaymentAmountsAfterLastBillPrint:result {"customerId":"CUS-3011000","customerName":"SUSAN YOUNG","accountNumber":"CUS-3011000","paidAfterSum":550.47}
[2026-05-14T04:03:58.261Z] [info] [BillPanelTrace] getSumPaymentAmountsAfterLastBillPrint:start {"customerId":"CUS-3011000","customerName":"SUSAN YOUNG","accountNumber":"CUS-3011000","paymentHistoryLength":2,"lastBillPrintDate":"2026-04-01T07:00:00.000Z","lastBillPrintLedgerOrder":8,"latestBillingChargeSortMs":1775026800000,"latestBillingChargeLedgerOrder":8}
[2026-05-14T04:03:58.261Z] [info] [BillPanelTrace] getSum:skip_payment {"customerId":"CUS-3011000","customerName":"SUSAN YOUNG","accountNumber":"CUS-3011000","index":0,"reason":"testFreshStart"}
[2026-05-14T04:03:58.261Z] [info] [BillPanelTrace] getSum:payment_eval {"customerId":"CUS-3011000","customerName":"SUSAN YOUNG","accountNumber":"CUS-3011000","index":1,"paymentMethod":"Security deposit (auto)","amountPaid":550.47,"ledgerOrder":7,"timestamp":"2026-04-01T07:00:00.000Z","countsTowardStatement":true,"tieBreak":"same_ms_payment_counts_after_bill","mode":"billingChargeRow","paymentSortMs":1775026800000,"billAnchorMs":1775026800000,"payLo":7,"billAnchorLo":8,"tsDeltaMs":0}
[2026-05-14T04:03:58.261Z] [info] [BillPanelTrace] getSumPaymentAmountsAfterLastBillPrint:result {"customerId":"CUS-3011000","customerName":"SUSAN YOUNG","accountNumber":"CUS-3011000","paidAfterSum":550.47}
[2026-05-14T04:03:58.261Z] [info] [BillPanelTrace] getProcessBillPanelAmounts:result_bypass_payments_after_bill {"customerId":"CUS-3011000","customerName":"SUSAN YOUNG","accountNumber":"CUS-3011000","total":178.49,"pastDue":0,"lateFee":0,"dueDateStr":"04/21/2026","fromFrozen":false}
[2026-05-14T04:03:58.435Z] [info] [BillPanelTrace] getProcessBillPanelAmounts:branch_check {"customerId":"CUS-3011000","customerName":"SUSAN YOUNG","accountNumber":"CUS-3011000","hasFrozenSnapshot":true,"frozenAmountDue":178.49,"lastBillPrintDate":"2026-04-01T07:00:00.000Z","lastPrintedStatementTotalDue":178.49}
[2026-05-14T04:03:58.435Z] [info] [BillPanelTrace] getSumPaymentAmountsAfterLastBillPrint:start {"customerId":"CUS-3011000","customerName":"SUSAN YOUNG","accountNumber":"CUS-3011000","paymentHistoryLength":2,"lastBillPrintDate":"2026-04-01T07:00:00.000Z","lastBillPrintLedgerOrder":8,"latestBillingChargeSortMs":1775026800000,"latestBillingChargeLedgerOrder":8}
[2026-05-14T04:03:58.435Z] [info] [BillPanelTrace] getSum:skip_payment {"customerId":"CUS-3011000","customerName":"SUSAN YOUNG","accountNumber":"CUS-3011000","index":0,"reason":"testFreshStart"}
[2026-05-14T04:03:58.435Z] [info] [BillPanelTrace] getSum:payment_eval {"customerId":"CUS-3011000","customerName":"SUSAN YOUNG","accountNumber":"CUS-3011000","index":1,"paymentMethod":"Security deposit (auto)","amountPaid":550.47,"ledgerOrder":7,"timestamp":"2026-04-01T07:00:00.000Z","countsTowardStatement":true,"tieBreak":"same_ms_payment_counts_after_bill","mode":"billingChargeRow","paymentSortMs":1775026800000,"billAnchorMs":1775026800000,"payLo":7,"billAnchorLo":8,"tsDeltaMs":0}
[2026-05-14T04:03:58.435Z] [info] [BillPanelTrace] getSumPaymentAmountsAfterLastBillPrint:result {"customerId":"CUS-3011000","customerName":"SUSAN YOUNG","accountNumber":"CUS-3011000","paidAfterSum":550.47}
[2026-05-14T04:03:58.435Z] [info] [BillPanelTrace] getProcessBillPanelAmounts:frozen_branch {"customerId":"CUS-3011000","customerName":"SUSAN YOUNG","accountNumber":"CUS-3011000","paidAfterLastBill":550.47,"willBypassFrozenToLive":true}
[2026-05-14T04:03:58.435Z] [info] [BillPanelTrace] getSumPaymentAmountsAfterLastBillPrint:start {"customerId":"CUS-3011000","customerName":"SUSAN YOUNG","accountNumber":"CUS-3011000","paymentHistoryLength":2,"lastBillPrintDate":"2026-04-01T07:00:00.000Z","lastBillPrintLedgerOrder":8,"latestBillingChargeSortMs":1775026800000,"latestBillingChargeLedgerOrder":8}
[2026-05-14T04:03:58.435Z] [info] [BillPanelTrace] getSum:skip_payment {"customerId":"CUS-3011000","customerName":"SUSAN YOUNG","accountNumber":"CUS-3011000","index":0,"reason":"testFreshStart"}
[2026-05-14T04:03:58.435Z] [info] [BillPanelTrace] getSum:payment_eval {"customerId":"CUS-3011000","customerName":"SUSAN YOUNG","accountNumber":"CUS-3011000","index":1,"paymentMethod":"Security deposit (auto)","amountPaid":550.47,"ledgerOrder":7,"timestamp":"2026-04-01T07:00:00.000Z","countsTowardStatement":true,"tieBreak":"same_ms_payment_counts_after_bill","mode":"billingChargeRow","paymentSortMs":1775026800000,"billAnchorMs":1775026800000,"payLo":7,"billAnchorLo":8,"tsDeltaMs":0}
[2026-05-14T04:03:58.435Z] [info] [BillPanelTrace] getSumPaymentAmountsAfterLastBillPrint:result {"customerId":"CUS-3011000","customerName":"SUSAN YOUNG","accountNumber":"CUS-3011000","paidAfterSum":550.47}
[2026-05-14T04:03:58.435Z] [info] [BillPanelTrace] getSumPaymentAmountsAfterLastBillPrint:start {"customerId":"CUS-3011000","customerName":"SUSAN YOUNG","accountNumber":"CUS-3011000","paymentHistoryLength":2,"lastBillPrintDate":"2026-04-01T07:00:00.000Z","lastBillPrintLedgerOrder":8,"latestBillingChargeSortMs":1775026800000,"latestBillingChargeLedgerOrder":8}
[2026-05-14T04:03:58.435Z] [info] [BillPanelTrace] getSum:skip_payment {"customerId":"CUS-3011000","customerName":"SUSAN YOUNG","accountNumber":"CUS-3011000","index":0,"reason":"testFreshStart"}
[2026-05-14T04:03:58.435Z] [info] [BillPanelTrace] getSum:payment_eval {"customerId":"CUS-3011000","customerName":"SUSAN YOUNG","accountNumber":"CUS-3011000","index":1,"paymentMethod":"Security deposit (auto)","amountPaid":550.47,"ledgerOrder":7,"timestamp":"2026-04-01T07:00:00.000Z","countsTowardStatement":true,"tieBreak":"same_ms_payment_counts_after_bill","mode":"billingChargeRow","paymentSortMs":1775026800000,"billAnchorMs":1775026800000,"payLo":7,"billAnchorLo":8,"tsDeltaMs":0}
[2026-05-14T04:03:58.435Z] [info] [BillPanelTrace] getSumPaymentAmountsAfterLastBillPrint:result {"customerId":"CUS-3011000","customerName":"SUSAN YOUNG","accountNumber":"CUS-3011000","paidAfterSum":550.47}
[2026-05-14T04:03:58.436Z] [info] [BillPanelTrace] getSumPaymentAmountsAfterLastBillPrint:start {"customerId":"CUS-3011000","customerName":"SUSAN YOUNG","accountNumber":"CUS-3011000","paymentHistoryLength":2,"lastBillPrintDate":"2026-04-01T07:00:00.000Z","lastBillPrintLedgerOrder":8,"latestBillingChargeSortMs":1775026800000,"latestBillingChargeLedgerOrder":8}
[2026-05-14T04:03:58.436Z] [info] [BillPanelTrace] getSum:skip_payment {"customerId":"CUS-3011000","customerName":"SUSAN YOUNG","accountNumber":"CUS-3011000","index":0,"reason":"testFreshStart"}
[2026-05-14T04:03:58.436Z] [info] [BillPanelTrace] getSum:payment_eval {"customerId":"CUS-3011000","customerName":"SUSAN YOUNG","accountNumber":"CUS-3011000","index":1,"paymentMethod":"Security deposit (auto)","amountPaid":550.47,"ledgerOrder":7,"timestamp":"2026-04-01T07:00:00.000Z","countsTowardStatement":true,"tieBreak":"same_ms_payment_counts_after_bill","mode":"billingChargeRow","paymentSortMs":1775026800000,"billAnchorMs":1775026800000,"payLo":7,"billAnchorLo":8,"tsDeltaMs":0}
[2026-05-14T04:03:58.436Z] [info] [BillPanelTrace] getSumPaymentAmountsAfterLastBillPrint:result {"customerId":"CUS-3011000","customerName":"SUSAN YOUNG","accountNumber":"CUS-3011000","paidAfterSum":550.47}
[2026-05-14T04:03:58.436Z] [info] [BillPanelTrace] getProcessBillPanelAmounts:result_bypass_payments_after_bill {"customerId":"CUS-3011000","customerName":"SUSAN YOUNG","accountNumber":"CUS-3011000","total":178.49,"pastDue":0,"lateFee":0,"dueDateStr":"04/21/2026","fromFrozen":false}
[2026-05-14T04:03:58.638Z] [info] [DevelopTest] POS check payment $75.00 (check #123) via Testing Drawer
[2026-05-14T04:04:00.694Z] [info] [BillPanelTrace] getProcessBillPanelAmounts:branch_check {"customerId":"CUS-3011000","customerName":"SUSAN YOUNG","accountNumber":"CUS-3011000","hasFrozenSnapshot":true,"frozenAmountDue":178.49,"lastBillPrintDate":"2026-04-01T07:00:00.000Z","lastPrintedStatementTotalDue":178.49}
[2026-05-14T04:04:00.694Z] [info] [BillPanelTrace] getSumPaymentAmountsAfterLastBillPrint:start {"customerId":"CUS-3011000","customerName":"SUSAN YOUNG","accountNumber":"CUS-3011000","paymentHistoryLength":2,"lastBillPrintDate":"2026-04-01T07:00:00.000Z","lastBillPrintLedgerOrder":8,"latestBillingChargeSortMs":1775026800000,"latestBillingChargeLedgerOrder":8}
[2026-05-14T04:04:00.695Z] [info] [BillPanelTrace] getSum:skip_payment {"customerId":"CUS-3011000","customerName":"SUSAN YOUNG","accountNumber":"CUS-3011000","index":0,"reason":"testFreshStart"}
[2026-05-14T04:04:00.695Z] [info] [BillPanelTrace] getSum:payment_eval {"customerId":"CUS-3011000","customerName":"SUSAN YOUNG","accountNumber":"CUS-3011000","index":1,"paymentMethod":"Security deposit (auto)","amountPaid":550.47,"ledgerOrder":7,"timestamp":"2026-04-01T07:00:00.000Z","countsTowardStatement":true,"tieBreak":"same_ms_payment_counts_after_bill","mode":"billingChargeRow","paymentSortMs":1775026800000,"billAnchorMs":1775026800000,"payLo":7,"billAnchorLo":8,"tsDeltaMs":0}
[2026-05-14T04:04:00.695Z] [info] [BillPanelTrace] getSumPaymentAmountsAfterLastBillPrint:result {"customerId":"CUS-3011000","customerName":"SUSAN YOUNG","accountNumber":"CUS-3011000","paidAfterSum":550.47}
[2026-05-14T04:04:00.695Z] [info] [BillPanelTrace] getProcessBillPanelAmounts:frozen_branch {"customerId":"CUS-3011000","customerName":"SUSAN YOUNG","accountNumber":"CUS-3011000","paidAfterLastBill":550.47,"willBypassFrozenToLive":true}
[2026-05-14T04:04:00.695Z] [info] [BillPanelTrace] getSumPaymentAmountsAfterLastBillPrint:start {"customerId":"CUS-3011000","customerName":"SUSAN YOUNG","accountNumber":"CUS-3011000","paymentHistoryLength":2,"lastBillPrintDate":"2026-04-01T07:00:00.000Z","lastBillPrintLedgerOrder":8,"latestBillingChargeSortMs":1775026800000,"latestBillingChargeLedgerOrder":8}
[2026-05-14T04:04:00.695Z] [info] [BillPanelTrace] getSum:skip_payment {"customerId":"CUS-3011000","customerName":"SUSAN YOUNG","accountNumber":"CUS-3011000","index":0,"reason":"testFreshStart"}
[2026-05-14T04:04:00.695Z] [info] [BillPanelTrace] getSum:payment_eval {"customerId":"CUS-3011000","customerName":"SUSAN YOUNG","accountNumber":"CUS-3011000","index":1,"paymentMethod":"Security deposit (auto)","amountPaid":550.47,"ledgerOrder":7,"timestamp":"2026-04-01T07:00:00.000Z","countsTowardStatement":true,"tieBreak":"same_ms_payment_counts_after_bill","mode":"billingChargeRow","paymentSortMs":1775026800000,"billAnchorMs":1775026800000,"payLo":7,"billAnchorLo":8,"tsDeltaMs":0}
[2026-05-14T04:04:00.695Z] [info] [BillPanelTrace] getSumPaymentAmountsAfterLastBillPrint:result {"customerId":"CUS-3011000","customerName":"SUSAN YOUNG","accountNumber":"CUS-3011000","paidAfterSum":550.47}
[2026-05-14T04:04:00.695Z] [info] [BillPanelTrace] getSumPaymentAmountsAfterLastBillPrint:start {"customerId":"CUS-3011000","customerName":"SUSAN YOUNG","accountNumber":"CUS-3011000","paymentHistoryLength":2,"lastBillPrintDate":"2026-04-01T07:00:00.000Z","lastBillPrintLedgerOrder":8,"latestBillingChargeSortMs":1775026800000,"latestBillingChargeLedgerOrder":8}
[2026-05-14T04:04:00.695Z] [info] [BillPanelTrace] getSum:skip_payment {"customerId":"CUS-3011000","customerName":"SUSAN YOUNG","accountNumber":"CUS-3011000","index":0,"reason":"testFreshStart"}
[2026-05-14T04:04:00.695Z] [info] [BillPanelTrace] getSum:payment_eval {"customerId":"CUS-3011000","customerName":"SUSAN YOUNG","accountNumber":"CUS-3011000","index":1,"paymentMethod":"Security deposit (auto)","amountPaid":550.47,"ledgerOrder":7,"timestamp":"2026-04-01T07:00:00.000Z","countsTowardStatement":true,"tieBreak":"same_ms_payment_counts_after_bill","mode":"billingChargeRow","paymentSortMs":1775026800000,"billAnchorMs":1775026800000,"payLo":7,"billAnchorLo":8,"tsDeltaMs":0}
[2026-05-14T04:04:00.695Z] [info] [BillPanelTrace] getSumPaymentAmountsAfterLastBillPrint:result {"customerId":"CUS-3011000","customerName":"SUSAN YOUNG","accountNumber":"CUS-3011000","paidAfterSum":550.47}
[2026-05-14T04:04:00.695Z] [info] [BillPanelTrace] getSumPaymentAmountsAfterLastBillPrint:start {"customerId":"CUS-3011000","customerName":"SUSAN YOUNG","accountNumber":"CUS-3011000","paymentHistoryLength":2,"lastBillPrintDate":"2026-04-01T07:00:00.000Z","lastBillPrintLedgerOrder":8,"latestBillingChargeSortMs":1775026800000,"latestBillingChargeLedgerOrder":8}
[2026-05-14T04:04:00.695Z] [info] [BillPanelTrace] getSum:skip_payment {"customerId":"CUS-3011000","customerName":"SUSAN YOUNG","accountNumber":"CUS-3011000","index":0,"reason":"testFreshStart"}
[2026-05-14T04:04:00.695Z] [info] [BillPanelTrace] getSum:payment_eval {"customerId":"CUS-3011000","customerName":"SUSAN YOUNG","accountNumber":"CUS-3011000","index":1,"paymentMethod":"Security deposit (auto)","amountPaid":550.47,"ledgerOrder":7,"timestamp":"2026-04-01T07:00:00.000Z","countsTowardStatement":true,"tieBreak":"same_ms_payment_counts_after_bill","mode":"billingChargeRow","paymentSortMs":1775026800000,"billAnchorMs":1775026800000,"payLo":7,"billAnchorLo":8,"tsDeltaMs":0}
[2026-05-14T04:04:00.695Z] [info] [BillPanelTrace] getSumPaymentAmountsAfterLastBillPrint:result {"customerId":"CUS-3011000","customerName":"SUSAN YOUNG","accountNumber":"CUS-3011000","paidAfterSum":550.47}
[2026-05-14T04:04:00.695Z] [info] [BillPanelTrace] getProcessBillPanelAmounts:result_bypass_payments_after_bill {"customerId":"CUS-3011000","customerName":"SUSAN YOUNG","accountNumber":"CUS-3011000","total":178.49,"pastDue":0,"lateFee":0,"dueDateStr":"04/21/2026","fromFrozen":false}
[2026-05-14T04:04:00.695Z] [info] [BillPanelTrace] getSumPaymentAmountsAfterLastBillPrint:start {"customerId":"CUS-3011000","customerName":"SUSAN YOUNG","accountNumber":"CUS-3011000","paymentHistoryLength":2,"lastBillPrintDate":"2026-04-01T07:00:00.000Z","lastBillPrintLedgerOrder":8,"latestBillingChargeSortMs":1775026800000,"latestBillingChargeLedgerOrder":8}
[2026-05-14T04:04:00.695Z] [info] [BillPanelTrace] getSum:skip_payment {"customerId":"CUS-3011000","customerName":"SUSAN YOUNG","accountNumber":"CUS-3011000","index":0,"reason":"testFreshStart"}
[2026-05-14T04:04:00.695Z] [info] [BillPanelTrace] getSum:payment_eval {"customerId":"CUS-3011000","customerName":"SUSAN YOUNG","accountNumber":"CUS-3011000","index":1,"paymentMethod":"Security deposit (auto)","amountPaid":550.47,"ledgerOrder":7,"timestamp":"2026-04-01T07:00:00.000Z","countsTowardStatement":true,"tieBreak":"same_ms_payment_counts_after_bill","mode":"billingChargeRow","paymentSortMs":1775026800000,"billAnchorMs":1775026800000,"payLo":7,"billAnchorLo":8,"tsDeltaMs":0}
[2026-05-14T04:04:00.695Z] [info] [BillPanelTrace] getSumPaymentAmountsAfterLastBillPrint:result {"customerId":"CUS-3011000","customerName":"SUSAN YOUNG","accountNumber":"CUS-3011000","paidAfterSum":550.47}
[2026-05-14T04:04:00.695Z] [info] [BillPanelTrace] getSumPaymentAmountsAfterLastBillPrint:start {"customerId":"CUS-3011000","customerName":"SUSAN YOUNG","accountNumber":"CUS-3011000","paymentHistoryLength":2,"lastBillPrintDate":"2026-04-01T07:00:00.000Z","lastBillPrintLedgerOrder":8,"latestBillingChargeSortMs":1775026800000,"latestBillingChargeLedgerOrder":8}
[2026-05-14T04:04:00.695Z] [info] [BillPanelTrace] getSum:skip_payment {"customerId":"CUS-3011000","customerName":"SUSAN YOUNG","accountNumber":"CUS-3011000","index":0,"reason":"testFreshStart"}
[2026-05-14T04:04:00.695Z] [info] [BillPanelTrace] getSum:payment_eval {"customerId":"CUS-3011000","customerName":"SUSAN YOUNG","accountNumber":"CUS-3011000","index":1,"paymentMethod":"Security deposit (auto)","amountPaid":550.47,"ledgerOrder":7,"timestamp":"2026-04-01T07:00:00.000Z","countsTowardStatement":true,"tieBreak":"same_ms_payment_counts_after_bill","mode":"billingChargeRow","paymentSortMs":1775026800000,"billAnchorMs":1775026800000,"payLo":7,"billAnchorLo":8,"tsDeltaMs":0}
[2026-05-14T04:04:00.695Z] [info] [BillPanelTrace] getSumPaymentAmountsAfterLastBillPrint:result {"customerId":"CUS-3011000","customerName":"SUSAN YOUNG","accountNumber":"CUS-3011000","paidAfterSum":550.47}
[2026-05-14T04:04:00.695Z] [info] [BillPanelTrace] getSumPaymentAmountsAfterLastBillPrint:start {"customerId":"CUS-3011000","customerName":"SUSAN YOUNG","accountNumber":"CUS-3011000","paymentHistoryLength":2,"lastBillPrintDate":"2026-04-01T07:00:00.000Z","lastBillPrintLedgerOrder":8,"latestBillingChargeSortMs":1775026800000,"latestBillingChargeLedgerOrder":8}
[2026-05-14T04:04:00.695Z] [info] [BillPanelTrace] getSum:skip_payment {"customerId":"CUS-3011000","customerName":"SUSAN YOUNG","accountNumber":"CUS-3011000","index":0,"reason":"testFreshStart"}
[2026-05-14T04:04:00.695Z] [info] [BillPanelTrace] getSum:payment_eval {"customerId":"CUS-3011000","customerName":"SUSAN YOUNG","accountNumber":"CUS-3011000","index":1,"paymentMethod":"Security deposit (auto)","amountPaid":550.47,"ledgerOrder":7,"timestamp":"2026-04-01T07:00:00.000Z","countsTowardStatement":true,"tieBreak":"same_ms_payment_counts_after_bill","mode":"billingChargeRow","paymentSortMs":1775026800000,"billAnchorMs":1775026800000,"payLo":7,"billAnchorLo":8,"tsDeltaMs":0}
[2026-05-14T04:04:00.695Z] [info] [BillPanelTrace] getSumPaymentAmountsAfterLastBillPrint:result {"customerId":"CUS-3011000","customerName":"SUSAN YOUNG","accountNumber":"CUS-3011000","paidAfterSum":550.47}
[2026-05-14T04:04:00.998Z] [info] [BillPanelTrace] getSumPaymentAmountsAfterLastBillPrint:start {"customerId":"CUS-3011000","customerName":"SUSAN YOUNG","accountNumber":"CUS-3011000","paymentHistoryLength":2,"lastBillPrintDate":"2026-04-01T07:00:00.000Z","lastBillPrintLedgerOrder":8,"latestBillingChargeSortMs":1775026800000,"latestBillingChargeLedgerOrder":8}
[2026-05-14T04:04:00.998Z] [info] [BillPanelTrace] getSum:skip_payment {"customerId":"CUS-3011000","customerName":"SUSAN YOUNG","accountNumber":"CUS-3011000","index":0,"reason":"testFreshStart"}
[2026-05-14T04:04:00.999Z] [info] [BillPanelTrace] getSum:payment_eval {"customerId":"CUS-3011000","customerName":"SUSAN YOUNG","accountNumber":"CUS-3011000","index":1,"paymentMethod":"Security deposit (auto)","amountPaid":550.47,"ledgerOrder":7,"timestamp":"2026-04-01T07:00:00.000Z","countsTowardStatement":true,"tieBreak":"same_ms_payment_counts_after_bill","mode":"billingChargeRow","paymentSortMs":1775026800000,"billAnchorMs":1775026800000,"payLo":7,"billAnchorLo":8,"tsDeltaMs":0}
[2026-05-14T04:04:00.999Z] [info] [BillPanelTrace] getSumPaymentAmountsAfterLastBillPrint:result {"customerId":"CUS-3011000","customerName":"SUSAN YOUNG","accountNumber":"CUS-3011000","paidAfterSum":550.47}
[2026-05-14T04:04:00.999Z] [info] [BillPanelTrace] getSumPaymentAmountsAfterLastBillPrint:start {"customerId":"CUS-3011000","customerName":"SUSAN YOUNG","accountNumber":"CUS-3011000","paymentHistoryLength":2,"lastBillPrintDate":"2026-04-01T07:00:00.000Z","lastBillPrintLedgerOrder":8,"latestBillingChargeSortMs":1775026800000,"latestBillingChargeLedgerOrder":8}
[2026-05-14T04:04:00.999Z] [info] [BillPanelTrace] getSum:skip_payment {"customerId":"CUS-3011000","customerName":"SUSAN YOUNG","accountNumber":"CUS-3011000","index":0,"reason":"testFreshStart"}
[2026-05-14T04:04:00.999Z] [info] [BillPanelTrace] getSum:payment_eval {"customerId":"CUS-3011000","customerName":"SUSAN YOUNG","accountNumber":"CUS-3011000","index":1,"paymentMethod":"Security deposit (auto)","amountPaid":550.47,"ledgerOrder":7,"timestamp":"2026-04-01T07:00:00.000Z","countsTowardStatement":true,"tieBreak":"same_ms_payment_counts_after_bill","mode":"billingChargeRow","paymentSortMs":1775026800000,"billAnchorMs":1775026800000,"payLo":7,"billAnchorLo":8,"tsDeltaMs":0}
[2026-05-14T04:04:00.999Z] [info] [BillPanelTrace] getSumPaymentAmountsAfterLastBillPrint:result {"customerId":"CUS-3011000","customerName":"SUSAN YOUNG","accountNumber":"CUS-3011000","paidAfterSum":550.47}
[2026-05-14T04:04:00.999Z] [info] [BillPanelTrace] getSumPaymentAmountsAfterLastBillPrint:start {"customerId":"CUS-3011000","customerName":"SUSAN YOUNG","accountNumber":"CUS-3011000","paymentHistoryLength":2,"lastBillPrintDate":"2026-04-01T07:00:00.000Z","lastBillPrintLedgerOrder":8,"latestBillingChargeSortMs":1775026800000,"latestBillingChargeLedgerOrder":8}
[2026-05-14T04:04:00.999Z] [info] [BillPanelTrace] getSum:skip_payment {"customerId":"CUS-3011000","customerName":"SUSAN YOUNG","accountNumber":"CUS-3011000","index":0,"reason":"testFreshStart"}
[2026-05-14T04:04:00.999Z] [info] [BillPanelTrace] getSum:payment_eval {"customerId":"CUS-3011000","customerName":"SUSAN YOUNG","accountNumber":"CUS-3011000","index":1,"paymentMethod":"Security deposit (auto)","amountPaid":550.47,"ledgerOrder":7,"timestamp":"2026-04-01T07:00:00.000Z","countsTowardStatement":true,"tieBreak":"same_ms_payment_counts_after_bill","mode":"billingChargeRow","paymentSortMs":1775026800000,"billAnchorMs":1775026800000,"payLo":7,"billAnchorLo":8,"tsDeltaMs":0}
[2026-05-14T04:04:00.999Z] [info] [BillPanelTrace] getSumPaymentAmountsAfterLastBillPrint:result {"customerId":"CUS-3011000","customerName":"SUSAN YOUNG","accountNumber":"CUS-3011000","paidAfterSum":550.47}
[2026-05-14T04:04:00.999Z] [info] [BillPanelTrace] getProcessBillPanelAmounts:branch_check {"customerId":"CUS-3011000","customerName":"SUSAN YOUNG","accountNumber":"CUS-3011000","hasFrozenSnapshot":true,"frozenAmountDue":178.49,"lastBillPrintDate":"2026-04-01T07:00:00.000Z","lastPrintedStatementTotalDue":178.49}
[2026-05-14T04:04:00.999Z] [info] [BillPanelTrace] getSumPaymentAmountsAfterLastBillPrint:start {"customerId":"CUS-3011000","customerName":"SUSAN YOUNG","accountNumber":"CUS-3011000","paymentHistoryLength":2,"lastBillPrintDate":"2026-04-01T07:00:00.000Z","lastBillPrintLedgerOrder":8,"latestBillingChargeSortMs":1775026800000,"latestBillingChargeLedgerOrder":8}
[2026-05-14T04:04:00.999Z] [info] [BillPanelTrace] getSum:skip_payment {"customerId":"CUS-3011000","customerName":"SUSAN YOUNG","accountNumber":"CUS-3011000","index":0,"reason":"testFreshStart"}
[2026-05-14T04:04:00.999Z] [info] [BillPanelTrace] getSum:payment_eval {"customerId":"CUS-3011000","customerName":"SUSAN YOUNG","accountNumber":"CUS-3011000","index":1,"paymentMethod":"Security deposit (auto)","amountPaid":550.47,"ledgerOrder":7,"timestamp":"2026-04-01T07:00:00.000Z","countsTowardStatement":true,"tieBreak":"same_ms_payment_counts_after_bill","mode":"billingChargeRow","paymentSortMs":1775026800000,"billAnchorMs":1775026800000,"payLo":7,"billAnchorLo":8,"tsDeltaMs":0}
[2026-05-14T04:04:00.999Z] [info] [BillPanelTrace] getSumPaymentAmountsAfterLastBillPrint:result {"customerId":"CUS-3011000","customerName":"SUSAN YOUNG","accountNumber":"CUS-3011000","paidAfterSum":550.47}
[2026-05-14T04:04:00.999Z] [info] [BillPanelTrace] getProcessBillPanelAmounts:frozen_branch {"customerId":"CUS-3011000","customerName":"SUSAN YOUNG","accountNumber":"CUS-3011000","paidAfterLastBill":550.47,"willBypassFrozenToLive":true}
[2026-05-14T04:04:00.999Z] [info] [BillPanelTrace] getSumPaymentAmountsAfterLastBillPrint:start {"customerId":"CUS-3011000","customerName":"SUSAN YOUNG","accountNumber":"CUS-3011000","paymentHistoryLength":2,"lastBillPrintDate":"2026-04-01T07:00:00.000Z","lastBillPrintLedgerOrder":8,"latestBillingChargeSortMs":1775026800000,"latestBillingChargeLedgerOrder":8}
[2026-05-14T04:04:00.999Z] [info] [BillPanelTrace] getSum:skip_payment {"customerId":"CUS-3011000","customerName":"SUSAN YOUNG","accountNumber":"CUS-3011000","index":0,"reason":"testFreshStart"}
[2026-05-14T04:04:00.999Z] [info] [BillPanelTrace] getSum:payment_eval {"customerId":"CUS-3011000","customerName":"SUSAN YOUNG","accountNumber":"CUS-3011000","index":1,"paymentMethod":"Security deposit (auto)","amountPaid":550.47,"ledgerOrder":7,"timestamp":"2026-04-01T07:00:00.000Z","countsTowardStatement":true,"tieBreak":"same_ms_payment_counts_after_bill","mode":"billingChargeRow","paymentSortMs":1775026800000,"billAnchorMs":1775026800000,"payLo":7,"billAnchorLo":8,"tsDeltaMs":0}
[2026-05-14T04:04:00.999Z] [info] [BillPanelTrace] getSumPaymentAmountsAfterLastBillPrint:result {"customerId":"CUS-3011000","customerName":"SUSAN YOUNG","accountNumber":"CUS-3011000","paidAfterSum":550.47}
[2026-05-14T04:04:00.999Z] [info] [BillPanelTrace] getSumPaymentAmountsAfterLastBillPrint:start {"customerId":"CUS-3011000","customerName":"SUSAN YOUNG","accountNumber":"CUS-3011000","paymentHistoryLength":2,"lastBillPrintDate":"2026-04-01T07:00:00.000Z","lastBillPrintLedgerOrder":8,"latestBillingChargeSortMs":1775026800000,"latestBillingChargeLedgerOrder":8}
[2026-05-14T04:04:00.999Z] [info] [BillPanelTrace] getSum:skip_payment {"customerId":"CUS-3011000","customerName":"SUSAN YOUNG","accountNumber":"CUS-3011000","index":0,"reason":"testFreshStart"}
[2026-05-14T04:04:00.999Z] [info] [BillPanelTrace] getSum:payment_eval {"customerId":"CUS-3011000","customerName":"SUSAN YOUNG","accountNumber":"CUS-3011000","index":1,"paymentMethod":"Security deposit (auto)","amountPaid":550.47,"ledgerOrder":7,"timestamp":"2026-04-01T07:00:00.000Z","countsTowardStatement":true,"tieBreak":"same_ms_payment_counts_after_bill","mode":"billingChargeRow","paymentSortMs":1775026800000,"billAnchorMs":1775026800000,"payLo":7,"billAnchorLo":8,"tsDeltaMs":0}
[2026-05-14T04:04:00.999Z] [info] [BillPanelTrace] getSumPaymentAmountsAfterLastBillPrint:result {"customerId":"CUS-3011000","customerName":"SUSAN YOUNG","accountNumber":"CUS-3011000","paidAfterSum":550.47}
[2026-05-14T04:04:00.999Z] [info] [BillPanelTrace] getSumPaymentAmountsAfterLastBillPrint:start {"customerId":"CUS-3011000","customerName":"SUSAN YOUNG","accountNumber":"CUS-3011000","paymentHistoryLength":2,"lastBillPrintDate":"2026-04-01T07:00:00.000Z","lastBillPrintLedgerOrder":8,"latestBillingChargeSortMs":1775026800000,"latestBillingChargeLedgerOrder":8}
[2026-05-14T04:04:00.999Z] [info] [BillPanelTrace] getSum:skip_payment {"customerId":"CUS-3011000","customerName":"SUSAN YOUNG","accountNumber":"CUS-3011000","index":0,"reason":"testFreshStart"}
[2026-05-14T04:04:00.999Z] [info] [BillPanelTrace] getSum:payment_eval {"customerId":"CUS-3011000","customerName":"SUSAN YOUNG","accountNumber":"CUS-3011000","index":1,"paymentMethod":"Security deposit (auto)","amountPaid":550.47,"ledgerOrder":7,"timestamp":"2026-04-01T07:00:00.000Z","countsTowardStatement":true,"tieBreak":"same_ms_payment_counts_after_bill","mode":"billingChargeRow","paymentSortMs":1775026800000,"billAnchorMs":1775026800000,"payLo":7,"billAnchorLo":8,"tsDeltaMs":0}
[2026-05-14T04:04:00.999Z] [info] [BillPanelTrace] getSumPaymentAmountsAfterLastBillPrint:result {"customerId":"CUS-3011000","customerName":"SUSAN YOUNG","accountNumber":"CUS-3011000","paidAfterSum":550.47}
[2026-05-14T04:04:00.999Z] [info] [BillPanelTrace] getProcessBillPanelAmounts:result_bypass_payments_after_bill {"customerId":"CUS-3011000","customerName":"SUSAN YOUNG","accountNumber":"CUS-3011000","total":178.49,"pastDue":0,"lateFee":0,"dueDateStr":"04/21/2026","fromFrozen":false}
[2026-05-14T04:04:00.999Z] [info] [BillPanelTrace] getSumPaymentAmountsAfterLastBillPrint:start {"customerId":"CUS-3011000","customerName":"SUSAN YOUNG","accountNumber":"CUS-3011000","paymentHistoryLength":2,"lastBillPrintDate":"2026-04-01T07:00:00.000Z","lastBillPrintLedgerOrder":8,"latestBillingChargeSortMs":1775026800000,"latestBillingChargeLedgerOrder":8}
[2026-05-14T04:04:00.999Z] [info] [BillPanelTrace] getSum:skip_payment {"customerId":"CUS-3011000","customerName":"SUSAN YOUNG","accountNumber":"CUS-3011000","index":0,"reason":"testFreshStart"}
[2026-05-14T04:04:00.999Z] [info] [BillPanelTrace] getSum:payment_eval {"customerId":"CUS-3011000","customerName":"SUSAN YOUNG","accountNumber":"CUS-3011000","index":1,"paymentMethod":"Security deposit (auto)","amountPaid":550.47,"ledgerOrder":7,"timestamp":"2026-04-01T07:00:00.000Z","countsTowardStatement":true,"tieBreak":"same_ms_payment_counts_after_bill","mode":"billingChargeRow","paymentSortMs":1775026800000,"billAnchorMs":1775026800000,"payLo":7,"billAnchorLo":8,"tsDeltaMs":0}
[2026-05-14T04:04:01.000Z] [info] [BillPanelTrace] getSumPaymentAmountsAfterLastBillPrint:result {"customerId":"CUS-3011000","customerName":"SUSAN YOUNG","accountNumber":"CUS-3011000","paidAfterSum":550.47}
[2026-05-14T04:04:01.000Z] [info] [BillPanelTrace] getSumPaymentAmountsAfterLastBillPrint:start {"customerId":"CUS-3011000","customerName":"SUSAN YOUNG","accountNumber":"CUS-3011000","paymentHistoryLength":2,"lastBillPrintDate":"2026-04-01T07:00:00.000Z","lastBillPrintLedgerOrder":8,"latestBillingChargeSortMs":1775026800000,"latestBillingChargeLedgerOrder":8}
[2026-05-14T04:04:01.000Z] [info] [BillPanelTrace] getSum:skip_payment {"customerId":"CUS-3011000","customerName":"SUSAN YOUNG","accountNumber":"CUS-3011000","index":0,"reason":"testFreshStart"}
[2026-05-14T04:04:01.000Z] [info] [BillPanelTrace] getSum:payment_eval {"customerId":"CUS-3011000","customerName":"SUSAN YOUNG","accountNumber":"CUS-3011000","index":1,"paymentMethod":"Security deposit (auto)","amountPaid":550.47,"ledgerOrder":7,"timestamp":"2026-04-01T07:00:00.000Z","countsTowardStatement":true,"tieBreak":"same_ms_payment_counts_after_bill","mode":"billingChargeRow","paymentSortMs":1775026800000,"billAnchorMs":1775026800000,"payLo":7,"billAnchorLo":8,"tsDeltaMs":0}
[2026-05-14T04:04:01.000Z] [info] [BillPanelTrace] getSumPaymentAmountsAfterLastBillPrint:result {"customerId":"CUS-3011000","customerName":"SUSAN YOUNG","accountNumber":"CUS-3011000","paidAfterSum":550.47}
[2026-05-14T04:04:01.000Z] [info] [BillPanelTrace] getSumPaymentAmountsAfterLastBillPrint:start {"customerId":"CUS-3011000","customerName":"SUSAN YOUNG","accountNumber":"CUS-3011000","paymentHistoryLength":2,"lastBillPrintDate":"2026-04-01T07:00:00.000Z","lastBillPrintLedgerOrder":8,"latestBillingChargeSortMs":1775026800000,"latestBillingChargeLedgerOrder":8}
[2026-05-14T04:04:01.000Z] [info] [BillPanelTrace] getSum:skip_payment {"customerId":"CUS-3011000","customerName":"SUSAN YOUNG","accountNumber":"CUS-3011000","index":0,"reason":"testFreshStart"}
[2026-05-14T04:04:01.000Z] [info] [BillPanelTrace] getSum:payment_eval {"customerId":"CUS-3011000","customerName":"SUSAN YOUNG","accountNumber":"CUS-3011000","index":1,"paymentMethod":"Security deposit (auto)","amountPaid":550.47,"ledgerOrder":7,"timestamp":"2026-04-01T07:00:00.000Z","countsTowardStatement":true,"tieBreak":"same_ms_payment_counts_after_bill","mode":"billingChargeRow","paymentSortMs":1775026800000,"billAnchorMs":1775026800000,"payLo":7,"billAnchorLo":8,"tsDeltaMs":0}
[2026-05-14T04:04:01.000Z] [info] [BillPanelTrace] getSumPaymentAmountsAfterLastBillPrint:result {"customerId":"CUS-3011000","customerName":"SUSAN YOUNG","accountNumber":"CUS-3011000","paidAfterSum":550.47}
[2026-05-14T04:04:01.321Z] [info] [BillPanelTrace] getProcessBillPanelAmounts:branch_check {"customerId":"CUS-3011000","customerName":"SUSAN YOUNG","accountNumber":"CUS-3011000","hasFrozenSnapshot":false,"lastBillPrintDate":"2026-04-01T07:00:00.000Z","lastPrintedStatementTotalDue":178.49}
[2026-05-14T04:04:01.322Z] [info] [BillPanelTrace] getSumPaymentAmountsAfterLastBillPrint:start {"customerId":"CUS-3011000","customerName":"SUSAN YOUNG","accountNumber":"CUS-3011000","paymentHistoryLength":3,"lastBillPrintDate":"2026-04-01T07:00:00.000Z","lastBillPrintLedgerOrder":8,"latestBillingChargeSortMs":1775026800000,"latestBillingChargeLedgerOrder":8}
[2026-05-14T04:04:01.322Z] [info] [BillPanelTrace] getSum:skip_payment {"customerId":"CUS-3011000","customerName":"SUSAN YOUNG","accountNumber":"CUS-3011000","index":0,"reason":"testFreshStart"}
[2026-05-14T04:04:01.322Z] [info] [BillPanelTrace] getSum:payment_eval {"customerId":"CUS-3011000","customerName":"SUSAN YOUNG","accountNumber":"CUS-3011000","index":1,"paymentMethod":"Security deposit (auto)","amountPaid":550.47,"ledgerOrder":7,"timestamp":"2026-04-01T07:00:00.000Z","countsTowardStatement":true,"tieBreak":"same_ms_payment_counts_after_bill","mode":"billingChargeRow","paymentSortMs":1775026800000,"billAnchorMs":1775026800000,"payLo":7,"billAnchorLo":8,"tsDeltaMs":0}
[2026-05-14T04:04:01.322Z] [info] [BillPanelTrace] getSum:payment_eval {"customerId":"CUS-3011000","customerName":"SUSAN YOUNG","accountNumber":"CUS-3011000","index":2,"paymentMethod":"Check","amountPaid":75,"ledgerOrder":9,"timestamp":"2026-04-01T07:00:00.000Z","countsTowardStatement":true,"tieBreak":"after_latest_billing_charge_row","mode":"billingChargeRow","paymentSortMs":1775026800000,"billAnchorMs":1775026800000,"payLo":9,"billAnchorLo":8,"tsDeltaMs":0}
[2026-05-14T04:04:01.322Z] [info] [BillPanelTrace] getSumPaymentAmountsAfterLastBillPrint:result {"customerId":"CUS-3011000","customerName":"SUSAN YOUNG","accountNumber":"CUS-3011000","paidAfterSum":625.47}
[2026-05-14T04:04:01.322Z] [info] [BillPanelTrace] getSumPaymentAmountsAfterLastBillPrint:start {"customerId":"CUS-3011000","customerName":"SUSAN YOUNG","accountNumber":"CUS-3011000","paymentHistoryLength":3,"lastBillPrintDate":"2026-04-01T07:00:00.000Z","lastBillPrintLedgerOrder":8,"latestBillingChargeSortMs":1775026800000,"latestBillingChargeLedgerOrder":8}
[2026-05-14T04:04:01.322Z] [info] [BillPanelTrace] getSum:skip_payment {"customerId":"CUS-3011000","customerName":"SUSAN YOUNG","accountNumber":"CUS-3011000","index":0,"reason":"testFreshStart"}
[2026-05-14T04:04:01.322Z] [info] [BillPanelTrace] getSum:payment_eval {"customerId":"CUS-3011000","customerName":"SUSAN YOUNG","accountNumber":"CUS-3011000","index":1,"paymentMethod":"Security deposit (auto)","amountPaid":550.47,"ledgerOrder":7,"timestamp":"2026-04-01T07:00:00.000Z","countsTowardStatement":true,"tieBreak":"same_ms_payment_counts_after_bill","mode":"billingChargeRow","paymentSortMs":1775026800000,"billAnchorMs":1775026800000,"payLo":7,"billAnchorLo":8,"tsDeltaMs":0}
[2026-05-14T04:04:01.322Z] [info] [BillPanelTrace] getSum:payment_eval {"customerId":"CUS-3011000","customerName":"SUSAN YOUNG","accountNumber":"CUS-3011000","index":2,"paymentMethod":"Check","amountPaid":75,"ledgerOrder":9,"timestamp":"2026-04-01T07:00:00.000Z","countsTowardStatement":true,"tieBreak":"after_latest_billing_charge_row","mode":"billingChargeRow","paymentSortMs":1775026800000,"billAnchorMs":1775026800000,"payLo":9,"billAnchorLo":8,"tsDeltaMs":0}
[2026-05-14T04:04:01.322Z] [info] [BillPanelTrace] getSumPaymentAmountsAfterLastBillPrint:result {"customerId":"CUS-3011000","customerName":"SUSAN YOUNG","accountNumber":"CUS-3011000","paidAfterSum":625.47}
[2026-05-14T04:04:01.322Z] [info] [BillPanelTrace] getSumPaymentAmountsAfterLastBillPrint:start {"customerId":"CUS-3011000","customerName":"SUSAN YOUNG","accountNumber":"CUS-3011000","paymentHistoryLength":3,"lastBillPrintDate":"2026-04-01T07:00:00.000Z","lastBillPrintLedgerOrder":8,"latestBillingChargeSortMs":1775026800000,"latestBillingChargeLedgerOrder":8}
[2026-05-14T04:04:01.322Z] [info] [BillPanelTrace] getSum:skip_payment {"customerId":"CUS-3011000","customerName":"SUSAN YOUNG","accountNumber":"CUS-3011000","index":0,"reason":"testFreshStart"}
[2026-05-14T04:04:01.322Z] [info] [BillPanelTrace] getSum:payment_eval {"customerId":"CUS-3011000","customerName":"SUSAN YOUNG","accountNumber":"CUS-3011000","index":1,"paymentMethod":"Security deposit (auto)","amountPaid":550.47,"ledgerOrder":7,"timestamp":"2026-04-01T07:00:00.000Z","countsTowardStatement":true,"tieBreak":"same_ms_payment_counts_after_bill","mode":"billingChargeRow","paymentSortMs":1775026800000,"billAnchorMs":1775026800000,"payLo":7,"billAnchorLo":8,"tsDeltaMs":0}
[2026-05-14T04:04:01.322Z] [info] [BillPanelTrace] getSum:payment_eval {"customerId":"CUS-3011000","customerName":"SUSAN YOUNG","accountNumber":"CUS-3011000","index":2,"paymentMethod":"Check","amountPaid":75,"ledgerOrder":9,"timestamp":"2026-04-01T07:00:00.000Z","countsTowardStatement":true,"tieBreak":"after_latest_billing_charge_row","mode":"billingChargeRow","paymentSortMs":1775026800000,"billAnchorMs":1775026800000,"payLo":9,"billAnchorLo":8,"tsDeltaMs":0}
[2026-05-14T04:04:01.322Z] [info] [BillPanelTrace] getSumPaymentAmountsAfterLastBillPrint:result {"customerId":"CUS-3011000","customerName":"SUSAN YOUNG","accountNumber":"CUS-3011000","paidAfterSum":625.47}
[2026-05-14T04:04:01.322Z] [info] [BillPanelTrace] getProcessBillPanelAmounts:result_live {"customerId":"CUS-3011000","customerName":"SUSAN YOUNG","accountNumber":"CUS-3011000","total":103.49,"pastDue":0,"lateFee":0,"dueDateStr":"04/21/2026","fromFrozen":false}
[2026-05-14T04:04:01.611Z] [info] [DevelopTest] Advance to 2026-05-01 (instant)
[2026-05-14T04:04:01.943Z] [info] [BillPanelTrace] getProcessBillPanelAmounts:branch_check {"customerId":"CUS-3011000","customerName":"SUSAN YOUNG","accountNumber":"CUS-3011000","hasFrozenSnapshot":false,"lastBillPrintDate":"2026-04-01T07:00:00.000Z","lastPrintedStatementTotalDue":178.49}
[2026-05-14T04:04:01.943Z] [info] [BillPanelTrace] getSumPaymentAmountsAfterLastBillPrint:start {"customerId":"CUS-3011000","customerName":"SUSAN YOUNG","accountNumber":"CUS-3011000","paymentHistoryLength":3,"lastBillPrintDate":"2026-04-01T07:00:00.000Z","lastBillPrintLedgerOrder":8,"latestBillingChargeSortMs":1775026800000,"latestBillingChargeLedgerOrder":8}
[2026-05-14T04:04:01.943Z] [info] [BillPanelTrace] getSum:skip_payment {"customerId":"CUS-3011000","customerName":"SUSAN YOUNG","accountNumber":"CUS-3011000","index":0,"reason":"testFreshStart"}
[2026-05-14T04:04:01.943Z] [info] [BillPanelTrace] getSum:payment_eval {"customerId":"CUS-3011000","customerName":"SUSAN YOUNG","accountNumber":"CUS-3011000","index":1,"paymentMethod":"Security deposit (auto)","amountPaid":550.47,"ledgerOrder":7,"timestamp":"2026-04-01T07:00:00.000Z","countsTowardStatement":true,"tieBreak":"same_ms_payment_counts_after_bill","mode":"billingChargeRow","paymentSortMs":1775026800000,"billAnchorMs":1775026800000,"payLo":7,"billAnchorLo":8,"tsDeltaMs":0}
[2026-05-14T04:04:01.943Z] [info] [BillPanelTrace] getSum:payment_eval {"customerId":"CUS-3011000","customerName":"SUSAN YOUNG","accountNumber":"CUS-3011000","index":2,"paymentMethod":"Check","amountPaid":75,"ledgerOrder":9,"timestamp":"2026-04-01T07:00:00.000Z","countsTowardStatement":true,"tieBreak":"after_latest_billing_charge_row","mode":"billingChargeRow","paymentSortMs":1775026800000,"billAnchorMs":1775026800000,"payLo":9,"billAnchorLo":8,"tsDeltaMs":0}
[2026-05-14T04:04:01.943Z] [info] [BillPanelTrace] getSumPaymentAmountsAfterLastBillPrint:result {"customerId":"CUS-3011000","customerName":"SUSAN YOUNG","accountNumber":"CUS-3011000","paidAfterSum":625.47}
[2026-05-14T04:04:01.943Z] [info] [BillPanelTrace] getSumPaymentAmountsAfterLastBillPrint:start {"customerId":"CUS-3011000","customerName":"SUSAN YOUNG","accountNumber":"CUS-3011000","paymentHistoryLength":3,"lastBillPrintDate":"2026-04-01T07:00:00.000Z","lastBillPrintLedgerOrder":8,"latestBillingChargeSortMs":1775026800000,"latestBillingChargeLedgerOrder":8}
[2026-05-14T04:04:01.943Z] [info] [BillPanelTrace] getSum:skip_payment {"customerId":"CUS-3011000","customerName":"SUSAN YOUNG","accountNumber":"CUS-3011000","index":0,"reason":"testFreshStart"}
[2026-05-14T04:04:01.944Z] [info] [BillPanelTrace] getSum:payment_eval {"customerId":"CUS-3011000","customerName":"SUSAN YOUNG","accountNumber":"CUS-3011000","index":1,"paymentMethod":"Security deposit (auto)","amountPaid":550.47,"ledgerOrder":7,"timestamp":"2026-04-01T07:00:00.000Z","countsTowardStatement":true,"tieBreak":"same_ms_payment_counts_after_bill","mode":"billingChargeRow","paymentSortMs":1775026800000,"billAnchorMs":1775026800000,"payLo":7,"billAnchorLo":8,"tsDeltaMs":0}
[2026-05-14T04:04:01.944Z] [info] [BillPanelTrace] getSum:payment_eval {"customerId":"CUS-3011000","customerName":"SUSAN YOUNG","accountNumber":"CUS-3011000","index":2,"paymentMethod":"Check","amountPaid":75,"ledgerOrder":9,"timestamp":"2026-04-01T07:00:00.000Z","countsTowardStatement":true,"tieBreak":"after_latest_billing_charge_row","mode":"billingChargeRow","paymentSortMs":1775026800000,"billAnchorMs":1775026800000,"payLo":9,"billAnchorLo":8,"tsDeltaMs":0}
[2026-05-14T04:04:01.944Z] [info] [BillPanelTrace] getSumPaymentAmountsAfterLastBillPrint:result {"customerId":"CUS-3011000","customerName":"SUSAN YOUNG","accountNumber":"CUS-3011000","paidAfterSum":625.47}
[2026-05-14T04:04:01.944Z] [info] [BillPanelTrace] getSumPaymentAmountsAfterLastBillPrint:start {"customerId":"CUS-3011000","customerName":"SUSAN YOUNG","accountNumber":"CUS-3011000","paymentHistoryLength":3,"lastBillPrintDate":"2026-04-01T07:00:00.000Z","lastBillPrintLedgerOrder":8,"latestBillingChargeSortMs":1775026800000,"latestBillingChargeLedgerOrder":8}
[2026-05-14T04:04:01.944Z] [info] [BillPanelTrace] getSum:skip_payment {"customerId":"CUS-3011000","customerName":"SUSAN YOUNG","accountNumber":"CUS-3011000","index":0,"reason":"testFreshStart"}
[2026-05-14T04:04:01.944Z] [info] [BillPanelTrace] getSum:payment_eval {"customerId":"CUS-3011000","customerName":"SUSAN YOUNG","accountNumber":"CUS-3011000","index":1,"paymentMethod":"Security deposit (auto)","amountPaid":550.47,"ledgerOrder":7,"timestamp":"2026-04-01T07:00:00.000Z","countsTowardStatement":true,"tieBreak":"same_ms_payment_counts_after_bill","mode":"billingChargeRow","paymentSortMs":1775026800000,"billAnchorMs":1775026800000,"payLo":7,"billAnchorLo":8,"tsDeltaMs":0}
[2026-05-14T04:04:01.944Z] [info] [BillPanelTrace] getSum:payment_eval {"customerId":"CUS-3011000","customerName":"SUSAN YOUNG","accountNumber":"CUS-3011000","index":2,"paymentMethod":"Check","amountPaid":75,"ledgerOrder":9,"timestamp":"2026-04-01T07:00:00.000Z","countsTowardStatement":true,"tieBreak":"after_latest_billing_charge_row","mode":"billingChargeRow","paymentSortMs":1775026800000,"billAnchorMs":1775026800000,"payLo":9,"billAnchorLo":8,"tsDeltaMs":0}
[2026-05-14T04:04:01.944Z] [info] [BillPanelTrace] getSumPaymentAmountsAfterLastBillPrint:result {"customerId":"CUS-3011000","customerName":"SUSAN YOUNG","accountNumber":"CUS-3011000","paidAfterSum":625.47}
[2026-05-14T04:04:01.944Z] [info] [BillPanelTrace] getSumPaymentAmountsAfterLastBillPrint:start {"customerId":"CUS-3011000","customerName":"SUSAN YOUNG","accountNumber":"CUS-3011000","paymentHistoryLength":3,"lastBillPrintDate":"2026-04-01T07:00:00.000Z","lastBillPrintLedgerOrder":8,"latestBillingChargeSortMs":1775026800000,"latestBillingChargeLedgerOrder":8}
[2026-05-14T04:04:01.944Z] [info] [BillPanelTrace] getSum:skip_payment {"customerId":"CUS-3011000","customerName":"SUSAN YOUNG","accountNumber":"CUS-3011000","index":0,"reason":"testFreshStart"}
[2026-05-14T04:04:01.944Z] [info] [BillPanelTrace] getSum:payment_eval {"customerId":"CUS-3011000","customerName":"SUSAN YOUNG","accountNumber":"CUS-3011000","index":1,"paymentMethod":"Security deposit (auto)","amountPaid":550.47,"ledgerOrder":7,"timestamp":"2026-04-01T07:00:00.000Z","countsTowardStatement":true,"tieBreak":"same_ms_payment_counts_after_bill","mode":"billingChargeRow","paymentSortMs":1775026800000,"billAnchorMs":1775026800000,"payLo":7,"billAnchorLo":8,"tsDeltaMs":0}
[2026-05-14T04:04:01.944Z] [info] [BillPanelTrace] getSum:payment_eval {"customerId":"CUS-3011000","customerName":"SUSAN YOUNG","accountNumber":"CUS-3011000","index":2,"paymentMethod":"Check","amountPaid":75,"ledgerOrder":9,"timestamp":"2026-04-01T07:00:00.000Z","countsTowardStatement":true,"tieBreak":"after_latest_billing_charge_row","mode":"billingChargeRow","paymentSortMs":1775026800000,"billAnchorMs":1775026800000,"payLo":9,"billAnchorLo":8,"tsDeltaMs":0}
[2026-05-14T04:04:01.944Z] [info] [BillPanelTrace] getSumPaymentAmountsAfterLastBillPrint:result {"customerId":"CUS-3011000","customerName":"SUSAN YOUNG","accountNumber":"CUS-3011000","paidAfterSum":625.47}
[2026-05-14T04:04:01.944Z] [info] [BillPanelTrace] applyOpenBalanceSnapshotCapToPanelAmounts:eval {"customerId":"CUS-3011000","customerName":"SUSAN YOUNG","accountNumber":"CUS-3011000","snap":103.49,"curTotal":108.49,"gap":5,"lateFeePanel":5,"paidLate":0,"lateRemainingForCap":5,"skippedCapStaleSnapVersusAccruedLate":true}
[2026-05-14T04:04:01.944Z] [info] [BillPanelTrace] getProcessBillPanelAmounts:result_live {"customerId":"CUS-3011000","customerName":"SUSAN YOUNG","accountNumber":"CUS-3011000","total":108.49,"pastDue":0,"lateFee":5,"dueDateStr":"04/21/2026","fromFrozen":false}
[2026-05-14T04:04:01.944Z] [info] [BillPanelTrace] getProcessBillPanelAmounts:branch_check {"customerId":"CUS-3011000","customerName":"SUSAN YOUNG","accountNumber":"CUS-3011000","hasFrozenSnapshot":false,"lastBillPrintDate":"2026-04-01T07:00:00.000Z","lastPrintedStatementTotalDue":178.49}
[2026-05-14T04:04:01.944Z] [info] [BillPanelTrace] getSumPaymentAmountsAfterLastBillPrint:start {"customerId":"CUS-3011000","customerName":"SUSAN YOUNG","accountNumber":"CUS-3011000","paymentHistoryLength":3,"lastBillPrintDate":"2026-04-01T07:00:00.000Z","lastBillPrintLedgerOrder":8,"latestBillingChargeSortMs":1775026800000,"latestBillingChargeLedgerOrder":8}
[2026-05-14T04:04:01.944Z] [info] [BillPanelTrace] getSum:skip_payment {"customerId":"CUS-3011000","customerName":"SUSAN YOUNG","accountNumber":"CUS-3011000","index":0,"reason":"testFreshStart"}
[2026-05-14T04:04:01.944Z] [info] [BillPanelTrace] getSum:payment_eval {"customerId":"CUS-3011000","customerName":"SUSAN YOUNG","accountNumber":"CUS-3011000","index":1,"paymentMethod":"Security deposit (auto)","amountPaid":550.47,"ledgerOrder":7,"timestamp":"2026-04-01T07:00:00.000Z","countsTowardStatement":true,"tieBreak":"same_ms_payment_counts_after_bill","mode":"billingChargeRow","paymentSortMs":1775026800000,"billAnchorMs":1775026800000,"payLo":7,"billAnchorLo":8,"tsDeltaMs":0}
[2026-05-14T04:04:01.944Z] [info] [BillPanelTrace] getSum:payment_eval {"customerId":"CUS-3011000","customerName":"SUSAN YOUNG","accountNumber":"CUS-3011000","index":2,"paymentMethod":"Check","amountPaid":75,"ledgerOrder":9,"timestamp":"2026-04-01T07:00:00.000Z","countsTowardStatement":true,"tieBreak":"after_latest_billing_charge_row","mode":"billingChargeRow","paymentSortMs":1775026800000,"billAnchorMs":1775026800000,"payLo":9,"billAnchorLo":8,"tsDeltaMs":0}
[2026-05-14T04:04:01.944Z] [info] [BillPanelTrace] getSumPaymentAmountsAfterLastBillPrint:result {"customerId":"CUS-3011000","customerName":"SUSAN YOUNG","accountNumber":"CUS-3011000","paidAfterSum":625.47}
[2026-05-14T04:04:01.944Z] [info] [BillPanelTrace] getSumPaymentAmountsAfterLastBillPrint:start {"customerId":"CUS-3011000","customerName":"SUSAN YOUNG","accountNumber":"CUS-3011000","paymentHistoryLength":3,"lastBillPrintDate":"2026-04-01T07:00:00.000Z","lastBillPrintLedgerOrder":8,"latestBillingChargeSortMs":1775026800000,"latestBillingChargeLedgerOrder":8}
[2026-05-14T04:04:01.944Z] [info] [BillPanelTrace] getSum:skip_payment {"customerId":"CUS-3011000","customerName":"SUSAN YOUNG","accountNumber":"CUS-3011000","index":0,"reason":"testFreshStart"}
[2026-05-14T04:04:01.944Z] [info] [BillPanelTrace] getSum:payment_eval {"customerId":"CUS-3011000","customerName":"SUSAN YOUNG","accountNumber":"CUS-3011000","index":1,"paymentMethod":"Security deposit (auto)","amountPaid":550.47,"ledgerOrder":7,"timestamp":"2026-04-01T07:00:00.000Z","countsTowardStatement":true,"tieBreak":"same_ms_payment_counts_after_bill","mode":"billingChargeRow","paymentSortMs":1775026800000,"billAnchorMs":1775026800000,"payLo":7,"billAnchorLo":8,"tsDeltaMs":0}
[2026-05-14T04:04:01.944Z] [info] [BillPanelTrace] getSum:payment_eval {"customerId":"CUS-3011000","customerName":"SUSAN YOUNG","accountNumber":"CUS-3011000","index":2,"paymentMethod":"Check","amountPaid":75,"ledgerOrder":9,"timestamp":"2026-04-01T07:00:00.000Z","countsTowardStatement":true,"tieBreak":"after_latest_billing_charge_row","mode":"billingChargeRow","paymentSortMs":1775026800000,"billAnchorMs":1775026800000,"payLo":9,"billAnchorLo":8,"tsDeltaMs":0}
[2026-05-14T04:04:01.944Z] [info] [BillPanelTrace] getSumPaymentAmountsAfterLastBillPrint:result {"customerId":"CUS-3011000","customerName":"SUSAN YOUNG","accountNumber":"CUS-3011000","paidAfterSum":625.47}
[2026-05-14T04:04:01.944Z] [info] [BillPanelTrace] getSumPaymentAmountsAfterLastBillPrint:start {"customerId":"CUS-3011000","customerName":"SUSAN YOUNG","accountNumber":"CUS-3011000","paymentHistoryLength":3,"lastBillPrintDate":"2026-04-01T07:00:00.000Z","lastBillPrintLedgerOrder":8,"latestBillingChargeSortMs":1775026800000,"latestBillingChargeLedgerOrder":8}
[2026-05-14T04:04:01.944Z] [info] [BillPanelTrace] getSum:skip_payment {"customerId":"CUS-3011000","customerName":"SUSAN YOUNG","accountNumber":"CUS-3011000","index":0,"reason":"testFreshStart"}
[2026-05-14T04:04:01.944Z] [info] [BillPanelTrace] getSum:payment_eval {"customerId":"CUS-3011000","customerName":"SUSAN YOUNG","accountNumber":"CUS-3011000","index":1,"paymentMethod":"Security deposit (auto)","amountPaid":550.47,"ledgerOrder":7,"timestamp":"2026-04-01T07:00:00.000Z","countsTowardStatement":true,"tieBreak":"same_ms_payment_counts_after_bill","mode":"billingChargeRow","paymentSortMs":1775026800000,"billAnchorMs":1775026800000,"payLo":7,"billAnchorLo":8,"tsDeltaMs":0}
[2026-05-14T04:04:01.944Z] [info] [BillPanelTrace] getSum:payment_eval {"customerId":"CUS-3011000","customerName":"SUSAN YOUNG","accountNumber":"CUS-3011000","index":2,"paymentMethod":"Check","amountPaid":75,"ledgerOrder":9,"timestamp":"2026-04-01T07:00:00.000Z","countsTowardStatement":true,"tieBreak":"after_latest_billing_charge_row","mode":"billingChargeRow","paymentSortMs":1775026800000,"billAnchorMs":1775026800000,"payLo":9,"billAnchorLo":8,"tsDeltaMs":0}
[2026-05-14T04:04:01.944Z] [info] [BillPanelTrace] getSumPaymentAmountsAfterLastBillPrint:result {"customerId":"CUS-3011000","customerName":"SUSAN YOUNG","accountNumber":"CUS-3011000","paidAfterSum":625.47}
[2026-05-14T04:04:01.944Z] [info] [BillPanelTrace] getSumPaymentAmountsAfterLastBillPrint:start {"customerId":"CUS-3011000","customerName":"SUSAN YOUNG","accountNumber":"CUS-3011000","paymentHistoryLength":3,"lastBillPrintDate":"2026-04-01T07:00:00.000Z","lastBillPrintLedgerOrder":8,"latestBillingChargeSortMs":1775026800000,"latestBillingChargeLedgerOrder":8}
[2026-05-14T04:04:01.944Z] [info] [BillPanelTrace] getSum:skip_payment {"customerId":"CUS-3011000","customerName":"SUSAN YOUNG","accountNumber":"CUS-3011000","index":0,"reason":"testFreshStart"}
[2026-05-14T04:04:01.944Z] [info] [BillPanelTrace] getSum:payment_eval {"customerId":"CUS-3011000","customerName":"SUSAN YOUNG","accountNumber":"CUS-3011000","index":1,"paymentMethod":"Security deposit (auto)","amountPaid":550.47,"ledgerOrder":7,"timestamp":"2026-04-01T07:00:00.000Z","countsTowardStatement":true,"tieBreak":"same_ms_payment_counts_after_bill","mode":"billingChargeRow","paymentSortMs":1775026800000,"billAnchorMs":1775026800000,"payLo":7,"billAnchorLo":8,"tsDeltaMs":0}
[2026-05-14T04:04:01.944Z] [info] [BillPanelTrace] getSum:payment_eval {"customerId":"CUS-3011000","customerName":"SUSAN YOUNG","accountNumber":"CUS-3011000","index":2,"paymentMethod":"Check","amountPaid":75,"ledgerOrder":9,"timestamp":"2026-04-01T07:00:00.000Z","countsTowardStatement":true,"tieBreak":"after_latest_billing_charge_row","mode":"billingChargeRow","paymentSortMs":1775026800000,"billAnchorMs":1775026800000,"payLo":9,"billAnchorLo":8,"tsDeltaMs":0}
[2026-05-14T04:04:01.944Z] [info] [BillPanelTrace] getSumPaymentAmountsAfterLastBillPrint:result {"customerId":"CUS-3011000","customerName":"SUSAN YOUNG","accountNumber":"CUS-3011000","paidAfterSum":625.47}
[2026-05-14T04:04:01.945Z] [info] [BillPanelTrace] applyOpenBalanceSnapshotCapToPanelAmounts:eval {"customerId":"CUS-3011000","customerName":"SUSAN YOUNG","accountNumber":"CUS-3011000","snap":103.49,"curTotal":108.49,"gap":5,"lateFeePanel":5,"paidLate":0,"lateRemainingForCap":5,"skippedCapStaleSnapVersusAccruedLate":true}
[2026-05-14T04:04:01.945Z] [info] [BillPanelTrace] getProcessBillPanelAmounts:result_live {"customerId":"CUS-3011000","customerName":"SUSAN YOUNG","accountNumber":"CUS-3011000","total":108.49,"pastDue":0,"lateFee":5,"dueDateStr":"04/21/2026","fromFrozen":false}
[2026-05-14T04:04:01.945Z] [info] [BillPanelTrace] getProcessBillPanelAmounts:branch_check {"customerId":"CUS-3011000","customerName":"SUSAN YOUNG","accountNumber":"CUS-3011000","hasFrozenSnapshot":false,"lastBillPrintDate":"2026-04-01T07:00:00.000Z","lastPrintedStatementTotalDue":178.49}
[2026-05-14T04:04:01.945Z] [info] [BillPanelTrace] getSumPaymentAmountsAfterLastBillPrint:start {"customerId":"CUS-3011000","customerName":"SUSAN YOUNG","accountNumber":"CUS-3011000","paymentHistoryLength":3,"lastBillPrintDate":"2026-04-01T07:00:00.000Z","lastBillPrintLedgerOrder":8,"latestBillingChargeSortMs":1775026800000,"latestBillingChargeLedgerOrder":8}
[2026-05-14T04:04:01.945Z] [info] [BillPanelTrace] getSum:skip_payment {"customerId":"CUS-3011000","customerName":"SUSAN YOUNG","accountNumber":"CUS-3011000","index":0,"reason":"testFreshStart"}
[2026-05-14T04:04:01.945Z] [info] [BillPanelTrace] getSum:payment_eval {"customerId":"CUS-3011000","customerName":"SUSAN YOUNG","accountNumber":"CUS-3011000","index":1,"paymentMethod":"Security deposit (auto)","amountPaid":550.47,"ledgerOrder":7,"timestamp":"2026-04-01T07:00:00.000Z","countsTowardStatement":true,"tieBreak":"same_ms_payment_counts_after_bill","mode":"billingChargeRow","paymentSortMs":1775026800000,"billAnchorMs":1775026800000,"payLo":7,"billAnchorLo":8,"tsDeltaMs":0}
[2026-05-14T04:04:01.945Z] [info] [BillPanelTrace] getSum:payment_eval {"customerId":"CUS-3011000","customerName":"SUSAN YOUNG","accountNumber":"CUS-3011000","index":2,"paymentMethod":"Check","amountPaid":75,"ledgerOrder":9,"timestamp":"2026-04-01T07:00:00.000Z","countsTowardStatement":true,"tieBreak":"after_latest_billing_charge_row","mode":"billingChargeRow","paymentSortMs":1775026800000,"billAnchorMs":1775026800000,"payLo":9,"billAnchorLo":8,"tsDeltaMs":0}
[2026-05-14T04:04:01.945Z] [info] [BillPanelTrace] getSumPaymentAmountsAfterLastBillPrint:result {"customerId":"CUS-3011000","customerName":"SUSAN YOUNG","accountNumber":"CUS-3011000","paidAfterSum":625.47}
[2026-05-14T04:04:01.945Z] [info] [BillPanelTrace] getSumPaymentAmountsAfterLastBillPrint:start {"customerId":"CUS-3011000","customerName":"SUSAN YOUNG","accountNumber":"CUS-3011000","paymentHistoryLength":3,"lastBillPrintDate":"2026-04-01T07:00:00.000Z","lastBillPrintLedgerOrder":8,"latestBillingChargeSortMs":1775026800000,"latestBillingChargeLedgerOrder":8}
[2026-05-14T04:04:01.945Z] [info] [BillPanelTrace] getSum:skip_payment {"customerId":"CUS-3011000","customerName":"SUSAN YOUNG","accountNumber":"CUS-3011000","index":0,"reason":"testFreshStart"}
[2026-05-14T04:04:01.945Z] [info] [BillPanelTrace] getSum:payment_eval {"customerId":"CUS-3011000","customerName":"SUSAN YOUNG","accountNumber":"CUS-3011000","index":1,"paymentMethod":"Security deposit (auto)","amountPaid":550.47,"ledgerOrder":7,"timestamp":"2026-04-01T07:00:00.000Z","countsTowardStatement":true,"tieBreak":"same_ms_payment_counts_after_bill","mode":"billingChargeRow","paymentSortMs":1775026800000,"billAnchorMs":1775026800000,"payLo":7,"billAnchorLo":8,"tsDeltaMs":0}
[2026-05-14T04:04:01.945Z] [info] [BillPanelTrace] getSum:payment_eval {"customerId":"CUS-3011000","customerName":"SUSAN YOUNG","accountNumber":"CUS-3011000","index":2,"paymentMethod":"Check","amountPaid":75,"ledgerOrder":9,"timestamp":"2026-04-01T07:00:00.000Z","countsTowardStatement":true,"tieBreak":"after_latest_billing_charge_row","mode":"billingChargeRow","paymentSortMs":1775026800000,"billAnchorMs":1775026800000,"payLo":9,"billAnchorLo":8,"tsDeltaMs":0}
[2026-05-14T04:04:01.945Z] [info] [BillPanelTrace] getSumPaymentAmountsAfterLastBillPrint:result {"customerId":"CUS-3011000","customerName":"SUSAN YOUNG","accountNumber":"CUS-3011000","paidAfterSum":625.47}
[2026-05-14T04:04:01.945Z] [info] [BillPanelTrace] getSumPaymentAmountsAfterLastBillPrint:start {"customerId":"CUS-3011000","customerName":"SUSAN YOUNG","accountNumber":"CUS-3011000","paymentHistoryLength":3,"lastBillPrintDate":"2026-04-01T07:00:00.000Z","lastBillPrintLedgerOrder":8,"latestBillingChargeSortMs":1775026800000,"latestBillingChargeLedgerOrder":8}
[2026-05-14T04:04:01.945Z] [info] [BillPanelTrace] getSum:skip_payment {"customerId":"CUS-3011000","customerName":"SUSAN YOUNG","accountNumber":"CUS-3011000","index":0,"reason":"testFreshStart"}
[2026-05-14T04:04:01.945Z] [info] [BillPanelTrace] getSum:payment_eval {"customerId":"CUS-3011000","customerName":"SUSAN YOUNG","accountNumber":"CUS-3011000","index":1,"paymentMethod":"Security deposit (auto)","amountPaid":550.47,"ledgerOrder":7,"timestamp":"2026-04-01T07:00:00.000Z","countsTowardStatement":true,"tieBreak":"same_ms_payment_counts_after_bill","mode":"billingChargeRow","paymentSortMs":1775026800000,"billAnchorMs":1775026800000,"payLo":7,"billAnchorLo":8,"tsDeltaMs":0}
[2026-05-14T04:04:01.945Z] [info] [BillPanelTrace] getSum:payment_eval {"customerId":"CUS-3011000","customerName":"SUSAN YOUNG","accountNumber":"CUS-3011000","index":2,"paymentMethod":"Check","amountPaid":75,"ledgerOrder":9,"timestamp":"2026-04-01T07:00:00.000Z","countsTowardStatement":true,"tieBreak":"after_latest_billing_charge_row","mode":"billingChargeRow","paymentSortMs":1775026800000,"billAnchorMs":1775026800000,"payLo":9,"billAnchorLo":8,"tsDeltaMs":0}
[2026-05-14T04:04:01.945Z] [info] [BillPanelTrace] getSumPaymentAmountsAfterLastBillPrint:result {"customerId":"CUS-3011000","customerName":"SUSAN YOUNG","accountNumber":"CUS-3011000","paidAfterSum":625.47}
[2026-05-14T04:04:01.945Z] [info] [BillPanelTrace] getSumPaymentAmountsAfterLastBillPrint:start {"customerId":"CUS-3011000","customerName":"SUSAN YOUNG","accountNumber":"CUS-3011000","paymentHistoryLength":3,"lastBillPrintDate":"2026-04-01T07:00:00.000Z","lastBillPrintLedgerOrder":8,"latestBillingChargeSortMs":1775026800000,"latestBillingChargeLedgerOrder":8}
[2026-05-14T04:04:01.945Z] [info] [BillPanelTrace] getSum:skip_payment {"customerId":"CUS-3011000","customerName":"SUSAN YOUNG","accountNumber":"CUS-3011000","index":0,"reason":"testFreshStart"}
[2026-05-14T04:04:01.945Z] [info] [BillPanelTrace] getSum:payment_eval {"customerId":"CUS-3011000","customerName":"SUSAN YOUNG","accountNumber":"CUS-3011000","index":1,"paymentMethod":"Security deposit (auto)","amountPaid":550.47,"ledgerOrder":7,"timestamp":"2026-04-01T07:00:00.000Z","countsTowardStatement":true,"tieBreak":"same_ms_payment_counts_after_bill","mode":"billingChargeRow","paymentSortMs":1775026800000,"billAnchorMs":1775026800000,"payLo":7,"billAnchorLo":8,"tsDeltaMs":0}
[2026-05-14T04:04:01.945Z] [info] [BillPanelTrace] getSum:payment_eval {"customerId":"CUS-3011000","customerName":"SUSAN YOUNG","accountNumber":"CUS-3011000","index":2,"paymentMethod":"Check","amountPaid":75,"ledgerOrder":9,"timestamp":"2026-04-01T07:00:00.000Z","countsTowardStatement":true,"tieBreak":"after_latest_billing_charge_row","mode":"billingChargeRow","paymentSortMs":1775026800000,"billAnchorMs":1775026800000,"payLo":9,"billAnchorLo":8,"tsDeltaMs":0}
[2026-05-14T04:04:01.945Z] [info] [BillPanelTrace] getSumPaymentAmountsAfterLastBillPrint:result {"customerId":"CUS-3011000","customerName":"SUSAN YOUNG","accountNumber":"CUS-3011000","paidAfterSum":625.47}
[2026-05-14T04:04:01.945Z] [info] [BillPanelTrace] applyOpenBalanceSnapshotCapToPanelAmounts:eval {"customerId":"CUS-3011000","customerName":"SUSAN YOUNG","accountNumber":"CUS-3011000","snap":103.49,"curTotal":108.49,"gap":5,"lateFeePanel":5,"paidLate":0,"lateRemainingForCap":5,"skippedCapStaleSnapVersusAccruedLate":true}
[2026-05-14T04:04:01.945Z] [info] [BillPanelTrace] getProcessBillPanelAmounts:result_live {"customerId":"CUS-3011000","customerName":"SUSAN YOUNG","accountNumber":"CUS-3011000","total":108.49,"pastDue":0,"lateFee":5,"dueDateStr":"04/21/2026","fromFrozen":false}
[2026-05-14T04:04:01.945Z] [info] [BillPanelTrace] getSumPaymentAmountsAfterLastBillPrint:start {"customerId":"CUS-3011000","customerName":"SUSAN YOUNG","accountNumber":"CUS-3011000","paymentHistoryLength":3,"lastBillPrintDate":"2026-04-01T07:00:00.000Z","lastBillPrintLedgerOrder":8,"latestBillingChargeSortMs":1775026800000,"latestBillingChargeLedgerOrder":8}
[2026-05-14T04:04:01.945Z] [info] [BillPanelTrace] getSum:skip_payment {"customerId":"CUS-3011000","customerName":"SUSAN YOUNG","accountNumber":"CUS-3011000","index":0,"reason":"testFreshStart"}
[2026-05-14T04:04:01.945Z] [info] [BillPanelTrace] getSum:payment_eval {"customerId":"CUS-3011000","customerName":"SUSAN YOUNG","accountNumber":"CUS-3011000","index":1,"paymentMethod":"Security deposit (auto)","amountPaid":550.47,"ledgerOrder":7,"timestamp":"2026-04-01T07:00:00.000Z","countsTowardStatement":true,"tieBreak":"same_ms_payment_counts_after_bill","mode":"billingChargeRow","paymentSortMs":1775026800000,"billAnchorMs":1775026800000,"payLo":7,"billAnchorLo":8,"tsDeltaMs":0}
[2026-05-14T04:04:01.945Z] [info] [BillPanelTrace] getSum:payment_eval {"customerId":"CUS-3011000","customerName":"SUSAN YOUNG","accountNumber":"CUS-3011000","index":2,"paymentMethod":"Check","amountPaid":75,"ledgerOrder":9,"timestamp":"2026-04-01T07:00:00.000Z","countsTowardStatement":true,"tieBreak":"after_latest_billing_charge_row","mode":"billingChargeRow","paymentSortMs":1775026800000,"billAnchorMs":1775026800000,"payLo":9,"billAnchorLo":8,"tsDeltaMs":0}
[2026-05-14T04:04:01.945Z] [info] [BillPanelTrace] getSumPaymentAmountsAfterLastBillPrint:result {"customerId":"CUS-3011000","customerName":"SUSAN YOUNG","accountNumber":"CUS-3011000","paidAfterSum":625.47}
[2026-05-14T04:04:01.945Z] [info] [BillPanelTrace] getSumPaymentAmountsAfterLastBillPrint:start {"customerId":"CUS-3011000","customerName":"SUSAN YOUNG","accountNumber":"CUS-3011000","paymentHistoryLength":3,"lastBillPrintDate":"2026-04-01T07:00:00.000Z","lastBillPrintLedgerOrder":8,"latestBillingChargeSortMs":1775026800000,"latestBillingChargeLedgerOrder":8}
[2026-05-14T04:04:01.945Z] [info] [BillPanelTrace] getSum:skip_payment {"customerId":"CUS-3011000","customerName":"SUSAN YOUNG","accountNumber":"CUS-3011000","index":0,"reason":"testFreshStart"}
[2026-05-14T04:04:01.945Z] [info] [BillPanelTrace] getSum:payment_eval {"customerId":"CUS-3011000","customerName":"SUSAN YOUNG","accountNumber":"CUS-3011000","index":1,"paymentMethod":"Security deposit (auto)","amountPaid":550.47,"ledgerOrder":7,"timestamp":"2026-04-01T07:00:00.000Z","countsTowardStatement":true,"tieBreak":"same_ms_payment_counts_after_bill","mode":"billingChargeRow","paymentSortMs":1775026800000,"billAnchorMs":1775026800000,"payLo":7,"billAnchorLo":8,"tsDeltaMs":0}
[2026-05-14T04:04:01.945Z] [info] [BillPanelTrace] getSum:payment_eval {"customerId":"CUS-3011000","customerName":"SUSAN YOUNG","accountNumber":"CUS-3011000","index":2,"paymentMethod":"Check","amountPaid":75,"ledgerOrder":9,"timestamp":"2026-04-01T07:00:00.000Z","countsTowardStatement":true,"tieBreak":"after_latest_billing_charge_row","mode":"billingChargeRow","paymentSortMs":1775026800000,"billAnchorMs":1775026800000,"payLo":9,"billAnchorLo":8,"tsDeltaMs":0}
[2026-05-14T04:04:01.945Z] [info] [BillPanelTrace] getSumPaymentAmountsAfterLastBillPrint:result {"customerId":"CUS-3011000","customerName":"SUSAN YOUNG","accountNumber":"CUS-3011000","paidAfterSum":625.47}
[2026-05-14T04:04:01.945Z] [info] [BillPanelTrace] getSumPaymentAmountsAfterLastBillPrint:start {"customerId":"CUS-3011000","customerName":"SUSAN YOUNG","accountNumber":"CUS-3011000","paymentHistoryLength":3,"lastBillPrintDate":"2026-04-01T07:00:00.000Z","lastBillPrintLedgerOrder":8,"latestBillingChargeSortMs":1775026800000,"latestBillingChargeLedgerOrder":8}
[2026-05-14T04:04:01.945Z] [info] [BillPanelTrace] getSum:skip_payment {"customerId":"CUS-3011000","customerName":"SUSAN YOUNG","accountNumber":"CUS-3011000","index":0,"reason":"testFreshStart"}
[2026-05-14T04:04:01.945Z] [info] [BillPanelTrace] getSum:payment_eval {"customerId":"CUS-3011000","customerName":"SUSAN YOUNG","accountNumber":"CUS-3011000","index":1,"paymentMethod":"Security deposit (auto)","amountPaid":550.47,"ledgerOrder":7,"timestamp":"2026-04-01T07:00:00.000Z","countsTowardStatement":true,"tieBreak":"same_ms_payment_counts_after_bill","mode":"billingChargeRow","paymentSortMs":1775026800000,"billAnchorMs":1775026800000,"payLo":7,"billAnchorLo":8,"tsDeltaMs":0}
[2026-05-14T04:04:01.945Z] [info] [BillPanelTrace] getSum:payment_eval {"customerId":"CUS-3011000","customerName":"SUSAN YOUNG","accountNumber":"CUS-3011000","index":2,"paymentMethod":"Check","amountPaid":75,"ledgerOrder":9,"timestamp":"2026-04-01T07:00:00.000Z","countsTowardStatement":true,"tieBreak":"after_latest_billing_charge_row","mode":"billingChargeRow","paymentSortMs":1775026800000,"billAnchorMs":1775026800000,"payLo":9,"billAnchorLo":8,"tsDeltaMs":0}
[2026-05-14T04:04:01.946Z] [info] [BillPanelTrace] getSumPaymentAmountsAfterLastBillPrint:result {"customerId":"CUS-3011000","customerName":"SUSAN YOUNG","accountNumber":"CUS-3011000","paidAfterSum":625.47}
[2026-05-14T04:04:01.946Z] [info] [BillPanelTrace] getProcessBillPanelAmounts:branch_check {"customerId":"CUS-3011000","customerName":"SUSAN YOUNG","accountNumber":"CUS-3011000","hasFrozenSnapshot":false,"lastBillPrintDate":"2026-04-01T07:00:00.000Z","lastPrintedStatementTotalDue":178.49}
[2026-05-14T04:04:01.946Z] [info] [BillPanelTrace] getSumPaymentAmountsAfterLastBillPrint:start {"customerId":"CUS-3011000","customerName":"SUSAN YOUNG","accountNumber":"CUS-3011000","paymentHistoryLength":3,"lastBillPrintDate":"2026-04-01T07:00:00.000Z","lastBillPrintLedgerOrder":8,"latestBillingChargeSortMs":1775026800000,"latestBillingChargeLedgerOrder":8}
[2026-05-14T04:04:01.946Z] [info] [BillPanelTrace] getSum:skip_payment {"customerId":"CUS-3011000","customerName":"SUSAN YOUNG","accountNumber":"CUS-3011000","index":0,"reason":"testFreshStart"}
[2026-05-14T04:04:01.946Z] [info] [BillPanelTrace] getSum:payment_eval {"customerId":"CUS-3011000","customerName":"SUSAN YOUNG","accountNumber":"CUS-3011000","index":1,"paymentMethod":"Security deposit (auto)","amountPaid":550.47,"ledgerOrder":7,"timestamp":"2026-04-01T07:00:00.000Z","countsTowardStatement":true,"tieBreak":"same_ms_payment_counts_after_bill","mode":"billingChargeRow","paymentSortMs":1775026800000,"billAnchorMs":1775026800000,"payLo":7,"billAnchorLo":8,"tsDeltaMs":0}
[2026-05-14T04:04:01.946Z] [info] [BillPanelTrace] getSum:payment_eval {"customerId":"CUS-3011000","customerName":"SUSAN YOUNG","accountNumber":"CUS-3011000","index":2,"paymentMethod":"Check","amountPaid":75,"ledgerOrder":9,"timestamp":"2026-04-01T07:00:00.000Z","countsTowardStatement":true,"tieBreak":"after_latest_billing_charge_row","mode":"billingChargeRow","paymentSortMs":1775026800000,"billAnchorMs":1775026800000,"payLo":9,"billAnchorLo":8,"tsDeltaMs":0}
[2026-05-14T04:04:01.946Z] [info] [BillPanelTrace] getSumPaymentAmountsAfterLastBillPrint:result {"customerId":"CUS-3011000","customerName":"SUSAN YOUNG","accountNumber":"CUS-3011000","paidAfterSum":625.47}
[2026-05-14T04:04:01.946Z] [info] [BillPanelTrace] getSumPaymentAmountsAfterLastBillPrint:start {"customerId":"CUS-3011000","customerName":"SUSAN YOUNG","accountNumber":"CUS-3011000","paymentHistoryLength":3,"lastBillPrintDate":"2026-04-01T07:00:00.000Z","lastBillPrintLedgerOrder":8,"latestBillingChargeSortMs":1775026800000,"latestBillingChargeLedgerOrder":8}
[2026-05-14T04:04:01.946Z] [info] [BillPanelTrace] getSum:skip_payment {"customerId":"CUS-3011000","customerName":"SUSAN YOUNG","accountNumber":"CUS-3011000","index":0,"reason":"testFreshStart"}
[2026-05-14T04:04:01.946Z] [info] [BillPanelTrace] getSum:payment_eval {"customerId":"CUS-3011000","customerName":"SUSAN YOUNG","accountNumber":"CUS-3011000","index":1,"paymentMethod":"Security deposit (auto)","amountPaid":550.47,"ledgerOrder":7,"timestamp":"2026-04-01T07:00:00.000Z","countsTowardStatement":true,"tieBreak":"same_ms_payment_counts_after_bill","mode":"billingChargeRow","paymentSortMs":1775026800000,"billAnchorMs":1775026800000,"payLo":7,"billAnchorLo":8,"tsDeltaMs":0}
[2026-05-14T04:04:01.946Z] [info] [BillPanelTrace] getSum:payment_eval {"customerId":"CUS-3011000","customerName":"SUSAN YOUNG","accountNumber":"CUS-3011000","index":2,"paymentMethod":"Check","amountPaid":75,"ledgerOrder":9,"timestamp":"2026-04-01T07:00:00.000Z","countsTowardStatement":true,"tieBreak":"after_latest_billing_charge_row","mode":"billingChargeRow","paymentSortMs":1775026800000,"billAnchorMs":1775026800000,"payLo":9,"billAnchorLo":8,"tsDeltaMs":0}
[2026-05-14T04:04:01.946Z] [info] [BillPanelTrace] getSumPaymentAmountsAfterLastBillPrint:result {"customerId":"CUS-3011000","customerName":"SUSAN YOUNG","accountNumber":"CUS-3011000","paidAfterSum":625.47}
[2026-05-14T04:04:01.946Z] [info] [BillPanelTrace] getSumPaymentAmountsAfterLastBillPrint:start {"customerId":"CUS-3011000","customerName":"SUSAN YOUNG","accountNumber":"CUS-3011000","paymentHistoryLength":3,"lastBillPrintDate":"2026-04-01T07:00:00.000Z","lastBillPrintLedgerOrder":8,"latestBillingChargeSortMs":1775026800000,"latestBillingChargeLedgerOrder":8}
[2026-05-14T04:04:01.946Z] [info] [BillPanelTrace] getSum:skip_payment {"customerId":"CUS-3011000","customerName":"SUSAN YOUNG","accountNumber":"CUS-3011000","index":0,"reason":"testFreshStart"}
[2026-05-14T04:04:01.946Z] [info] [BillPanelTrace] getSum:payment_eval {"customerId":"CUS-3011000","customerName":"SUSAN YOUNG","accountNumber":"CUS-3011000","index":1,"paymentMethod":"Security deposit (auto)","amountPaid":550.47,"ledgerOrder":7,"timestamp":"2026-04-01T07:00:00.000Z","countsTowardStatement":true,"tieBreak":"same_ms_payment_counts_after_bill","mode":"billingChargeRow","paymentSortMs":1775026800000,"billAnchorMs":1775026800000,"payLo":7,"billAnchorLo":8,"tsDeltaMs":0}
[2026-05-14T04:04:01.946Z] [info] [BillPanelTrace] getSum:payment_eval {"customerId":"CUS-3011000","customerName":"SUSAN YOUNG","accountNumber":"CUS-3011000","index":2,"paymentMethod":"Check","amountPaid":75,"ledgerOrder":9,"timestamp":"2026-04-01T07:00:00.000Z","countsTowardStatement":true,"tieBreak":"after_latest_billing_charge_row","mode":"billingChargeRow","paymentSortMs":1775026800000,"billAnchorMs":1775026800000,"payLo":9,"billAnchorLo":8,"tsDeltaMs":0}
[2026-05-14T04:04:01.946Z] [info] [BillPanelTrace] getSumPaymentAmountsAfterLastBillPrint:result {"customerId":"CUS-3011000","customerName":"SUSAN YOUNG","accountNumber":"CUS-3011000","paidAfterSum":625.47}
[2026-05-14T04:04:01.946Z] [info] [BillPanelTrace] getSumPaymentAmountsAfterLastBillPrint:start {"customerId":"CUS-3011000","customerName":"SUSAN YOUNG","accountNumber":"CUS-3011000","paymentHistoryLength":3,"lastBillPrintDate":"2026-04-01T07:00:00.000Z","lastBillPrintLedgerOrder":8,"latestBillingChargeSortMs":1775026800000,"latestBillingChargeLedgerOrder":8}
[2026-05-14T04:04:01.946Z] [info] [BillPanelTrace] getSum:skip_payment {"customerId":"CUS-3011000","customerName":"SUSAN YOUNG","accountNumber":"CUS-3011000","index":0,"reason":"testFreshStart"}
[2026-05-14T04:04:01.946Z] [info] [BillPanelTrace] getSum:payment_eval {"customerId":"CUS-3011000","customerName":"SUSAN YOUNG","accountNumber":"CUS-3011000","index":1,"paymentMethod":"Security deposit (auto)","amountPaid":550.47,"ledgerOrder":7,"timestamp":"2026-04-01T07:00:00.000Z","countsTowardStatement":true,"tieBreak":"same_ms_payment_counts_after_bill","mode":"billingChargeRow","paymentSortMs":1775026800000,"billAnchorMs":1775026800000,"payLo":7,"billAnchorLo":8,"tsDeltaMs":0}
[2026-05-14T04:04:01.946Z] [info] [BillPanelTrace] getSum:payment_eval {"customerId":"CUS-3011000","customerName":"SUSAN YOUNG","accountNumber":"CUS-3011000","index":2,"paymentMethod":"Check","amountPaid":75,"ledgerOrder":9,"timestamp":"2026-04-01T07:00:00.000Z","countsTowardStatement":true,"tieBreak":"after_latest_billing_charge_row","mode":"billingChargeRow","paymentSortMs":1775026800000,"billAnchorMs":1775026800000,"payLo":9,"billAnchorLo":8,"tsDeltaMs":0}
[2026-05-14T04:04:01.946Z] [info] [BillPanelTrace] getSumPaymentAmountsAfterLastBillPrint:result {"customerId":"CUS-3011000","customerName":"SUSAN YOUNG","accountNumber":"CUS-3011000","paidAfterSum":625.47}
[2026-05-14T04:04:01.946Z] [info] [BillPanelTrace] applyOpenBalanceSnapshotCapToPanelAmounts:eval {"customerId":"CUS-3011000","customerName":"SUSAN YOUNG","accountNumber":"CUS-3011000","snap":103.49,"curTotal":108.49,"gap":5,"lateFeePanel":5,"paidLate":0,"lateRemainingForCap":5,"skippedCapStaleSnapVersusAccruedLate":true}
[2026-05-14T04:04:01.946Z] [info] [BillPanelTrace] getProcessBillPanelAmounts:result_live {"customerId":"CUS-3011000","customerName":"SUSAN YOUNG","accountNumber":"CUS-3011000","total":108.49,"pastDue":0,"lateFee":5,"dueDateStr":"04/21/2026","fromFrozen":false}
[2026-05-14T04:04:01.946Z] [info] [BillPanelTrace] getSumPaymentAmountsAfterLastBillPrint:start {"customerId":"CUS-3011000","customerName":"SUSAN YOUNG","accountNumber":"CUS-3011000","paymentHistoryLength":3,"lastBillPrintDate":"2026-04-01T07:00:00.000Z","lastBillPrintLedgerOrder":8,"latestBillingChargeSortMs":1775026800000,"latestBillingChargeLedgerOrder":8}
[2026-05-14T04:04:01.946Z] [info] [BillPanelTrace] getSum:skip_payment {"customerId":"CUS-3011000","customerName":"SUSAN YOUNG","accountNumber":"CUS-3011000","index":0,"reason":"testFreshStart"}
[2026-05-14T04:04:01.946Z] [info] [BillPanelTrace] getSum:payment_eval {"customerId":"CUS-3011000","customerName":"SUSAN YOUNG","accountNumber":"CUS-3011000","index":1,"paymentMethod":"Security deposit (auto)","amountPaid":550.47,"ledgerOrder":7,"timestamp":"2026-04-01T07:00:00.000Z","countsTowardStatement":true,"tieBreak":"same_ms_payment_counts_after_bill","mode":"billingChargeRow","paymentSortMs":1775026800000,"billAnchorMs":1775026800000,"payLo":7,"billAnchorLo":8,"tsDeltaMs":0}
[2026-05-14T04:04:01.946Z] [info] [BillPanelTrace] getSum:payment_eval {"customerId":"CUS-3011000","customerName":"SUSAN YOUNG","accountNumber":"CUS-3011000","index":2,"paymentMethod":"Check","amountPaid":75,"ledgerOrder":9,"timestamp":"2026-04-01T07:00:00.000Z","countsTowardStatement":true,"tieBreak":"after_latest_billing_charge_row","mode":"billingChargeRow","paymentSortMs":1775026800000,"billAnchorMs":1775026800000,"payLo":9,"billAnchorLo":8,"tsDeltaMs":0}
[2026-05-14T04:04:01.946Z] [info] [BillPanelTrace] getSumPaymentAmountsAfterLastBillPrint:result {"customerId":"CUS-3011000","customerName":"SUSAN YOUNG","accountNumber":"CUS-3011000","paidAfterSum":625.47}
[2026-05-14T04:04:01.946Z] [info] [BillPanelTrace] applyOpenBalanceSnapshotCapToPanelAmounts:eval {"customerId":"CUS-3011000","customerName":"SUSAN YOUNG","accountNumber":"CUS-3011000","snap":103.49,"curTotal":108.49,"gap":5,"lateFeePanel":5,"paidLate":0,"lateRemainingForCap":5,"skippedCapStaleSnapVersusAccruedLate":true}
[2026-05-14T04:04:02.057Z] [info] [BillPanelTrace] getProcessBillPanelAmounts:branch_check {"customerId":"CUS-3011000","customerName":"SUSAN YOUNG","accountNumber":"CUS-3011000","hasFrozenSnapshot":false,"lastBillPrintDate":"2026-04-01T07:00:00.000Z","lastPrintedStatementTotalDue":178.49}
[2026-05-14T04:04:02.057Z] [info] [BillPanelTrace] getProcessBillPanelAmounts:branch_check {"customerId":"CUS-3011000","customerName":"SUSAN YOUNG","accountNumber":"CUS-3011000","hasFrozenSnapshot":false,"lastBillPrintDate":"2026-04-01T07:00:00.000Z","lastPrintedStatementTotalDue":178.49}
[2026-05-14T04:04:02.057Z] [info] [BillPanelTrace] getSumPaymentAmountsAfterLastBillPrint:start {"customerId":"CUS-3011000","customerName":"SUSAN YOUNG","accountNumber":"CUS-3011000","paymentHistoryLength":3,"lastBillPrintDate":"2026-04-01T07:00:00.000Z","lastBillPrintLedgerOrder":8,"latestBillingChargeSortMs":1775026800000,"latestBillingChargeLedgerOrder":8}
[2026-05-14T04:04:02.057Z] [info] [BillPanelTrace] getSum:skip_payment {"customerId":"CUS-3011000","customerName":"SUSAN YOUNG","accountNumber":"CUS-3011000","index":0,"reason":"testFreshStart"}
[2026-05-14T04:04:02.057Z] [info] [BillPanelTrace] getSum:payment_eval {"customerId":"CUS-3011000","customerName":"SUSAN YOUNG","accountNumber":"CUS-3011000","index":1,"paymentMethod":"Security deposit (auto)","amountPaid":550.47,"ledgerOrder":7,"timestamp":"2026-04-01T07:00:00.000Z","countsTowardStatement":true,"tieBreak":"same_ms_payment_counts_after_bill","mode":"billingChargeRow","paymentSortMs":1775026800000,"billAnchorMs":1775026800000,"payLo":7,"billAnchorLo":8,"tsDeltaMs":0}
[2026-05-14T04:04:02.057Z] [info] [BillPanelTrace] getSum:payment_eval {"customerId":"CUS-3011000","customerName":"SUSAN YOUNG","accountNumber":"CUS-3011000","index":2,"paymentMethod":"Check","amountPaid":75,"ledgerOrder":9,"timestamp":"2026-04-01T07:00:00.000Z","countsTowardStatement":true,"tieBreak":"after_latest_billing_charge_row","mode":"billingChargeRow","paymentSortMs":1775026800000,"billAnchorMs":1775026800000,"payLo":9,"billAnchorLo":8,"tsDeltaMs":0}
[2026-05-14T04:04:02.057Z] [info] [BillPanelTrace] getSumPaymentAmountsAfterLastBillPrint:result {"customerId":"CUS-3011000","customerName":"SUSAN YOUNG","accountNumber":"CUS-3011000","paidAfterSum":625.47}
[2026-05-14T04:04:02.057Z] [info] [BillPanelTrace] getSumPaymentAmountsAfterLastBillPrint:start {"customerId":"CUS-3011000","customerName":"SUSAN YOUNG","accountNumber":"CUS-3011000","paymentHistoryLength":3,"lastBillPrintDate":"2026-04-01T07:00:00.000Z","lastBillPrintLedgerOrder":8,"latestBillingChargeSortMs":1775026800000,"latestBillingChargeLedgerOrder":8}
[2026-05-14T04:04:02.057Z] [info] [BillPanelTrace] getSum:skip_payment {"customerId":"CUS-3011000","customerName":"SUSAN YOUNG","accountNumber":"CUS-3011000","index":0,"reason":"testFreshStart"}
[2026-05-14T04:04:02.057Z] [info] [BillPanelTrace] getSum:payment_eval {"customerId":"CUS-3011000","customerName":"SUSAN YOUNG","accountNumber":"CUS-3011000","index":1,"paymentMethod":"Security deposit (auto)","amountPaid":550.47,"ledgerOrder":7,"timestamp":"2026-04-01T07:00:00.000Z","countsTowardStatement":true,"tieBreak":"same_ms_payment_counts_after_bill","mode":"billingChargeRow","paymentSortMs":1775026800000,"billAnchorMs":1775026800000,"payLo":7,"billAnchorLo":8,"tsDeltaMs":0}
[2026-05-14T04:04:02.057Z] [info] [BillPanelTrace] getSum:payment_eval {"customerId":"CUS-3011000","customerName":"SUSAN YOUNG","accountNumber":"CUS-3011000","index":2,"paymentMethod":"Check","amountPaid":75,"ledgerOrder":9,"timestamp":"2026-04-01T07:00:00.000Z","countsTowardStatement":true,"tieBreak":"after_latest_billing_charge_row","mode":"billingChargeRow","paymentSortMs":1775026800000,"billAnchorMs":1775026800000,"payLo":9,"billAnchorLo":8,"tsDeltaMs":0}
[2026-05-14T04:04:02.057Z] [info] [BillPanelTrace] getSumPaymentAmountsAfterLastBillPrint:result {"customerId":"CUS-3011000","customerName":"SUSAN YOUNG","accountNumber":"CUS-3011000","paidAfterSum":625.47}
[2026-05-14T04:04:02.057Z] [info] [BillPanelTrace] getSumPaymentAmountsAfterLastBillPrint:start {"customerId":"CUS-3011000","customerName":"SUSAN YOUNG","accountNumber":"CUS-3011000","paymentHistoryLength":3,"lastBillPrintDate":"2026-04-01T07:00:00.000Z","lastBillPrintLedgerOrder":8,"latestBillingChargeSortMs":1775026800000,"latestBillingChargeLedgerOrder":8}
[2026-05-14T04:04:02.057Z] [info] [BillPanelTrace] getSum:skip_payment {"customerId":"CUS-3011000","customerName":"SUSAN YOUNG","accountNumber":"CUS-3011000","index":0,"reason":"testFreshStart"}
[2026-05-14T04:04:02.057Z] [info] [BillPanelTrace] getSum:payment_eval {"customerId":"CUS-3011000","customerName":"SUSAN YOUNG","accountNumber":"CUS-3011000","index":1,"paymentMethod":"Security deposit (auto)","amountPaid":550.47,"ledgerOrder":7,"timestamp":"2026-04-01T07:00:00.000Z","countsTowardStatement":true,"tieBreak":"same_ms_payment_counts_after_bill","mode":"billingChargeRow","paymentSortMs":1775026800000,"billAnchorMs":1775026800000,"payLo":7,"billAnchorLo":8,"tsDeltaMs":0}
[2026-05-14T04:04:02.058Z] [info] [BillPanelTrace] getSum:payment_eval {"customerId":"CUS-3011000","customerName":"SUSAN YOUNG","accountNumber":"CUS-3011000","index":2,"paymentMethod":"Check","amountPaid":75,"ledgerOrder":9,"timestamp":"2026-04-01T07:00:00.000Z","countsTowardStatement":true,"tieBreak":"after_latest_billing_charge_row","mode":"billingChargeRow","paymentSortMs":1775026800000,"billAnchorMs":1775026800000,"payLo":9,"billAnchorLo":8,"tsDeltaMs":0}
[2026-05-14T04:04:02.058Z] [info] [BillPanelTrace] getSumPaymentAmountsAfterLastBillPrint:result {"customerId":"CUS-3011000","customerName":"SUSAN YOUNG","accountNumber":"CUS-3011000","paidAfterSum":625.47}
[2026-05-14T04:04:02.058Z] [info] [BillPanelTrace] getSumPaymentAmountsAfterLastBillPrint:start {"customerId":"CUS-3011000","customerName":"SUSAN YOUNG","accountNumber":"CUS-3011000","paymentHistoryLength":3,"lastBillPrintDate":"2026-04-01T07:00:00.000Z","lastBillPrintLedgerOrder":8,"latestBillingChargeSortMs":1775026800000,"latestBillingChargeLedgerOrder":8}
[2026-05-14T04:04:02.058Z] [info] [BillPanelTrace] getSum:skip_payment {"customerId":"CUS-3011000","customerName":"SUSAN YOUNG","accountNumber":"CUS-3011000","index":0,"reason":"testFreshStart"}
[2026-05-14T04:04:02.058Z] [info] [BillPanelTrace] getSum:payment_eval {"customerId":"CUS-3011000","customerName":"SUSAN YOUNG","accountNumber":"CUS-3011000","index":1,"paymentMethod":"Security deposit (auto)","amountPaid":550.47,"ledgerOrder":7,"timestamp":"2026-04-01T07:00:00.000Z","countsTowardStatement":true,"tieBreak":"same_ms_payment_counts_after_bill","mode":"billingChargeRow","paymentSortMs":1775026800000,"billAnchorMs":1775026800000,"payLo":7,"billAnchorLo":8,"tsDeltaMs":0}
[2026-05-14T04:04:02.058Z] [info] [BillPanelTrace] getSum:payment_eval {"customerId":"CUS-3011000","customerName":"SUSAN YOUNG","accountNumber":"CUS-3011000","index":2,"paymentMethod":"Check","amountPaid":75,"ledgerOrder":9,"timestamp":"2026-04-01T07:00:00.000Z","countsTowardStatement":true,"tieBreak":"after_latest_billing_charge_row","mode":"billingChargeRow","paymentSortMs":1775026800000,"billAnchorMs":1775026800000,"payLo":9,"billAnchorLo":8,"tsDeltaMs":0}
[2026-05-14T04:04:02.058Z] [info] [BillPanelTrace] getSumPaymentAmountsAfterLastBillPrint:result {"customerId":"CUS-3011000","customerName":"SUSAN YOUNG","accountNumber":"CUS-3011000","paidAfterSum":625.47}
[2026-05-14T04:04:02.058Z] [info] [BillPanelTrace] applyOpenBalanceSnapshotCapToPanelAmounts:eval {"customerId":"CUS-3011000","customerName":"SUSAN YOUNG","accountNumber":"CUS-3011000","snap":103.49,"curTotal":108.49,"gap":5,"lateFeePanel":5,"paidLate":0,"lateRemainingForCap":5,"skippedCapStaleSnapVersusAccruedLate":true}
[2026-05-14T04:04:02.058Z] [info] [BillPanelTrace] getProcessBillPanelAmounts:result_live {"customerId":"CUS-3011000","customerName":"SUSAN YOUNG","accountNumber":"CUS-3011000","total":108.49,"pastDue":0,"lateFee":5,"dueDateStr":"04/21/2026","fromFrozen":false}
[2026-05-14T04:04:02.058Z] [info] [BillPanelTrace] getProcessBillPanelAmounts:branch_check {"customerId":"CUS-3011000","customerName":"SUSAN YOUNG","accountNumber":"CUS-3011000","hasFrozenSnapshot":false,"lastBillPrintDate":"2026-04-01T07:00:00.000Z","lastPrintedStatementTotalDue":178.49}
[2026-05-14T04:04:02.058Z] [info] [BillPanelTrace] getSumPaymentAmountsAfterLastBillPrint:start {"customerId":"CUS-3011000","customerName":"SUSAN YOUNG","accountNumber":"CUS-3011000","paymentHistoryLength":3,"lastBillPrintDate":"2026-04-01T07:00:00.000Z","lastBillPrintLedgerOrder":8,"latestBillingChargeSortMs":1775026800000,"latestBillingChargeLedgerOrder":8}
[2026-05-14T04:04:02.058Z] [info] [BillPanelTrace] getSum:skip_payment {"customerId":"CUS-3011000","customerName":"SUSAN YOUNG","accountNumber":"CUS-3011000","index":0,"reason":"testFreshStart"}
[2026-05-14T04:04:02.058Z] [info] [BillPanelTrace] getSum:payment_eval {"customerId":"CUS-3011000","customerName":"SUSAN YOUNG","accountNumber":"CUS-3011000","index":1,"paymentMethod":"Security deposit (auto)","amountPaid":550.47,"ledgerOrder":7,"timestamp":"2026-04-01T07:00:00.000Z","countsTowardStatement":true,"tieBreak":"same_ms_payment_counts_after_bill","mode":"billingChargeRow","paymentSortMs":1775026800000,"billAnchorMs":1775026800000,"payLo":7,"billAnchorLo":8,"tsDeltaMs":0}
[2026-05-14T04:04:02.058Z] [info] [BillPanelTrace] getSum:payment_eval {"customerId":"CUS-3011000","customerName":"SUSAN YOUNG","accountNumber":"CUS-3011000","index":2,"paymentMethod":"Check","amountPaid":75,"ledgerOrder":9,"timestamp":"2026-04-01T07:00:00.000Z","countsTowardStatement":true,"tieBreak":"after_latest_billing_charge_row","mode":"billingChargeRow","paymentSortMs":1775026800000,"billAnchorMs":1775026800000,"payLo":9,"billAnchorLo":8,"tsDeltaMs":0}
[2026-05-14T04:04:02.058Z] [info] [BillPanelTrace] getSumPaymentAmountsAfterLastBillPrint:result {"customerId":"CUS-3011000","customerName":"SUSAN YOUNG","accountNumber":"CUS-3011000","paidAfterSum":625.47}
[2026-05-14T04:04:02.058Z] [info] [BillPanelTrace] getSumPaymentAmountsAfterLastBillPrint:start {"customerId":"CUS-3011000","customerName":"SUSAN YOUNG","accountNumber":"CUS-3011000","paymentHistoryLength":3,"lastBillPrintDate":"2026-04-01T07:00:00.000Z","lastBillPrintLedgerOrder":8,"latestBillingChargeSortMs":1775026800000,"latestBillingChargeLedgerOrder":8}
[2026-05-14T04:04:02.058Z] [info] [BillPanelTrace] getSum:skip_payment {"customerId":"CUS-3011000","customerName":"SUSAN YOUNG","accountNumber":"CUS-3011000","index":0,"reason":"testFreshStart"}
[2026-05-14T04:04:02.058Z] [info] [BillPanelTrace] getSum:payment_eval {"customerId":"CUS-3011000","customerName":"SUSAN YOUNG","accountNumber":"CUS-3011000","index":1,"paymentMethod":"Security deposit (auto)","amountPaid":550.47,"ledgerOrder":7,"timestamp":"2026-04-01T07:00:00.000Z","countsTowardStatement":true,"tieBreak":"same_ms_payment_counts_after_bill","mode":"billingChargeRow","paymentSortMs":1775026800000,"billAnchorMs":1775026800000,"payLo":7,"billAnchorLo":8,"tsDeltaMs":0}
[2026-05-14T04:04:02.058Z] [info] [BillPanelTrace] getSum:payment_eval {"customerId":"CUS-3011000","customerName":"SUSAN YOUNG","accountNumber":"CUS-3011000","index":2,"paymentMethod":"Check","amountPaid":75,"ledgerOrder":9,"timestamp":"2026-04-01T07:00:00.000Z","countsTowardStatement":true,"tieBreak":"after_latest_billing_charge_row","mode":"billingChargeRow","paymentSortMs":1775026800000,"billAnchorMs":1775026800000,"payLo":9,"billAnchorLo":8,"tsDeltaMs":0}
[2026-05-14T04:04:02.058Z] [info] [BillPanelTrace] getSumPaymentAmountsAfterLastBillPrint:result {"customerId":"CUS-3011000","customerName":"SUSAN YOUNG","accountNumber":"CUS-3011000","paidAfterSum":625.47}
[2026-05-14T04:04:02.058Z] [info] [BillPanelTrace] getSumPaymentAmountsAfterLastBillPrint:start {"customerId":"CUS-3011000","customerName":"SUSAN YOUNG","accountNumber":"CUS-3011000","paymentHistoryLength":3,"lastBillPrintDate":"2026-04-01T07:00:00.000Z","lastBillPrintLedgerOrder":8,"latestBillingChargeSortMs":1775026800000,"latestBillingChargeLedgerOrder":8}
[2026-05-14T04:04:02.058Z] [info] [BillPanelTrace] getSum:skip_payment {"customerId":"CUS-3011000","customerName":"SUSAN YOUNG","accountNumber":"CUS-3011000","index":0,"reason":"testFreshStart"}
[2026-05-14T04:04:02.058Z] [info] [BillPanelTrace] getSum:payment_eval {"customerId":"CUS-3011000","customerName":"SUSAN YOUNG","accountNumber":"CUS-3011000","index":1,"paymentMethod":"Security deposit (auto)","amountPaid":550.47,"ledgerOrder":7,"timestamp":"2026-04-01T07:00:00.000Z","countsTowardStatement":true,"tieBreak":"same_ms_payment_counts_after_bill","mode":"billingChargeRow","paymentSortMs":1775026800000,"billAnchorMs":1775026800000,"payLo":7,"billAnchorLo":8,"tsDeltaMs":0}
[2026-05-14T04:04:02.058Z] [info] [BillPanelTrace] getSum:payment_eval {"customerId":"CUS-3011000","customerName":"SUSAN YOUNG","accountNumber":"CUS-3011000","index":2,"paymentMethod":"Check","amountPaid":75,"ledgerOrder":9,"timestamp":"2026-04-01T07:00:00.000Z","countsTowardStatement":true,"tieBreak":"after_latest_billing_charge_row","mode":"billingChargeRow","paymentSortMs":1775026800000,"billAnchorMs":1775026800000,"payLo":9,"billAnchorLo":8,"tsDeltaMs":0}
[2026-05-14T04:04:02.058Z] [info] [BillPanelTrace] getSumPaymentAmountsAfterLastBillPrint:result {"customerId":"CUS-3011000","customerName":"SUSAN YOUNG","accountNumber":"CUS-3011000","paidAfterSum":625.47}
[2026-05-14T04:04:02.058Z] [info] [BillPanelTrace] getSumPaymentAmountsAfterLastBillPrint:start {"customerId":"CUS-3011000","customerName":"SUSAN YOUNG","accountNumber":"CUS-3011000","paymentHistoryLength":3,"lastBillPrintDate":"2026-04-01T07:00:00.000Z","lastBillPrintLedgerOrder":8,"latestBillingChargeSortMs":1775026800000,"latestBillingChargeLedgerOrder":8}
[2026-05-14T04:04:02.058Z] [info] [BillPanelTrace] getSum:skip_payment {"customerId":"CUS-3011000","customerName":"SUSAN YOUNG","accountNumber":"CUS-3011000","index":0,"reason":"testFreshStart"}
[2026-05-14T04:04:02.058Z] [info] [BillPanelTrace] getSum:payment_eval {"customerId":"CUS-3011000","customerName":"SUSAN YOUNG","accountNumber":"CUS-3011000","index":1,"paymentMethod":"Security deposit (auto)","amountPaid":550.47,"ledgerOrder":7,"timestamp":"2026-04-01T07:00:00.000Z","countsTowardStatement":true,"tieBreak":"same_ms_payment_counts_after_bill","mode":"billingChargeRow","paymentSortMs":1775026800000,"billAnchorMs":1775026800000,"payLo":7,"billAnchorLo":8,"tsDeltaMs":0}
[2026-05-14T04:04:02.058Z] [info] [BillPanelTrace] getSum:payment_eval {"customerId":"CUS-3011000","customerName":"SUSAN YOUNG","accountNumber":"CUS-3011000","index":2,"paymentMethod":"Check","amountPaid":75,"ledgerOrder":9,"timestamp":"2026-04-01T07:00:00.000Z","countsTowardStatement":true,"tieBreak":"after_latest_billing_charge_row","mode":"billingChargeRow","paymentSortMs":1775026800000,"billAnchorMs":1775026800000,"payLo":9,"billAnchorLo":8,"tsDeltaMs":0}
[2026-05-14T04:04:02.058Z] [info] [BillPanelTrace] getSumPaymentAmountsAfterLastBillPrint:result {"customerId":"CUS-3011000","customerName":"SUSAN YOUNG","accountNumber":"CUS-3011000","paidAfterSum":625.47}
[2026-05-14T04:04:02.058Z] [info] [BillPanelTrace] applyOpenBalanceSnapshotCapToPanelAmounts:eval {"customerId":"CUS-3011000","customerName":"SUSAN YOUNG","accountNumber":"CUS-3011000","snap":103.49,"curTotal":108.49,"gap":5,"lateFeePanel":5,"paidLate":0,"lateRemainingForCap":5,"skippedCapStaleSnapVersusAccruedLate":true}
[2026-05-14T04:04:02.058Z] [info] [BillPanelTrace] getProcessBillPanelAmounts:result_live {"customerId":"CUS-3011000","customerName":"SUSAN YOUNG","accountNumber":"CUS-3011000","total":108.49,"pastDue":0,"lateFee":5,"dueDateStr":"04/21/2026","fromFrozen":false}
[2026-05-14T04:04:02.058Z] [info] [BillPanelTrace] getProcessBillPanelAmounts:branch_check {"customerId":"CUS-3011000","customerName":"SUSAN YOUNG","accountNumber":"CUS-3011000","hasFrozenSnapshot":false,"lastBillPrintDate":"2026-04-01T07:00:00.000Z","lastPrintedStatementTotalDue":178.49}
[2026-05-14T04:04:02.058Z] [info] [BillPanelTrace] getSumPaymentAmountsAfterLastBillPrint:start {"customerId":"CUS-3011000","customerName":"SUSAN YOUNG","accountNumber":"CUS-3011000","paymentHistoryLength":3,"lastBillPrintDate":"2026-04-01T07:00:00.000Z","lastBillPrintLedgerOrder":8,"latestBillingChargeSortMs":1775026800000,"latestBillingChargeLedgerOrder":8}
[2026-05-14T04:04:02.059Z] [info] [BillPanelTrace] getSum:skip_payment {"customerId":"CUS-3011000","customerName":"SUSAN YOUNG","accountNumber":"CUS-3011000","index":0,"reason":"testFreshStart"}
[2026-05-14T04:04:02.059Z] [info] [BillPanelTrace] getSum:payment_eval {"customerId":"CUS-3011000","customerName":"SUSAN YOUNG","accountNumber":"CUS-3011000","index":1,"paymentMethod":"Security deposit (auto)","amountPaid":550.47,"ledgerOrder":7,"timestamp":"2026-04-01T07:00:00.000Z","countsTowardStatement":true,"tieBreak":"same_ms_payment_counts_after_bill","mode":"billingChargeRow","paymentSortMs":1775026800000,"billAnchorMs":1775026800000,"payLo":7,"billAnchorLo":8,"tsDeltaMs":0}
[2026-05-14T04:04:02.059Z] [info] [BillPanelTrace] getSum:payment_eval {"customerId":"CUS-3011000","customerName":"SUSAN YOUNG","accountNumber":"CUS-3011000","index":2,"paymentMethod":"Check","amountPaid":75,"ledgerOrder":9,"timestamp":"2026-04-01T07:00:00.000Z","countsTowardStatement":true,"tieBreak":"after_latest_billing_charge_row","mode":"billingChargeRow","paymentSortMs":1775026800000,"billAnchorMs":1775026800000,"payLo":9,"billAnchorLo":8,"tsDeltaMs":0}
[2026-05-14T04:04:02.059Z] [info] [BillPanelTrace] getSumPaymentAmountsAfterLastBillPrint:result {"customerId":"CUS-3011000","customerName":"SUSAN YOUNG","accountNumber":"CUS-3011000","paidAfterSum":625.47}
[2026-05-14T04:04:02.059Z] [info] [BillPanelTrace] getSumPaymentAmountsAfterLastBillPrint:start {"customerId":"CUS-3011000","customerName":"SUSAN YOUNG","accountNumber":"CUS-3011000","paymentHistoryLength":3,"lastBillPrintDate":"2026-04-01T07:00:00.000Z","lastBillPrintLedgerOrder":8,"latestBillingChargeSortMs":1775026800000,"latestBillingChargeLedgerOrder":8}
[2026-05-14T04:04:02.059Z] [info] [BillPanelTrace] getSum:skip_payment {"customerId":"CUS-3011000","customerName":"SUSAN YOUNG","accountNumber":"CUS-3011000","index":0,"reason":"testFreshStart"}
[2026-05-14T04:04:02.059Z] [info] [BillPanelTrace] getSum:payment_eval {"customerId":"CUS-3011000","customerName":"SUSAN YOUNG","accountNumber":"CUS-3011000","index":1,"paymentMethod":"Security deposit (auto)","amountPaid":550.47,"ledgerOrder":7,"timestamp":"2026-04-01T07:00:00.000Z","countsTowardStatement":true,"tieBreak":"same_ms_payment_counts_after_bill","mode":"billingChargeRow","paymentSortMs":1775026800000,"billAnchorMs":1775026800000,"payLo":7,"billAnchorLo":8,"tsDeltaMs":0}
[2026-05-14T04:04:02.059Z] [info] [BillPanelTrace] getSum:payment_eval {"customerId":"CUS-3011000","customerName":"SUSAN YOUNG","accountNumber":"CUS-3011000","index":2,"paymentMethod":"Check","amountPaid":75,"ledgerOrder":9,"timestamp":"2026-04-01T07:00:00.000Z","countsTowardStatement":true,"tieBreak":"after_latest_billing_charge_row","mode":"billingChargeRow","paymentSortMs":1775026800000,"billAnchorMs":1775026800000,"payLo":9,"billAnchorLo":8,"tsDeltaMs":0}
[2026-05-14T04:04:02.059Z] [info] [BillPanelTrace] getSumPaymentAmountsAfterLastBillPrint:result {"customerId":"CUS-3011000","customerName":"SUSAN YOUNG","accountNumber":"CUS-3011000","paidAfterSum":625.47}
[2026-05-14T04:04:02.059Z] [info] [BillPanelTrace] getSumPaymentAmountsAfterLastBillPrint:start {"customerId":"CUS-3011000","customerName":"SUSAN YOUNG","accountNumber":"CUS-3011000","paymentHistoryLength":3,"lastBillPrintDate":"2026-04-01T07:00:00.000Z","lastBillPrintLedgerOrder":8,"latestBillingChargeSortMs":1775026800000,"latestBillingChargeLedgerOrder":8}
[2026-05-14T04:04:02.059Z] [info] [BillPanelTrace] getSum:skip_payment {"customerId":"CUS-3011000","customerName":"SUSAN YOUNG","accountNumber":"CUS-3011000","index":0,"reason":"testFreshStart"}
[2026-05-14T04:04:02.059Z] [info] [BillPanelTrace] getSum:payment_eval {"customerId":"CUS-3011000","customerName":"SUSAN YOUNG","accountNumber":"CUS-3011000","index":1,"paymentMethod":"Security deposit (auto)","amountPaid":550.47,"ledgerOrder":7,"timestamp":"2026-04-01T07:00:00.000Z","countsTowardStatement":true,"tieBreak":"same_ms_payment_counts_after_bill","mode":"billingChargeRow","paymentSortMs":1775026800000,"billAnchorMs":1775026800000,"payLo":7,"billAnchorLo":8,"tsDeltaMs":0}
[2026-05-14T04:04:02.059Z] [info] [BillPanelTrace] getSum:payment_eval {"customerId":"CUS-3011000","customerName":"SUSAN YOUNG","accountNumber":"CUS-3011000","index":2,"paymentMethod":"Check","amountPaid":75,"ledgerOrder":9,"timestamp":"2026-04-01T07:00:00.000Z","countsTowardStatement":true,"tieBreak":"after_latest_billing_charge_row","mode":"billingChargeRow","paymentSortMs":1775026800000,"billAnchorMs":1775026800000,"payLo":9,"billAnchorLo":8,"tsDeltaMs":0}
[2026-05-14T04:04:02.059Z] [info] [BillPanelTrace] getSumPaymentAmountsAfterLastBillPrint:result {"customerId":"CUS-3011000","customerName":"SUSAN YOUNG","accountNumber":"CUS-3011000","paidAfterSum":625.47}
[2026-05-14T04:04:02.059Z] [info] [BillPanelTrace] getSumPaymentAmountsAfterLastBillPrint:start {"customerId":"CUS-3011000","customerName":"SUSAN YOUNG","accountNumber":"CUS-3011000","paymentHistoryLength":3,"lastBillPrintDate":"2026-04-01T07:00:00.000Z","lastBillPrintLedgerOrder":8,"latestBillingChargeSortMs":1775026800000,"latestBillingChargeLedgerOrder":8}
[2026-05-14T04:04:02.059Z] [info] [BillPanelTrace] getSum:skip_payment {"customerId":"CUS-3011000","customerName":"SUSAN YOUNG","accountNumber":"CUS-3011000","index":0,"reason":"testFreshStart"}
[2026-05-14T04:04:02.059Z] [info] [BillPanelTrace] getSum:payment_eval {"customerId":"CUS-3011000","customerName":"SUSAN YOUNG","accountNumber":"CUS-3011000","index":1,"paymentMethod":"Security deposit (auto)","amountPaid":550.47,"ledgerOrder":7,"timestamp":"2026-04-01T07:00:00.000Z","countsTowardStatement":true,"tieBreak":"same_ms_payment_counts_after_bill","mode":"billingChargeRow","paymentSortMs":1775026800000,"billAnchorMs":1775026800000,"payLo":7,"billAnchorLo":8,"tsDeltaMs":0}
[2026-05-14T04:04:02.059Z] [info] [BillPanelTrace] getSum:payment_eval {"customerId":"CUS-3011000","customerName":"SUSAN YOUNG","accountNumber":"CUS-3011000","index":2,"paymentMethod":"Check","amountPaid":75,"ledgerOrder":9,"timestamp":"2026-04-01T07:00:00.000Z","countsTowardStatement":true,"tieBreak":"after_latest_billing_charge_row","mode":"billingChargeRow","paymentSortMs":1775026800000,"billAnchorMs":1775026800000,"payLo":9,"billAnchorLo":8,"tsDeltaMs":0}
[2026-05-14T04:04:02.059Z] [info] [BillPanelTrace] getSumPaymentAmountsAfterLastBillPrint:result {"customerId":"CUS-3011000","customerName":"SUSAN YOUNG","accountNumber":"CUS-3011000","paidAfterSum":625.47}
[2026-05-14T04:04:02.059Z] [info] [BillPanelTrace] applyOpenBalanceSnapshotCapToPanelAmounts:eval {"customerId":"CUS-3011000","customerName":"SUSAN YOUNG","accountNumber":"CUS-3011000","snap":103.49,"curTotal":108.49,"gap":5,"lateFeePanel":5,"paidLate":0,"lateRemainingForCap":5,"skippedCapStaleSnapVersusAccruedLate":true}
[2026-05-14T04:04:02.059Z] [info] [BillPanelTrace] getProcessBillPanelAmounts:result_live {"customerId":"CUS-3011000","customerName":"SUSAN YOUNG","accountNumber":"CUS-3011000","total":108.49,"pastDue":0,"lateFee":5,"dueDateStr":"04/21/2026","fromFrozen":false}
[2026-05-14T04:04:02.059Z] [info] [BillPanelTrace] getSumPaymentAmountsAfterLastBillPrint:start {"customerId":"CUS-3011000","customerName":"SUSAN YOUNG","accountNumber":"CUS-3011000","paymentHistoryLength":3,"lastBillPrintDate":"2026-04-01T07:00:00.000Z","lastBillPrintLedgerOrder":8,"latestBillingChargeSortMs":1775026800000,"latestBillingChargeLedgerOrder":8}
[2026-05-14T04:04:02.059Z] [info] [BillPanelTrace] getSum:skip_payment {"customerId":"CUS-3011000","customerName":"SUSAN YOUNG","accountNumber":"CUS-3011000","index":0,"reason":"testFreshStart"}
[2026-05-14T04:04:02.059Z] [info] [BillPanelTrace] getSum:payment_eval {"customerId":"CUS-3011000","customerName":"SUSAN YOUNG","accountNumber":"CUS-3011000","index":1,"paymentMethod":"Security deposit (auto)","amountPaid":550.47,"ledgerOrder":7,"timestamp":"2026-04-01T07:00:00.000Z","countsTowardStatement":true,"tieBreak":"same_ms_payment_counts_after_bill","mode":"billingChargeRow","paymentSortMs":1775026800000,"billAnchorMs":1775026800000,"payLo":7,"billAnchorLo":8,"tsDeltaMs":0}
[2026-05-14T04:04:02.059Z] [info] [BillPanelTrace] getSum:payment_eval {"customerId":"CUS-3011000","customerName":"SUSAN YOUNG","accountNumber":"CUS-3011000","index":2,"paymentMethod":"Check","amountPaid":75,"ledgerOrder":9,"timestamp":"2026-04-01T07:00:00.000Z","countsTowardStatement":true,"tieBreak":"after_latest_billing_charge_row","mode":"billingChargeRow","paymentSortMs":1775026800000,"billAnchorMs":1775026800000,"payLo":9,"billAnchorLo":8,"tsDeltaMs":0}
[2026-05-14T04:04:02.059Z] [info] [BillPanelTrace] getSumPaymentAmountsAfterLastBillPrint:result {"customerId":"CUS-3011000","customerName":"SUSAN YOUNG","accountNumber":"CUS-3011000","paidAfterSum":625.47}
[2026-05-14T04:04:02.059Z] [info] [BillPanelTrace] getSumPaymentAmountsAfterLastBillPrint:start {"customerId":"CUS-3011000","customerName":"SUSAN YOUNG","accountNumber":"CUS-3011000","paymentHistoryLength":3,"lastBillPrintDate":"2026-04-01T07:00:00.000Z","lastBillPrintLedgerOrder":8,"latestBillingChargeSortMs":1775026800000,"latestBillingChargeLedgerOrder":8}
[2026-05-14T04:04:02.059Z] [info] [BillPanelTrace] getSum:skip_payment {"customerId":"CUS-3011000","customerName":"SUSAN YOUNG","accountNumber":"CUS-3011000","index":0,"reason":"testFreshStart"}
[2026-05-14T04:04:02.059Z] [info] [BillPanelTrace] getSum:payment_eval {"customerId":"CUS-3011000","customerName":"SUSAN YOUNG","accountNumber":"CUS-3011000","index":1,"paymentMethod":"Security deposit (auto)","amountPaid":550.47,"ledgerOrder":7,"timestamp":"2026-04-01T07:00:00.000Z","countsTowardStatement":true,"tieBreak":"same_ms_payment_counts_after_bill","mode":"billingChargeRow","paymentSortMs":1775026800000,"billAnchorMs":1775026800000,"payLo":7,"billAnchorLo":8,"tsDeltaMs":0}
[2026-05-14T04:04:02.059Z] [info] [BillPanelTrace] getSum:payment_eval {"customerId":"CUS-3011000","customerName":"SUSAN YOUNG","accountNumber":"CUS-3011000","index":2,"paymentMethod":"Check","amountPaid":75,"ledgerOrder":9,"timestamp":"2026-04-01T07:00:00.000Z","countsTowardStatement":true,"tieBreak":"after_latest_billing_charge_row","mode":"billingChargeRow","paymentSortMs":1775026800000,"billAnchorMs":1775026800000,"payLo":9,"billAnchorLo":8,"tsDeltaMs":0}
[2026-05-14T04:04:02.059Z] [info] [BillPanelTrace] getSumPaymentAmountsAfterLastBillPrint:result {"customerId":"CUS-3011000","customerName":"SUSAN YOUNG","accountNumber":"CUS-3011000","paidAfterSum":625.47}
[2026-05-14T04:04:02.059Z] [info] [BillPanelTrace] getSumPaymentAmountsAfterLastBillPrint:start {"customerId":"CUS-3011000","customerName":"SUSAN YOUNG","accountNumber":"CUS-3011000","paymentHistoryLength":3,"lastBillPrintDate":"2026-04-01T07:00:00.000Z","lastBillPrintLedgerOrder":8,"latestBillingChargeSortMs":1775026800000,"latestBillingChargeLedgerOrder":8}
[2026-05-14T04:04:02.059Z] [info] [BillPanelTrace] getSum:skip_payment {"customerId":"CUS-3011000","customerName":"SUSAN YOUNG","accountNumber":"CUS-3011000","index":0,"reason":"testFreshStart"}
[2026-05-14T04:04:02.059Z] [info] [BillPanelTrace] getSum:payment_eval {"customerId":"CUS-3011000","customerName":"SUSAN YOUNG","accountNumber":"CUS-3011000","index":1,"paymentMethod":"Security deposit (auto)","amountPaid":550.47,"ledgerOrder":7,"timestamp":"2026-04-01T07:00:00.000Z","countsTowardStatement":true,"tieBreak":"same_ms_payment_counts_after_bill","mode":"billingChargeRow","paymentSortMs":1775026800000,"billAnchorMs":1775026800000,"payLo":7,"billAnchorLo":8,"tsDeltaMs":0}
[2026-05-14T04:04:02.059Z] [info] [BillPanelTrace] getSum:payment_eval {"customerId":"CUS-3011000","customerName":"SUSAN YOUNG","accountNumber":"CUS-3011000","index":2,"paymentMethod":"Check","amountPaid":75,"ledgerOrder":9,"timestamp":"2026-04-01T07:00:00.000Z","countsTowardStatement":true,"tieBreak":"after_latest_billing_charge_row","mode":"billingChargeRow","paymentSortMs":1775026800000,"billAnchorMs":1775026800000,"payLo":9,"billAnchorLo":8,"tsDeltaMs":0}
[2026-05-14T04:04:02.060Z] [info] [BillPanelTrace] getSumPaymentAmountsAfterLastBillPrint:result {"customerId":"CUS-3011000","customerName":"SUSAN YOUNG","accountNumber":"CUS-3011000","paidAfterSum":625.47}
[2026-05-14T04:04:02.060Z] [info] [BillPanelTrace] getProcessBillPanelAmounts:branch_check {"customerId":"CUS-3011000","customerName":"SUSAN YOUNG","accountNumber":"CUS-3011000","hasFrozenSnapshot":false,"lastBillPrintDate":"2026-04-01T07:00:00.000Z","lastPrintedStatementTotalDue":178.49}
[2026-05-14T04:04:02.060Z] [info] [BillPanelTrace] getSumPaymentAmountsAfterLastBillPrint:start {"customerId":"CUS-3011000","customerName":"SUSAN YOUNG","accountNumber":"CUS-3011000","paymentHistoryLength":3,"lastBillPrintDate":"2026-04-01T07:00:00.000Z","lastBillPrintLedgerOrder":8,"latestBillingChargeSortMs":1775026800000,"latestBillingChargeLedgerOrder":8}
[2026-05-14T04:04:02.060Z] [info] [BillPanelTrace] getSum:skip_payment {"customerId":"CUS-3011000","customerName":"SUSAN YOUNG","accountNumber":"CUS-3011000","index":0,"reason":"testFreshStart"}
[2026-05-14T04:04:02.060Z] [info] [BillPanelTrace] getSum:payment_eval {"customerId":"CUS-3011000","customerName":"SUSAN YOUNG","accountNumber":"CUS-3011000","index":1,"paymentMethod":"Security deposit (auto)","amountPaid":550.47,"ledgerOrder":7,"timestamp":"2026-04-01T07:00:00.000Z","countsTowardStatement":true,"tieBreak":"same_ms_payment_counts_after_bill","mode":"billingChargeRow","paymentSortMs":1775026800000,"billAnchorMs":1775026800000,"payLo":7,"billAnchorLo":8,"tsDeltaMs":0}
[2026-05-14T04:04:02.060Z] [info] [BillPanelTrace] getSum:payment_eval {"customerId":"CUS-3011000","customerName":"SUSAN YOUNG","accountNumber":"CUS-3011000","index":2,"paymentMethod":"Check","amountPaid":75,"ledgerOrder":9,"timestamp":"2026-04-01T07:00:00.000Z","countsTowardStatement":true,"tieBreak":"after_latest_billing_charge_row","mode":"billingChargeRow","paymentSortMs":1775026800000,"billAnchorMs":1775026800000,"payLo":9,"billAnchorLo":8,"tsDeltaMs":0}
[2026-05-14T04:04:02.060Z] [info] [BillPanelTrace] getSumPaymentAmountsAfterLastBillPrint:result {"customerId":"CUS-3011000","customerName":"SUSAN YOUNG","accountNumber":"CUS-3011000","paidAfterSum":625.47}
[2026-05-14T04:04:02.060Z] [info] [BillPanelTrace] getSumPaymentAmountsAfterLastBillPrint:start {"customerId":"CUS-3011000","customerName":"SUSAN YOUNG","accountNumber":"CUS-3011000","paymentHistoryLength":3,"lastBillPrintDate":"2026-04-01T07:00:00.000Z","lastBillPrintLedgerOrder":8,"latestBillingChargeSortMs":1775026800000,"latestBillingChargeLedgerOrder":8}
[2026-05-14T04:04:02.060Z] [info] [BillPanelTrace] getSum:skip_payment {"customerId":"CUS-3011000","customerName":"SUSAN YOUNG","accountNumber":"CUS-3011000","index":0,"reason":"testFreshStart"}
[2026-05-14T04:04:02.060Z] [info] [BillPanelTrace] getSum:payment_eval {"customerId":"CUS-3011000","customerName":"SUSAN YOUNG","accountNumber":"CUS-3011000","index":1,"paymentMethod":"Security deposit (auto)","amountPaid":550.47,"ledgerOrder":7,"timestamp":"2026-04-01T07:00:00.000Z","countsTowardStatement":true,"tieBreak":"same_ms_payment_counts_after_bill","mode":"billingChargeRow","paymentSortMs":1775026800000,"billAnchorMs":1775026800000,"payLo":7,"billAnchorLo":8,"tsDeltaMs":0}
[2026-05-14T04:04:02.060Z] [info] [BillPanelTrace] getSum:payment_eval {"customerId":"CUS-3011000","customerName":"SUSAN YOUNG","accountNumber":"CUS-3011000","index":2,"paymentMethod":"Check","amountPaid":75,"ledgerOrder":9,"timestamp":"2026-04-01T07:00:00.000Z","countsTowardStatement":true,"tieBreak":"after_latest_billing_charge_row","mode":"billingChargeRow","paymentSortMs":1775026800000,"billAnchorMs":1775026800000,"payLo":9,"billAnchorLo":8,"tsDeltaMs":0}
[2026-05-14T04:04:02.060Z] [info] [BillPanelTrace] getSumPaymentAmountsAfterLastBillPrint:result {"customerId":"CUS-3011000","customerName":"SUSAN YOUNG","accountNumber":"CUS-3011000","paidAfterSum":625.47}
[2026-05-14T04:04:02.060Z] [info] [BillPanelTrace] getSumPaymentAmountsAfterLastBillPrint:start {"customerId":"CUS-3011000","customerName":"SUSAN YOUNG","accountNumber":"CUS-3011000","paymentHistoryLength":3,"lastBillPrintDate":"2026-04-01T07:00:00.000Z","lastBillPrintLedgerOrder":8,"latestBillingChargeSortMs":1775026800000,"latestBillingChargeLedgerOrder":8}
[2026-05-14T04:04:02.060Z] [info] [BillPanelTrace] getSum:skip_payment {"customerId":"CUS-3011000","customerName":"SUSAN YOUNG","accountNumber":"CUS-3011000","index":0,"reason":"testFreshStart"}
[2026-05-14T04:04:02.060Z] [info] [BillPanelTrace] getSum:payment_eval {"customerId":"CUS-3011000","customerName":"SUSAN YOUNG","accountNumber":"CUS-3011000","index":1,"paymentMethod":"Security deposit (auto)","amountPaid":550.47,"ledgerOrder":7,"timestamp":"2026-04-01T07:00:00.000Z","countsTowardStatement":true,"tieBreak":"same_ms_payment_counts_after_bill","mode":"billingChargeRow","paymentSortMs":1775026800000,"billAnchorMs":1775026800000,"payLo":7,"billAnchorLo":8,"tsDeltaMs":0}
[2026-05-14T04:04:02.060Z] [info] [BillPanelTrace] getSum:payment_eval {"customerId":"CUS-3011000","customerName":"SUSAN YOUNG","accountNumber":"CUS-3011000","index":2,"paymentMethod":"Check","amountPaid":75,"ledgerOrder":9,"timestamp":"2026-04-01T07:00:00.000Z","countsTowardStatement":true,"tieBreak":"after_latest_billing_charge_row","mode":"billingChargeRow","paymentSortMs":1775026800000,"billAnchorMs":1775026800000,"payLo":9,"billAnchorLo":8,"tsDeltaMs":0}
[2026-05-14T04:04:02.060Z] [info] [BillPanelTrace] getSumPaymentAmountsAfterLastBillPrint:result {"customerId":"CUS-3011000","customerName":"SUSAN YOUNG","accountNumber":"CUS-3011000","paidAfterSum":625.47}
[2026-05-14T04:04:02.060Z] [info] [BillPanelTrace] getSumPaymentAmountsAfterLastBillPrint:start {"customerId":"CUS-3011000","customerName":"SUSAN YOUNG","accountNumber":"CUS-3011000","paymentHistoryLength":3,"lastBillPrintDate":"2026-04-01T07:00:00.000Z","lastBillPrintLedgerOrder":8,"latestBillingChargeSortMs":1775026800000,"latestBillingChargeLedgerOrder":8}
[2026-05-14T04:04:02.060Z] [info] [BillPanelTrace] getSum:skip_payment {"customerId":"CUS-3011000","customerName":"SUSAN YOUNG","accountNumber":"CUS-3011000","index":0,"reason":"testFreshStart"}
[2026-05-14T04:04:02.060Z] [info] [BillPanelTrace] getSum:payment_eval {"customerId":"CUS-3011000","customerName":"SUSAN YOUNG","accountNumber":"CUS-3011000","index":1,"paymentMethod":"Security deposit (auto)","amountPaid":550.47,"ledgerOrder":7,"timestamp":"2026-04-01T07:00:00.000Z","countsTowardStatement":true,"tieBreak":"same_ms_payment_counts_after_bill","mode":"billingChargeRow","paymentSortMs":1775026800000,"billAnchorMs":1775026800000,"payLo":7,"billAnchorLo":8,"tsDeltaMs":0}
[2026-05-14T04:04:02.060Z] [info] [BillPanelTrace] getSum:payment_eval {"customerId":"CUS-3011000","customerName":"SUSAN YOUNG","accountNumber":"CUS-3011000","index":2,"paymentMethod":"Check","amountPaid":75,"ledgerOrder":9,"timestamp":"2026-04-01T07:00:00.000Z","countsTowardStatement":true,"tieBreak":"after_latest_billing_charge_row","mode":"billingChargeRow","paymentSortMs":1775026800000,"billAnchorMs":1775026800000,"payLo":9,"billAnchorLo":8,"tsDeltaMs":0}
[2026-05-14T04:04:02.060Z] [info] [BillPanelTrace] getSumPaymentAmountsAfterLastBillPrint:result {"customerId":"CUS-3011000","customerName":"SUSAN YOUNG","accountNumber":"CUS-3011000","paidAfterSum":625.47}
[2026-05-14T04:04:02.060Z] [info] [BillPanelTrace] applyOpenBalanceSnapshotCapToPanelAmounts:eval {"customerId":"CUS-3011000","customerName":"SUSAN YOUNG","accountNumber":"CUS-3011000","snap":103.49,"curTotal":108.49,"gap":5,"lateFeePanel":5,"paidLate":0,"lateRemainingForCap":5,"skippedCapStaleSnapVersusAccruedLate":true}
[2026-05-14T04:04:02.060Z] [info] [BillPanelTrace] getProcessBillPanelAmounts:result_live {"customerId":"CUS-3011000","customerName":"SUSAN YOUNG","accountNumber":"CUS-3011000","total":108.49,"pastDue":0,"lateFee":5,"dueDateStr":"04/21/2026","fromFrozen":false}
[2026-05-14T04:04:02.060Z] [info] [BillPanelTrace] getSumPaymentAmountsAfterLastBillPrint:start {"customerId":"CUS-3011000","customerName":"SUSAN YOUNG","accountNumber":"CUS-3011000","paymentHistoryLength":3,"lastBillPrintDate":"2026-04-01T07:00:00.000Z","lastBillPrintLedgerOrder":8,"latestBillingChargeSortMs":1775026800000,"latestBillingChargeLedgerOrder":8}
[2026-05-14T04:04:02.060Z] [info] [BillPanelTrace] getSum:skip_payment {"customerId":"CUS-3011000","customerName":"SUSAN YOUNG","accountNumber":"CUS-3011000","index":0,"reason":"testFreshStart"}
[2026-05-14T04:04:02.060Z] [info] [BillPanelTrace] getSum:payment_eval {"customerId":"CUS-3011000","customerName":"SUSAN YOUNG","accountNumber":"CUS-3011000","index":1,"paymentMethod":"Security deposit (auto)","amountPaid":550.47,"ledgerOrder":7,"timestamp":"2026-04-01T07:00:00.000Z","countsTowardStatement":true,"tieBreak":"same_ms_payment_counts_after_bill","mode":"billingChargeRow","paymentSortMs":1775026800000,"billAnchorMs":1775026800000,"payLo":7,"billAnchorLo":8,"tsDeltaMs":0}
[2026-05-14T04:04:02.060Z] [info] [BillPanelTrace] getSum:payment_eval {"customerId":"CUS-3011000","customerName":"SUSAN YOUNG","accountNumber":"CUS-3011000","index":2,"paymentMethod":"Check","amountPaid":75,"ledgerOrder":9,"timestamp":"2026-04-01T07:00:00.000Z","countsTowardStatement":true,"tieBreak":"after_latest_billing_charge_row","mode":"billingChargeRow","paymentSortMs":1775026800000,"billAnchorMs":1775026800000,"payLo":9,"billAnchorLo":8,"tsDeltaMs":0}
[2026-05-14T04:04:02.060Z] [info] [BillPanelTrace] getSumPaymentAmountsAfterLastBillPrint:result {"customerId":"CUS-3011000","customerName":"SUSAN YOUNG","accountNumber":"CUS-3011000","paidAfterSum":625.47}
[2026-05-14T04:04:02.060Z] [info] [BillPanelTrace] applyOpenBalanceSnapshotCapToPanelAmounts:eval {"customerId":"CUS-3011000","customerName":"SUSAN YOUNG","accountNumber":"CUS-3011000","snap":103.49,"curTotal":108.49,"gap":5,"lateFeePanel":5,"paidLate":0,"lateRemainingForCap":5,"skippedCapStaleSnapVersusAccruedLate":true}
[2026-05-14T04:04:02.060Z] [info] [BillPanelTrace] getProcessBillPanelAmounts:result_live {"customerId":"CUS-3011000","customerName":"SUSAN YOUNG","accountNumber":"CUS-3011000","total":108.49,"pastDue":0,"lateFee":5,"dueDateStr":"04/21/2026","fromFrozen":false}
[2026-05-14T04:04:02.060Z] [info] [BillPanelTrace] getProcessBillPanelAmounts:branch_check {"customerId":"CUS-3011000","customerName":"SUSAN YOUNG","accountNumber":"CUS-3011000","hasFrozenSnapshot":false,"lastBillPrintDate":"2026-04-01T07:00:00.000Z","lastPrintedStatementTotalDue":178.49}
[2026-05-14T04:04:02.060Z] [info] [BillPanelTrace] getSumPaymentAmountsAfterLastBillPrint:start {"customerId":"CUS-3011000","customerName":"SUSAN YOUNG","accountNumber":"CUS-3011000","paymentHistoryLength":3,"lastBillPrintDate":"2026-04-01T07:00:00.000Z","lastBillPrintLedgerOrder":8,"latestBillingChargeSortMs":1775026800000,"latestBillingChargeLedgerOrder":8}
[2026-05-14T04:04:02.060Z] [info] [BillPanelTrace] getSum:skip_payment {"customerId":"CUS-3011000","customerName":"SUSAN YOUNG","accountNumber":"CUS-3011000","index":0,"reason":"testFreshStart"}
[2026-05-14T04:04:02.060Z] [info] [BillPanelTrace] getSum:payment_eval {"customerId":"CUS-3011000","customerName":"SUSAN YOUNG","accountNumber":"CUS-3011000","index":1,"paymentMethod":"Security deposit (auto)","amountPaid":550.47,"ledgerOrder":7,"timestamp":"2026-04-01T07:00:00.000Z","countsTowardStatement":true,"tieBreak":"same_ms_payment_counts_after_bill","mode":"billingChargeRow","paymentSortMs":1775026800000,"billAnchorMs":1775026800000,"payLo":7,"billAnchorLo":8,"tsDeltaMs":0}
[2026-05-14T04:04:02.061Z] [info] [BillPanelTrace] getSum:payment_eval {"customerId":"CUS-3011000","customerName":"SUSAN YOUNG","accountNumber":"CUS-3011000","index":2,"paymentMethod":"Check","amountPaid":75,"ledgerOrder":9,"timestamp":"2026-04-01T07:00:00.000Z","countsTowardStatement":true,"tieBreak":"after_latest_billing_charge_row","mode":"billingChargeRow","paymentSortMs":1775026800000,"billAnchorMs":1775026800000,"payLo":9,"billAnchorLo":8,"tsDeltaMs":0}
[2026-05-14T04:04:02.061Z] [info] [BillPanelTrace] getSumPaymentAmountsAfterLastBillPrint:result {"customerId":"CUS-3011000","customerName":"SUSAN YOUNG","accountNumber":"CUS-3011000","paidAfterSum":625.47}
[2026-05-14T04:04:02.061Z] [info] [BillPanelTrace] getSumPaymentAmountsAfterLastBillPrint:start {"customerId":"CUS-3011000","customerName":"SUSAN YOUNG","accountNumber":"CUS-3011000","paymentHistoryLength":3,"lastBillPrintDate":"2026-04-01T07:00:00.000Z","lastBillPrintLedgerOrder":8,"latestBillingChargeSortMs":1775026800000,"latestBillingChargeLedgerOrder":8}
[2026-05-14T04:04:02.061Z] [info] [BillPanelTrace] getSum:skip_payment {"customerId":"CUS-3011000","customerName":"SUSAN YOUNG","accountNumber":"CUS-3011000","index":0,"reason":"testFreshStart"}
[2026-05-14T04:04:02.061Z] [info] [BillPanelTrace] getSum:payment_eval {"customerId":"CUS-3011000","customerName":"SUSAN YOUNG","accountNumber":"CUS-3011000","index":1,"paymentMethod":"Security deposit (auto)","amountPaid":550.47,"ledgerOrder":7,"timestamp":"2026-04-01T07:00:00.000Z","countsTowardStatement":true,"tieBreak":"same_ms_payment_counts_after_bill","mode":"billingChargeRow","paymentSortMs":1775026800000,"billAnchorMs":1775026800000,"payLo":7,"billAnchorLo":8,"tsDeltaMs":0}
[2026-05-14T04:04:02.061Z] [info] [BillPanelTrace] getSum:payment_eval {"customerId":"CUS-3011000","customerName":"SUSAN YOUNG","accountNumber":"CUS-3011000","index":2,"paymentMethod":"Check","amountPaid":75,"ledgerOrder":9,"timestamp":"2026-04-01T07:00:00.000Z","countsTowardStatement":true,"tieBreak":"after_latest_billing_charge_row","mode":"billingChargeRow","paymentSortMs":1775026800000,"billAnchorMs":1775026800000,"payLo":9,"billAnchorLo":8,"tsDeltaMs":0}
[2026-05-14T04:04:02.061Z] [info] [BillPanelTrace] getSumPaymentAmountsAfterLastBillPrint:result {"customerId":"CUS-3011000","customerName":"SUSAN YOUNG","accountNumber":"CUS-3011000","paidAfterSum":625.47}
[2026-05-14T04:04:02.061Z] [info] [BillPanelTrace] getSumPaymentAmountsAfterLastBillPrint:start {"customerId":"CUS-3011000","customerName":"SUSAN YOUNG","accountNumber":"CUS-3011000","paymentHistoryLength":3,"lastBillPrintDate":"2026-04-01T07:00:00.000Z","lastBillPrintLedgerOrder":8,"latestBillingChargeSortMs":1775026800000,"latestBillingChargeLedgerOrder":8}
[2026-05-14T04:04:02.061Z] [info] [BillPanelTrace] getSum:skip_payment {"customerId":"CUS-3011000","customerName":"SUSAN YOUNG","accountNumber":"CUS-3011000","index":0,"reason":"testFreshStart"}
[2026-05-14T04:04:02.061Z] [info] [BillPanelTrace] getSum:payment_eval {"customerId":"CUS-3011000","customerName":"SUSAN YOUNG","accountNumber":"CUS-3011000","index":1,"paymentMethod":"Security deposit (auto)","amountPaid":550.47,"ledgerOrder":7,"timestamp":"2026-04-01T07:00:00.000Z","countsTowardStatement":true,"tieBreak":"same_ms_payment_counts_after_bill","mode":"billingChargeRow","paymentSortMs":1775026800000,"billAnchorMs":1775026800000,"payLo":7,"billAnchorLo":8,"tsDeltaMs":0}
[2026-05-14T04:04:02.061Z] [info] [BillPanelTrace] getSum:payment_eval {"customerId":"CUS-3011000","customerName":"SUSAN YOUNG","accountNumber":"CUS-3011000","index":2,"paymentMethod":"Check","amountPaid":75,"ledgerOrder":9,"timestamp":"2026-04-01T07:00:00.000Z","countsTowardStatement":true,"tieBreak":"after_latest_billing_charge_row","mode":"billingChargeRow","paymentSortMs":1775026800000,"billAnchorMs":1775026800000,"payLo":9,"billAnchorLo":8,"tsDeltaMs":0}
[2026-05-14T04:04:02.061Z] [info] [BillPanelTrace] getSumPaymentAmountsAfterLastBillPrint:result {"customerId":"CUS-3011000","customerName":"SUSAN YOUNG","accountNumber":"CUS-3011000","paidAfterSum":625.47}
[2026-05-14T04:04:02.061Z] [info] [BillPanelTrace] getSumPaymentAmountsAfterLastBillPrint:start {"customerId":"CUS-3011000","customerName":"SUSAN YOUNG","accountNumber":"CUS-3011000","paymentHistoryLength":3,"lastBillPrintDate":"2026-04-01T07:00:00.000Z","lastBillPrintLedgerOrder":8,"latestBillingChargeSortMs":1775026800000,"latestBillingChargeLedgerOrder":8}
[2026-05-14T04:04:02.061Z] [info] [BillPanelTrace] getSum:skip_payment {"customerId":"CUS-3011000","customerName":"SUSAN YOUNG","accountNumber":"CUS-3011000","index":0,"reason":"testFreshStart"}
[2026-05-14T04:04:02.061Z] [info] [BillPanelTrace] getSum:payment_eval {"customerId":"CUS-3011000","customerName":"SUSAN YOUNG","accountNumber":"CUS-3011000","index":1,"paymentMethod":"Security deposit (auto)","amountPaid":550.47,"ledgerOrder":7,"timestamp":"2026-04-01T07:00:00.000Z","countsTowardStatement":true,"tieBreak":"same_ms_payment_counts_after_bill","mode":"billingChargeRow","paymentSortMs":1775026800000,"billAnchorMs":1775026800000,"payLo":7,"billAnchorLo":8,"tsDeltaMs":0}
[2026-05-14T04:04:02.061Z] [info] [BillPanelTrace] getSum:payment_eval {"customerId":"CUS-3011000","customerName":"SUSAN YOUNG","accountNumber":"CUS-3011000","index":2,"paymentMethod":"Check","amountPaid":75,"ledgerOrder":9,"timestamp":"2026-04-01T07:00:00.000Z","countsTowardStatement":true,"tieBreak":"after_latest_billing_charge_row","mode":"billingChargeRow","paymentSortMs":1775026800000,"billAnchorMs":1775026800000,"payLo":9,"billAnchorLo":8,"tsDeltaMs":0}
[2026-05-14T04:04:02.061Z] [info] [BillPanelTrace] getSumPaymentAmountsAfterLastBillPrint:result {"customerId":"CUS-3011000","customerName":"SUSAN YOUNG","accountNumber":"CUS-3011000","paidAfterSum":625.47}
[2026-05-14T04:04:02.061Z] [info] [BillPanelTrace] applyOpenBalanceSnapshotCapToPanelAmounts:eval {"customerId":"CUS-3011000","customerName":"SUSAN YOUNG","accountNumber":"CUS-3011000","snap":103.49,"curTotal":108.49,"gap":5,"lateFeePanel":5,"paidLate":0,"lateRemainingForCap":5,"skippedCapStaleSnapVersusAccruedLate":true}
[2026-05-14T04:04:02.061Z] [info] [BillPanelTrace] getProcessBillPanelAmounts:result_live {"customerId":"CUS-3011000","customerName":"SUSAN YOUNG","accountNumber":"CUS-3011000","total":108.49,"pastDue":0,"lateFee":5,"dueDateStr":"04/21/2026","fromFrozen":false}
[2026-05-14T04:04:02.061Z] [info] [BillPanelTrace] getProcessBillPanelAmounts:branch_check {"customerId":"CUS-3011000","customerName":"SUSAN YOUNG","accountNumber":"CUS-3011000","hasFrozenSnapshot":false,"lastBillPrintDate":"2026-04-01T07:00:00.000Z","lastPrintedStatementTotalDue":178.49}
[2026-05-14T04:04:02.061Z] [info] [BillPanelTrace] getSumPaymentAmountsAfterLastBillPrint:start {"customerId":"CUS-3011000","customerName":"SUSAN YOUNG","accountNumber":"CUS-3011000","paymentHistoryLength":3,"lastBillPrintDate":"2026-04-01T07:00:00.000Z","lastBillPrintLedgerOrder":8,"latestBillingChargeSortMs":1775026800000,"latestBillingChargeLedgerOrder":8}
[2026-05-14T04:04:02.061Z] [info] [BillPanelTrace] getSum:skip_payment {"customerId":"CUS-3011000","customerName":"SUSAN YOUNG","accountNumber":"CUS-3011000","index":0,"reason":"testFreshStart"}
[2026-05-14T04:04:02.061Z] [info] [BillPanelTrace] getSum:payment_eval {"customerId":"CUS-3011000","customerName":"SUSAN YOUNG","accountNumber":"CUS-3011000","index":1,"paymentMethod":"Security deposit (auto)","amountPaid":550.47,"ledgerOrder":7,"timestamp":"2026-04-01T07:00:00.000Z","countsTowardStatement":true,"tieBreak":"same_ms_payment_counts_after_bill","mode":"billingChargeRow","paymentSortMs":1775026800000,"billAnchorMs":1775026800000,"payLo":7,"billAnchorLo":8,"tsDeltaMs":0}
[2026-05-14T04:04:02.061Z] [info] [BillPanelTrace] getSum:payment_eval {"customerId":"CUS-3011000","customerName":"SUSAN YOUNG","accountNumber":"CUS-3011000","index":2,"paymentMethod":"Check","amountPaid":75,"ledgerOrder":9,"timestamp":"2026-04-01T07:00:00.000Z","countsTowardStatement":true,"tieBreak":"after_latest_billing_charge_row","mode":"billingChargeRow","paymentSortMs":1775026800000,"billAnchorMs":1775026800000,"payLo":9,"billAnchorLo":8,"tsDeltaMs":0}
[2026-05-14T04:04:02.061Z] [info] [BillPanelTrace] getSumPaymentAmountsAfterLastBillPrint:result {"customerId":"CUS-3011000","customerName":"SUSAN YOUNG","accountNumber":"CUS-3011000","paidAfterSum":625.47}
[2026-05-14T04:04:02.061Z] [info] [BillPanelTrace] getSumPaymentAmountsAfterLastBillPrint:start {"customerId":"CUS-3011000","customerName":"SUSAN YOUNG","accountNumber":"CUS-3011000","paymentHistoryLength":3,"lastBillPrintDate":"2026-04-01T07:00:00.000Z","lastBillPrintLedgerOrder":8,"latestBillingChargeSortMs":1775026800000,"latestBillingChargeLedgerOrder":8}
[2026-05-14T04:04:02.061Z] [info] [BillPanelTrace] getSum:skip_payment {"customerId":"CUS-3011000","customerName":"SUSAN YOUNG","accountNumber":"CUS-3011000","index":0,"reason":"testFreshStart"}
[2026-05-14T04:04:02.061Z] [info] [BillPanelTrace] getSum:payment_eval {"customerId":"CUS-3011000","customerName":"SUSAN YOUNG","accountNumber":"CUS-3011000","index":1,"paymentMethod":"Security deposit (auto)","amountPaid":550.47,"ledgerOrder":7,"timestamp":"2026-04-01T07:00:00.000Z","countsTowardStatement":true,"tieBreak":"same_ms_payment_counts_after_bill","mode":"billingChargeRow","paymentSortMs":1775026800000,"billAnchorMs":1775026800000,"payLo":7,"billAnchorLo":8,"tsDeltaMs":0}
[2026-05-14T04:04:02.061Z] [info] [BillPanelTrace] getSum:payment_eval {"customerId":"CUS-3011000","customerName":"SUSAN YOUNG","accountNumber":"CUS-3011000","index":2,"paymentMethod":"Check","amountPaid":75,"ledgerOrder":9,"timestamp":"2026-04-01T07:00:00.000Z","countsTowardStatement":true,"tieBreak":"after_latest_billing_charge_row","mode":"billingChargeRow","paymentSortMs":1775026800000,"billAnchorMs":1775026800000,"payLo":9,"billAnchorLo":8,"tsDeltaMs":0}
[2026-05-14T04:04:02.061Z] [info] [BillPanelTrace] getSumPaymentAmountsAfterLastBillPrint:result {"customerId":"CUS-3011000","customerName":"SUSAN YOUNG","accountNumber":"CUS-3011000","paidAfterSum":625.47}
[2026-05-14T04:04:02.061Z] [info] [BillPanelTrace] getSumPaymentAmountsAfterLastBillPrint:start {"customerId":"CUS-3011000","customerName":"SUSAN YOUNG","accountNumber":"CUS-3011000","paymentHistoryLength":3,"lastBillPrintDate":"2026-04-01T07:00:00.000Z","lastBillPrintLedgerOrder":8,"latestBillingChargeSortMs":1775026800000,"latestBillingChargeLedgerOrder":8}
[2026-05-14T04:04:02.061Z] [info] [BillPanelTrace] getSum:skip_payment {"customerId":"CUS-3011000","customerName":"SUSAN YOUNG","accountNumber":"CUS-3011000","index":0,"reason":"testFreshStart"}
[2026-05-14T04:04:02.061Z] [info] [BillPanelTrace] getSum:payment_eval {"customerId":"CUS-3011000","customerName":"SUSAN YOUNG","accountNumber":"CUS-3011000","index":1,"paymentMethod":"Security deposit (auto)","amountPaid":550.47,"ledgerOrder":7,"timestamp":"2026-04-01T07:00:00.000Z","countsTowardStatement":true,"tieBreak":"same_ms_payment_counts_after_bill","mode":"billingChargeRow","paymentSortMs":1775026800000,"billAnchorMs":1775026800000,"payLo":7,"billAnchorLo":8,"tsDeltaMs":0}
[2026-05-14T04:04:02.061Z] [info] [BillPanelTrace] getSum:payment_eval {"customerId":"CUS-3011000","customerName":"SUSAN YOUNG","accountNumber":"CUS-3011000","index":2,"paymentMethod":"Check","amountPaid":75,"ledgerOrder":9,"timestamp":"2026-04-01T07:00:00.000Z","countsTowardStatement":true,"tieBreak":"after_latest_billing_charge_row","mode":"billingChargeRow","paymentSortMs":1775026800000,"billAnchorMs":1775026800000,"payLo":9,"billAnchorLo":8,"tsDeltaMs":0}
[2026-05-14T04:04:02.061Z] [info] [BillPanelTrace] getSumPaymentAmountsAfterLastBillPrint:result {"customerId":"CUS-3011000","customerName":"SUSAN YOUNG","accountNumber":"CUS-3011000","paidAfterSum":625.47}
[2026-05-14T04:04:02.061Z] [info] [BillPanelTrace] getSumPaymentAmountsAfterLastBillPrint:start {"customerId":"CUS-3011000","customerName":"SUSAN YOUNG","accountNumber":"CUS-3011000","paymentHistoryLength":3,"lastBillPrintDate":"2026-04-01T07:00:00.000Z","lastBillPrintLedgerOrder":8,"latestBillingChargeSortMs":1775026800000,"latestBillingChargeLedgerOrder":8}
[2026-05-14T04:04:02.061Z] [info] [BillPanelTrace] getSum:skip_payment {"customerId":"CUS-3011000","customerName":"SUSAN YOUNG","accountNumber":"CUS-3011000","index":0,"reason":"testFreshStart"}
[2026-05-14T04:04:02.061Z] [info] [BillPanelTrace] getSum:payment_eval {"customerId":"CUS-3011000","customerName":"SUSAN YOUNG","accountNumber":"CUS-3011000","index":1,"paymentMethod":"Security deposit (auto)","amountPaid":550.47,"ledgerOrder":7,"timestamp":"2026-04-01T07:00:00.000Z","countsTowardStatement":true,"tieBreak":"same_ms_payment_counts_after_bill","mode":"billingChargeRow","paymentSortMs":1775026800000,"billAnchorMs":1775026800000,"payLo":7,"billAnchorLo":8,"tsDeltaMs":0}
[2026-05-14T04:04:02.062Z] [info] [BillPanelTrace] getSum:payment_eval {"customerId":"CUS-3011000","customerName":"SUSAN YOUNG","accountNumber":"CUS-3011000","index":2,"paymentMethod":"Check","amountPaid":75,"ledgerOrder":9,"timestamp":"2026-04-01T07:00:00.000Z","countsTowardStatement":true,"tieBreak":"after_latest_billing_charge_row","mode":"billingChargeRow","paymentSortMs":1775026800000,"billAnchorMs":1775026800000,"payLo":9,"billAnchorLo":8,"tsDeltaMs":0}
[2026-05-14T04:04:02.062Z] [info] [BillPanelTrace] getSumPaymentAmountsAfterLastBillPrint:result {"customerId":"CUS-3011000","customerName":"SUSAN YOUNG","accountNumber":"CUS-3011000","paidAfterSum":625.47}
[2026-05-14T04:04:02.062Z] [info] [BillPanelTrace] applyOpenBalanceSnapshotCapToPanelAmounts:eval {"customerId":"CUS-3011000","customerName":"SUSAN YOUNG","accountNumber":"CUS-3011000","snap":103.49,"curTotal":108.49,"gap":5,"lateFeePanel":5,"paidLate":0,"lateRemainingForCap":5,"skippedCapStaleSnapVersusAccruedLate":true}
[2026-05-14T04:04:02.062Z] [info] [BillPanelTrace] getProcessBillPanelAmounts:result_live {"customerId":"CUS-3011000","customerName":"SUSAN YOUNG","accountNumber":"CUS-3011000","total":108.49,"pastDue":0,"lateFee":5,"dueDateStr":"04/21/2026","fromFrozen":false}
[2026-05-14T04:04:02.062Z] [info] [BillPanelTrace] getSumPaymentAmountsAfterLastBillPrint:start {"customerId":"CUS-3011000","customerName":"SUSAN YOUNG","accountNumber":"CUS-3011000","paymentHistoryLength":3,"lastBillPrintDate":"2026-04-01T07:00:00.000Z","lastBillPrintLedgerOrder":8,"latestBillingChargeSortMs":1775026800000,"latestBillingChargeLedgerOrder":8}
[2026-05-14T04:04:02.062Z] [info] [BillPanelTrace] getSum:skip_payment {"customerId":"CUS-3011000","customerName":"SUSAN YOUNG","accountNumber":"CUS-3011000","index":0,"reason":"testFreshStart"}
[2026-05-14T04:04:02.062Z] [info] [BillPanelTrace] getSum:payment_eval {"customerId":"CUS-3011000","customerName":"SUSAN YOUNG","accountNumber":"CUS-3011000","index":1,"paymentMethod":"Security deposit (auto)","amountPaid":550.47,"ledgerOrder":7,"timestamp":"2026-04-01T07:00:00.000Z","countsTowardStatement":true,"tieBreak":"same_ms_payment_counts_after_bill","mode":"billingChargeRow","paymentSortMs":1775026800000,"billAnchorMs":1775026800000,"payLo":7,"billAnchorLo":8,"tsDeltaMs":0}
[2026-05-14T04:04:02.062Z] [info] [BillPanelTrace] getSum:payment_eval {"customerId":"CUS-3011000","customerName":"SUSAN YOUNG","accountNumber":"CUS-3011000","index":2,"paymentMethod":"Check","amountPaid":75,"ledgerOrder":9,"timestamp":"2026-04-01T07:00:00.000Z","countsTowardStatement":true,"tieBreak":"after_latest_billing_charge_row","mode":"billingChargeRow","paymentSortMs":1775026800000,"billAnchorMs":1775026800000,"payLo":9,"billAnchorLo":8,"tsDeltaMs":0}
[2026-05-14T04:04:02.062Z] [info] [BillPanelTrace] getSumPaymentAmountsAfterLastBillPrint:result {"customerId":"CUS-3011000","customerName":"SUSAN YOUNG","accountNumber":"CUS-3011000","paidAfterSum":625.47}
[2026-05-14T04:04:02.062Z] [info] [BillPanelTrace] getSumPaymentAmountsAfterLastBillPrint:start {"customerId":"CUS-3011000","customerName":"SUSAN YOUNG","accountNumber":"CUS-3011000","paymentHistoryLength":3,"lastBillPrintDate":"2026-04-01T07:00:00.000Z","lastBillPrintLedgerOrder":8,"latestBillingChargeSortMs":1775026800000,"latestBillingChargeLedgerOrder":8}
[2026-05-14T04:04:02.062Z] [info] [BillPanelTrace] getSum:skip_payment {"customerId":"CUS-3011000","customerName":"SUSAN YOUNG","accountNumber":"CUS-3011000","index":0,"reason":"testFreshStart"}
[2026-05-14T04:04:02.062Z] [info] [BillPanelTrace] getSum:payment_eval {"customerId":"CUS-3011000","customerName":"SUSAN YOUNG","accountNumber":"CUS-3011000","index":1,"paymentMethod":"Security deposit (auto)","amountPaid":550.47,"ledgerOrder":7,"timestamp":"2026-04-01T07:00:00.000Z","countsTowardStatement":true,"tieBreak":"same_ms_payment_counts_after_bill","mode":"billingChargeRow","paymentSortMs":1775026800000,"billAnchorMs":1775026800000,"payLo":7,"billAnchorLo":8,"tsDeltaMs":0}
[2026-05-14T04:04:02.062Z] [info] [BillPanelTrace] getSum:payment_eval {"customerId":"CUS-3011000","customerName":"SUSAN YOUNG","accountNumber":"CUS-3011000","index":2,"paymentMethod":"Check","amountPaid":75,"ledgerOrder":9,"timestamp":"2026-04-01T07:00:00.000Z","countsTowardStatement":true,"tieBreak":"after_latest_billing_charge_row","mode":"billingChargeRow","paymentSortMs":1775026800000,"billAnchorMs":1775026800000,"payLo":9,"billAnchorLo":8,"tsDeltaMs":0}
[2026-05-14T04:04:02.062Z] [info] [BillPanelTrace] getSumPaymentAmountsAfterLastBillPrint:result {"customerId":"CUS-3011000","customerName":"SUSAN YOUNG","accountNumber":"CUS-3011000","paidAfterSum":625.47}
[2026-05-14T04:04:02.062Z] [info] [BillPanelTrace] getProcessBillPanelAmounts:branch_check {"customerId":"CUS-3011000","customerName":"SUSAN YOUNG","accountNumber":"CUS-3011000","hasFrozenSnapshot":false,"lastBillPrintDate":"2026-04-01T07:00:00.000Z","lastPrintedStatementTotalDue":178.49}
[2026-05-14T04:04:02.062Z] [info] [BillPanelTrace] getSumPaymentAmountsAfterLastBillPrint:start {"customerId":"CUS-3011000","customerName":"SUSAN YOUNG","accountNumber":"CUS-3011000","paymentHistoryLength":3,"lastBillPrintDate":"2026-04-01T07:00:00.000Z","lastBillPrintLedgerOrder":8,"latestBillingChargeSortMs":1775026800000,"latestBillingChargeLedgerOrder":8}
[2026-05-14T04:04:02.062Z] [info] [BillPanelTrace] getSum:skip_payment {"customerId":"CUS-3011000","customerName":"SUSAN YOUNG","accountNumber":"CUS-3011000","index":0,"reason":"testFreshStart"}
[2026-05-14T04:04:02.062Z] [info] [BillPanelTrace] getSum:payment_eval {"customerId":"CUS-3011000","customerName":"SUSAN YOUNG","accountNumber":"CUS-3011000","index":1,"paymentMethod":"Security deposit (auto)","amountPaid":550.47,"ledgerOrder":7,"timestamp":"2026-04-01T07:00:00.000Z","countsTowardStatement":true,"tieBreak":"same_ms_payment_counts_after_bill","mode":"billingChargeRow","paymentSortMs":1775026800000,"billAnchorMs":1775026800000,"payLo":7,"billAnchorLo":8,"tsDeltaMs":0}
[2026-05-14T04:04:02.062Z] [info] [BillPanelTrace] getSum:payment_eval {"customerId":"CUS-3011000","customerName":"SUSAN YOUNG","accountNumber":"CUS-3011000","index":2,"paymentMethod":"Check","amountPaid":75,"ledgerOrder":9,"timestamp":"2026-04-01T07:00:00.000Z","countsTowardStatement":true,"tieBreak":"after_latest_billing_charge_row","mode":"billingChargeRow","paymentSortMs":1775026800000,"billAnchorMs":1775026800000,"payLo":9,"billAnchorLo":8,"tsDeltaMs":0}
[2026-05-14T04:04:02.062Z] [info] [BillPanelTrace] getSumPaymentAmountsAfterLastBillPrint:result {"customerId":"CUS-3011000","customerName":"SUSAN YOUNG","accountNumber":"CUS-3011000","paidAfterSum":625.47}
[2026-05-14T04:04:02.062Z] [info] [BillPanelTrace] getSumPaymentAmountsAfterLastBillPrint:start {"customerId":"CUS-3011000","customerName":"SUSAN YOUNG","accountNumber":"CUS-3011000","paymentHistoryLength":3,"lastBillPrintDate":"2026-04-01T07:00:00.000Z","lastBillPrintLedgerOrder":8,"latestBillingChargeSortMs":1775026800000,"latestBillingChargeLedgerOrder":8}
[2026-05-14T04:04:02.062Z] [info] [BillPanelTrace] getSum:skip_payment {"customerId":"CUS-3011000","customerName":"SUSAN YOUNG","accountNumber":"CUS-3011000","index":0,"reason":"testFreshStart"}
[2026-05-14T04:04:02.062Z] [info] [BillPanelTrace] getSum:payment_eval {"customerId":"CUS-3011000","customerName":"SUSAN YOUNG","accountNumber":"CUS-3011000","index":1,"paymentMethod":"Security deposit (auto)","amountPaid":550.47,"ledgerOrder":7,"timestamp":"2026-04-01T07:00:00.000Z","countsTowardStatement":true,"tieBreak":"same_ms_payment_counts_after_bill","mode":"billingChargeRow","paymentSortMs":1775026800000,"billAnchorMs":1775026800000,"payLo":7,"billAnchorLo":8,"tsDeltaMs":0}
[2026-05-14T04:04:02.062Z] [info] [BillPanelTrace] getSum:payment_eval {"customerId":"CUS-3011000","customerName":"SUSAN YOUNG","accountNumber":"CUS-3011000","index":2,"paymentMethod":"Check","amountPaid":75,"ledgerOrder":9,"timestamp":"2026-04-01T07:00:00.000Z","countsTowardStatement":true,"tieBreak":"after_latest_billing_charge_row","mode":"billingChargeRow","paymentSortMs":1775026800000,"billAnchorMs":1775026800000,"payLo":9,"billAnchorLo":8,"tsDeltaMs":0}
[2026-05-14T04:04:02.062Z] [info] [BillPanelTrace] getSumPaymentAmountsAfterLastBillPrint:result {"customerId":"CUS-3011000","customerName":"SUSAN YOUNG","accountNumber":"CUS-3011000","paidAfterSum":625.47}
[2026-05-14T04:04:02.062Z] [info] [BillPanelTrace] getSumPaymentAmountsAfterLastBillPrint:start {"customerId":"CUS-3011000","customerName":"SUSAN YOUNG","accountNumber":"CUS-3011000","paymentHistoryLength":3,"lastBillPrintDate":"2026-04-01T07:00:00.000Z","lastBillPrintLedgerOrder":8,"latestBillingChargeSortMs":1775026800000,"latestBillingChargeLedgerOrder":8}
[2026-05-14T04:04:02.062Z] [info] [BillPanelTrace] getSum:skip_payment {"customerId":"CUS-3011000","customerName":"SUSAN YOUNG","accountNumber":"CUS-3011000","index":0,"reason":"testFreshStart"}
[2026-05-14T04:04:02.062Z] [info] [BillPanelTrace] getSum:payment_eval {"customerId":"CUS-3011000","customerName":"SUSAN YOUNG","accountNumber":"CUS-3011000","index":1,"paymentMethod":"Security deposit (auto)","amountPaid":550.47,"ledgerOrder":7,"timestamp":"2026-04-01T07:00:00.000Z","countsTowardStatement":true,"tieBreak":"same_ms_payment_counts_after_bill","mode":"billingChargeRow","paymentSortMs":1775026800000,"billAnchorMs":1775026800000,"payLo":7,"billAnchorLo":8,"tsDeltaMs":0}
[2026-05-14T04:04:02.062Z] [info] [BillPanelTrace] getSum:payment_eval {"customerId":"CUS-3011000","customerName":"SUSAN YOUNG","accountNumber":"CUS-3011000","index":2,"paymentMethod":"Check","amountPaid":75,"ledgerOrder":9,"timestamp":"2026-04-01T07:00:00.000Z","countsTowardStatement":true,"tieBreak":"after_latest_billing_charge_row","mode":"billingChargeRow","paymentSortMs":1775026800000,"billAnchorMs":1775026800000,"payLo":9,"billAnchorLo":8,"tsDeltaMs":0}
[2026-05-14T04:04:02.062Z] [info] [BillPanelTrace] getSumPaymentAmountsAfterLastBillPrint:result {"customerId":"CUS-3011000","customerName":"SUSAN YOUNG","accountNumber":"CUS-3011000","paidAfterSum":625.47}
[2026-05-14T04:04:02.062Z] [info] [BillPanelTrace] getSumPaymentAmountsAfterLastBillPrint:start {"customerId":"CUS-3011000","customerName":"SUSAN YOUNG","accountNumber":"CUS-3011000","paymentHistoryLength":3,"lastBillPrintDate":"2026-04-01T07:00:00.000Z","lastBillPrintLedgerOrder":8,"latestBillingChargeSortMs":1775026800000,"latestBillingChargeLedgerOrder":8}
[2026-05-14T04:04:02.062Z] [info] [BillPanelTrace] getSum:skip_payment {"customerId":"CUS-3011000","customerName":"SUSAN YOUNG","accountNumber":"CUS-3011000","index":0,"reason":"testFreshStart"}
[2026-05-14T04:04:02.062Z] [info] [BillPanelTrace] getSum:payment_eval {"customerId":"CUS-3011000","customerName":"SUSAN YOUNG","accountNumber":"CUS-3011000","index":1,"paymentMethod":"Security deposit (auto)","amountPaid":550.47,"ledgerOrder":7,"timestamp":"2026-04-01T07:00:00.000Z","countsTowardStatement":true,"tieBreak":"same_ms_payment_counts_after_bill","mode":"billingChargeRow","paymentSortMs":1775026800000,"billAnchorMs":1775026800000,"payLo":7,"billAnchorLo":8,"tsDeltaMs":0}
[2026-05-14T04:04:02.062Z] [info] [BillPanelTrace] getSum:payment_eval {"customerId":"CUS-3011000","customerName":"SUSAN YOUNG","accountNumber":"CUS-3011000","index":2,"paymentMethod":"Check","amountPaid":75,"ledgerOrder":9,"timestamp":"2026-04-01T07:00:00.000Z","countsTowardStatement":true,"tieBreak":"after_latest_billing_charge_row","mode":"billingChargeRow","paymentSortMs":1775026800000,"billAnchorMs":1775026800000,"payLo":9,"billAnchorLo":8,"tsDeltaMs":0}
[2026-05-14T04:04:02.062Z] [info] [BillPanelTrace] getSumPaymentAmountsAfterLastBillPrint:result {"customerId":"CUS-3011000","customerName":"SUSAN YOUNG","accountNumber":"CUS-3011000","paidAfterSum":625.47}
[2026-05-14T04:04:02.062Z] [info] [BillPanelTrace] applyOpenBalanceSnapshotCapToPanelAmounts:eval {"customerId":"CUS-3011000","customerName":"SUSAN YOUNG","accountNumber":"CUS-3011000","snap":103.49,"curTotal":108.49,"gap":5,"lateFeePanel":5,"paidLate":0,"lateRemainingForCap":5,"skippedCapStaleSnapVersusAccruedLate":true}
[2026-05-14T04:04:02.062Z] [info] [BillPanelTrace] getProcessBillPanelAmounts:result_live {"customerId":"CUS-3011000","customerName":"SUSAN YOUNG","accountNumber":"CUS-3011000","total":108.49,"pastDue":0,"lateFee":5,"dueDateStr":"04/21/2026","fromFrozen":false}
[2026-05-14T04:04:02.253Z] [info] [DevelopTest] Produce bill @ 2026-05-01
[2026-05-14T04:04:02.253Z] [info] [BillPanelTrace] getProcessBillPanelAmounts:branch_check {"customerId":"CUS-3011000","customerName":"SUSAN YOUNG","accountNumber":"CUS-3011000","hasFrozenSnapshot":false,"lastBillPrintDate":"2026-04-01T07:00:00.000Z","lastPrintedStatementTotalDue":178.49}
[2026-05-14T04:04:02.253Z] [info] [BillPanelTrace] getSumPaymentAmountsAfterLastBillPrint:start {"customerId":"CUS-3011000","customerName":"SUSAN YOUNG","accountNumber":"CUS-3011000","paymentHistoryLength":3,"lastBillPrintDate":"2026-04-01T07:00:00.000Z","lastBillPrintLedgerOrder":8,"latestBillingChargeSortMs":1775026800000,"latestBillingChargeLedgerOrder":8}
[2026-05-14T04:04:02.253Z] [info] [BillPanelTrace] getSum:skip_payment {"customerId":"CUS-3011000","customerName":"SUSAN YOUNG","accountNumber":"CUS-3011000","index":0,"reason":"testFreshStart"}
[2026-05-14T04:04:02.253Z] [info] [BillPanelTrace] getSum:payment_eval {"customerId":"CUS-3011000","customerName":"SUSAN YOUNG","accountNumber":"CUS-3011000","index":1,"paymentMethod":"Security deposit (auto)","amountPaid":550.47,"ledgerOrder":7,"timestamp":"2026-04-01T07:00:00.000Z","countsTowardStatement":true,"tieBreak":"same_ms_payment_counts_after_bill","mode":"billingChargeRow","paymentSortMs":1775026800000,"billAnchorMs":1775026800000,"payLo":7,"billAnchorLo":8,"tsDeltaMs":0}
[2026-05-14T04:04:02.253Z] [info] [BillPanelTrace] getSum:payment_eval {"customerId":"CUS-3011000","customerName":"SUSAN YOUNG","accountNumber":"CUS-3011000","index":2,"paymentMethod":"Check","amountPaid":75,"ledgerOrder":9,"timestamp":"2026-04-01T07:00:00.000Z","countsTowardStatement":true,"tieBreak":"after_latest_billing_charge_row","mode":"billingChargeRow","paymentSortMs":1775026800000,"billAnchorMs":1775026800000,"payLo":9,"billAnchorLo":8,"tsDeltaMs":0}
[2026-05-14T04:04:02.253Z] [info] [BillPanelTrace] getSumPaymentAmountsAfterLastBillPrint:result {"customerId":"CUS-3011000","customerName":"SUSAN YOUNG","accountNumber":"CUS-3011000","paidAfterSum":625.47}
[2026-05-14T04:04:02.253Z] [info] [BillPanelTrace] getSumPaymentAmountsAfterLastBillPrint:start {"customerId":"CUS-3011000","customerName":"SUSAN YOUNG","accountNumber":"CUS-3011000","paymentHistoryLength":3,"lastBillPrintDate":"2026-04-01T07:00:00.000Z","lastBillPrintLedgerOrder":8,"latestBillingChargeSortMs":1775026800000,"latestBillingChargeLedgerOrder":8}
[2026-05-14T04:04:02.253Z] [info] [BillPanelTrace] getSum:skip_payment {"customerId":"CUS-3011000","customerName":"SUSAN YOUNG","accountNumber":"CUS-3011000","index":0,"reason":"testFreshStart"}
[2026-05-14T04:04:02.253Z] [info] [BillPanelTrace] getSum:payment_eval {"customerId":"CUS-3011000","customerName":"SUSAN YOUNG","accountNumber":"CUS-3011000","index":1,"paymentMethod":"Security deposit (auto)","amountPaid":550.47,"ledgerOrder":7,"timestamp":"2026-04-01T07:00:00.000Z","countsTowardStatement":true,"tieBreak":"same_ms_payment_counts_after_bill","mode":"billingChargeRow","paymentSortMs":1775026800000,"billAnchorMs":1775026800000,"payLo":7,"billAnchorLo":8,"tsDeltaMs":0}
[2026-05-14T04:04:02.253Z] [info] [BillPanelTrace] getSum:payment_eval {"customerId":"CUS-3011000","customerName":"SUSAN YOUNG","accountNumber":"CUS-3011000","index":2,"paymentMethod":"Check","amountPaid":75,"ledgerOrder":9,"timestamp":"2026-04-01T07:00:00.000Z","countsTowardStatement":true,"tieBreak":"after_latest_billing_charge_row","mode":"billingChargeRow","paymentSortMs":1775026800000,"billAnchorMs":1775026800000,"payLo":9,"billAnchorLo":8,"tsDeltaMs":0}
[2026-05-14T04:04:02.253Z] [info] [BillPanelTrace] getSumPaymentAmountsAfterLastBillPrint:result {"customerId":"CUS-3011000","customerName":"SUSAN YOUNG","accountNumber":"CUS-3011000","paidAfterSum":625.47}
[2026-05-14T04:04:02.253Z] [info] [BillPanelTrace] getSumPaymentAmountsAfterLastBillPrint:start {"customerId":"CUS-3011000","customerName":"SUSAN YOUNG","accountNumber":"CUS-3011000","paymentHistoryLength":3,"lastBillPrintDate":"2026-04-01T07:00:00.000Z","lastBillPrintLedgerOrder":8,"latestBillingChargeSortMs":1775026800000,"latestBillingChargeLedgerOrder":8}
[2026-05-14T04:04:02.253Z] [info] [BillPanelTrace] getSum:skip_payment {"customerId":"CUS-3011000","customerName":"SUSAN YOUNG","accountNumber":"CUS-3011000","index":0,"reason":"testFreshStart"}
[2026-05-14T04:04:02.253Z] [info] [BillPanelTrace] getSum:payment_eval {"customerId":"CUS-3011000","customerName":"SUSAN YOUNG","accountNumber":"CUS-3011000","index":1,"paymentMethod":"Security deposit (auto)","amountPaid":550.47,"ledgerOrder":7,"timestamp":"2026-04-01T07:00:00.000Z","countsTowardStatement":true,"tieBreak":"same_ms_payment_counts_after_bill","mode":"billingChargeRow","paymentSortMs":1775026800000,"billAnchorMs":1775026800000,"payLo":7,"billAnchorLo":8,"tsDeltaMs":0}
[2026-05-14T04:04:02.253Z] [info] [BillPanelTrace] getSum:payment_eval {"customerId":"CUS-3011000","customerName":"SUSAN YOUNG","accountNumber":"CUS-3011000","index":2,"paymentMethod":"Check","amountPaid":75,"ledgerOrder":9,"timestamp":"2026-04-01T07:00:00.000Z","countsTowardStatement":true,"tieBreak":"after_latest_billing_charge_row","mode":"billingChargeRow","paymentSortMs":1775026800000,"billAnchorMs":1775026800000,"payLo":9,"billAnchorLo":8,"tsDeltaMs":0}
[2026-05-14T04:04:02.253Z] [info] [BillPanelTrace] getSumPaymentAmountsAfterLastBillPrint:result {"customerId":"CUS-3011000","customerName":"SUSAN YOUNG","accountNumber":"CUS-3011000","paidAfterSum":625.47}
[2026-05-14T04:04:02.253Z] [info] [BillPanelTrace] getSumPaymentAmountsAfterLastBillPrint:start {"customerId":"CUS-3011000","customerName":"SUSAN YOUNG","accountNumber":"CUS-3011000","paymentHistoryLength":3,"lastBillPrintDate":"2026-04-01T07:00:00.000Z","lastBillPrintLedgerOrder":8,"latestBillingChargeSortMs":1775026800000,"latestBillingChargeLedgerOrder":8}
[2026-05-14T04:04:02.253Z] [info] [BillPanelTrace] getSum:skip_payment {"customerId":"CUS-3011000","customerName":"SUSAN YOUNG","accountNumber":"CUS-3011000","index":0,"reason":"testFreshStart"}
[2026-05-14T04:04:02.254Z] [info] [BillPanelTrace] getSum:payment_eval {"customerId":"CUS-3011000","customerName":"SUSAN YOUNG","accountNumber":"CUS-3011000","index":1,"paymentMethod":"Security deposit (auto)","amountPaid":550.47,"ledgerOrder":7,"timestamp":"2026-04-01T07:00:00.000Z","countsTowardStatement":true,"tieBreak":"same_ms_payment_counts_after_bill","mode":"billingChargeRow","paymentSortMs":1775026800000,"billAnchorMs":1775026800000,"payLo":7,"billAnchorLo":8,"tsDeltaMs":0}
[2026-05-14T04:04:02.254Z] [info] [BillPanelTrace] getSum:payment_eval {"customerId":"CUS-3011000","customerName":"SUSAN YOUNG","accountNumber":"CUS-3011000","index":2,"paymentMethod":"Check","amountPaid":75,"ledgerOrder":9,"timestamp":"2026-04-01T07:00:00.000Z","countsTowardStatement":true,"tieBreak":"after_latest_billing_charge_row","mode":"billingChargeRow","paymentSortMs":1775026800000,"billAnchorMs":1775026800000,"payLo":9,"billAnchorLo":8,"tsDeltaMs":0}
[2026-05-14T04:04:02.254Z] [info] [BillPanelTrace] getSumPaymentAmountsAfterLastBillPrint:result {"customerId":"CUS-3011000","customerName":"SUSAN YOUNG","accountNumber":"CUS-3011000","paidAfterSum":625.47}
[2026-05-14T04:04:02.254Z] [info] [BillPanelTrace] applyOpenBalanceSnapshotCapToPanelAmounts:eval {"customerId":"CUS-3011000","customerName":"SUSAN YOUNG","accountNumber":"CUS-3011000","snap":103.49,"curTotal":108.49,"gap":5,"lateFeePanel":5,"paidLate":0,"lateRemainingForCap":5,"skippedCapStaleSnapVersusAccruedLate":true}
[2026-05-14T04:04:02.254Z] [info] [BillPanelTrace] getProcessBillPanelAmounts:result_live {"customerId":"CUS-3011000","customerName":"SUSAN YOUNG","accountNumber":"CUS-3011000","total":108.49,"pastDue":0,"lateFee":5,"dueDateStr":"04/21/2026","fromFrozen":false}
[2026-05-14T04:04:02.254Z] [info] [BillPanelTrace] getSumPaymentAmountsAfterLastBillPrint:start {"customerId":"CUS-3011000","customerName":"SUSAN YOUNG","accountNumber":"CUS-3011000","paymentHistoryLength":3,"lastBillPrintDate":"2026-04-01T07:00:00.000Z","lastBillPrintLedgerOrder":8,"latestBillingChargeSortMs":1775026800000,"latestBillingChargeLedgerOrder":8}
[2026-05-14T04:04:02.254Z] [info] [BillPanelTrace] getSum:skip_payment {"customerId":"CUS-3011000","customerName":"SUSAN YOUNG","accountNumber":"CUS-3011000","index":0,"reason":"testFreshStart"}
[2026-05-14T04:04:02.254Z] [info] [BillPanelTrace] getSum:payment_eval {"customerId":"CUS-3011000","customerName":"SUSAN YOUNG","accountNumber":"CUS-3011000","index":1,"paymentMethod":"Security deposit (auto)","amountPaid":550.47,"ledgerOrder":7,"timestamp":"2026-04-01T07:00:00.000Z","countsTowardStatement":true,"tieBreak":"same_ms_payment_counts_after_bill","mode":"billingChargeRow","paymentSortMs":1775026800000,"billAnchorMs":1775026800000,"payLo":7,"billAnchorLo":8,"tsDeltaMs":0}
[2026-05-14T04:04:02.254Z] [info] [BillPanelTrace] getSum:payment_eval {"customerId":"CUS-3011000","customerName":"SUSAN YOUNG","accountNumber":"CUS-3011000","index":2,"paymentMethod":"Check","amountPaid":75,"ledgerOrder":9,"timestamp":"2026-04-01T07:00:00.000Z","countsTowardStatement":true,"tieBreak":"after_latest_billing_charge_row","mode":"billingChargeRow","paymentSortMs":1775026800000,"billAnchorMs":1775026800000,"payLo":9,"billAnchorLo":8,"tsDeltaMs":0}
[2026-05-14T04:04:02.254Z] [info] [BillPanelTrace] getSumPaymentAmountsAfterLastBillPrint:result {"customerId":"CUS-3011000","customerName":"SUSAN YOUNG","accountNumber":"CUS-3011000","paidAfterSum":625.47}
[2026-05-14T04:04:02.254Z] [info] [BillPanelTrace] getProcessBillPanelAmounts:branch_check {"customerId":"CUS-3011000","customerName":"SUSAN YOUNG","accountNumber":"CUS-3011000","hasFrozenSnapshot":false,"lastBillPrintDate":"2026-04-01T07:00:00.000Z","lastPrintedStatementTotalDue":178.49}
[2026-05-14T04:04:02.254Z] [info] [BillPanelTrace] getSumPaymentAmountsAfterLastBillPrint:start {"customerId":"CUS-3011000","customerName":"SUSAN YOUNG","accountNumber":"CUS-3011000","paymentHistoryLength":3,"lastBillPrintDate":"2026-04-01T07:00:00.000Z","lastBillPrintLedgerOrder":8,"latestBillingChargeSortMs":1775026800000,"latestBillingChargeLedgerOrder":8}
[2026-05-14T04:04:02.254Z] [info] [BillPanelTrace] getSum:skip_payment {"customerId":"CUS-3011000","customerName":"SUSAN YOUNG","accountNumber":"CUS-3011000","index":0,"reason":"testFreshStart"}
[2026-05-14T04:04:02.254Z] [info] [BillPanelTrace] getSum:payment_eval {"customerId":"CUS-3011000","customerName":"SUSAN YOUNG","accountNumber":"CUS-3011000","index":1,"paymentMethod":"Security deposit (auto)","amountPaid":550.47,"ledgerOrder":7,"timestamp":"2026-04-01T07:00:00.000Z","countsTowardStatement":true,"tieBreak":"same_ms_payment_counts_after_bill","mode":"billingChargeRow","paymentSortMs":1775026800000,"billAnchorMs":1775026800000,"payLo":7,"billAnchorLo":8,"tsDeltaMs":0}
[2026-05-14T04:04:02.254Z] [info] [BillPanelTrace] getSum:payment_eval {"customerId":"CUS-3011000","customerName":"SUSAN YOUNG","accountNumber":"CUS-3011000","index":2,"paymentMethod":"Check","amountPaid":75,"ledgerOrder":9,"timestamp":"2026-04-01T07:00:00.000Z","countsTowardStatement":true,"tieBreak":"after_latest_billing_charge_row","mode":"billingChargeRow","paymentSortMs":1775026800000,"billAnchorMs":1775026800000,"payLo":9,"billAnchorLo":8,"tsDeltaMs":0}
[2026-05-14T04:04:02.254Z] [info] [BillPanelTrace] getSumPaymentAmountsAfterLastBillPrint:result {"customerId":"CUS-3011000","customerName":"SUSAN YOUNG","accountNumber":"CUS-3011000","paidAfterSum":625.47}
[2026-05-14T04:04:02.254Z] [info] [BillPanelTrace] getSumPaymentAmountsAfterLastBillPrint:start {"customerId":"CUS-3011000","customerName":"SUSAN YOUNG","accountNumber":"CUS-3011000","paymentHistoryLength":3,"lastBillPrintDate":"2026-04-01T07:00:00.000Z","lastBillPrintLedgerOrder":8,"latestBillingChargeSortMs":1775026800000,"latestBillingChargeLedgerOrder":8}
[2026-05-14T04:04:02.254Z] [info] [BillPanelTrace] getSum:skip_payment {"customerId":"CUS-3011000","customerName":"SUSAN YOUNG","accountNumber":"CUS-3011000","index":0,"reason":"testFreshStart"}
[2026-05-14T04:04:02.254Z] [info] [BillPanelTrace] getSum:payment_eval {"customerId":"CUS-3011000","customerName":"SUSAN YOUNG","accountNumber":"CUS-3011000","index":1,"paymentMethod":"Security deposit (auto)","amountPaid":550.47,"ledgerOrder":7,"timestamp":"2026-04-01T07:00:00.000Z","countsTowardStatement":true,"tieBreak":"same_ms_payment_counts_after_bill","mode":"billingChargeRow","paymentSortMs":1775026800000,"billAnchorMs":1775026800000,"payLo":7,"billAnchorLo":8,"tsDeltaMs":0}
[2026-05-14T04:04:02.254Z] [info] [BillPanelTrace] getSum:payment_eval {"customerId":"CUS-3011000","customerName":"SUSAN YOUNG","accountNumber":"CUS-3011000","index":2,"paymentMethod":"Check","amountPaid":75,"ledgerOrder":9,"timestamp":"2026-04-01T07:00:00.000Z","countsTowardStatement":true,"tieBreak":"after_latest_billing_charge_row","mode":"billingChargeRow","paymentSortMs":1775026800000,"billAnchorMs":1775026800000,"payLo":9,"billAnchorLo":8,"tsDeltaMs":0}
[2026-05-14T04:04:02.254Z] [info] [BillPanelTrace] getSumPaymentAmountsAfterLastBillPrint:result {"customerId":"CUS-3011000","customerName":"SUSAN YOUNG","accountNumber":"CUS-3011000","paidAfterSum":625.47}
[2026-05-14T04:04:02.254Z] [info] [BillPanelTrace] getSumPaymentAmountsAfterLastBillPrint:start {"customerId":"CUS-3011000","customerName":"SUSAN YOUNG","accountNumber":"CUS-3011000","paymentHistoryLength":3,"lastBillPrintDate":"2026-04-01T07:00:00.000Z","lastBillPrintLedgerOrder":8,"latestBillingChargeSortMs":1775026800000,"latestBillingChargeLedgerOrder":8}
[2026-05-14T04:04:02.254Z] [info] [BillPanelTrace] getSum:skip_payment {"customerId":"CUS-3011000","customerName":"SUSAN YOUNG","accountNumber":"CUS-3011000","index":0,"reason":"testFreshStart"}
[2026-05-14T04:04:02.254Z] [info] [BillPanelTrace] getSum:payment_eval {"customerId":"CUS-3011000","customerName":"SUSAN YOUNG","accountNumber":"CUS-3011000","index":1,"paymentMethod":"Security deposit (auto)","amountPaid":550.47,"ledgerOrder":7,"timestamp":"2026-04-01T07:00:00.000Z","countsTowardStatement":true,"tieBreak":"same_ms_payment_counts_after_bill","mode":"billingChargeRow","paymentSortMs":1775026800000,"billAnchorMs":1775026800000,"payLo":7,"billAnchorLo":8,"tsDeltaMs":0}
[2026-05-14T04:04:02.254Z] [info] [BillPanelTrace] getSum:payment_eval {"customerId":"CUS-3011000","customerName":"SUSAN YOUNG","accountNumber":"CUS-3011000","index":2,"paymentMethod":"Check","amountPaid":75,"ledgerOrder":9,"timestamp":"2026-04-01T07:00:00.000Z","countsTowardStatement":true,"tieBreak":"after_latest_billing_charge_row","mode":"billingChargeRow","paymentSortMs":1775026800000,"billAnchorMs":1775026800000,"payLo":9,"billAnchorLo":8,"tsDeltaMs":0}
[2026-05-14T04:04:02.254Z] [info] [BillPanelTrace] getSumPaymentAmountsAfterLastBillPrint:result {"customerId":"CUS-3011000","customerName":"SUSAN YOUNG","accountNumber":"CUS-3011000","paidAfterSum":625.47}
[2026-05-14T04:04:02.254Z] [info] [BillPanelTrace] getSumPaymentAmountsAfterLastBillPrint:start {"customerId":"CUS-3011000","customerName":"SUSAN YOUNG","accountNumber":"CUS-3011000","paymentHistoryLength":3,"lastBillPrintDate":"2026-04-01T07:00:00.000Z","lastBillPrintLedgerOrder":8,"latestBillingChargeSortMs":1775026800000,"latestBillingChargeLedgerOrder":8}
[2026-05-14T04:04:02.254Z] [info] [BillPanelTrace] getSum:skip_payment {"customerId":"CUS-3011000","customerName":"SUSAN YOUNG","accountNumber":"CUS-3011000","index":0,"reason":"testFreshStart"}
[2026-05-14T04:04:02.254Z] [info] [BillPanelTrace] getSum:payment_eval {"customerId":"CUS-3011000","customerName":"SUSAN YOUNG","accountNumber":"CUS-3011000","index":1,"paymentMethod":"Security deposit (auto)","amountPaid":550.47,"ledgerOrder":7,"timestamp":"2026-04-01T07:00:00.000Z","countsTowardStatement":true,"tieBreak":"same_ms_payment_counts_after_bill","mode":"billingChargeRow","paymentSortMs":1775026800000,"billAnchorMs":1775026800000,"payLo":7,"billAnchorLo":8,"tsDeltaMs":0}
[2026-05-14T04:04:02.254Z] [info] [BillPanelTrace] getSum:payment_eval {"customerId":"CUS-3011000","customerName":"SUSAN YOUNG","accountNumber":"CUS-3011000","index":2,"paymentMethod":"Check","amountPaid":75,"ledgerOrder":9,"timestamp":"2026-04-01T07:00:00.000Z","countsTowardStatement":true,"tieBreak":"after_latest_billing_charge_row","mode":"billingChargeRow","paymentSortMs":1775026800000,"billAnchorMs":1775026800000,"payLo":9,"billAnchorLo":8,"tsDeltaMs":0}
[2026-05-14T04:04:02.254Z] [info] [BillPanelTrace] getSumPaymentAmountsAfterLastBillPrint:result {"customerId":"CUS-3011000","customerName":"SUSAN YOUNG","accountNumber":"CUS-3011000","paidAfterSum":625.47}
[2026-05-14T04:04:02.254Z] [info] [BillPanelTrace] applyOpenBalanceSnapshotCapToPanelAmounts:eval {"customerId":"CUS-3011000","customerName":"SUSAN YOUNG","accountNumber":"CUS-3011000","snap":103.49,"curTotal":108.49,"gap":5,"lateFeePanel":5,"paidLate":0,"lateRemainingForCap":5,"skippedCapStaleSnapVersusAccruedLate":true}
[2026-05-14T04:04:02.254Z] [info] [BillPanelTrace] getProcessBillPanelAmounts:result_live {"customerId":"CUS-3011000","customerName":"SUSAN YOUNG","accountNumber":"CUS-3011000","total":108.49,"pastDue":0,"lateFee":5,"dueDateStr":"04/21/2026","fromFrozen":false}
[2026-05-14T04:04:02.254Z] [info] [BillPanelTrace] getSumPaymentAmountsAfterLastBillPrint:start {"customerId":"CUS-3011000","customerName":"SUSAN YOUNG","accountNumber":"CUS-3011000","paymentHistoryLength":3,"lastBillPrintDate":"2026-04-01T07:00:00.000Z","lastBillPrintLedgerOrder":8,"latestBillingChargeSortMs":1775026800000,"latestBillingChargeLedgerOrder":8}
[2026-05-14T04:04:02.254Z] [info] [BillPanelTrace] getSum:skip_payment {"customerId":"CUS-3011000","customerName":"SUSAN YOUNG","accountNumber":"CUS-3011000","index":0,"reason":"testFreshStart"}
[2026-05-14T04:04:02.254Z] [info] [BillPanelTrace] getSum:payment_eval {"customerId":"CUS-3011000","customerName":"SUSAN YOUNG","accountNumber":"CUS-3011000","index":1,"paymentMethod":"Security deposit (auto)","amountPaid":550.47,"ledgerOrder":7,"timestamp":"2026-04-01T07:00:00.000Z","countsTowardStatement":true,"tieBreak":"same_ms_payment_counts_after_bill","mode":"billingChargeRow","paymentSortMs":1775026800000,"billAnchorMs":1775026800000,"payLo":7,"billAnchorLo":8,"tsDeltaMs":0}
[2026-05-14T04:04:02.254Z] [info] [BillPanelTrace] getSum:payment_eval {"customerId":"CUS-3011000","customerName":"SUSAN YOUNG","accountNumber":"CUS-3011000","index":2,"paymentMethod":"Check","amountPaid":75,"ledgerOrder":9,"timestamp":"2026-04-01T07:00:00.000Z","countsTowardStatement":true,"tieBreak":"after_latest_billing_charge_row","mode":"billingChargeRow","paymentSortMs":1775026800000,"billAnchorMs":1775026800000,"payLo":9,"billAnchorLo":8,"tsDeltaMs":0}
[2026-05-14T04:04:02.255Z] [info] [BillPanelTrace] getSumPaymentAmountsAfterLastBillPrint:result {"customerId":"CUS-3011000","customerName":"SUSAN YOUNG","accountNumber":"CUS-3011000","paidAfterSum":625.47}
[2026-05-14T04:04:02.255Z] [info] [BillPanelTrace] getProcessBillPanelAmounts:branch_check {"customerId":"CUS-3011000","customerName":"SUSAN YOUNG","accountNumber":"CUS-3011000","hasFrozenSnapshot":false,"lastBillPrintDate":"2026-04-01T07:00:00.000Z","lastPrintedStatementTotalDue":178.49}
[2026-05-14T04:04:02.255Z] [info] [BillPanelTrace] getSumPaymentAmountsAfterLastBillPrint:start {"customerId":"CUS-3011000","customerName":"SUSAN YOUNG","accountNumber":"CUS-3011000","paymentHistoryLength":3,"lastBillPrintDate":"2026-04-01T07:00:00.000Z","lastBillPrintLedgerOrder":8,"latestBillingChargeSortMs":1775026800000,"latestBillingChargeLedgerOrder":8}
[2026-05-14T04:04:02.255Z] [info] [BillPanelTrace] getSum:skip_payment {"customerId":"CUS-3011000","customerName":"SUSAN YOUNG","accountNumber":"CUS-3011000","index":0,"reason":"testFreshStart"}
[2026-05-14T04:04:02.255Z] [info] [BillPanelTrace] getSum:payment_eval {"customerId":"CUS-3011000","customerName":"SUSAN YOUNG","accountNumber":"CUS-3011000","index":1,"paymentMethod":"Security deposit (auto)","amountPaid":550.47,"ledgerOrder":7,"timestamp":"2026-04-01T07:00:00.000Z","countsTowardStatement":true,"tieBreak":"same_ms_payment_counts_after_bill","mode":"billingChargeRow","paymentSortMs":1775026800000,"billAnchorMs":1775026800000,"payLo":7,"billAnchorLo":8,"tsDeltaMs":0}
[2026-05-14T04:04:02.255Z] [info] [BillPanelTrace] getSum:payment_eval {"customerId":"CUS-3011000","customerName":"SUSAN YOUNG","accountNumber":"CUS-3011000","index":2,"paymentMethod":"Check","amountPaid":75,"ledgerOrder":9,"timestamp":"2026-04-01T07:00:00.000Z","countsTowardStatement":true,"tieBreak":"after_latest_billing_charge_row","mode":"billingChargeRow","paymentSortMs":1775026800000,"billAnchorMs":1775026800000,"payLo":9,"billAnchorLo":8,"tsDeltaMs":0}
[2026-05-14T04:04:02.255Z] [info] [BillPanelTrace] getSumPaymentAmountsAfterLastBillPrint:result {"customerId":"CUS-3011000","customerName":"SUSAN YOUNG","accountNumber":"CUS-3011000","paidAfterSum":625.47}
[2026-05-14T04:04:02.255Z] [info] [BillPanelTrace] getSumPaymentAmountsAfterLastBillPrint:start {"customerId":"CUS-3011000","customerName":"SUSAN YOUNG","accountNumber":"CUS-3011000","paymentHistoryLength":3,"lastBillPrintDate":"2026-04-01T07:00:00.000Z","lastBillPrintLedgerOrder":8,"latestBillingChargeSortMs":1775026800000,"latestBillingChargeLedgerOrder":8}
[2026-05-14T04:04:02.255Z] [info] [BillPanelTrace] getSum:skip_payment {"customerId":"CUS-3011000","customerName":"SUSAN YOUNG","accountNumber":"CUS-3011000","index":0,"reason":"testFreshStart"}
[2026-05-14T04:04:02.255Z] [info] [BillPanelTrace] getSum:payment_eval {"customerId":"CUS-3011000","customerName":"SUSAN YOUNG","accountNumber":"CUS-3011000","index":1,"paymentMethod":"Security deposit (auto)","amountPaid":550.47,"ledgerOrder":7,"timestamp":"2026-04-01T07:00:00.000Z","countsTowardStatement":true,"tieBreak":"same_ms_payment_counts_after_bill","mode":"billingChargeRow","paymentSortMs":1775026800000,"billAnchorMs":1775026800000,"payLo":7,"billAnchorLo":8,"tsDeltaMs":0}
[2026-05-14T04:04:02.255Z] [info] [BillPanelTrace] getSum:payment_eval {"customerId":"CUS-3011000","customerName":"SUSAN YOUNG","accountNumber":"CUS-3011000","index":2,"paymentMethod":"Check","amountPaid":75,"ledgerOrder":9,"timestamp":"2026-04-01T07:00:00.000Z","countsTowardStatement":true,"tieBreak":"after_latest_billing_charge_row","mode":"billingChargeRow","paymentSortMs":1775026800000,"billAnchorMs":1775026800000,"payLo":9,"billAnchorLo":8,"tsDeltaMs":0}
[2026-05-14T04:04:02.255Z] [info] [BillPanelTrace] getSumPaymentAmountsAfterLastBillPrint:result {"customerId":"CUS-3011000","customerName":"SUSAN YOUNG","accountNumber":"CUS-3011000","paidAfterSum":625.47}
[2026-05-14T04:04:02.255Z] [info] [BillPanelTrace] getSumPaymentAmountsAfterLastBillPrint:start {"customerId":"CUS-3011000","customerName":"SUSAN YOUNG","accountNumber":"CUS-3011000","paymentHistoryLength":3,"lastBillPrintDate":"2026-04-01T07:00:00.000Z","lastBillPrintLedgerOrder":8,"latestBillingChargeSortMs":1775026800000,"latestBillingChargeLedgerOrder":8}
[2026-05-14T04:04:02.255Z] [info] [BillPanelTrace] getSum:skip_payment {"customerId":"CUS-3011000","customerName":"SUSAN YOUNG","accountNumber":"CUS-3011000","index":0,"reason":"testFreshStart"}
[2026-05-14T04:04:02.255Z] [info] [BillPanelTrace] getSum:payment_eval {"customerId":"CUS-3011000","customerName":"SUSAN YOUNG","accountNumber":"CUS-3011000","index":1,"paymentMethod":"Security deposit (auto)","amountPaid":550.47,"ledgerOrder":7,"timestamp":"2026-04-01T07:00:00.000Z","countsTowardStatement":true,"tieBreak":"same_ms_payment_counts_after_bill","mode":"billingChargeRow","paymentSortMs":1775026800000,"billAnchorMs":1775026800000,"payLo":7,"billAnchorLo":8,"tsDeltaMs":0}
[2026-05-14T04:04:02.255Z] [info] [BillPanelTrace] getSum:payment_eval {"customerId":"CUS-3011000","customerName":"SUSAN YOUNG","accountNumber":"CUS-3011000","index":2,"paymentMethod":"Check","amountPaid":75,"ledgerOrder":9,"timestamp":"2026-04-01T07:00:00.000Z","countsTowardStatement":true,"tieBreak":"after_latest_billing_charge_row","mode":"billingChargeRow","paymentSortMs":1775026800000,"billAnchorMs":1775026800000,"payLo":9,"billAnchorLo":8,"tsDeltaMs":0}
[2026-05-14T04:04:02.255Z] [info] [BillPanelTrace] getSumPaymentAmountsAfterLastBillPrint:result {"customerId":"CUS-3011000","customerName":"SUSAN YOUNG","accountNumber":"CUS-3011000","paidAfterSum":625.47}
[2026-05-14T04:04:02.255Z] [info] [BillPanelTrace] getSumPaymentAmountsAfterLastBillPrint:start {"customerId":"CUS-3011000","customerName":"SUSAN YOUNG","accountNumber":"CUS-3011000","paymentHistoryLength":3,"lastBillPrintDate":"2026-04-01T07:00:00.000Z","lastBillPrintLedgerOrder":8,"latestBillingChargeSortMs":1775026800000,"latestBillingChargeLedgerOrder":8}
[2026-05-14T04:04:02.255Z] [info] [BillPanelTrace] getSum:skip_payment {"customerId":"CUS-3011000","customerName":"SUSAN YOUNG","accountNumber":"CUS-3011000","index":0,"reason":"testFreshStart"}
[2026-05-14T04:04:02.255Z] [info] [BillPanelTrace] getSum:payment_eval {"customerId":"CUS-3011000","customerName":"SUSAN YOUNG","accountNumber":"CUS-3011000","index":1,"paymentMethod":"Security deposit (auto)","amountPaid":550.47,"ledgerOrder":7,"timestamp":"2026-04-01T07:00:00.000Z","countsTowardStatement":true,"tieBreak":"same_ms_payment_counts_after_bill","mode":"billingChargeRow","paymentSortMs":1775026800000,"billAnchorMs":1775026800000,"payLo":7,"billAnchorLo":8,"tsDeltaMs":0}
[2026-05-14T04:04:02.255Z] [info] [BillPanelTrace] getSum:payment_eval {"customerId":"CUS-3011000","customerName":"SUSAN YOUNG","accountNumber":"CUS-3011000","index":2,"paymentMethod":"Check","amountPaid":75,"ledgerOrder":9,"timestamp":"2026-04-01T07:00:00.000Z","countsTowardStatement":true,"tieBreak":"after_latest_billing_charge_row","mode":"billingChargeRow","paymentSortMs":1775026800000,"billAnchorMs":1775026800000,"payLo":9,"billAnchorLo":8,"tsDeltaMs":0}
[2026-05-14T04:04:02.255Z] [info] [BillPanelTrace] getSumPaymentAmountsAfterLastBillPrint:result {"customerId":"CUS-3011000","customerName":"SUSAN YOUNG","accountNumber":"CUS-3011000","paidAfterSum":625.47}
[2026-05-14T04:04:02.255Z] [info] [BillPanelTrace] applyOpenBalanceSnapshotCapToPanelAmounts:eval {"customerId":"CUS-3011000","customerName":"SUSAN YOUNG","accountNumber":"CUS-3011000","snap":103.49,"curTotal":108.49,"gap":5,"lateFeePanel":5,"paidLate":0,"lateRemainingForCap":5,"skippedCapStaleSnapVersusAccruedLate":true}
[2026-05-14T04:04:02.255Z] [info] [BillPanelTrace] getProcessBillPanelAmounts:result_live {"customerId":"CUS-3011000","customerName":"SUSAN YOUNG","accountNumber":"CUS-3011000","total":108.49,"pastDue":0,"lateFee":5,"dueDateStr":"04/21/2026","fromFrozen":false}
[2026-05-14T04:04:02.255Z] [info] [BillPanelTrace] getProcessBillPanelAmounts:branch_check {"customerId":"CUS-3011000","customerName":"SUSAN YOUNG","accountNumber":"CUS-3011000","hasFrozenSnapshot":false,"lastBillPrintDate":"2026-04-01T07:00:00.000Z","lastPrintedStatementTotalDue":178.49}
[2026-05-14T04:04:02.255Z] [info] [BillPanelTrace] getSumPaymentAmountsAfterLastBillPrint:start {"customerId":"CUS-3011000","customerName":"SUSAN YOUNG","accountNumber":"CUS-3011000","paymentHistoryLength":3,"lastBillPrintDate":"2026-04-01T07:00:00.000Z","lastBillPrintLedgerOrder":8,"latestBillingChargeSortMs":1775026800000,"latestBillingChargeLedgerOrder":8}
[2026-05-14T04:04:02.255Z] [info] [BillPanelTrace] getSum:skip_payment {"customerId":"CUS-3011000","customerName":"SUSAN YOUNG","accountNumber":"CUS-3011000","index":0,"reason":"testFreshStart"}
[2026-05-14T04:04:02.255Z] [info] [BillPanelTrace] getSum:payment_eval {"customerId":"CUS-3011000","customerName":"SUSAN YOUNG","accountNumber":"CUS-3011000","index":1,"paymentMethod":"Security deposit (auto)","amountPaid":550.47,"ledgerOrder":7,"timestamp":"2026-04-01T07:00:00.000Z","countsTowardStatement":true,"tieBreak":"same_ms_payment_counts_after_bill","mode":"billingChargeRow","paymentSortMs":1775026800000,"billAnchorMs":1775026800000,"payLo":7,"billAnchorLo":8,"tsDeltaMs":0}
[2026-05-14T04:04:02.256Z] [info] [BillPanelTrace] getSum:payment_eval {"customerId":"CUS-3011000","customerName":"SUSAN YOUNG","accountNumber":"CUS-3011000","index":2,"paymentMethod":"Check","amountPaid":75,"ledgerOrder":9,"timestamp":"2026-04-01T07:00:00.000Z","countsTowardStatement":true,"tieBreak":"after_latest_billing_charge_row","mode":"billingChargeRow","paymentSortMs":1775026800000,"billAnchorMs":1775026800000,"payLo":9,"billAnchorLo":8,"tsDeltaMs":0}
[2026-05-14T04:04:02.256Z] [info] [BillPanelTrace] getSumPaymentAmountsAfterLastBillPrint:result {"customerId":"CUS-3011000","customerName":"SUSAN YOUNG","accountNumber":"CUS-3011000","paidAfterSum":625.47}
[2026-05-14T04:04:02.256Z] [info] [BillPanelTrace] getSumPaymentAmountsAfterLastBillPrint:start {"customerId":"CUS-3011000","customerName":"SUSAN YOUNG","accountNumber":"CUS-3011000","paymentHistoryLength":3,"lastBillPrintDate":"2026-04-01T07:00:00.000Z","lastBillPrintLedgerOrder":8,"latestBillingChargeSortMs":1775026800000,"latestBillingChargeLedgerOrder":8}
[2026-05-14T04:04:02.256Z] [info] [BillPanelTrace] getSum:skip_payment {"customerId":"CUS-3011000","customerName":"SUSAN YOUNG","accountNumber":"CUS-3011000","index":0,"reason":"testFreshStart"}
[2026-05-14T04:04:02.256Z] [info] [BillPanelTrace] getSum:payment_eval {"customerId":"CUS-3011000","customerName":"SUSAN YOUNG","accountNumber":"CUS-3011000","index":1,"paymentMethod":"Security deposit (auto)","amountPaid":550.47,"ledgerOrder":7,"timestamp":"2026-04-01T07:00:00.000Z","countsTowardStatement":true,"tieBreak":"same_ms_payment_counts_after_bill","mode":"billingChargeRow","paymentSortMs":1775026800000,"billAnchorMs":1775026800000,"payLo":7,"billAnchorLo":8,"tsDeltaMs":0}
[2026-05-14T04:04:02.256Z] [info] [BillPanelTrace] getSum:payment_eval {"customerId":"CUS-3011000","customerName":"SUSAN YOUNG","accountNumber":"CUS-3011000","index":2,"paymentMethod":"Check","amountPaid":75,"ledgerOrder":9,"timestamp":"2026-04-01T07:00:00.000Z","countsTowardStatement":true,"tieBreak":"after_latest_billing_charge_row","mode":"billingChargeRow","paymentSortMs":1775026800000,"billAnchorMs":1775026800000,"payLo":9,"billAnchorLo":8,"tsDeltaMs":0}
[2026-05-14T04:04:02.256Z] [info] [BillPanelTrace] getSumPaymentAmountsAfterLastBillPrint:result {"customerId":"CUS-3011000","customerName":"SUSAN YOUNG","accountNumber":"CUS-3011000","paidAfterSum":625.47}
[2026-05-14T04:04:02.256Z] [info] [BillPanelTrace] getSumPaymentAmountsAfterLastBillPrint:start {"customerId":"CUS-3011000","customerName":"SUSAN YOUNG","accountNumber":"CUS-3011000","paymentHistoryLength":3,"lastBillPrintDate":"2026-04-01T07:00:00.000Z","lastBillPrintLedgerOrder":8,"latestBillingChargeSortMs":1775026800000,"latestBillingChargeLedgerOrder":8}
[2026-05-14T04:04:02.256Z] [info] [BillPanelTrace] getSum:skip_payment {"customerId":"CUS-3011000","customerName":"SUSAN YOUNG","accountNumber":"CUS-3011000","index":0,"reason":"testFreshStart"}
[2026-05-14T04:04:02.256Z] [info] [BillPanelTrace] getSum:payment_eval {"customerId":"CUS-3011000","customerName":"SUSAN YOUNG","accountNumber":"CUS-3011000","index":1,"paymentMethod":"Security deposit (auto)","amountPaid":550.47,"ledgerOrder":7,"timestamp":"2026-04-01T07:00:00.000Z","countsTowardStatement":true,"tieBreak":"same_ms_payment_counts_after_bill","mode":"billingChargeRow","paymentSortMs":1775026800000,"billAnchorMs":1775026800000,"payLo":7,"billAnchorLo":8,"tsDeltaMs":0}
[2026-05-14T04:04:02.256Z] [info] [BillPanelTrace] getSum:payment_eval {"customerId":"CUS-3011000","customerName":"SUSAN YOUNG","accountNumber":"CUS-3011000","index":2,"paymentMethod":"Check","amountPaid":75,"ledgerOrder":9,"timestamp":"2026-04-01T07:00:00.000Z","countsTowardStatement":true,"tieBreak":"after_latest_billing_charge_row","mode":"billingChargeRow","paymentSortMs":1775026800000,"billAnchorMs":1775026800000,"payLo":9,"billAnchorLo":8,"tsDeltaMs":0}
[2026-05-14T04:04:02.256Z] [info] [BillPanelTrace] getSumPaymentAmountsAfterLastBillPrint:result {"customerId":"CUS-3011000","customerName":"SUSAN YOUNG","accountNumber":"CUS-3011000","paidAfterSum":625.47}
[2026-05-14T04:04:02.256Z] [info] [BillPanelTrace] getSumPaymentAmountsAfterLastBillPrint:start {"customerId":"CUS-3011000","customerName":"SUSAN YOUNG","accountNumber":"CUS-3011000","paymentHistoryLength":3,"lastBillPrintDate":"2026-04-01T07:00:00.000Z","lastBillPrintLedgerOrder":8,"latestBillingChargeSortMs":1775026800000,"latestBillingChargeLedgerOrder":8}
[2026-05-14T04:04:02.256Z] [info] [BillPanelTrace] getSum:skip_payment {"customerId":"CUS-3011000","customerName":"SUSAN YOUNG","accountNumber":"CUS-3011000","index":0,"reason":"testFreshStart"}
[2026-05-14T04:04:02.256Z] [info] [BillPanelTrace] getSum:payment_eval {"customerId":"CUS-3011000","customerName":"SUSAN YOUNG","accountNumber":"CUS-3011000","index":1,"paymentMethod":"Security deposit (auto)","amountPaid":550.47,"ledgerOrder":7,"timestamp":"2026-04-01T07:00:00.000Z","countsTowardStatement":true,"tieBreak":"same_ms_payment_counts_after_bill","mode":"billingChargeRow","paymentSortMs":1775026800000,"billAnchorMs":1775026800000,"payLo":7,"billAnchorLo":8,"tsDeltaMs":0}
[2026-05-14T04:04:02.256Z] [info] [BillPanelTrace] getSum:payment_eval {"customerId":"CUS-3011000","customerName":"SUSAN YOUNG","accountNumber":"CUS-3011000","index":2,"paymentMethod":"Check","amountPaid":75,"ledgerOrder":9,"timestamp":"2026-04-01T07:00:00.000Z","countsTowardStatement":true,"tieBreak":"after_latest_billing_charge_row","mode":"billingChargeRow","paymentSortMs":1775026800000,"billAnchorMs":1775026800000,"payLo":9,"billAnchorLo":8,"tsDeltaMs":0}
[2026-05-14T04:04:02.256Z] [info] [BillPanelTrace] getSumPaymentAmountsAfterLastBillPrint:result {"customerId":"CUS-3011000","customerName":"SUSAN YOUNG","accountNumber":"CUS-3011000","paidAfterSum":625.47}
[2026-05-14T04:04:02.256Z] [info] [BillPanelTrace] applyOpenBalanceSnapshotCapToPanelAmounts:eval {"customerId":"CUS-3011000","customerName":"SUSAN YOUNG","accountNumber":"CUS-3011000","snap":103.49,"curTotal":108.49,"gap":5,"lateFeePanel":5,"paidLate":0,"lateRemainingForCap":5,"skippedCapStaleSnapVersusAccruedLate":true}
[2026-05-14T04:04:02.256Z] [info] [BillPanelTrace] getProcessBillPanelAmounts:result_live {"customerId":"CUS-3011000","customerName":"SUSAN YOUNG","accountNumber":"CUS-3011000","total":108.49,"pastDue":0,"lateFee":5,"dueDateStr":"04/21/2026","fromFrozen":false}
[2026-05-14T04:04:02.256Z] [info] [BillPanelTrace] getProcessBillPanelAmounts:branch_check {"customerId":"CUS-3011000","customerName":"SUSAN YOUNG","accountNumber":"CUS-3011000","hasFrozenSnapshot":false,"lastBillPrintDate":"2026-04-01T07:00:00.000Z","lastPrintedStatementTotalDue":178.49}
[2026-05-14T04:04:02.256Z] [info] [BillPanelTrace] getSumPaymentAmountsAfterLastBillPrint:start {"customerId":"CUS-3011000","customerName":"SUSAN YOUNG","accountNumber":"CUS-3011000","paymentHistoryLength":3,"lastBillPrintDate":"2026-04-01T07:00:00.000Z","lastBillPrintLedgerOrder":8,"latestBillingChargeSortMs":1775026800000,"latestBillingChargeLedgerOrder":8}
[2026-05-14T04:04:02.256Z] [info] [BillPanelTrace] getSum:skip_payment {"customerId":"CUS-3011000","customerName":"SUSAN YOUNG","accountNumber":"CUS-3011000","index":0,"reason":"testFreshStart"}
[2026-05-14T04:04:02.256Z] [info] [BillPanelTrace] getSum:payment_eval {"customerId":"CUS-3011000","customerName":"SUSAN YOUNG","accountNumber":"CUS-3011000","index":1,"paymentMethod":"Security deposit (auto)","amountPaid":550.47,"ledgerOrder":7,"timestamp":"2026-04-01T07:00:00.000Z","countsTowardStatement":true,"tieBreak":"same_ms_payment_counts_after_bill","mode":"billingChargeRow","paymentSortMs":1775026800000,"billAnchorMs":1775026800000,"payLo":7,"billAnchorLo":8,"tsDeltaMs":0}
[2026-05-14T04:04:02.256Z] [info] [BillPanelTrace] getSum:payment_eval {"customerId":"CUS-3011000","customerName":"SUSAN YOUNG","accountNumber":"CUS-3011000","index":2,"paymentMethod":"Check","amountPaid":75,"ledgerOrder":9,"timestamp":"2026-04-01T07:00:00.000Z","countsTowardStatement":true,"tieBreak":"after_latest_billing_charge_row","mode":"billingChargeRow","paymentSortMs":1775026800000,"billAnchorMs":1775026800000,"payLo":9,"billAnchorLo":8,"tsDeltaMs":0}
[2026-05-14T04:04:02.256Z] [info] [BillPanelTrace] getSumPaymentAmountsAfterLastBillPrint:result {"customerId":"CUS-3011000","customerName":"SUSAN YOUNG","accountNumber":"CUS-3011000","paidAfterSum":625.47}
[2026-05-14T04:04:02.256Z] [info] [BillPanelTrace] getSumPaymentAmountsAfterLastBillPrint:start {"customerId":"CUS-3011000","customerName":"SUSAN YOUNG","accountNumber":"CUS-3011000","paymentHistoryLength":3,"lastBillPrintDate":"2026-04-01T07:00:00.000Z","lastBillPrintLedgerOrder":8,"latestBillingChargeSortMs":1775026800000,"latestBillingChargeLedgerOrder":8}
[2026-05-14T04:04:02.256Z] [info] [BillPanelTrace] getSum:skip_payment {"customerId":"CUS-3011000","customerName":"SUSAN YOUNG","accountNumber":"CUS-3011000","index":0,"reason":"testFreshStart"}
[2026-05-14T04:04:02.256Z] [info] [BillPanelTrace] getSum:payment_eval {"customerId":"CUS-3011000","customerName":"SUSAN YOUNG","accountNumber":"CUS-3011000","index":1,"paymentMethod":"Security deposit (auto)","amountPaid":550.47,"ledgerOrder":7,"timestamp":"2026-04-01T07:00:00.000Z","countsTowardStatement":true,"tieBreak":"same_ms_payment_counts_after_bill","mode":"billingChargeRow","paymentSortMs":1775026800000,"billAnchorMs":1775026800000,"payLo":7,"billAnchorLo":8,"tsDeltaMs":0}
[2026-05-14T04:04:02.256Z] [info] [BillPanelTrace] getSum:payment_eval {"customerId":"CUS-3011000","customerName":"SUSAN YOUNG","accountNumber":"CUS-3011000","index":2,"paymentMethod":"Check","amountPaid":75,"ledgerOrder":9,"timestamp":"2026-04-01T07:00:00.000Z","countsTowardStatement":true,"tieBreak":"after_latest_billing_charge_row","mode":"billingChargeRow","paymentSortMs":1775026800000,"billAnchorMs":1775026800000,"payLo":9,"billAnchorLo":8,"tsDeltaMs":0}
[2026-05-14T04:04:02.256Z] [info] [BillPanelTrace] getSumPaymentAmountsAfterLastBillPrint:result {"customerId":"CUS-3011000","customerName":"SUSAN YOUNG","accountNumber":"CUS-3011000","paidAfterSum":625.47}
[2026-05-14T04:04:02.256Z] [info] [BillPanelTrace] getSumPaymentAmountsAfterLastBillPrint:start {"customerId":"CUS-3011000","customerName":"SUSAN YOUNG","accountNumber":"CUS-3011000","paymentHistoryLength":3,"lastBillPrintDate":"2026-04-01T07:00:00.000Z","lastBillPrintLedgerOrder":8,"latestBillingChargeSortMs":1775026800000,"latestBillingChargeLedgerOrder":8}
[2026-05-14T04:04:02.256Z] [info] [BillPanelTrace] getSum:skip_payment {"customerId":"CUS-3011000","customerName":"SUSAN YOUNG","accountNumber":"CUS-3011000","index":0,"reason":"testFreshStart"}
[2026-05-14T04:04:02.256Z] [info] [BillPanelTrace] getSum:payment_eval {"customerId":"CUS-3011000","customerName":"SUSAN YOUNG","accountNumber":"CUS-3011000","index":1,"paymentMethod":"Security deposit (auto)","amountPaid":550.47,"ledgerOrder":7,"timestamp":"2026-04-01T07:00:00.000Z","countsTowardStatement":true,"tieBreak":"same_ms_payment_counts_after_bill","mode":"billingChargeRow","paymentSortMs":1775026800000,"billAnchorMs":1775026800000,"payLo":7,"billAnchorLo":8,"tsDeltaMs":0}
[2026-05-14T04:04:02.256Z] [info] [BillPanelTrace] getSum:payment_eval {"customerId":"CUS-3011000","customerName":"SUSAN YOUNG","accountNumber":"CUS-3011000","index":2,"paymentMethod":"Check","amountPaid":75,"ledgerOrder":9,"timestamp":"2026-04-01T07:00:00.000Z","countsTowardStatement":true,"tieBreak":"after_latest_billing_charge_row","mode":"billingChargeRow","paymentSortMs":1775026800000,"billAnchorMs":1775026800000,"payLo":9,"billAnchorLo":8,"tsDeltaMs":0}
[2026-05-14T04:04:02.256Z] [info] [BillPanelTrace] getSumPaymentAmountsAfterLastBillPrint:result {"customerId":"CUS-3011000","customerName":"SUSAN YOUNG","accountNumber":"CUS-3011000","paidAfterSum":625.47}
[2026-05-14T04:04:02.256Z] [info] [BillPanelTrace] getSumPaymentAmountsAfterLastBillPrint:start {"customerId":"CUS-3011000","customerName":"SUSAN YOUNG","accountNumber":"CUS-3011000","paymentHistoryLength":3,"lastBillPrintDate":"2026-04-01T07:00:00.000Z","lastBillPrintLedgerOrder":8,"latestBillingChargeSortMs":1775026800000,"latestBillingChargeLedgerOrder":8}
[2026-05-14T04:04:02.256Z] [info] [BillPanelTrace] getSum:skip_payment {"customerId":"CUS-3011000","customerName":"SUSAN YOUNG","accountNumber":"CUS-3011000","index":0,"reason":"testFreshStart"}
[2026-05-14T04:04:02.257Z] [info] [BillPanelTrace] getSum:payment_eval {"customerId":"CUS-3011000","customerName":"SUSAN YOUNG","accountNumber":"CUS-3011000","index":1,"paymentMethod":"Security deposit (auto)","amountPaid":550.47,"ledgerOrder":7,"timestamp":"2026-04-01T07:00:00.000Z","countsTowardStatement":true,"tieBreak":"same_ms_payment_counts_after_bill","mode":"billingChargeRow","paymentSortMs":1775026800000,"billAnchorMs":1775026800000,"payLo":7,"billAnchorLo":8,"tsDeltaMs":0}
[2026-05-14T04:04:02.257Z] [info] [BillPanelTrace] getSum:payment_eval {"customerId":"CUS-3011000","customerName":"SUSAN YOUNG","accountNumber":"CUS-3011000","index":2,"paymentMethod":"Check","amountPaid":75,"ledgerOrder":9,"timestamp":"2026-04-01T07:00:00.000Z","countsTowardStatement":true,"tieBreak":"after_latest_billing_charge_row","mode":"billingChargeRow","paymentSortMs":1775026800000,"billAnchorMs":1775026800000,"payLo":9,"billAnchorLo":8,"tsDeltaMs":0}
[2026-05-14T04:04:02.257Z] [info] [BillPanelTrace] getSumPaymentAmountsAfterLastBillPrint:result {"customerId":"CUS-3011000","customerName":"SUSAN YOUNG","accountNumber":"CUS-3011000","paidAfterSum":625.47}
[2026-05-14T04:04:02.257Z] [info] [BillPanelTrace] applyOpenBalanceSnapshotCapToPanelAmounts:eval {"customerId":"CUS-3011000","customerName":"SUSAN YOUNG","accountNumber":"CUS-3011000","snap":103.49,"curTotal":108.49,"gap":5,"lateFeePanel":5,"paidLate":0,"lateRemainingForCap":5,"skippedCapStaleSnapVersusAccruedLate":true}
[2026-05-14T04:04:02.257Z] [info] [BillPanelTrace] getProcessBillPanelAmounts:result_live {"customerId":"CUS-3011000","customerName":"SUSAN YOUNG","accountNumber":"CUS-3011000","total":108.49,"pastDue":0,"lateFee":5,"dueDateStr":"04/21/2026","fromFrozen":false}
[2026-05-14T04:04:02.257Z] [info] [BillPanelTrace] getSumPaymentAmountsAfterLastBillPrint:start {"customerId":"CUS-3011000","customerName":"SUSAN YOUNG","accountNumber":"CUS-3011000","paymentHistoryLength":3,"lastBillPrintDate":"2026-04-01T07:00:00.000Z","lastBillPrintLedgerOrder":8,"latestBillingChargeSortMs":1775026800000,"latestBillingChargeLedgerOrder":8}
[2026-05-14T04:04:02.257Z] [info] [BillPanelTrace] getSum:skip_payment {"customerId":"CUS-3011000","customerName":"SUSAN YOUNG","accountNumber":"CUS-3011000","index":0,"reason":"testFreshStart"}
[2026-05-14T04:04:02.257Z] [info] [BillPanelTrace] getSum:payment_eval {"customerId":"CUS-3011000","customerName":"SUSAN YOUNG","accountNumber":"CUS-3011000","index":1,"paymentMethod":"Security deposit (auto)","amountPaid":550.47,"ledgerOrder":7,"timestamp":"2026-04-01T07:00:00.000Z","countsTowardStatement":true,"tieBreak":"same_ms_payment_counts_after_bill","mode":"billingChargeRow","paymentSortMs":1775026800000,"billAnchorMs":1775026800000,"payLo":7,"billAnchorLo":8,"tsDeltaMs":0}
[2026-05-14T04:04:02.257Z] [info] [BillPanelTrace] getSum:payment_eval {"customerId":"CUS-3011000","customerName":"SUSAN YOUNG","accountNumber":"CUS-3011000","index":2,"paymentMethod":"Check","amountPaid":75,"ledgerOrder":9,"timestamp":"2026-04-01T07:00:00.000Z","countsTowardStatement":true,"tieBreak":"after_latest_billing_charge_row","mode":"billingChargeRow","paymentSortMs":1775026800000,"billAnchorMs":1775026800000,"payLo":9,"billAnchorLo":8,"tsDeltaMs":0}
[2026-05-14T04:04:02.257Z] [info] [BillPanelTrace] getSumPaymentAmountsAfterLastBillPrint:result {"customerId":"CUS-3011000","customerName":"SUSAN YOUNG","accountNumber":"CUS-3011000","paidAfterSum":625.47}
[2026-05-14T04:04:02.257Z] [info] [BillPanelTrace] getSumPaymentAmountsAfterLastBillPrint:start {"customerId":"CUS-3011000","customerName":"SUSAN YOUNG","accountNumber":"CUS-3011000","paymentHistoryLength":3,"lastBillPrintDate":"2026-04-01T07:00:00.000Z","lastBillPrintLedgerOrder":8,"latestBillingChargeSortMs":1775026800000,"latestBillingChargeLedgerOrder":8}
[2026-05-14T04:04:02.257Z] [info] [BillPanelTrace] getSum:skip_payment {"customerId":"CUS-3011000","customerName":"SUSAN YOUNG","accountNumber":"CUS-3011000","index":0,"reason":"testFreshStart"}
[2026-05-14T04:04:02.257Z] [info] [BillPanelTrace] getSum:payment_eval {"customerId":"CUS-3011000","customerName":"SUSAN YOUNG","accountNumber":"CUS-3011000","index":1,"paymentMethod":"Security deposit (auto)","amountPaid":550.47,"ledgerOrder":7,"timestamp":"2026-04-01T07:00:00.000Z","countsTowardStatement":true,"tieBreak":"same_ms_payment_counts_after_bill","mode":"billingChargeRow","paymentSortMs":1775026800000,"billAnchorMs":1775026800000,"payLo":7,"billAnchorLo":8,"tsDeltaMs":0}
[2026-05-14T04:04:02.257Z] [info] [BillPanelTrace] getSum:payment_eval {"customerId":"CUS-3011000","customerName":"SUSAN YOUNG","accountNumber":"CUS-3011000","index":2,"paymentMethod":"Check","amountPaid":75,"ledgerOrder":9,"timestamp":"2026-04-01T07:00:00.000Z","countsTowardStatement":true,"tieBreak":"after_latest_billing_charge_row","mode":"billingChargeRow","paymentSortMs":1775026800000,"billAnchorMs":1775026800000,"payLo":9,"billAnchorLo":8,"tsDeltaMs":0}
[2026-05-14T04:04:02.257Z] [info] [BillPanelTrace] getSumPaymentAmountsAfterLastBillPrint:result {"customerId":"CUS-3011000","customerName":"SUSAN YOUNG","accountNumber":"CUS-3011000","paidAfterSum":625.47}
[2026-05-14T04:04:02.257Z] [info] [BillPanelTrace] getSumPaymentAmountsAfterLastBillPrint:start {"customerId":"CUS-3011000","customerName":"SUSAN YOUNG","accountNumber":"CUS-3011000","paymentHistoryLength":3,"lastBillPrintDate":"2026-04-01T07:00:00.000Z","lastBillPrintLedgerOrder":8,"latestBillingChargeSortMs":1775026800000,"latestBillingChargeLedgerOrder":8}
[2026-05-14T04:04:02.257Z] [info] [BillPanelTrace] getSum:skip_payment {"customerId":"CUS-3011000","customerName":"SUSAN YOUNG","accountNumber":"CUS-3011000","index":0,"reason":"testFreshStart"}
[2026-05-14T04:04:02.257Z] [info] [BillPanelTrace] getSum:payment_eval {"customerId":"CUS-3011000","customerName":"SUSAN YOUNG","accountNumber":"CUS-3011000","index":1,"paymentMethod":"Security deposit (auto)","amountPaid":550.47,"ledgerOrder":7,"timestamp":"2026-04-01T07:00:00.000Z","countsTowardStatement":true,"tieBreak":"same_ms_payment_counts_after_bill","mode":"billingChargeRow","paymentSortMs":1775026800000,"billAnchorMs":1775026800000,"payLo":7,"billAnchorLo":8,"tsDeltaMs":0}
[2026-05-14T04:04:02.257Z] [info] [BillPanelTrace] getSum:payment_eval {"customerId":"CUS-3011000","customerName":"SUSAN YOUNG","accountNumber":"CUS-3011000","index":2,"paymentMethod":"Check","amountPaid":75,"ledgerOrder":9,"timestamp":"2026-04-01T07:00:00.000Z","countsTowardStatement":true,"tieBreak":"after_latest_billing_charge_row","mode":"billingChargeRow","paymentSortMs":1775026800000,"billAnchorMs":1775026800000,"payLo":9,"billAnchorLo":8,"tsDeltaMs":0}
[2026-05-14T04:04:02.257Z] [info] [BillPanelTrace] getSumPaymentAmountsAfterLastBillPrint:result {"customerId":"CUS-3011000","customerName":"SUSAN YOUNG","accountNumber":"CUS-3011000","paidAfterSum":625.47}
[2026-05-14T04:04:02.257Z] [info] [BillPanelTrace] getProcessBillPanelAmounts:branch_check {"customerId":"CUS-3011000","customerName":"SUSAN YOUNG","accountNumber":"CUS-3011000","hasFrozenSnapshot":false,"lastBillPrintDate":"2026-04-01T07:00:00.000Z","lastPrintedStatementTotalDue":178.49}
[2026-05-14T04:04:02.257Z] [info] [BillPanelTrace] getSumPaymentAmountsAfterLastBillPrint:start {"customerId":"CUS-3011000","customerName":"SUSAN YOUNG","accountNumber":"CUS-3011000","paymentHistoryLength":3,"lastBillPrintDate":"2026-04-01T07:00:00.000Z","lastBillPrintLedgerOrder":8,"latestBillingChargeSortMs":1775026800000,"latestBillingChargeLedgerOrder":8}
[2026-05-14T04:04:02.257Z] [info] [BillPanelTrace] getSum:skip_payment {"customerId":"CUS-3011000","customerName":"SUSAN YOUNG","accountNumber":"CUS-3011000","index":0,"reason":"testFreshStart"}
[2026-05-14T04:04:02.257Z] [info] [BillPanelTrace] getSum:payment_eval {"customerId":"CUS-3011000","customerName":"SUSAN YOUNG","accountNumber":"CUS-3011000","index":1,"paymentMethod":"Security deposit (auto)","amountPaid":550.47,"ledgerOrder":7,"timestamp":"2026-04-01T07:00:00.000Z","countsTowardStatement":true,"tieBreak":"same_ms_payment_counts_after_bill","mode":"billingChargeRow","paymentSortMs":1775026800000,"billAnchorMs":1775026800000,"payLo":7,"billAnchorLo":8,"tsDeltaMs":0}
[2026-05-14T04:04:02.257Z] [info] [BillPanelTrace] getSum:payment_eval {"customerId":"CUS-3011000","customerName":"SUSAN YOUNG","accountNumber":"CUS-3011000","index":2,"paymentMethod":"Check","amountPaid":75,"ledgerOrder":9,"timestamp":"2026-04-01T07:00:00.000Z","countsTowardStatement":true,"tieBreak":"after_latest_billing_charge_row","mode":"billingChargeRow","paymentSortMs":1775026800000,"billAnchorMs":1775026800000,"payLo":9,"billAnchorLo":8,"tsDeltaMs":0}
[2026-05-14T04:04:02.257Z] [info] [BillPanelTrace] getSumPaymentAmountsAfterLastBillPrint:result {"customerId":"CUS-3011000","customerName":"SUSAN YOUNG","accountNumber":"CUS-3011000","paidAfterSum":625.47}
[2026-05-14T04:04:02.257Z] [info] [BillPanelTrace] getSumPaymentAmountsAfterLastBillPrint:start {"customerId":"CUS-3011000","customerName":"SUSAN YOUNG","accountNumber":"CUS-3011000","paymentHistoryLength":3,"lastBillPrintDate":"2026-04-01T07:00:00.000Z","lastBillPrintLedgerOrder":8,"latestBillingChargeSortMs":1775026800000,"latestBillingChargeLedgerOrder":8}
[2026-05-14T04:04:02.257Z] [info] [BillPanelTrace] getSum:skip_payment {"customerId":"CUS-3011000","customerName":"SUSAN YOUNG","accountNumber":"CUS-3011000","index":0,"reason":"testFreshStart"}
[2026-05-14T04:04:02.257Z] [info] [BillPanelTrace] getSum:payment_eval {"customerId":"CUS-3011000","customerName":"SUSAN YOUNG","accountNumber":"CUS-3011000","index":1,"paymentMethod":"Security deposit (auto)","amountPaid":550.47,"ledgerOrder":7,"timestamp":"2026-04-01T07:00:00.000Z","countsTowardStatement":true,"tieBreak":"same_ms_payment_counts_after_bill","mode":"billingChargeRow","paymentSortMs":1775026800000,"billAnchorMs":1775026800000,"payLo":7,"billAnchorLo":8,"tsDeltaMs":0}
[2026-05-14T04:04:02.257Z] [info] [BillPanelTrace] getSum:payment_eval {"customerId":"CUS-3011000","customerName":"SUSAN YOUNG","accountNumber":"CUS-3011000","index":2,"paymentMethod":"Check","amountPaid":75,"ledgerOrder":9,"timestamp":"2026-04-01T07:00:00.000Z","countsTowardStatement":true,"tieBreak":"after_latest_billing_charge_row","mode":"billingChargeRow","paymentSortMs":1775026800000,"billAnchorMs":1775026800000,"payLo":9,"billAnchorLo":8,"tsDeltaMs":0}
[2026-05-14T04:04:02.257Z] [info] [BillPanelTrace] getSumPaymentAmountsAfterLastBillPrint:result {"customerId":"CUS-3011000","customerName":"SUSAN YOUNG","accountNumber":"CUS-3011000","paidAfterSum":625.47}
[2026-05-14T04:04:02.257Z] [info] [BillPanelTrace] getSumPaymentAmountsAfterLastBillPrint:start {"customerId":"CUS-3011000","customerName":"SUSAN YOUNG","accountNumber":"CUS-3011000","paymentHistoryLength":3,"lastBillPrintDate":"2026-04-01T07:00:00.000Z","lastBillPrintLedgerOrder":8,"latestBillingChargeSortMs":1775026800000,"latestBillingChargeLedgerOrder":8}
[2026-05-14T04:04:02.257Z] [info] [BillPanelTrace] getSum:skip_payment {"customerId":"CUS-3011000","customerName":"SUSAN YOUNG","accountNumber":"CUS-3011000","index":0,"reason":"testFreshStart"}
[2026-05-14T04:04:02.257Z] [info] [BillPanelTrace] getSum:payment_eval {"customerId":"CUS-3011000","customerName":"SUSAN YOUNG","accountNumber":"CUS-3011000","index":1,"paymentMethod":"Security deposit (auto)","amountPaid":550.47,"ledgerOrder":7,"timestamp":"2026-04-01T07:00:00.000Z","countsTowardStatement":true,"tieBreak":"same_ms_payment_counts_after_bill","mode":"billingChargeRow","paymentSortMs":1775026800000,"billAnchorMs":1775026800000,"payLo":7,"billAnchorLo":8,"tsDeltaMs":0}
[2026-05-14T04:04:02.257Z] [info] [BillPanelTrace] getSum:payment_eval {"customerId":"CUS-3011000","customerName":"SUSAN YOUNG","accountNumber":"CUS-3011000","index":2,"paymentMethod":"Check","amountPaid":75,"ledgerOrder":9,"timestamp":"2026-04-01T07:00:00.000Z","countsTowardStatement":true,"tieBreak":"after_latest_billing_charge_row","mode":"billingChargeRow","paymentSortMs":1775026800000,"billAnchorMs":1775026800000,"payLo":9,"billAnchorLo":8,"tsDeltaMs":0}
[2026-05-14T04:04:02.257Z] [info] [BillPanelTrace] getSumPaymentAmountsAfterLastBillPrint:result {"customerId":"CUS-3011000","customerName":"SUSAN YOUNG","accountNumber":"CUS-3011000","paidAfterSum":625.47}
[2026-05-14T04:04:02.257Z] [info] [BillPanelTrace] getSumPaymentAmountsAfterLastBillPrint:start {"customerId":"CUS-3011000","customerName":"SUSAN YOUNG","accountNumber":"CUS-3011000","paymentHistoryLength":3,"lastBillPrintDate":"2026-04-01T07:00:00.000Z","lastBillPrintLedgerOrder":8,"latestBillingChargeSortMs":1775026800000,"latestBillingChargeLedgerOrder":8}
[2026-05-14T04:04:02.257Z] [info] [BillPanelTrace] getSum:skip_payment {"customerId":"CUS-3011000","customerName":"SUSAN YOUNG","accountNumber":"CUS-3011000","index":0,"reason":"testFreshStart"}
[2026-05-14T04:04:02.257Z] [info] [BillPanelTrace] getSum:payment_eval {"customerId":"CUS-3011000","customerName":"SUSAN YOUNG","accountNumber":"CUS-3011000","index":1,"paymentMethod":"Security deposit (auto)","amountPaid":550.47,"ledgerOrder":7,"timestamp":"2026-04-01T07:00:00.000Z","countsTowardStatement":true,"tieBreak":"same_ms_payment_counts_after_bill","mode":"billingChargeRow","paymentSortMs":1775026800000,"billAnchorMs":1775026800000,"payLo":7,"billAnchorLo":8,"tsDeltaMs":0}
[2026-05-14T04:04:02.258Z] [info] [BillPanelTrace] getSum:payment_eval {"customerId":"CUS-3011000","customerName":"SUSAN YOUNG","accountNumber":"CUS-3011000","index":2,"paymentMethod":"Check","amountPaid":75,"ledgerOrder":9,"timestamp":"2026-04-01T07:00:00.000Z","countsTowardStatement":true,"tieBreak":"after_latest_billing_charge_row","mode":"billingChargeRow","paymentSortMs":1775026800000,"billAnchorMs":1775026800000,"payLo":9,"billAnchorLo":8,"tsDeltaMs":0}
[2026-05-14T04:04:02.258Z] [info] [BillPanelTrace] getSumPaymentAmountsAfterLastBillPrint:result {"customerId":"CUS-3011000","customerName":"SUSAN YOUNG","accountNumber":"CUS-3011000","paidAfterSum":625.47}
[2026-05-14T04:04:02.258Z] [info] [BillPanelTrace] applyOpenBalanceSnapshotCapToPanelAmounts:eval {"customerId":"CUS-3011000","customerName":"SUSAN YOUNG","accountNumber":"CUS-3011000","snap":103.49,"curTotal":108.49,"gap":5,"lateFeePanel":5,"paidLate":0,"lateRemainingForCap":5,"skippedCapStaleSnapVersusAccruedLate":true}
[2026-05-14T04:04:02.258Z] [info] [BillPanelTrace] getProcessBillPanelAmounts:result_live {"customerId":"CUS-3011000","customerName":"SUSAN YOUNG","accountNumber":"CUS-3011000","total":108.49,"pastDue":0,"lateFee":5,"dueDateStr":"04/21/2026","fromFrozen":false}
[2026-05-14T04:04:02.258Z] [info] [BillPanelTrace] getSumPaymentAmountsAfterLastBillPrint:start {"customerId":"CUS-3011000","customerName":"SUSAN YOUNG","accountNumber":"CUS-3011000","paymentHistoryLength":3,"lastBillPrintDate":"2026-04-01T07:00:00.000Z","lastBillPrintLedgerOrder":8,"latestBillingChargeSortMs":1775026800000,"latestBillingChargeLedgerOrder":8}
[2026-05-14T04:04:02.258Z] [info] [BillPanelTrace] getSum:skip_payment {"customerId":"CUS-3011000","customerName":"SUSAN YOUNG","accountNumber":"CUS-3011000","index":0,"reason":"testFreshStart"}
[2026-05-14T04:04:02.258Z] [info] [BillPanelTrace] getSum:payment_eval {"customerId":"CUS-3011000","customerName":"SUSAN YOUNG","accountNumber":"CUS-3011000","index":1,"paymentMethod":"Security deposit (auto)","amountPaid":550.47,"ledgerOrder":7,"timestamp":"2026-04-01T07:00:00.000Z","countsTowardStatement":true,"tieBreak":"same_ms_payment_counts_after_bill","mode":"billingChargeRow","paymentSortMs":1775026800000,"billAnchorMs":1775026800000,"payLo":7,"billAnchorLo":8,"tsDeltaMs":0}
[2026-05-14T04:04:02.258Z] [info] [BillPanelTrace] getSum:payment_eval {"customerId":"CUS-3011000","customerName":"SUSAN YOUNG","accountNumber":"CUS-3011000","index":2,"paymentMethod":"Check","amountPaid":75,"ledgerOrder":9,"timestamp":"2026-04-01T07:00:00.000Z","countsTowardStatement":true,"tieBreak":"after_latest_billing_charge_row","mode":"billingChargeRow","paymentSortMs":1775026800000,"billAnchorMs":1775026800000,"payLo":9,"billAnchorLo":8,"tsDeltaMs":0}
[2026-05-14T04:04:02.258Z] [info] [BillPanelTrace] getSumPaymentAmountsAfterLastBillPrint:result {"customerId":"CUS-3011000","customerName":"SUSAN YOUNG","accountNumber":"CUS-3011000","paidAfterSum":625.47}
[2026-05-14T04:04:02.258Z] [info] [BillPanelTrace] applyOpenBalanceSnapshotCapToPanelAmounts:eval {"customerId":"CUS-3011000","customerName":"SUSAN YOUNG","accountNumber":"CUS-3011000","snap":103.49,"curTotal":108.49,"gap":5,"lateFeePanel":5,"paidLate":0,"lateRemainingForCap":5,"skippedCapStaleSnapVersusAccruedLate":true}
[2026-05-14T04:04:02.258Z] [info] [BillPanelTrace] getProcessBillPanelAmounts:branch_check {"customerId":"CUS-3011000","customerName":"SUSAN YOUNG","accountNumber":"CUS-3011000","hasFrozenSnapshot":false,"lastBillPrintDate":"2026-04-01T07:00:00.000Z","lastPrintedStatementTotalDue":178.49}
[2026-05-14T04:04:02.258Z] [info] [BillPanelTrace] getSumPaymentAmountsAfterLastBillPrint:start {"customerId":"CUS-3011000","customerName":"SUSAN YOUNG","accountNumber":"CUS-3011000","paymentHistoryLength":3,"lastBillPrintDate":"2026-04-01T07:00:00.000Z","lastBillPrintLedgerOrder":8,"latestBillingChargeSortMs":1775026800000,"latestBillingChargeLedgerOrder":8}
[2026-05-14T04:04:02.258Z] [info] [BillPanelTrace] getSum:skip_payment {"customerId":"CUS-3011000","customerName":"SUSAN YOUNG","accountNumber":"CUS-3011000","index":0,"reason":"testFreshStart"}
[2026-05-14T04:04:02.258Z] [info] [BillPanelTrace] getSum:payment_eval {"customerId":"CUS-3011000","customerName":"SUSAN YOUNG","accountNumber":"CUS-3011000","index":1,"paymentMethod":"Security deposit (auto)","amountPaid":550.47,"ledgerOrder":7,"timestamp":"2026-04-01T07:00:00.000Z","countsTowardStatement":true,"tieBreak":"same_ms_payment_counts_after_bill","mode":"billingChargeRow","paymentSortMs":1775026800000,"billAnchorMs":1775026800000,"payLo":7,"billAnchorLo":8,"tsDeltaMs":0}
[2026-05-14T04:04:02.258Z] [info] [BillPanelTrace] getSum:payment_eval {"customerId":"CUS-3011000","customerName":"SUSAN YOUNG","accountNumber":"CUS-3011000","index":2,"paymentMethod":"Check","amountPaid":75,"ledgerOrder":9,"timestamp":"2026-04-01T07:00:00.000Z","countsTowardStatement":true,"tieBreak":"after_latest_billing_charge_row","mode":"billingChargeRow","paymentSortMs":1775026800000,"billAnchorMs":1775026800000,"payLo":9,"billAnchorLo":8,"tsDeltaMs":0}
[2026-05-14T04:04:02.258Z] [info] [BillPanelTrace] getSumPaymentAmountsAfterLastBillPrint:result {"customerId":"CUS-3011000","customerName":"SUSAN YOUNG","accountNumber":"CUS-3011000","paidAfterSum":625.47}
[2026-05-14T04:04:02.258Z] [info] [BillPanelTrace] getSumPaymentAmountsAfterLastBillPrint:start {"customerId":"CUS-3011000","customerName":"SUSAN YOUNG","accountNumber":"CUS-3011000","paymentHistoryLength":3,"lastBillPrintDate":"2026-04-01T07:00:00.000Z","lastBillPrintLedgerOrder":8,"latestBillingChargeSortMs":1775026800000,"latestBillingChargeLedgerOrder":8}
[2026-05-14T04:04:02.258Z] [info] [BillPanelTrace] getSum:skip_payment {"customerId":"CUS-3011000","customerName":"SUSAN YOUNG","accountNumber":"CUS-3011000","index":0,"reason":"testFreshStart"}
[2026-05-14T04:04:02.258Z] [info] [BillPanelTrace] getSum:payment_eval {"customerId":"CUS-3011000","customerName":"SUSAN YOUNG","accountNumber":"CUS-3011000","index":1,"paymentMethod":"Security deposit (auto)","amountPaid":550.47,"ledgerOrder":7,"timestamp":"2026-04-01T07:00:00.000Z","countsTowardStatement":true,"tieBreak":"same_ms_payment_counts_after_bill","mode":"billingChargeRow","paymentSortMs":1775026800000,"billAnchorMs":1775026800000,"payLo":7,"billAnchorLo":8,"tsDeltaMs":0}
[2026-05-14T04:04:02.258Z] [info] [BillPanelTrace] getSum:payment_eval {"customerId":"CUS-3011000","customerName":"SUSAN YOUNG","accountNumber":"CUS-3011000","index":2,"paymentMethod":"Check","amountPaid":75,"ledgerOrder":9,"timestamp":"2026-04-01T07:00:00.000Z","countsTowardStatement":true,"tieBreak":"after_latest_billing_charge_row","mode":"billingChargeRow","paymentSortMs":1775026800000,"billAnchorMs":1775026800000,"payLo":9,"billAnchorLo":8,"tsDeltaMs":0}
[2026-05-14T04:04:02.258Z] [info] [BillPanelTrace] getSumPaymentAmountsAfterLastBillPrint:result {"customerId":"CUS-3011000","customerName":"SUSAN YOUNG","accountNumber":"CUS-3011000","paidAfterSum":625.47}
[2026-05-14T04:04:02.258Z] [info] [BillPanelTrace] getSumPaymentAmountsAfterLastBillPrint:start {"customerId":"CUS-3011000","customerName":"SUSAN YOUNG","accountNumber":"CUS-3011000","paymentHistoryLength":3,"lastBillPrintDate":"2026-04-01T07:00:00.000Z","lastBillPrintLedgerOrder":8,"latestBillingChargeSortMs":1775026800000,"latestBillingChargeLedgerOrder":8}
[2026-05-14T04:04:02.258Z] [info] [BillPanelTrace] getSum:skip_payment {"customerId":"CUS-3011000","customerName":"SUSAN YOUNG","accountNumber":"CUS-3011000","index":0,"reason":"testFreshStart"}
[2026-05-14T04:04:02.258Z] [info] [BillPanelTrace] getSum:payment_eval {"customerId":"CUS-3011000","customerName":"SUSAN YOUNG","accountNumber":"CUS-3011000","index":1,"paymentMethod":"Security deposit (auto)","amountPaid":550.47,"ledgerOrder":7,"timestamp":"2026-04-01T07:00:00.000Z","countsTowardStatement":true,"tieBreak":"same_ms_payment_counts_after_bill","mode":"billingChargeRow","paymentSortMs":1775026800000,"billAnchorMs":1775026800000,"payLo":7,"billAnchorLo":8,"tsDeltaMs":0}
[2026-05-14T04:04:02.258Z] [info] [BillPanelTrace] getSum:payment_eval {"customerId":"CUS-3011000","customerName":"SUSAN YOUNG","accountNumber":"CUS-3011000","index":2,"paymentMethod":"Check","amountPaid":75,"ledgerOrder":9,"timestamp":"2026-04-01T07:00:00.000Z","countsTowardStatement":true,"tieBreak":"after_latest_billing_charge_row","mode":"billingChargeRow","paymentSortMs":1775026800000,"billAnchorMs":1775026800000,"payLo":9,"billAnchorLo":8,"tsDeltaMs":0}
[2026-05-14T04:04:02.258Z] [info] [BillPanelTrace] getSumPaymentAmountsAfterLastBillPrint:result {"customerId":"CUS-3011000","customerName":"SUSAN YOUNG","accountNumber":"CUS-3011000","paidAfterSum":625.47}
[2026-05-14T04:04:02.258Z] [info] [BillPanelTrace] getSumPaymentAmountsAfterLastBillPrint:start {"customerId":"CUS-3011000","customerName":"SUSAN YOUNG","accountNumber":"CUS-3011000","paymentHistoryLength":3,"lastBillPrintDate":"2026-04-01T07:00:00.000Z","lastBillPrintLedgerOrder":8,"latestBillingChargeSortMs":1775026800000,"latestBillingChargeLedgerOrder":8}
[2026-05-14T04:04:02.258Z] [info] [BillPanelTrace] getSum:skip_payment {"customerId":"CUS-3011000","customerName":"SUSAN YOUNG","accountNumber":"CUS-3011000","index":0,"reason":"testFreshStart"}
[2026-05-14T04:04:02.258Z] [info] [BillPanelTrace] getSum:payment_eval {"customerId":"CUS-3011000","customerName":"SUSAN YOUNG","accountNumber":"CUS-3011000","index":1,"paymentMethod":"Security deposit (auto)","amountPaid":550.47,"ledgerOrder":7,"timestamp":"2026-04-01T07:00:00.000Z","countsTowardStatement":true,"tieBreak":"same_ms_payment_counts_after_bill","mode":"billingChargeRow","paymentSortMs":1775026800000,"billAnchorMs":1775026800000,"payLo":7,"billAnchorLo":8,"tsDeltaMs":0}
[2026-05-14T04:04:02.258Z] [info] [BillPanelTrace] getSum:payment_eval {"customerId":"CUS-3011000","customerName":"SUSAN YOUNG","accountNumber":"CUS-3011000","index":2,"paymentMethod":"Check","amountPaid":75,"ledgerOrder":9,"timestamp":"2026-04-01T07:00:00.000Z","countsTowardStatement":true,"tieBreak":"after_latest_billing_charge_row","mode":"billingChargeRow","paymentSortMs":1775026800000,"billAnchorMs":1775026800000,"payLo":9,"billAnchorLo":8,"tsDeltaMs":0}
[2026-05-14T04:04:02.258Z] [info] [BillPanelTrace] getSumPaymentAmountsAfterLastBillPrint:result {"customerId":"CUS-3011000","customerName":"SUSAN YOUNG","accountNumber":"CUS-3011000","paidAfterSum":625.47}
[2026-05-14T04:04:02.258Z] [info] [BillPanelTrace] applyOpenBalanceSnapshotCapToPanelAmounts:eval {"customerId":"CUS-3011000","customerName":"SUSAN YOUNG","accountNumber":"CUS-3011000","snap":103.49,"curTotal":108.49,"gap":5,"lateFeePanel":5,"paidLate":0,"lateRemainingForCap":5,"skippedCapStaleSnapVersusAccruedLate":true}
[2026-05-14T04:04:02.258Z] [info] [BillPanelTrace] getProcessBillPanelAmounts:result_live {"customerId":"CUS-3011000","customerName":"SUSAN YOUNG","accountNumber":"CUS-3011000","total":108.49,"pastDue":0,"lateFee":5,"dueDateStr":"04/21/2026","fromFrozen":false}
[2026-05-14T04:04:02.258Z] [info] [BillPanelTrace] produceBill:lateFeePdf {"customerId":"CUS-3011000","customerName":"SUSAN YOUNG","accountNumber":"CUS-3011000","pdfLateFee":5,"calcLateFeeAmount":5,"daysSinceLastBillPrint":30,"lateFeeTimerDays":21,"lastBillPrintDate":"2026-04-01T07:00:00.000Z","printDateThisRun":"05/01/2026","autoApplyLateFees":true}
[2026-05-14T04:04:02.258Z] [info] [BillPanelTrace] getSumPaymentAmountsAfterLastBillPrint:start {"customerId":"CUS-3011000","customerName":"SUSAN YOUNG","accountNumber":"CUS-3011000","paymentHistoryLength":3,"lastBillPrintDate":"2026-04-01T07:00:00.000Z","lastBillPrintLedgerOrder":8,"latestBillingChargeSortMs":1775026800000,"latestBillingChargeLedgerOrder":8}
[2026-05-14T04:04:02.258Z] [info] [BillPanelTrace] getSum:skip_payment {"customerId":"CUS-3011000","customerName":"SUSAN YOUNG","accountNumber":"CUS-3011000","index":0,"reason":"testFreshStart"}
[2026-05-14T04:04:02.259Z] [info] [BillPanelTrace] getSum:payment_eval {"customerId":"CUS-3011000","customerName":"SUSAN YOUNG","accountNumber":"CUS-3011000","index":1,"paymentMethod":"Security deposit (auto)","amountPaid":550.47,"ledgerOrder":7,"timestamp":"2026-04-01T07:00:00.000Z","countsTowardStatement":true,"tieBreak":"same_ms_payment_counts_after_bill","mode":"billingChargeRow","paymentSortMs":1775026800000,"billAnchorMs":1775026800000,"payLo":7,"billAnchorLo":8,"tsDeltaMs":0}
[2026-05-14T04:04:02.259Z] [info] [BillPanelTrace] getSum:payment_eval {"customerId":"CUS-3011000","customerName":"SUSAN YOUNG","accountNumber":"CUS-3011000","index":2,"paymentMethod":"Check","amountPaid":75,"ledgerOrder":9,"timestamp":"2026-04-01T07:00:00.000Z","countsTowardStatement":true,"tieBreak":"after_latest_billing_charge_row","mode":"billingChargeRow","paymentSortMs":1775026800000,"billAnchorMs":1775026800000,"payLo":9,"billAnchorLo":8,"tsDeltaMs":0}
[2026-05-14T04:04:02.259Z] [info] [BillPanelTrace] getSumPaymentAmountsAfterLastBillPrint:result {"customerId":"CUS-3011000","customerName":"SUSAN YOUNG","accountNumber":"CUS-3011000","paidAfterSum":625.47}
[2026-05-14T04:04:02.259Z] [info] [BillPanelTrace] produceBill:pdfReconcileCur {"customerId":"CUS-3011000","customerName":"SUSAN YOUNG","accountNumber":"CUS-3011000","taxCodeDetailsLen":3,"pdfCurrentDueDisplay_sewerPlusFirstFourTaxRows":178.49,"naiveIfWeAddedPucOnTopAgain":186.18,"pdfCurrentDueForReconcile_fromCalcSubtotalPlusPuc":178.49,"calcSubtotalBeforePuc":170.80122,"calcPucSurchargeAmount":7.686054899999999,"calcTotal":108.49,"pdfTotalAmount":108.49,"pdfTotalMatchesCalc":true}
[2026-05-14T04:04:02.259Z] [info] [BillPanelTrace] produceBill:total_amount_lifted_to_pdf_summary_lines {"customerId":"CUS-3011000","customerName":"SUSAN YOUNG","accountNumber":"CUS-3011000","unifiedBeforeLift":108.49,"pdfSummaryLineSum":183.49,"calcRounded":108.49,"pdfReconcileRounded":108.49,"pdfCurrentDueDisplay":178.49,"pdfPreviousCharges":0,"pdfLateFee":5}
[2026-05-14T04:04:02.259Z] [info] [BillPanelTrace] produceBill:unifiedTotalDueForPdf {"customerId":"CUS-3011000","customerName":"SUSAN YOUNG","accountNumber":"CUS-3011000","unifiedTotalDueForBill":183.49,"pdfSummaryLineSum":183.49,"calcRounded":108.49,"pdfReconcileRounded":108.49,"calcRawTotal":108.49}
[2026-05-14T04:04:02.259Z] [info] [BillPanelTrace] getProcessBillPanelAmounts:branch_check {"customerId":"CUS-3011000","customerName":"SUSAN YOUNG","accountNumber":"CUS-3011000","hasFrozenSnapshot":false,"lastBillPrintDate":"2026-04-01T07:00:00.000Z","lastPrintedStatementTotalDue":178.49}
[2026-05-14T04:04:02.259Z] [info] [BillPanelTrace] getSumPaymentAmountsAfterLastBillPrint:start {"customerId":"CUS-3011000","customerName":"SUSAN YOUNG","accountNumber":"CUS-3011000","paymentHistoryLength":3,"lastBillPrintDate":"2026-04-01T07:00:00.000Z","lastBillPrintLedgerOrder":8,"latestBillingChargeSortMs":1775026800000,"latestBillingChargeLedgerOrder":8}
[2026-05-14T04:04:02.259Z] [info] [BillPanelTrace] getSum:skip_payment {"customerId":"CUS-3011000","customerName":"SUSAN YOUNG","accountNumber":"CUS-3011000","index":0,"reason":"testFreshStart"}
[2026-05-14T04:04:02.259Z] [info] [BillPanelTrace] getSum:payment_eval {"customerId":"CUS-3011000","customerName":"SUSAN YOUNG","accountNumber":"CUS-3011000","index":1,"paymentMethod":"Security deposit (auto)","amountPaid":550.47,"ledgerOrder":7,"timestamp":"2026-04-01T07:00:00.000Z","countsTowardStatement":true,"tieBreak":"same_ms_payment_counts_after_bill","mode":"billingChargeRow","paymentSortMs":1775026800000,"billAnchorMs":1775026800000,"payLo":7,"billAnchorLo":8,"tsDeltaMs":0}
[2026-05-14T04:04:02.259Z] [info] [BillPanelTrace] getSum:payment_eval {"customerId":"CUS-3011000","customerName":"SUSAN YOUNG","accountNumber":"CUS-3011000","index":2,"paymentMethod":"Check","amountPaid":75,"ledgerOrder":9,"timestamp":"2026-04-01T07:00:00.000Z","countsTowardStatement":true,"tieBreak":"after_latest_billing_charge_row","mode":"billingChargeRow","paymentSortMs":1775026800000,"billAnchorMs":1775026800000,"payLo":9,"billAnchorLo":8,"tsDeltaMs":0}
[2026-05-14T04:04:02.259Z] [info] [BillPanelTrace] getSumPaymentAmountsAfterLastBillPrint:result {"customerId":"CUS-3011000","customerName":"SUSAN YOUNG","accountNumber":"CUS-3011000","paidAfterSum":625.47}
[2026-05-14T04:04:02.259Z] [info] [BillPanelTrace] getSumPaymentAmountsAfterLastBillPrint:start {"customerId":"CUS-3011000","customerName":"SUSAN YOUNG","accountNumber":"CUS-3011000","paymentHistoryLength":3,"lastBillPrintDate":"2026-04-01T07:00:00.000Z","lastBillPrintLedgerOrder":8,"latestBillingChargeSortMs":1775026800000,"latestBillingChargeLedgerOrder":8}
[2026-05-14T04:04:02.259Z] [info] [BillPanelTrace] getSum:skip_payment {"customerId":"CUS-3011000","customerName":"SUSAN YOUNG","accountNumber":"CUS-3011000","index":0,"reason":"testFreshStart"}
[2026-05-14T04:04:02.259Z] [info] [BillPanelTrace] getSum:payment_eval {"customerId":"CUS-3011000","customerName":"SUSAN YOUNG","accountNumber":"CUS-3011000","index":1,"paymentMethod":"Security deposit (auto)","amountPaid":550.47,"ledgerOrder":7,"timestamp":"2026-04-01T07:00:00.000Z","countsTowardStatement":true,"tieBreak":"same_ms_payment_counts_after_bill","mode":"billingChargeRow","paymentSortMs":1775026800000,"billAnchorMs":1775026800000,"payLo":7,"billAnchorLo":8,"tsDeltaMs":0}
[2026-05-14T04:04:02.259Z] [info] [BillPanelTrace] getSum:payment_eval {"customerId":"CUS-3011000","customerName":"SUSAN YOUNG","accountNumber":"CUS-3011000","index":2,"paymentMethod":"Check","amountPaid":75,"ledgerOrder":9,"timestamp":"2026-04-01T07:00:00.000Z","countsTowardStatement":true,"tieBreak":"after_latest_billing_charge_row","mode":"billingChargeRow","paymentSortMs":1775026800000,"billAnchorMs":1775026800000,"payLo":9,"billAnchorLo":8,"tsDeltaMs":0}
[2026-05-14T04:04:02.259Z] [info] [BillPanelTrace] getSumPaymentAmountsAfterLastBillPrint:result {"customerId":"CUS-3011000","customerName":"SUSAN YOUNG","accountNumber":"CUS-3011000","paidAfterSum":625.47}
[2026-05-14T04:04:02.259Z] [info] [BillPanelTrace] getSumPaymentAmountsAfterLastBillPrint:start {"customerId":"CUS-3011000","customerName":"SUSAN YOUNG","accountNumber":"CUS-3011000","paymentHistoryLength":3,"lastBillPrintDate":"2026-04-01T07:00:00.000Z","lastBillPrintLedgerOrder":8,"latestBillingChargeSortMs":1775026800000,"latestBillingChargeLedgerOrder":8}
[2026-05-14T04:04:02.259Z] [info] [BillPanelTrace] getSum:skip_payment {"customerId":"CUS-3011000","customerName":"SUSAN YOUNG","accountNumber":"CUS-3011000","index":0,"reason":"testFreshStart"}
[2026-05-14T04:04:02.259Z] [info] [BillPanelTrace] getSum:payment_eval {"customerId":"CUS-3011000","customerName":"SUSAN YOUNG","accountNumber":"CUS-3011000","index":1,"paymentMethod":"Security deposit (auto)","amountPaid":550.47,"ledgerOrder":7,"timestamp":"2026-04-01T07:00:00.000Z","countsTowardStatement":true,"tieBreak":"same_ms_payment_counts_after_bill","mode":"billingChargeRow","paymentSortMs":1775026800000,"billAnchorMs":1775026800000,"payLo":7,"billAnchorLo":8,"tsDeltaMs":0}
[2026-05-14T04:04:02.259Z] [info] [BillPanelTrace] getSum:payment_eval {"customerId":"CUS-3011000","customerName":"SUSAN YOUNG","accountNumber":"CUS-3011000","index":2,"paymentMethod":"Check","amountPaid":75,"ledgerOrder":9,"timestamp":"2026-04-01T07:00:00.000Z","countsTowardStatement":true,"tieBreak":"after_latest_billing_charge_row","mode":"billingChargeRow","paymentSortMs":1775026800000,"billAnchorMs":1775026800000,"payLo":9,"billAnchorLo":8,"tsDeltaMs":0}
[2026-05-14T04:04:02.259Z] [info] [BillPanelTrace] getSumPaymentAmountsAfterLastBillPrint:result {"customerId":"CUS-3011000","customerName":"SUSAN YOUNG","accountNumber":"CUS-3011000","paidAfterSum":625.47}
[2026-05-14T04:04:02.259Z] [info] [BillPanelTrace] getSumPaymentAmountsAfterLastBillPrint:start {"customerId":"CUS-3011000","customerName":"SUSAN YOUNG","accountNumber":"CUS-3011000","paymentHistoryLength":3,"lastBillPrintDate":"2026-04-01T07:00:00.000Z","lastBillPrintLedgerOrder":8,"latestBillingChargeSortMs":1775026800000,"latestBillingChargeLedgerOrder":8}
[2026-05-14T04:04:02.259Z] [info] [BillPanelTrace] getSum:skip_payment {"customerId":"CUS-3011000","customerName":"SUSAN YOUNG","accountNumber":"CUS-3011000","index":0,"reason":"testFreshStart"}
[2026-05-14T04:04:02.259Z] [info] [BillPanelTrace] getSum:payment_eval {"customerId":"CUS-3011000","customerName":"SUSAN YOUNG","accountNumber":"CUS-3011000","index":1,"paymentMethod":"Security deposit (auto)","amountPaid":550.47,"ledgerOrder":7,"timestamp":"2026-04-01T07:00:00.000Z","countsTowardStatement":true,"tieBreak":"same_ms_payment_counts_after_bill","mode":"billingChargeRow","paymentSortMs":1775026800000,"billAnchorMs":1775026800000,"payLo":7,"billAnchorLo":8,"tsDeltaMs":0}
[2026-05-14T04:04:02.259Z] [info] [BillPanelTrace] getSum:payment_eval {"customerId":"CUS-3011000","customerName":"SUSAN YOUNG","accountNumber":"CUS-3011000","index":2,"paymentMethod":"Check","amountPaid":75,"ledgerOrder":9,"timestamp":"2026-04-01T07:00:00.000Z","countsTowardStatement":true,"tieBreak":"after_latest_billing_charge_row","mode":"billingChargeRow","paymentSortMs":1775026800000,"billAnchorMs":1775026800000,"payLo":9,"billAnchorLo":8,"tsDeltaMs":0}
[2026-05-14T04:04:02.259Z] [info] [BillPanelTrace] getSumPaymentAmountsAfterLastBillPrint:result {"customerId":"CUS-3011000","customerName":"SUSAN YOUNG","accountNumber":"CUS-3011000","paidAfterSum":625.47}
[2026-05-14T04:04:02.259Z] [info] [BillPanelTrace] applyOpenBalanceSnapshotCapToPanelAmounts:eval {"customerId":"CUS-3011000","customerName":"SUSAN YOUNG","accountNumber":"CUS-3011000","snap":103.49,"curTotal":108.49,"gap":5,"lateFeePanel":5,"paidLate":0,"lateRemainingForCap":5,"skippedCapStaleSnapVersusAccruedLate":true}
[2026-05-14T04:04:02.259Z] [info] [BillPanelTrace] getProcessBillPanelAmounts:result_live {"customerId":"CUS-3011000","customerName":"SUSAN YOUNG","accountNumber":"CUS-3011000","total":108.49,"pastDue":0,"lateFee":5,"dueDateStr":"04/21/2026","fromFrozen":false}
[2026-05-14T04:04:02.259Z] [info] [BillPanelTrace] getSumPaymentAmountsAfterLastBillPrint:start {"customerId":"CUS-3011000","customerName":"SUSAN YOUNG","accountNumber":"CUS-3011000","paymentHistoryLength":3,"lastBillPrintDate":"2026-04-01T07:00:00.000Z","lastBillPrintLedgerOrder":8,"latestBillingChargeSortMs":1775026800000,"latestBillingChargeLedgerOrder":8}
[2026-05-14T04:04:02.259Z] [info] [BillPanelTrace] getSum:skip_payment {"customerId":"CUS-3011000","customerName":"SUSAN YOUNG","accountNumber":"CUS-3011000","index":0,"reason":"testFreshStart"}
[2026-05-14T04:04:02.259Z] [info] [BillPanelTrace] getSum:payment_eval {"customerId":"CUS-3011000","customerName":"SUSAN YOUNG","accountNumber":"CUS-3011000","index":1,"paymentMethod":"Security deposit (auto)","amountPaid":550.47,"ledgerOrder":7,"timestamp":"2026-04-01T07:00:00.000Z","countsTowardStatement":true,"tieBreak":"same_ms_payment_counts_after_bill","mode":"billingChargeRow","paymentSortMs":1775026800000,"billAnchorMs":1775026800000,"payLo":7,"billAnchorLo":8,"tsDeltaMs":0}
[2026-05-14T04:04:02.259Z] [info] [BillPanelTrace] getSum:payment_eval {"customerId":"CUS-3011000","customerName":"SUSAN YOUNG","accountNumber":"CUS-3011000","index":2,"paymentMethod":"Check","amountPaid":75,"ledgerOrder":9,"timestamp":"2026-04-01T07:00:00.000Z","countsTowardStatement":true,"tieBreak":"after_latest_billing_charge_row","mode":"billingChargeRow","paymentSortMs":1775026800000,"billAnchorMs":1775026800000,"payLo":9,"billAnchorLo":8,"tsDeltaMs":0}
[2026-05-14T04:04:02.259Z] [info] [BillPanelTrace] getSumPaymentAmountsAfterLastBillPrint:result {"customerId":"CUS-3011000","customerName":"SUSAN YOUNG","accountNumber":"CUS-3011000","paidAfterSum":625.47}
[2026-05-14T04:04:02.259Z] [info] [BillPanelTrace] getSumPaymentAmountsAfterLastBillPrint:start {"customerId":"CUS-3011000","customerName":"SUSAN YOUNG","accountNumber":"CUS-3011000","paymentHistoryLength":3,"lastBillPrintDate":"2026-04-01T07:00:00.000Z","lastBillPrintLedgerOrder":8,"latestBillingChargeSortMs":1775026800000,"latestBillingChargeLedgerOrder":8}
[2026-05-14T04:04:02.259Z] [info] [BillPanelTrace] getSum:skip_payment {"customerId":"CUS-3011000","customerName":"SUSAN YOUNG","accountNumber":"CUS-3011000","index":0,"reason":"testFreshStart"}
[2026-05-14T04:04:02.259Z] [info] [BillPanelTrace] getSum:payment_eval {"customerId":"CUS-3011000","customerName":"SUSAN YOUNG","accountNumber":"CUS-3011000","index":1,"paymentMethod":"Security deposit (auto)","amountPaid":550.47,"ledgerOrder":7,"timestamp":"2026-04-01T07:00:00.000Z","countsTowardStatement":true,"tieBreak":"same_ms_payment_counts_after_bill","mode":"billingChargeRow","paymentSortMs":1775026800000,"billAnchorMs":1775026800000,"payLo":7,"billAnchorLo":8,"tsDeltaMs":0}
[2026-05-14T04:04:02.260Z] [info] [BillPanelTrace] getSum:payment_eval {"customerId":"CUS-3011000","customerName":"SUSAN YOUNG","accountNumber":"CUS-3011000","index":2,"paymentMethod":"Check","amountPaid":75,"ledgerOrder":9,"timestamp":"2026-04-01T07:00:00.000Z","countsTowardStatement":true,"tieBreak":"after_latest_billing_charge_row","mode":"billingChargeRow","paymentSortMs":1775026800000,"billAnchorMs":1775026800000,"payLo":9,"billAnchorLo":8,"tsDeltaMs":0}
[2026-05-14T04:04:02.260Z] [info] [BillPanelTrace] getSumPaymentAmountsAfterLastBillPrint:result {"customerId":"CUS-3011000","customerName":"SUSAN YOUNG","accountNumber":"CUS-3011000","paidAfterSum":625.47}
[2026-05-14T04:04:02.307Z] [info] [BillPanelTrace] getSumPaymentAmountsAfterLastBillPrint:start {"customerId":"CUS-3011000","customerName":"SUSAN YOUNG","accountNumber":"CUS-3011000","paymentHistoryLength":3,"lastBillPrintDate":"2026-04-01T07:00:00.000Z","lastBillPrintLedgerOrder":8,"latestBillingChargeSortMs":1775026800000,"latestBillingChargeLedgerOrder":8}
[2026-05-14T04:04:02.307Z] [info] [BillPanelTrace] getSum:skip_payment {"customerId":"CUS-3011000","customerName":"SUSAN YOUNG","accountNumber":"CUS-3011000","index":0,"reason":"testFreshStart"}
[2026-05-14T04:04:02.307Z] [info] [BillPanelTrace] getSum:payment_eval {"customerId":"CUS-3011000","customerName":"SUSAN YOUNG","accountNumber":"CUS-3011000","index":1,"paymentMethod":"Security deposit (auto)","amountPaid":550.47,"ledgerOrder":7,"timestamp":"2026-04-01T07:00:00.000Z","countsTowardStatement":true,"tieBreak":"same_ms_payment_counts_after_bill","mode":"billingChargeRow","paymentSortMs":1775026800000,"billAnchorMs":1775026800000,"payLo":7,"billAnchorLo":8,"tsDeltaMs":0}
[2026-05-14T04:04:02.307Z] [info] [BillPanelTrace] getSum:payment_eval {"customerId":"CUS-3011000","customerName":"SUSAN YOUNG","accountNumber":"CUS-3011000","index":2,"paymentMethod":"Check","amountPaid":75,"ledgerOrder":9,"timestamp":"2026-04-01T07:00:00.000Z","countsTowardStatement":true,"tieBreak":"after_latest_billing_charge_row","mode":"billingChargeRow","paymentSortMs":1775026800000,"billAnchorMs":1775026800000,"payLo":9,"billAnchorLo":8,"tsDeltaMs":0}
[2026-05-14T04:04:02.307Z] [info] [BillPanelTrace] getSumPaymentAmountsAfterLastBillPrint:result {"customerId":"CUS-3011000","customerName":"SUSAN YOUNG","accountNumber":"CUS-3011000","paidAfterSum":625.47}
[2026-05-14T04:04:02.307Z] [info] [BillRowCurrentDue] {"customerId":"CUS-3011000","customerName":"SUSAN YOUNG","accountNumber":"CUS-3011000","message":"row total uses bill line column sum (may differ from calc.total during stmt collapse)","columnSumBill":183.49,"authRoll":108.49,"currentDueOnBill":183.49}
[2026-05-14T04:04:02.307Z] [info] [PastDueRoll] applyBillProductionRollForward:beforeRoll {"customerId":"CUS-3011000","name":"SUSAN YOUNG","prevPastDueRaw":0,"unpaidCurrent":108.49,"grossCurrentOwed":183.49,"statementTotal":183.49,"closedStatementTotalFromBill":183.49,"calcTotal":108.49,"calcCurrentDue":108.49,"rollUnpaidCurrentIntoPastDue":true}
[2026-05-14T04:04:02.307Z] [info] [PastDueRoll] addRolledUnpaidCurrentToPastDueComposition {"customerId":"CUS-3011000","name":"SUSAN YOUNG","unpaidCurrent":108.49,"basis":"priorBillingRow","priorBill":{"date":"04/01/2026","ledgerOrder":8,"pastDueOnBill":0,"sewerChargeOnBill":168.36,"taxCodesOnBill":2.44,"pucSurchargeOnBill":7.69,"lateFeeAmount":0},"calcSnapshot":{"adjustedServiceCost":168.36,"totalSurcharge":2.4412200000000004,"pucSurchargeAmount":7.686054899999999,"lateFeeAmount":5},"rolledCycleGross":{"sewerGross":168.36,"taxGross":2.44,"pucGross":7.69,"lateGross":0},"paymentsAppliedToClosedCycle":{"paidSewer":64.87,"paidTax":2.44,"paidPuc":7.69,"paidLate":0},"remainders":{"sewerRem":103.49,"taxRem":0,"pucRem":0,"lateRem":0,"sumRem":103.49},"svcTake":103.49,"uMinusSvc":5,"lateAddFormula":"uMinusSvc","lateAdd":5,"compositionBefore":{"Past due amount":0,"Late fees":0,"Current amount due":0,"Puc surcharge":0,"Tax Codes":0}}
[2026-05-14T04:04:02.307Z] [info] [PastDueRoll] addRolledUnpaidCurrentToPastDueComposition:split {"customerId":"CUS-3011000","name":"SUSAN YOUNG","uAfterLate":103.49,"sewerShare":103.49,"taxShare":0,"pucShare":0,"compositionAfter":{"Past due amount":0,"Late fees":5,"Current amount due":103.49,"Puc surcharge":0,"Tax Codes":0}}
[2026-05-14T04:04:02.307Z] [info] [PastDueRoll] applyBillProductionRollForward:afterRoll {"customerId":"CUS-3011000","name":"SUSAN YOUNG","newPastDue":108.49,"pastDueComposition":{"Past due amount":0,"Late fees":5,"Current amount due":103.49,"Puc surcharge":0,"Tax Codes":0},"compSum":108.49}
[2026-05-14T04:04:02.564Z] [info] [BillPanelTrace] getProcessBillPanelAmounts:branch_check {"customerId":"CUS-3011000","customerName":"SUSAN YOUNG","accountNumber":"CUS-3011000","hasFrozenSnapshot":true,"frozenAmountDue":183.49,"lastBillPrintDate":"2026-05-01T07:00:00.000Z","lastPrintedStatementTotalDue":183.49}
[2026-05-14T04:04:02.565Z] [info] [BillPanelTrace] getSumPaymentAmountsAfterLastBillPrint:start {"customerId":"CUS-3011000","customerName":"SUSAN YOUNG","accountNumber":"CUS-3011000","paymentHistoryLength":3,"lastBillPrintDate":"2026-05-01T07:00:00.000Z","lastBillPrintLedgerOrder":11,"latestBillingChargeSortMs":1777618800000,"latestBillingChargeLedgerOrder":11}
[2026-05-14T04:04:02.565Z] [info] [BillPanelTrace] getSum:skip_payment {"customerId":"CUS-3011000","customerName":"SUSAN YOUNG","accountNumber":"CUS-3011000","index":0,"reason":"testFreshStart"}
[2026-05-14T04:04:02.565Z] [info] [BillPanelTrace] getSum:payment_eval {"customerId":"CUS-3011000","customerName":"SUSAN YOUNG","accountNumber":"CUS-3011000","index":1,"paymentMethod":"Security deposit (auto)","amountPaid":550.47,"ledgerOrder":7,"timestamp":"2026-04-01T07:00:00.000Z","countsTowardStatement":false,"tieBreak":"not_after_latest_billing_charge_row","mode":"billingChargeRow","paymentSortMs":1775026800000,"billAnchorMs":1777618800000,"payLo":7,"billAnchorLo":11,"tsDeltaMs":-2592000000}
[2026-05-14T04:04:02.565Z] [info] [BillPanelTrace] getSum:payment_eval {"customerId":"CUS-3011000","customerName":"SUSAN YOUNG","accountNumber":"CUS-3011000","index":2,"paymentMethod":"Check","amountPaid":75,"ledgerOrder":9,"timestamp":"2026-04-01T07:00:00.000Z","countsTowardStatement":false,"tieBreak":"not_after_latest_billing_charge_row","mode":"billingChargeRow","paymentSortMs":1775026800000,"billAnchorMs":1777618800000,"payLo":9,"billAnchorLo":11,"tsDeltaMs":-2592000000}
[2026-05-14T04:04:02.565Z] [info] [BillPanelTrace] getSumPaymentAmountsAfterLastBillPrint:result {"customerId":"CUS-3011000","customerName":"SUSAN YOUNG","accountNumber":"CUS-3011000","paidAfterSum":0}
[2026-05-14T04:04:02.565Z] [info] [BillPanelTrace] getProcessBillPanelAmounts:frozen_branch {"customerId":"CUS-3011000","customerName":"SUSAN YOUNG","accountNumber":"CUS-3011000","paidAfterLastBill":0,"willBypassFrozenToLive":false}
[2026-05-14T04:04:02.565Z] [info] [BillPanelTrace] getSumPaymentAmountsAfterLastBillPrint:start {"customerId":"CUS-3011000","customerName":"SUSAN YOUNG","accountNumber":"CUS-3011000","paymentHistoryLength":3,"lastBillPrintDate":"2026-05-01T07:00:00.000Z","lastBillPrintLedgerOrder":11,"latestBillingChargeSortMs":1777618800000,"latestBillingChargeLedgerOrder":11}
[2026-05-14T04:04:02.565Z] [info] [BillPanelTrace] getSum:skip_payment {"customerId":"CUS-3011000","customerName":"SUSAN YOUNG","accountNumber":"CUS-3011000","index":0,"reason":"testFreshStart"}
[2026-05-14T04:04:02.565Z] [info] [BillPanelTrace] getSum:payment_eval {"customerId":"CUS-3011000","customerName":"SUSAN YOUNG","accountNumber":"CUS-3011000","index":1,"paymentMethod":"Security deposit (auto)","amountPaid":550.47,"ledgerOrder":7,"timestamp":"2026-04-01T07:00:00.000Z","countsTowardStatement":false,"tieBreak":"not_after_latest_billing_charge_row","mode":"billingChargeRow","paymentSortMs":1775026800000,"billAnchorMs":1777618800000,"payLo":7,"billAnchorLo":11,"tsDeltaMs":-2592000000}
[2026-05-14T04:04:02.565Z] [info] [BillPanelTrace] getSum:payment_eval {"customerId":"CUS-3011000","customerName":"SUSAN YOUNG","accountNumber":"CUS-3011000","index":2,"paymentMethod":"Check","amountPaid":75,"ledgerOrder":9,"timestamp":"2026-04-01T07:00:00.000Z","countsTowardStatement":false,"tieBreak":"not_after_latest_billing_charge_row","mode":"billingChargeRow","paymentSortMs":1775026800000,"billAnchorMs":1777618800000,"payLo":9,"billAnchorLo":11,"tsDeltaMs":-2592000000}
[2026-05-14T04:04:02.565Z] [info] [BillPanelTrace] getSumPaymentAmountsAfterLastBillPrint:result {"customerId":"CUS-3011000","customerName":"SUSAN YOUNG","accountNumber":"CUS-3011000","paidAfterSum":0}
[2026-05-14T04:04:02.565Z] [info] [BillPanelTrace] getSumPaymentAmountsAfterLastBillPrint:start {"customerId":"CUS-3011000","customerName":"SUSAN YOUNG","accountNumber":"CUS-3011000","paymentHistoryLength":3,"lastBillPrintDate":"2026-05-01T07:00:00.000Z","lastBillPrintLedgerOrder":11,"latestBillingChargeSortMs":1777618800000,"latestBillingChargeLedgerOrder":11}
[2026-05-14T04:04:02.565Z] [info] [BillPanelTrace] getSum:skip_payment {"customerId":"CUS-3011000","customerName":"SUSAN YOUNG","accountNumber":"CUS-3011000","index":0,"reason":"testFreshStart"}
[2026-05-14T04:04:02.565Z] [info] [BillPanelTrace] getSum:payment_eval {"customerId":"CUS-3011000","customerName":"SUSAN YOUNG","accountNumber":"CUS-3011000","index":1,"paymentMethod":"Security deposit (auto)","amountPaid":550.47,"ledgerOrder":7,"timestamp":"2026-04-01T07:00:00.000Z","countsTowardStatement":false,"tieBreak":"not_after_latest_billing_charge_row","mode":"billingChargeRow","paymentSortMs":1775026800000,"billAnchorMs":1777618800000,"payLo":7,"billAnchorLo":11,"tsDeltaMs":-2592000000}
[2026-05-14T04:04:02.565Z] [info] [BillPanelTrace] getSum:payment_eval {"customerId":"CUS-3011000","customerName":"SUSAN YOUNG","accountNumber":"CUS-3011000","index":2,"paymentMethod":"Check","amountPaid":75,"ledgerOrder":9,"timestamp":"2026-04-01T07:00:00.000Z","countsTowardStatement":false,"tieBreak":"not_after_latest_billing_charge_row","mode":"billingChargeRow","paymentSortMs":1775026800000,"billAnchorMs":1777618800000,"payLo":9,"billAnchorLo":11,"tsDeltaMs":-2592000000}
[2026-05-14T04:04:02.565Z] [info] [BillPanelTrace] getSumPaymentAmountsAfterLastBillPrint:result {"customerId":"CUS-3011000","customerName":"SUSAN YOUNG","accountNumber":"CUS-3011000","paidAfterSum":0}
[2026-05-14T04:04:02.565Z] [info] [BillPanelTrace] getSumPaymentAmountsAfterLastBillPrint:start {"customerId":"CUS-3011000","customerName":"SUSAN YOUNG","accountNumber":"CUS-3011000","paymentHistoryLength":3,"lastBillPrintDate":"2026-05-01T07:00:00.000Z","lastBillPrintLedgerOrder":11,"latestBillingChargeSortMs":1777618800000,"latestBillingChargeLedgerOrder":11}
[2026-05-14T04:04:02.565Z] [info] [BillPanelTrace] getSum:skip_payment {"customerId":"CUS-3011000","customerName":"SUSAN YOUNG","accountNumber":"CUS-3011000","index":0,"reason":"testFreshStart"}
[2026-05-14T04:04:02.565Z] [info] [BillPanelTrace] getSum:payment_eval {"customerId":"CUS-3011000","customerName":"SUSAN YOUNG","accountNumber":"CUS-3011000","index":1,"paymentMethod":"Security deposit (auto)","amountPaid":550.47,"ledgerOrder":7,"timestamp":"2026-04-01T07:00:00.000Z","countsTowardStatement":false,"tieBreak":"not_after_latest_billing_charge_row","mode":"billingChargeRow","paymentSortMs":1775026800000,"billAnchorMs":1777618800000,"payLo":7,"billAnchorLo":11,"tsDeltaMs":-2592000000}
[2026-05-14T04:04:02.565Z] [info] [BillPanelTrace] getSum:payment_eval {"customerId":"CUS-3011000","customerName":"SUSAN YOUNG","accountNumber":"CUS-3011000","index":2,"paymentMethod":"Check","amountPaid":75,"ledgerOrder":9,"timestamp":"2026-04-01T07:00:00.000Z","countsTowardStatement":false,"tieBreak":"not_after_latest_billing_charge_row","mode":"billingChargeRow","paymentSortMs":1775026800000,"billAnchorMs":1777618800000,"payLo":9,"billAnchorLo":11,"tsDeltaMs":-2592000000}
[2026-05-14T04:04:02.565Z] [info] [BillPanelTrace] getSumPaymentAmountsAfterLastBillPrint:result {"customerId":"CUS-3011000","customerName":"SUSAN YOUNG","accountNumber":"CUS-3011000","paidAfterSum":0}
[2026-05-14T04:04:02.565Z] [info] [BillPanelTrace] calculateCustomerTotal:pastDueLedger_vs_panelLine {"customerId":"CUS-3011000","customerName":"SUSAN YOUNG","accountNumber":"CUS-3011000","pastDueLedger":108.49,"pastDueForOwed":0,"stmtUnpaid":183.49,"currentDue":178.49,"combined":361.98,"rolled":178.49,"total":178.49,"dedupStmtVsNet":true}
[2026-05-14T04:04:02.565Z] [info] [BillPanelTrace] getProcessBillPanelAmounts:result_frozen_panel {"customerId":"CUS-3011000","customerName":"SUSAN YOUNG","accountNumber":"CUS-3011000","total":183.49,"pastDue":0,"lateFee":5,"dueDateStr":"05/21/2026","fromFrozen":true}
[2026-05-14T04:04:02.572Z] [info] [BillPanelTrace] getProcessBillPanelAmounts:branch_check {"customerId":"CUS-3011000","customerName":"SUSAN YOUNG","accountNumber":"CUS-3011000","hasFrozenSnapshot":true,"frozenAmountDue":183.49,"lastBillPrintDate":"2026-05-01T07:00:00.000Z","lastPrintedStatementTotalDue":183.49}
[2026-05-14T04:04:02.572Z] [info] [BillPanelTrace] getSumPaymentAmountsAfterLastBillPrint:start {"customerId":"CUS-3011000","customerName":"SUSAN YOUNG","accountNumber":"CUS-3011000","paymentHistoryLength":3,"lastBillPrintDate":"2026-05-01T07:00:00.000Z","lastBillPrintLedgerOrder":11,"latestBillingChargeSortMs":1777618800000,"latestBillingChargeLedgerOrder":11}
[2026-05-14T04:04:02.572Z] [info] [BillPanelTrace] getSum:skip_payment {"customerId":"CUS-3011000","customerName":"SUSAN YOUNG","accountNumber":"CUS-3011000","index":0,"reason":"testFreshStart"}
[2026-05-14T04:04:02.572Z] [info] [BillPanelTrace] getSum:payment_eval {"customerId":"CUS-3011000","customerName":"SUSAN YOUNG","accountNumber":"CUS-3011000","index":1,"paymentMethod":"Security deposit (auto)","amountPaid":550.47,"ledgerOrder":7,"timestamp":"2026-04-01T07:00:00.000Z","countsTowardStatement":false,"tieBreak":"not_after_latest_billing_charge_row","mode":"billingChargeRow","paymentSortMs":1775026800000,"billAnchorMs":1777618800000,"payLo":7,"billAnchorLo":11,"tsDeltaMs":-2592000000}
[2026-05-14T04:04:02.572Z] [info] [BillPanelTrace] getSum:payment_eval {"customerId":"CUS-3011000","customerName":"SUSAN YOUNG","accountNumber":"CUS-3011000","index":2,"paymentMethod":"Check","amountPaid":75,"ledgerOrder":9,"timestamp":"2026-04-01T07:00:00.000Z","countsTowardStatement":false,"tieBreak":"not_after_latest_billing_charge_row","mode":"billingChargeRow","paymentSortMs":1775026800000,"billAnchorMs":1777618800000,"payLo":9,"billAnchorLo":11,"tsDeltaMs":-2592000000}
[2026-05-14T04:04:02.572Z] [info] [BillPanelTrace] getSumPaymentAmountsAfterLastBillPrint:result {"customerId":"CUS-3011000","customerName":"SUSAN YOUNG","accountNumber":"CUS-3011000","paidAfterSum":0}
[2026-05-14T04:04:02.572Z] [info] [BillPanelTrace] getProcessBillPanelAmounts:frozen_branch {"customerId":"CUS-3011000","customerName":"SUSAN YOUNG","accountNumber":"CUS-3011000","paidAfterLastBill":0,"willBypassFrozenToLive":false}
[2026-05-14T04:04:02.572Z] [info] [BillPanelTrace] getSumPaymentAmountsAfterLastBillPrint:start {"customerId":"CUS-3011000","customerName":"SUSAN YOUNG","accountNumber":"CUS-3011000","paymentHistoryLength":3,"lastBillPrintDate":"2026-05-01T07:00:00.000Z","lastBillPrintLedgerOrder":11,"latestBillingChargeSortMs":1777618800000,"latestBillingChargeLedgerOrder":11}
[2026-05-14T04:04:02.572Z] [info] [BillPanelTrace] getSum:skip_payment {"customerId":"CUS-3011000","customerName":"SUSAN YOUNG","accountNumber":"CUS-3011000","index":0,"reason":"testFreshStart"}
[2026-05-14T04:04:02.572Z] [info] [BillPanelTrace] getSum:payment_eval {"customerId":"CUS-3011000","customerName":"SUSAN YOUNG","accountNumber":"CUS-3011000","index":1,"paymentMethod":"Security deposit (auto)","amountPaid":550.47,"ledgerOrder":7,"timestamp":"2026-04-01T07:00:00.000Z","countsTowardStatement":false,"tieBreak":"not_after_latest_billing_charge_row","mode":"billingChargeRow","paymentSortMs":1775026800000,"billAnchorMs":1777618800000,"payLo":7,"billAnchorLo":11,"tsDeltaMs":-2592000000}
[2026-05-14T04:04:02.572Z] [info] [BillPanelTrace] getSum:payment_eval {"customerId":"CUS-3011000","customerName":"SUSAN YOUNG","accountNumber":"CUS-3011000","index":2,"paymentMethod":"Check","amountPaid":75,"ledgerOrder":9,"timestamp":"2026-04-01T07:00:00.000Z","countsTowardStatement":false,"tieBreak":"not_after_latest_billing_charge_row","mode":"billingChargeRow","paymentSortMs":1775026800000,"billAnchorMs":1777618800000,"payLo":9,"billAnchorLo":11,"tsDeltaMs":-2592000000}
[2026-05-14T04:04:02.572Z] [info] [BillPanelTrace] getSumPaymentAmountsAfterLastBillPrint:result {"customerId":"CUS-3011000","customerName":"SUSAN YOUNG","accountNumber":"CUS-3011000","paidAfterSum":0}
[2026-05-14T04:04:02.572Z] [info] [BillPanelTrace] getSumPaymentAmountsAfterLastBillPrint:start {"customerId":"CUS-3011000","customerName":"SUSAN YOUNG","accountNumber":"CUS-3011000","paymentHistoryLength":3,"lastBillPrintDate":"2026-05-01T07:00:00.000Z","lastBillPrintLedgerOrder":11,"latestBillingChargeSortMs":1777618800000,"latestBillingChargeLedgerOrder":11}
[2026-05-14T04:04:02.572Z] [info] [BillPanelTrace] getSum:skip_payment {"customerId":"CUS-3011000","customerName":"SUSAN YOUNG","accountNumber":"CUS-3011000","index":0,"reason":"testFreshStart"}
[2026-05-14T04:04:02.572Z] [info] [BillPanelTrace] getSum:payment_eval {"customerId":"CUS-3011000","customerName":"SUSAN YOUNG","accountNumber":"CUS-3011000","index":1,"paymentMethod":"Security deposit (auto)","amountPaid":550.47,"ledgerOrder":7,"timestamp":"2026-04-01T07:00:00.000Z","countsTowardStatement":false,"tieBreak":"not_after_latest_billing_charge_row","mode":"billingChargeRow","paymentSortMs":1775026800000,"billAnchorMs":1777618800000,"payLo":7,"billAnchorLo":11,"tsDeltaMs":-2592000000}
[2026-05-14T04:04:02.572Z] [info] [BillPanelTrace] getSum:payment_eval {"customerId":"CUS-3011000","customerName":"SUSAN YOUNG","accountNumber":"CUS-3011000","index":2,"paymentMethod":"Check","amountPaid":75,"ledgerOrder":9,"timestamp":"2026-04-01T07:00:00.000Z","countsTowardStatement":false,"tieBreak":"not_after_latest_billing_charge_row","mode":"billingChargeRow","paymentSortMs":1775026800000,"billAnchorMs":1777618800000,"payLo":9,"billAnchorLo":11,"tsDeltaMs":-2592000000}
[2026-05-14T04:04:02.572Z] [info] [BillPanelTrace] getSumPaymentAmountsAfterLastBillPrint:result {"customerId":"CUS-3011000","customerName":"SUSAN YOUNG","accountNumber":"CUS-3011000","paidAfterSum":0}
[2026-05-14T04:04:02.572Z] [info] [BillPanelTrace] getSumPaymentAmountsAfterLastBillPrint:start {"customerId":"CUS-3011000","customerName":"SUSAN YOUNG","accountNumber":"CUS-3011000","paymentHistoryLength":3,"lastBillPrintDate":"2026-05-01T07:00:00.000Z","lastBillPrintLedgerOrder":11,"latestBillingChargeSortMs":1777618800000,"latestBillingChargeLedgerOrder":11}
[2026-05-14T04:04:02.573Z] [info] [BillPanelTrace] getSum:skip_payment {"customerId":"CUS-3011000","customerName":"SUSAN YOUNG","accountNumber":"CUS-3011000","index":0,"reason":"testFreshStart"}
[2026-05-14T04:04:02.573Z] [info] [BillPanelTrace] getSum:payment_eval {"customerId":"CUS-3011000","customerName":"SUSAN YOUNG","accountNumber":"CUS-3011000","index":1,"paymentMethod":"Security deposit (auto)","amountPaid":550.47,"ledgerOrder":7,"timestamp":"2026-04-01T07:00:00.000Z","countsTowardStatement":false,"tieBreak":"not_after_latest_billing_charge_row","mode":"billingChargeRow","paymentSortMs":1775026800000,"billAnchorMs":1777618800000,"payLo":7,"billAnchorLo":11,"tsDeltaMs":-2592000000}
[2026-05-14T04:04:02.573Z] [info] [BillPanelTrace] getSum:payment_eval {"customerId":"CUS-3011000","customerName":"SUSAN YOUNG","accountNumber":"CUS-3011000","index":2,"paymentMethod":"Check","amountPaid":75,"ledgerOrder":9,"timestamp":"2026-04-01T07:00:00.000Z","countsTowardStatement":false,"tieBreak":"not_after_latest_billing_charge_row","mode":"billingChargeRow","paymentSortMs":1775026800000,"billAnchorMs":1777618800000,"payLo":9,"billAnchorLo":11,"tsDeltaMs":-2592000000}
[2026-05-14T04:04:02.573Z] [info] [BillPanelTrace] getSumPaymentAmountsAfterLastBillPrint:result {"customerId":"CUS-3011000","customerName":"SUSAN YOUNG","accountNumber":"CUS-3011000","paidAfterSum":0}
[2026-05-14T04:04:02.573Z] [info] [BillPanelTrace] calculateCustomerTotal:pastDueLedger_vs_panelLine {"customerId":"CUS-3011000","customerName":"SUSAN YOUNG","accountNumber":"CUS-3011000","pastDueLedger":108.49,"pastDueForOwed":0,"stmtUnpaid":183.49,"currentDue":178.49,"combined":361.98,"rolled":178.49,"total":178.49,"dedupStmtVsNet":true}
[2026-05-14T04:04:02.573Z] [info] [BillPanelTrace] getProcessBillPanelAmounts:result_frozen_panel {"customerId":"CUS-3011000","customerName":"SUSAN YOUNG","accountNumber":"CUS-3011000","total":183.49,"pastDue":0,"lateFee":5,"dueDateStr":"05/21/2026","fromFrozen":true}
[2026-05-14T04:04:02.663Z] [info] [BillPanelTrace] getProcessBillPanelAmounts:branch_check {"customerId":"CUS-3011000","customerName":"SUSAN YOUNG","accountNumber":"CUS-3011000","hasFrozenSnapshot":true,"frozenAmountDue":183.49,"lastBillPrintDate":"2026-05-01T07:00:00.000Z","lastPrintedStatementTotalDue":183.49}
[2026-05-14T04:04:02.663Z] [info] [BillPanelTrace] getSumPaymentAmountsAfterLastBillPrint:start {"customerId":"CUS-3011000","customerName":"SUSAN YOUNG","accountNumber":"CUS-3011000","paymentHistoryLength":3,"lastBillPrintDate":"2026-05-01T07:00:00.000Z","lastBillPrintLedgerOrder":11,"latestBillingChargeSortMs":1777618800000,"latestBillingChargeLedgerOrder":11}
[2026-05-14T04:04:02.663Z] [info] [BillPanelTrace] getSum:skip_payment {"customerId":"CUS-3011000","customerName":"SUSAN YOUNG","accountNumber":"CUS-3011000","index":0,"reason":"testFreshStart"}
[2026-05-14T04:04:02.663Z] [info] [BillPanelTrace] getSum:payment_eval {"customerId":"CUS-3011000","customerName":"SUSAN YOUNG","accountNumber":"CUS-3011000","index":1,"paymentMethod":"Security deposit (auto)","amountPaid":550.47,"ledgerOrder":7,"timestamp":"2026-04-01T07:00:00.000Z","countsTowardStatement":false,"tieBreak":"not_after_latest_billing_charge_row","mode":"billingChargeRow","paymentSortMs":1775026800000,"billAnchorMs":1777618800000,"payLo":7,"billAnchorLo":11,"tsDeltaMs":-2592000000}
[2026-05-14T04:04:02.663Z] [info] [BillPanelTrace] getSum:payment_eval {"customerId":"CUS-3011000","customerName":"SUSAN YOUNG","accountNumber":"CUS-3011000","index":2,"paymentMethod":"Check","amountPaid":75,"ledgerOrder":9,"timestamp":"2026-04-01T07:00:00.000Z","countsTowardStatement":false,"tieBreak":"not_after_latest_billing_charge_row","mode":"billingChargeRow","paymentSortMs":1775026800000,"billAnchorMs":1777618800000,"payLo":9,"billAnchorLo":11,"tsDeltaMs":-2592000000}
[2026-05-14T04:04:02.663Z] [info] [BillPanelTrace] getSumPaymentAmountsAfterLastBillPrint:result {"customerId":"CUS-3011000","customerName":"SUSAN YOUNG","accountNumber":"CUS-3011000","paidAfterSum":0}
[2026-05-14T04:04:02.663Z] [info] [BillPanelTrace] getProcessBillPanelAmounts:frozen_branch {"customerId":"CUS-3011000","customerName":"SUSAN YOUNG","accountNumber":"CUS-3011000","paidAfterLastBill":0,"willBypassFrozenToLive":false}
[2026-05-14T04:04:02.663Z] [info] [BillPanelTrace] getSumPaymentAmountsAfterLastBillPrint:start {"customerId":"CUS-3011000","customerName":"SUSAN YOUNG","accountNumber":"CUS-3011000","paymentHistoryLength":3,"lastBillPrintDate":"2026-05-01T07:00:00.000Z","lastBillPrintLedgerOrder":11,"latestBillingChargeSortMs":1777618800000,"latestBillingChargeLedgerOrder":11}
[2026-05-14T04:04:02.663Z] [info] [BillPanelTrace] getSum:skip_payment {"customerId":"CUS-3011000","customerName":"SUSAN YOUNG","accountNumber":"CUS-3011000","index":0,"reason":"testFreshStart"}
[2026-05-14T04:04:02.663Z] [info] [BillPanelTrace] getSum:payment_eval {"customerId":"CUS-3011000","customerName":"SUSAN YOUNG","accountNumber":"CUS-3011000","index":1,"paymentMethod":"Security deposit (auto)","amountPaid":550.47,"ledgerOrder":7,"timestamp":"2026-04-01T07:00:00.000Z","countsTowardStatement":false,"tieBreak":"not_after_latest_billing_charge_row","mode":"billingChargeRow","paymentSortMs":1775026800000,"billAnchorMs":1777618800000,"payLo":7,"billAnchorLo":11,"tsDeltaMs":-2592000000}
[2026-05-14T04:04:02.663Z] [info] [BillPanelTrace] getSum:payment_eval {"customerId":"CUS-3011000","customerName":"SUSAN YOUNG","accountNumber":"CUS-3011000","index":2,"paymentMethod":"Check","amountPaid":75,"ledgerOrder":9,"timestamp":"2026-04-01T07:00:00.000Z","countsTowardStatement":false,"tieBreak":"not_after_latest_billing_charge_row","mode":"billingChargeRow","paymentSortMs":1775026800000,"billAnchorMs":1777618800000,"payLo":9,"billAnchorLo":11,"tsDeltaMs":-2592000000}
[2026-05-14T04:04:02.663Z] [info] [BillPanelTrace] getSumPaymentAmountsAfterLastBillPrint:result {"customerId":"CUS-3011000","customerName":"SUSAN YOUNG","accountNumber":"CUS-3011000","paidAfterSum":0}
[2026-05-14T04:04:02.663Z] [info] [BillPanelTrace] getSumPaymentAmountsAfterLastBillPrint:start {"customerId":"CUS-3011000","customerName":"SUSAN YOUNG","accountNumber":"CUS-3011000","paymentHistoryLength":3,"lastBillPrintDate":"2026-05-01T07:00:00.000Z","lastBillPrintLedgerOrder":11,"latestBillingChargeSortMs":1777618800000,"latestBillingChargeLedgerOrder":11}
[2026-05-14T04:04:02.663Z] [info] [BillPanelTrace] getSum:skip_payment {"customerId":"CUS-3011000","customerName":"SUSAN YOUNG","accountNumber":"CUS-3011000","index":0,"reason":"testFreshStart"}
[2026-05-14T04:04:02.663Z] [info] [BillPanelTrace] getSum:payment_eval {"customerId":"CUS-3011000","customerName":"SUSAN YOUNG","accountNumber":"CUS-3011000","index":1,"paymentMethod":"Security deposit (auto)","amountPaid":550.47,"ledgerOrder":7,"timestamp":"2026-04-01T07:00:00.000Z","countsTowardStatement":false,"tieBreak":"not_after_latest_billing_charge_row","mode":"billingChargeRow","paymentSortMs":1775026800000,"billAnchorMs":1777618800000,"payLo":7,"billAnchorLo":11,"tsDeltaMs":-2592000000}
[2026-05-14T04:04:02.663Z] [info] [BillPanelTrace] getSum:payment_eval {"customerId":"CUS-3011000","customerName":"SUSAN YOUNG","accountNumber":"CUS-3011000","index":2,"paymentMethod":"Check","amountPaid":75,"ledgerOrder":9,"timestamp":"2026-04-01T07:00:00.000Z","countsTowardStatement":false,"tieBreak":"not_after_latest_billing_charge_row","mode":"billingChargeRow","paymentSortMs":1775026800000,"billAnchorMs":1777618800000,"payLo":9,"billAnchorLo":11,"tsDeltaMs":-2592000000}
[2026-05-14T04:04:02.663Z] [info] [BillPanelTrace] getSumPaymentAmountsAfterLastBillPrint:result {"customerId":"CUS-3011000","customerName":"SUSAN YOUNG","accountNumber":"CUS-3011000","paidAfterSum":0}
[2026-05-14T04:04:02.663Z] [info] [BillPanelTrace] getSumPaymentAmountsAfterLastBillPrint:start {"customerId":"CUS-3011000","customerName":"SUSAN YOUNG","accountNumber":"CUS-3011000","paymentHistoryLength":3,"lastBillPrintDate":"2026-05-01T07:00:00.000Z","lastBillPrintLedgerOrder":11,"latestBillingChargeSortMs":1777618800000,"latestBillingChargeLedgerOrder":11}
[2026-05-14T04:04:02.663Z] [info] [BillPanelTrace] getSum:skip_payment {"customerId":"CUS-3011000","customerName":"SUSAN YOUNG","accountNumber":"CUS-3011000","index":0,"reason":"testFreshStart"}
[2026-05-14T04:04:02.663Z] [info] [BillPanelTrace] getSum:payment_eval {"customerId":"CUS-3011000","customerName":"SUSAN YOUNG","accountNumber":"CUS-3011000","index":1,"paymentMethod":"Security deposit (auto)","amountPaid":550.47,"ledgerOrder":7,"timestamp":"2026-04-01T07:00:00.000Z","countsTowardStatement":false,"tieBreak":"not_after_latest_billing_charge_row","mode":"billingChargeRow","paymentSortMs":1775026800000,"billAnchorMs":1777618800000,"payLo":7,"billAnchorLo":11,"tsDeltaMs":-2592000000}
[2026-05-14T04:04:02.663Z] [info] [BillPanelTrace] getSum:payment_eval {"customerId":"CUS-3011000","customerName":"SUSAN YOUNG","accountNumber":"CUS-3011000","index":2,"paymentMethod":"Check","amountPaid":75,"ledgerOrder":9,"timestamp":"2026-04-01T07:00:00.000Z","countsTowardStatement":false,"tieBreak":"not_after_latest_billing_charge_row","mode":"billingChargeRow","paymentSortMs":1775026800000,"billAnchorMs":1777618800000,"payLo":9,"billAnchorLo":11,"tsDeltaMs":-2592000000}
[2026-05-14T04:04:02.663Z] [info] [BillPanelTrace] getSumPaymentAmountsAfterLastBillPrint:result {"customerId":"CUS-3011000","customerName":"SUSAN YOUNG","accountNumber":"CUS-3011000","paidAfterSum":0}
[2026-05-14T04:04:02.663Z] [info] [BillPanelTrace] calculateCustomerTotal:pastDueLedger_vs_panelLine {"customerId":"CUS-3011000","customerName":"SUSAN YOUNG","accountNumber":"CUS-3011000","pastDueLedger":108.49,"pastDueForOwed":0,"stmtUnpaid":183.49,"currentDue":178.49,"combined":361.98,"rolled":178.49,"total":178.49,"dedupStmtVsNet":true}
[2026-05-14T04:04:02.663Z] [info] [BillPanelTrace] getProcessBillPanelAmounts:result_frozen_panel {"customerId":"CUS-3011000","customerName":"SUSAN YOUNG","accountNumber":"CUS-3011000","total":183.49,"pastDue":0,"lateFee":5,"dueDateStr":"05/21/2026","fromFrozen":true}
[2026-05-14T04:04:02.855Z] [info] [BillPanelTrace] getProcessBillPanelAmounts:branch_check {"customerId":"CUS-3011000","customerName":"SUSAN YOUNG","accountNumber":"CUS-3011000","hasFrozenSnapshot":true,"frozenAmountDue":183.49,"lastBillPrintDate":"2026-05-01T07:00:00.000Z","lastPrintedStatementTotalDue":183.49}
[2026-05-14T04:04:02.855Z] [info] [BillPanelTrace] getSumPaymentAmountsAfterLastBillPrint:start {"customerId":"CUS-3011000","customerName":"SUSAN YOUNG","accountNumber":"CUS-3011000","paymentHistoryLength":3,"lastBillPrintDate":"2026-05-01T07:00:00.000Z","lastBillPrintLedgerOrder":11,"latestBillingChargeSortMs":1777618800000,"latestBillingChargeLedgerOrder":11}
[2026-05-14T04:04:02.855Z] [info] [BillPanelTrace] getSum:skip_payment {"customerId":"CUS-3011000","customerName":"SUSAN YOUNG","accountNumber":"CUS-3011000","index":0,"reason":"testFreshStart"}
[2026-05-14T04:04:02.855Z] [info] [BillPanelTrace] getSum:payment_eval {"customerId":"CUS-3011000","customerName":"SUSAN YOUNG","accountNumber":"CUS-3011000","index":1,"paymentMethod":"Security deposit (auto)","amountPaid":550.47,"ledgerOrder":7,"timestamp":"2026-04-01T07:00:00.000Z","countsTowardStatement":false,"tieBreak":"not_after_latest_billing_charge_row","mode":"billingChargeRow","paymentSortMs":1775026800000,"billAnchorMs":1777618800000,"payLo":7,"billAnchorLo":11,"tsDeltaMs":-2592000000}
[2026-05-14T04:04:02.855Z] [info] [BillPanelTrace] getSum:payment_eval {"customerId":"CUS-3011000","customerName":"SUSAN YOUNG","accountNumber":"CUS-3011000","index":2,"paymentMethod":"Check","amountPaid":75,"ledgerOrder":9,"timestamp":"2026-04-01T07:00:00.000Z","countsTowardStatement":false,"tieBreak":"not_after_latest_billing_charge_row","mode":"billingChargeRow","paymentSortMs":1775026800000,"billAnchorMs":1777618800000,"payLo":9,"billAnchorLo":11,"tsDeltaMs":-2592000000}
[2026-05-14T04:04:02.855Z] [info] [BillPanelTrace] getSumPaymentAmountsAfterLastBillPrint:result {"customerId":"CUS-3011000","customerName":"SUSAN YOUNG","accountNumber":"CUS-3011000","paidAfterSum":0}
[2026-05-14T04:04:02.855Z] [info] [BillPanelTrace] getProcessBillPanelAmounts:frozen_branch {"customerId":"CUS-3011000","customerName":"SUSAN YOUNG","accountNumber":"CUS-3011000","paidAfterLastBill":0,"willBypassFrozenToLive":false}
[2026-05-14T04:04:02.855Z] [info] [BillPanelTrace] getSumPaymentAmountsAfterLastBillPrint:start {"customerId":"CUS-3011000","customerName":"SUSAN YOUNG","accountNumber":"CUS-3011000","paymentHistoryLength":3,"lastBillPrintDate":"2026-05-01T07:00:00.000Z","lastBillPrintLedgerOrder":11,"latestBillingChargeSortMs":1777618800000,"latestBillingChargeLedgerOrder":11}
[2026-05-14T04:04:02.855Z] [info] [BillPanelTrace] getSum:skip_payment {"customerId":"CUS-3011000","customerName":"SUSAN YOUNG","accountNumber":"CUS-3011000","index":0,"reason":"testFreshStart"}
[2026-05-14T04:04:02.855Z] [info] [BillPanelTrace] getSum:payment_eval {"customerId":"CUS-3011000","customerName":"SUSAN YOUNG","accountNumber":"CUS-3011000","index":1,"paymentMethod":"Security deposit (auto)","amountPaid":550.47,"ledgerOrder":7,"timestamp":"2026-04-01T07:00:00.000Z","countsTowardStatement":false,"tieBreak":"not_after_latest_billing_charge_row","mode":"billingChargeRow","paymentSortMs":1775026800000,"billAnchorMs":1777618800000,"payLo":7,"billAnchorLo":11,"tsDeltaMs":-2592000000}
[2026-05-14T04:04:02.855Z] [info] [BillPanelTrace] getSum:payment_eval {"customerId":"CUS-3011000","customerName":"SUSAN YOUNG","accountNumber":"CUS-3011000","index":2,"paymentMethod":"Check","amountPaid":75,"ledgerOrder":9,"timestamp":"2026-04-01T07:00:00.000Z","countsTowardStatement":false,"tieBreak":"not_after_latest_billing_charge_row","mode":"billingChargeRow","paymentSortMs":1775026800000,"billAnchorMs":1777618800000,"payLo":9,"billAnchorLo":11,"tsDeltaMs":-2592000000}
[2026-05-14T04:04:02.855Z] [info] [BillPanelTrace] getSumPaymentAmountsAfterLastBillPrint:result {"customerId":"CUS-3011000","customerName":"SUSAN YOUNG","accountNumber":"CUS-3011000","paidAfterSum":0}
[2026-05-14T04:04:02.855Z] [info] [BillPanelTrace] getSumPaymentAmountsAfterLastBillPrint:start {"customerId":"CUS-3011000","customerName":"SUSAN YOUNG","accountNumber":"CUS-3011000","paymentHistoryLength":3,"lastBillPrintDate":"2026-05-01T07:00:00.000Z","lastBillPrintLedgerOrder":11,"latestBillingChargeSortMs":1777618800000,"latestBillingChargeLedgerOrder":11}
[2026-05-14T04:04:02.855Z] [info] [BillPanelTrace] getSum:skip_payment {"customerId":"CUS-3011000","customerName":"SUSAN YOUNG","accountNumber":"CUS-3011000","index":0,"reason":"testFreshStart"}
[2026-05-14T04:04:02.855Z] [info] [BillPanelTrace] getSum:payment_eval {"customerId":"CUS-3011000","customerName":"SUSAN YOUNG","accountNumber":"CUS-3011000","index":1,"paymentMethod":"Security deposit (auto)","amountPaid":550.47,"ledgerOrder":7,"timestamp":"2026-04-01T07:00:00.000Z","countsTowardStatement":false,"tieBreak":"not_after_latest_billing_charge_row","mode":"billingChargeRow","paymentSortMs":1775026800000,"billAnchorMs":1777618800000,"payLo":7,"billAnchorLo":11,"tsDeltaMs":-2592000000}
[2026-05-14T04:04:02.855Z] [info] [BillPanelTrace] getSum:payment_eval {"customerId":"CUS-3011000","customerName":"SUSAN YOUNG","accountNumber":"CUS-3011000","index":2,"paymentMethod":"Check","amountPaid":75,"ledgerOrder":9,"timestamp":"2026-04-01T07:00:00.000Z","countsTowardStatement":false,"tieBreak":"not_after_latest_billing_charge_row","mode":"billingChargeRow","paymentSortMs":1775026800000,"billAnchorMs":1777618800000,"payLo":9,"billAnchorLo":11,"tsDeltaMs":-2592000000}
[2026-05-14T04:04:02.855Z] [info] [BillPanelTrace] getSumPaymentAmountsAfterLastBillPrint:result {"customerId":"CUS-3011000","customerName":"SUSAN YOUNG","accountNumber":"CUS-3011000","paidAfterSum":0}
[2026-05-14T04:04:02.855Z] [info] [BillPanelTrace] getSumPaymentAmountsAfterLastBillPrint:start {"customerId":"CUS-3011000","customerName":"SUSAN YOUNG","accountNumber":"CUS-3011000","paymentHistoryLength":3,"lastBillPrintDate":"2026-05-01T07:00:00.000Z","lastBillPrintLedgerOrder":11,"latestBillingChargeSortMs":1777618800000,"latestBillingChargeLedgerOrder":11}
[2026-05-14T04:04:02.855Z] [info] [BillPanelTrace] getSum:skip_payment {"customerId":"CUS-3011000","customerName":"SUSAN YOUNG","accountNumber":"CUS-3011000","index":0,"reason":"testFreshStart"}
[2026-05-14T04:04:02.855Z] [info] [BillPanelTrace] getSum:payment_eval {"customerId":"CUS-3011000","customerName":"SUSAN YOUNG","accountNumber":"CUS-3011000","index":1,"paymentMethod":"Security deposit (auto)","amountPaid":550.47,"ledgerOrder":7,"timestamp":"2026-04-01T07:00:00.000Z","countsTowardStatement":false,"tieBreak":"not_after_latest_billing_charge_row","mode":"billingChargeRow","paymentSortMs":1775026800000,"billAnchorMs":1777618800000,"payLo":7,"billAnchorLo":11,"tsDeltaMs":-2592000000}
[2026-05-14T04:04:02.855Z] [info] [BillPanelTrace] getSum:payment_eval {"customerId":"CUS-3011000","customerName":"SUSAN YOUNG","accountNumber":"CUS-3011000","index":2,"paymentMethod":"Check","amountPaid":75,"ledgerOrder":9,"timestamp":"2026-04-01T07:00:00.000Z","countsTowardStatement":false,"tieBreak":"not_after_latest_billing_charge_row","mode":"billingChargeRow","paymentSortMs":1775026800000,"billAnchorMs":1777618800000,"payLo":9,"billAnchorLo":11,"tsDeltaMs":-2592000000}
[2026-05-14T04:04:02.855Z] [info] [BillPanelTrace] getSumPaymentAmountsAfterLastBillPrint:result {"customerId":"CUS-3011000","customerName":"SUSAN YOUNG","accountNumber":"CUS-3011000","paidAfterSum":0}
[2026-05-14T04:04:02.855Z] [info] [BillPanelTrace] calculateCustomerTotal:pastDueLedger_vs_panelLine {"customerId":"CUS-3011000","customerName":"SUSAN YOUNG","accountNumber":"CUS-3011000","pastDueLedger":108.49,"pastDueForOwed":0,"stmtUnpaid":183.49,"currentDue":178.49,"combined":361.98,"rolled":178.49,"total":178.49,"dedupStmtVsNet":true}
[2026-05-14T04:04:02.855Z] [info] [BillPanelTrace] getProcessBillPanelAmounts:result_frozen_panel {"customerId":"CUS-3011000","customerName":"SUSAN YOUNG","accountNumber":"CUS-3011000","total":183.49,"pastDue":0,"lateFee":5,"dueDateStr":"05/21/2026","fromFrozen":true}
[2026-05-14T04:04:03.052Z] [info] [BillPanelTrace] getProcessBillPanelAmounts:branch_check {"customerId":"CUS-3011000","customerName":"SUSAN YOUNG","accountNumber":"CUS-3011000","hasFrozenSnapshot":true,"frozenAmountDue":183.49,"lastBillPrintDate":"2026-05-01T07:00:00.000Z","lastPrintedStatementTotalDue":183.49}
[2026-05-14T04:04:03.052Z] [info] [BillPanelTrace] getSumPaymentAmountsAfterLastBillPrint:start {"customerId":"CUS-3011000","customerName":"SUSAN YOUNG","accountNumber":"CUS-3011000","paymentHistoryLength":3,"lastBillPrintDate":"2026-05-01T07:00:00.000Z","lastBillPrintLedgerOrder":11,"latestBillingChargeSortMs":1777618800000,"latestBillingChargeLedgerOrder":11}
[2026-05-14T04:04:03.052Z] [info] [BillPanelTrace] getSum:skip_payment {"customerId":"CUS-3011000","customerName":"SUSAN YOUNG","accountNumber":"CUS-3011000","index":0,"reason":"testFreshStart"}
[2026-05-14T04:04:03.052Z] [info] [BillPanelTrace] getSum:payment_eval {"customerId":"CUS-3011000","customerName":"SUSAN YOUNG","accountNumber":"CUS-3011000","index":1,"paymentMethod":"Security deposit (auto)","amountPaid":550.47,"ledgerOrder":7,"timestamp":"2026-04-01T07:00:00.000Z","countsTowardStatement":false,"tieBreak":"not_after_latest_billing_charge_row","mode":"billingChargeRow","paymentSortMs":1775026800000,"billAnchorMs":1777618800000,"payLo":7,"billAnchorLo":11,"tsDeltaMs":-2592000000}
[2026-05-14T04:04:03.052Z] [info] [BillPanelTrace] getSum:payment_eval {"customerId":"CUS-3011000","customerName":"SUSAN YOUNG","accountNumber":"CUS-3011000","index":2,"paymentMethod":"Check","amountPaid":75,"ledgerOrder":9,"timestamp":"2026-04-01T07:00:00.000Z","countsTowardStatement":false,"tieBreak":"not_after_latest_billing_charge_row","mode":"billingChargeRow","paymentSortMs":1775026800000,"billAnchorMs":1777618800000,"payLo":9,"billAnchorLo":11,"tsDeltaMs":-2592000000}
[2026-05-14T04:04:03.052Z] [info] [BillPanelTrace] getSumPaymentAmountsAfterLastBillPrint:result {"customerId":"CUS-3011000","customerName":"SUSAN YOUNG","accountNumber":"CUS-3011000","paidAfterSum":0}
[2026-05-14T04:04:03.052Z] [info] [BillPanelTrace] getProcessBillPanelAmounts:frozen_branch {"customerId":"CUS-3011000","customerName":"SUSAN YOUNG","accountNumber":"CUS-3011000","paidAfterLastBill":0,"willBypassFrozenToLive":false}
[2026-05-14T04:04:03.052Z] [info] [BillPanelTrace] getSumPaymentAmountsAfterLastBillPrint:start {"customerId":"CUS-3011000","customerName":"SUSAN YOUNG","accountNumber":"CUS-3011000","paymentHistoryLength":3,"lastBillPrintDate":"2026-05-01T07:00:00.000Z","lastBillPrintLedgerOrder":11,"latestBillingChargeSortMs":1777618800000,"latestBillingChargeLedgerOrder":11}
[2026-05-14T04:04:03.052Z] [info] [BillPanelTrace] getSum:skip_payment {"customerId":"CUS-3011000","customerName":"SUSAN YOUNG","accountNumber":"CUS-3011000","index":0,"reason":"testFreshStart"}
[2026-05-14T04:04:03.052Z] [info] [BillPanelTrace] getSum:payment_eval {"customerId":"CUS-3011000","customerName":"SUSAN YOUNG","accountNumber":"CUS-3011000","index":1,"paymentMethod":"Security deposit (auto)","amountPaid":550.47,"ledgerOrder":7,"timestamp":"2026-04-01T07:00:00.000Z","countsTowardStatement":false,"tieBreak":"not_after_latest_billing_charge_row","mode":"billingChargeRow","paymentSortMs":1775026800000,"billAnchorMs":1777618800000,"payLo":7,"billAnchorLo":11,"tsDeltaMs":-2592000000}
[2026-05-14T04:04:03.052Z] [info] [BillPanelTrace] getSum:payment_eval {"customerId":"CUS-3011000","customerName":"SUSAN YOUNG","accountNumber":"CUS-3011000","index":2,"paymentMethod":"Check","amountPaid":75,"ledgerOrder":9,"timestamp":"2026-04-01T07:00:00.000Z","countsTowardStatement":false,"tieBreak":"not_after_latest_billing_charge_row","mode":"billingChargeRow","paymentSortMs":1775026800000,"billAnchorMs":1777618800000,"payLo":9,"billAnchorLo":11,"tsDeltaMs":-2592000000}
[2026-05-14T04:04:03.052Z] [info] [BillPanelTrace] getSumPaymentAmountsAfterLastBillPrint:result {"customerId":"CUS-3011000","customerName":"SUSAN YOUNG","accountNumber":"CUS-3011000","paidAfterSum":0}
[2026-05-14T04:04:03.052Z] [info] [BillPanelTrace] getSumPaymentAmountsAfterLastBillPrint:start {"customerId":"CUS-3011000","customerName":"SUSAN YOUNG","accountNumber":"CUS-3011000","paymentHistoryLength":3,"lastBillPrintDate":"2026-05-01T07:00:00.000Z","lastBillPrintLedgerOrder":11,"latestBillingChargeSortMs":1777618800000,"latestBillingChargeLedgerOrder":11}
[2026-05-14T04:04:03.052Z] [info] [BillPanelTrace] getSum:skip_payment {"customerId":"CUS-3011000","customerName":"SUSAN YOUNG","accountNumber":"CUS-3011000","index":0,"reason":"testFreshStart"}
[2026-05-14T04:04:03.052Z] [info] [BillPanelTrace] getSum:payment_eval {"customerId":"CUS-3011000","customerName":"SUSAN YOUNG","accountNumber":"CUS-3011000","index":1,"paymentMethod":"Security deposit (auto)","amountPaid":550.47,"ledgerOrder":7,"timestamp":"2026-04-01T07:00:00.000Z","countsTowardStatement":false,"tieBreak":"not_after_latest_billing_charge_row","mode":"billingChargeRow","paymentSortMs":1775026800000,"billAnchorMs":1777618800000,"payLo":7,"billAnchorLo":11,"tsDeltaMs":-2592000000}
[2026-05-14T04:04:03.052Z] [info] [BillPanelTrace] getSum:payment_eval {"customerId":"CUS-3011000","customerName":"SUSAN YOUNG","accountNumber":"CUS-3011000","index":2,"paymentMethod":"Check","amountPaid":75,"ledgerOrder":9,"timestamp":"2026-04-01T07:00:00.000Z","countsTowardStatement":false,"tieBreak":"not_after_latest_billing_charge_row","mode":"billingChargeRow","paymentSortMs":1775026800000,"billAnchorMs":1777618800000,"payLo":9,"billAnchorLo":11,"tsDeltaMs":-2592000000}
[2026-05-14T04:04:03.052Z] [info] [BillPanelTrace] getSumPaymentAmountsAfterLastBillPrint:result {"customerId":"CUS-3011000","customerName":"SUSAN YOUNG","accountNumber":"CUS-3011000","paidAfterSum":0}
[2026-05-14T04:04:03.052Z] [info] [BillPanelTrace] getSumPaymentAmountsAfterLastBillPrint:start {"customerId":"CUS-3011000","customerName":"SUSAN YOUNG","accountNumber":"CUS-3011000","paymentHistoryLength":3,"lastBillPrintDate":"2026-05-01T07:00:00.000Z","lastBillPrintLedgerOrder":11,"latestBillingChargeSortMs":1777618800000,"latestBillingChargeLedgerOrder":11}
[2026-05-14T04:04:03.052Z] [info] [BillPanelTrace] getSum:skip_payment {"customerId":"CUS-3011000","customerName":"SUSAN YOUNG","accountNumber":"CUS-3011000","index":0,"reason":"testFreshStart"}
[2026-05-14T04:04:03.052Z] [info] [BillPanelTrace] getSum:payment_eval {"customerId":"CUS-3011000","customerName":"SUSAN YOUNG","accountNumber":"CUS-3011000","index":1,"paymentMethod":"Security deposit (auto)","amountPaid":550.47,"ledgerOrder":7,"timestamp":"2026-04-01T07:00:00.000Z","countsTowardStatement":false,"tieBreak":"not_after_latest_billing_charge_row","mode":"billingChargeRow","paymentSortMs":1775026800000,"billAnchorMs":1777618800000,"payLo":7,"billAnchorLo":11,"tsDeltaMs":-2592000000}
[2026-05-14T04:04:03.052Z] [info] [BillPanelTrace] getSum:payment_eval {"customerId":"CUS-3011000","customerName":"SUSAN YOUNG","accountNumber":"CUS-3011000","index":2,"paymentMethod":"Check","amountPaid":75,"ledgerOrder":9,"timestamp":"2026-04-01T07:00:00.000Z","countsTowardStatement":false,"tieBreak":"not_after_latest_billing_charge_row","mode":"billingChargeRow","paymentSortMs":1775026800000,"billAnchorMs":1777618800000,"payLo":9,"billAnchorLo":11,"tsDeltaMs":-2592000000}
[2026-05-14T04:04:03.052Z] [info] [BillPanelTrace] getSumPaymentAmountsAfterLastBillPrint:result {"customerId":"CUS-3011000","customerName":"SUSAN YOUNG","accountNumber":"CUS-3011000","paidAfterSum":0}
[2026-05-14T04:04:03.052Z] [info] [BillPanelTrace] calculateCustomerTotal:pastDueLedger_vs_panelLine {"customerId":"CUS-3011000","customerName":"SUSAN YOUNG","accountNumber":"CUS-3011000","pastDueLedger":108.49,"pastDueForOwed":0,"stmtUnpaid":183.49,"currentDue":178.49,"combined":361.98,"rolled":178.49,"total":178.49,"dedupStmtVsNet":true}
[2026-05-14T04:04:03.052Z] [info] [BillPanelTrace] getProcessBillPanelAmounts:result_frozen_panel {"customerId":"CUS-3011000","customerName":"SUSAN YOUNG","accountNumber":"CUS-3011000","total":183.49,"pastDue":0,"lateFee":5,"dueDateStr":"05/21/2026","fromFrozen":true}
[2026-05-14T04:04:03.052Z] [info] [BillPanelTrace] getSumPaymentAmountsAfterLastBillPrint:start {"customerId":"CUS-3011000","customerName":"SUSAN YOUNG","accountNumber":"CUS-3011000","paymentHistoryLength":3,"lastBillPrintDate":"2026-05-01T07:00:00.000Z","lastBillPrintLedgerOrder":11,"latestBillingChargeSortMs":1777618800000,"latestBillingChargeLedgerOrder":11}
[2026-05-14T04:04:03.053Z] [info] [BillPanelTrace] getSum:skip_payment {"customerId":"CUS-3011000","customerName":"SUSAN YOUNG","accountNumber":"CUS-3011000","index":0,"reason":"testFreshStart"}
[2026-05-14T04:04:03.053Z] [info] [BillPanelTrace] getSum:payment_eval {"customerId":"CUS-3011000","customerName":"SUSAN YOUNG","accountNumber":"CUS-3011000","index":1,"paymentMethod":"Security deposit (auto)","amountPaid":550.47,"ledgerOrder":7,"timestamp":"2026-04-01T07:00:00.000Z","countsTowardStatement":false,"tieBreak":"not_after_latest_billing_charge_row","mode":"billingChargeRow","paymentSortMs":1775026800000,"billAnchorMs":1777618800000,"payLo":7,"billAnchorLo":11,"tsDeltaMs":-2592000000}
[2026-05-14T04:04:03.053Z] [info] [BillPanelTrace] getSum:payment_eval {"customerId":"CUS-3011000","customerName":"SUSAN YOUNG","accountNumber":"CUS-3011000","index":2,"paymentMethod":"Check","amountPaid":75,"ledgerOrder":9,"timestamp":"2026-04-01T07:00:00.000Z","countsTowardStatement":false,"tieBreak":"not_after_latest_billing_charge_row","mode":"billingChargeRow","paymentSortMs":1775026800000,"billAnchorMs":1777618800000,"payLo":9,"billAnchorLo":11,"tsDeltaMs":-2592000000}
[2026-05-14T04:04:03.053Z] [info] [BillPanelTrace] getSumPaymentAmountsAfterLastBillPrint:result {"customerId":"CUS-3011000","customerName":"SUSAN YOUNG","accountNumber":"CUS-3011000","paidAfterSum":0}
[2026-05-14T04:04:03.053Z] [info] [BillPanelTrace] getSumPaymentAmountsAfterLastBillPrint:start {"customerId":"CUS-3011000","customerName":"SUSAN YOUNG","accountNumber":"CUS-3011000","paymentHistoryLength":3,"lastBillPrintDate":"2026-05-01T07:00:00.000Z","lastBillPrintLedgerOrder":11,"latestBillingChargeSortMs":1777618800000,"latestBillingChargeLedgerOrder":11}
[2026-05-14T04:04:03.053Z] [info] [BillPanelTrace] getSum:skip_payment {"customerId":"CUS-3011000","customerName":"SUSAN YOUNG","accountNumber":"CUS-3011000","index":0,"reason":"testFreshStart"}
[2026-05-14T04:04:03.053Z] [info] [BillPanelTrace] getSum:payment_eval {"customerId":"CUS-3011000","customerName":"SUSAN YOUNG","accountNumber":"CUS-3011000","index":1,"paymentMethod":"Security deposit (auto)","amountPaid":550.47,"ledgerOrder":7,"timestamp":"2026-04-01T07:00:00.000Z","countsTowardStatement":false,"tieBreak":"not_after_latest_billing_charge_row","mode":"billingChargeRow","paymentSortMs":1775026800000,"billAnchorMs":1777618800000,"payLo":7,"billAnchorLo":11,"tsDeltaMs":-2592000000}
[2026-05-14T04:04:03.053Z] [info] [BillPanelTrace] getSum:payment_eval {"customerId":"CUS-3011000","customerName":"SUSAN YOUNG","accountNumber":"CUS-3011000","index":2,"paymentMethod":"Check","amountPaid":75,"ledgerOrder":9,"timestamp":"2026-04-01T07:00:00.000Z","countsTowardStatement":false,"tieBreak":"not_after_latest_billing_charge_row","mode":"billingChargeRow","paymentSortMs":1775026800000,"billAnchorMs":1777618800000,"payLo":9,"billAnchorLo":11,"tsDeltaMs":-2592000000}
[2026-05-14T04:04:03.053Z] [info] [BillPanelTrace] getSumPaymentAmountsAfterLastBillPrint:result {"customerId":"CUS-3011000","customerName":"SUSAN YOUNG","accountNumber":"CUS-3011000","paidAfterSum":0}
[2026-05-14T04:04:03.053Z] [info] [BillPanelTrace] getSumPaymentAmountsAfterLastBillPrint:start {"customerId":"CUS-3011000","customerName":"SUSAN YOUNG","accountNumber":"CUS-3011000","paymentHistoryLength":3,"lastBillPrintDate":"2026-05-01T07:00:00.000Z","lastBillPrintLedgerOrder":11,"latestBillingChargeSortMs":1777618800000,"latestBillingChargeLedgerOrder":11}
[2026-05-14T04:04:03.053Z] [info] [BillPanelTrace] getSum:skip_payment {"customerId":"CUS-3011000","customerName":"SUSAN YOUNG","accountNumber":"CUS-3011000","index":0,"reason":"testFreshStart"}
[2026-05-14T04:04:03.053Z] [info] [BillPanelTrace] getSum:payment_eval {"customerId":"CUS-3011000","customerName":"SUSAN YOUNG","accountNumber":"CUS-3011000","index":1,"paymentMethod":"Security deposit (auto)","amountPaid":550.47,"ledgerOrder":7,"timestamp":"2026-04-01T07:00:00.000Z","countsTowardStatement":false,"tieBreak":"not_after_latest_billing_charge_row","mode":"billingChargeRow","paymentSortMs":1775026800000,"billAnchorMs":1777618800000,"payLo":7,"billAnchorLo":11,"tsDeltaMs":-2592000000}
[2026-05-14T04:04:03.053Z] [info] [BillPanelTrace] getSum:payment_eval {"customerId":"CUS-3011000","customerName":"SUSAN YOUNG","accountNumber":"CUS-3011000","index":2,"paymentMethod":"Check","amountPaid":75,"ledgerOrder":9,"timestamp":"2026-04-01T07:00:00.000Z","countsTowardStatement":false,"tieBreak":"not_after_latest_billing_charge_row","mode":"billingChargeRow","paymentSortMs":1775026800000,"billAnchorMs":1777618800000,"payLo":9,"billAnchorLo":11,"tsDeltaMs":-2592000000}
[2026-05-14T04:04:03.053Z] [info] [BillPanelTrace] getSumPaymentAmountsAfterLastBillPrint:result {"customerId":"CUS-3011000","customerName":"SUSAN YOUNG","accountNumber":"CUS-3011000","paidAfterSum":0}
[2026-05-14T04:04:03.053Z] [info] [BillPanelTrace] calculateCustomerTotal:pastDueLedger_vs_panelLine {"customerId":"CUS-3011000","customerName":"SUSAN YOUNG","accountNumber":"CUS-3011000","pastDueLedger":108.49,"pastDueForOwed":0,"stmtUnpaid":183.49,"currentDue":178.49,"combined":361.98,"rolled":178.49,"total":178.49,"dedupStmtVsNet":true}

=== All Previous Payments / Charges (TSV — tabs between columns, one row per line) ===
Date & Time	Type	Subtype	Sewer	Past Due	Tax Codes	PUC Surcharge	Late Fee	Amount Paid	Balance After
01/01/2026 12:00 AM	Payment	Fresh start (full pay)	$168.36	$0.00	$2.44	$7.69	$0.00	$178.49	$0.00
01/01/2026 12:00 AM	Charge	Billed Customer	$168.36	$0.00	$2.44	$7.69	$0.00	$0.00	$178.49
02/01/2026 12:00 AM	Charge	Billed Customer	$168.36	$178.49	$2.44	$7.69	$5.00	$0.00	$361.98
03/01/2026 12:00 AM	Charge	Billed Customer	$168.36	$361.98	$2.44	$7.69	$5.00	$0.00	$545.47
04/01/2026 12:00 AM	Payment	Security deposit (auto)	$168.36	$361.98	$2.44	$7.69	$10.00	$550.47	$0.00
04/01/2026 12:00 AM	Charge	Billed Customer	$168.36	$0.00	$2.44	$7.69	$0.00	$0.00	$178.49
04/01/2026 12:00 AM	Payment	Check	$168.36	$0.00	$2.44	$7.69	$0.00	$75.00	$103.49
05/01/2026 12:00 AM	Charge	Billed Customer	$168.36	$0.00	$2.44	$7.69	$5.00	$0.00	$183.49

=== Ledger table (HTML — copy from <!DOCTYPE through </html> into ledger-preview.html and open in a browser) ===
<!DOCTYPE html>
<html lang="en"><head><meta charset="utf-8">
<meta name="viewport" content="width=device-width, initial-scale=1">
<title>All Previous Payments/Charges</title>
<style>
body{font-family:system-ui,-apple-system,Segoe UI,Roboto,sans-serif;margin:24px;background:#f1f5f9;color:#0f172a;line-height:1.45;}
h1{font-size:1.35rem;margin:0 0 6px;font-weight:700;}
p.sub{color:#64748b;font-size:0.95rem;margin:0 0 22px;}
p.note{font-size:0.8rem;color:#94a3b8;margin:16px 0 0;}
table{border-collapse:collapse;width:100%;max-width:1280px;background:#fff;box-shadow:0 1px 3px rgba(15,23,42,.12);border-radius:8px;overflow:hidden;}
th,td{border:1px solid #e2e8f0;padding:10px 12px;text-align:left;font-size:0.875rem;vertical-align:top;}
th{background:#e2e8f0;font-weight:600;font-size:0.72rem;letter-spacing:.04em;color:#334155;text-transform:uppercase;}
tbody tr:nth-child(even){background:#f8fafc;}
tbody tr:hover{background:#eff6ff;}
</style></head><body>
<h1>All Previous Payments/Charges</h1>
<p class="sub">SUSAN YOUNG (CUS-3011000)</p>
<table>
<thead>
<tr><th>Date &amp; Time</th><th>Type</th><th>Subtype</th><th>Sewer</th><th>Past Due</th><th>Tax Codes</th><th>PUC Surcharge</th><th>Late Fee</th><th>Amount Paid</th><th>Balance After</th></tr>
</thead>
<tbody>
<tr><td>01/01/2026 12:00 AM</td><td>Payment</td><td>Fresh start (full pay)</td><td>$168.36</td><td>$0.00</td><td>$2.44</td><td>$7.69</td><td>$0.00</td><td>$178.49</td><td>$0.00</td></tr><tr><td>01/01/2026 12:00 AM</td><td>Charge</td><td>Billed Customer</td><td>$168.36</td><td>$0.00</td><td>$2.44</td><td>$7.69</td><td>$0.00</td><td>$0.00</td><td>$178.49</td></tr><tr><td>02/01/2026 12:00 AM</td><td>Charge</td><td>Billed Customer</td><td>$168.36</td><td>$178.49</td><td>$2.44</td><td>$7.69</td><td>$5.00</td><td>$0.00</td><td>$361.98</td></tr><tr><td>03/01/2026 12:00 AM</td><td>Charge</td><td>Billed Customer</td><td>$168.36</td><td>$361.98</td><td>$2.44</td><td>$7.69</td><td>$5.00</td><td>$0.00</td><td>$545.47</td></tr><tr><td>04/01/2026 12:00 AM</td><td>Payment</td><td>Security deposit (auto)</td><td>$168.36</td><td>$361.98</td><td>$2.44</td><td>$7.69</td><td>$10.00</td><td>$550.47</td><td>$0.00</td></tr><tr><td>04/01/2026 12:00 AM</td><td>Charge</td><td>Billed Customer</td><td>$168.36</td><td>$0.00</td><td>$2.44</td><td>$7.69</td><td>$0.00</td><td>$0.00</td><td>$178.49</td></tr><tr><td>04/01/2026 12:00 AM</td><td>Payment</td><td>Check</td><td>$168.36</td><td>$0.00</td><td>$2.44</td><td>$7.69</td><td>$0.00</td><td>$75.00</td><td>$103.49</td></tr><tr><td>05/01/2026 12:00 AM</td><td>Charge</td><td>Billed Customer</td><td>$168.36</td><td>$0.00</td><td>$2.44</td><td>$7.69</td><td>$5.00</td><td>$0.00</td><td>$183.49</td></tr>
</tbody>
</table>
<p class="note">Exported from develop billing scenario (tabular amounts only; breakdown links are omitted).</p>
</body></html>

